******************************************************************************
                  TI ARM Linker PC v18.1.5                     
******************************************************************************
>> Linked Fri Apr  5 13:19:41 2019

OUTPUT FILE NAME:   <Lab5_UART.out>
ENTRY POINT SYMBOL: "_c_int00_noargs"  address: 00002f51


MEMORY CONFIGURATION

         name            origin    length      used     unused   attr    fill
----------------------  --------  ---------  --------  --------  ----  --------
  MAIN                  00000000   00040000  00003534  0003cacc  R  X
  INFO                  00200000   00004000  00000000  00004000  R  X
  SRAM_CODE             01000000   00010000  000003e4  0000fc1c  RW X
  SRAM_DATA             20000000   00010000  000003e4  0000fc1c  RW  


SEGMENT ALLOCATION MAP

run origin  load origin   length   init length attrs members
----------  ----------- ---------- ----------- ----- -------
00000000    00000000    00003538   00003538    r-x
  00000000    00000000    000000e4   000000e4    r-- .intvecs
  000000e4    000000e4    00003228   00003228    r-x .text
  0000330c    0000330c    000001c0   000001c0    r-- .const
  000034d0    000034d0    00000068   00000068    r-- .cinit
20000000    20000000    000001e4   00000000    rw-
  20000000    20000000    00000184   00000000    rw- .bss
  20000184    20000184    00000060   00000000    rw- .data
2000fe00    2000fe00    00000200   00000000    rw-
  2000fe00    2000fe00    00000200   00000000    rw- .stack


SECTION ALLOCATION MAP

 output                                  attributes/
section   page    origin      length       input sections
--------  ----  ----------  ----------   ----------------
.intvecs   0    00000000    000000e4     
                  00000000    000000e4     startup_msp432p401r_ccs.obj (.intvecs:retain)

.text      0    000000e4    00003228     
                  000000e4    00000a5e     rtsv7M4_T_le_v4SPD16_eabi.lib : _printfi.c.obj (.text:__TI_printfi)
                  00000b42    00000002     startup_msp432p401r_ccs.obj (.text:Default_Handler)
                  00000b44    000002a0     rtsv7M4_T_le_v4SPD16_eabi.lib : mktime.c.obj (.text:__mktime32)
                  00000de4    0000028a     msp432p4xx_driverlib.lib : pcm.o (.text:__PCM_setPowerStateAdvanced)
                  0000106e    00000002     rtsv7M4_T_le_v4SPD16_eabi.lib : _lock.c.obj (.text:_nop)
                  00001070    00000270                                   : _printfi.c.obj (.text:_pconv_a)
                  000012e0    000001d0                                   : _printfi.c.obj (.text:_pconv_g)
                  000014b0    000001b6                                   : fd_add_t2.asm.obj (.text)
                  00001666    00000002                                   : div0.asm.obj (.text)
                  00001668    0000015c     msp432p4xx_driverlib.lib : pcm.o (.text:__PCM_setPowerModeAdvanced)
                  000017c4    00000148     main.obj (.text:EUSCIA0_IRQHandler)
                  0000190c    0000013c     rtsv7M4_T_le_v4SPD16_eabi.lib : _printfi.c.obj (.text:_pconv_e)
                  00001a48    00000136                                   : fd_div_t2.asm.obj (.text)
                  00001b7e    00000002     --HOLE-- [fill = 0]
                  00001b80    00000134                                   : localtim.c.obj (.text:__localtime32)
                  00001cb4    00000124                                   : _printfi.c.obj (.text:fcvt)
                  00001dd8    00000110                                   : s_scalbn.c.obj (.text:scalbn)
                  00001ee8    00000108     msp432p4xx_driverlib.lib : pcm.o (.text:__PCM_setCoreVoltageLevelAdvanced)
                  00001ff0    000000fc                              : uart.o (.text:UART_initModule)
                  000020ec    000000fc     rtsv7M4_T_le_v4SPD16_eabi.lib : fd_mul_t2.asm.obj (.text)
                  000021e8    000000c0     main.obj (.text:get_time)
                  000022a8    000000b1     rtsv7M4_T_le_v4SPD16_eabi.lib : _printfi.c.obj (.text:_ltostr)
                  00002359    00000001     --HOLE-- [fill = 0]
                  0000235a    0000009c                                   : memcpy_t2.asm.obj (.text)
                  000023f6    00000096                                   : ull_div_t2.asm.obj (.text)
                  0000248c    00000088     msp432p4xx_driverlib.lib : gpio.o (.text:GPIO_setAsPeripheralModuleFunctionInputPin)
                  00002514    00000086     rtsv7M4_T_le_v4SPD16_eabi.lib : fd_cmp_t2.asm.obj (.text:__aeabi_cdcmple)
                  0000259a    00000086                                   : fd_cmp_t2.asm.obj (.text:__aeabi_cdrcmple)
                  00002620    00000084     msp432p4xx_driverlib.lib : pcm.o (.text:PCM_gotoLPM3)
                  000026a4    00000080                              : interrupt.o (.text:Interrupt_enableInterrupt)
                  00002724    0000007a     rtsv7M4_T_le_v4SPD16_eabi.lib : memset_t2.asm.obj (.text)
                  0000279e    00000002     --HOLE-- [fill = 0]
                  000027a0    00000078     system_msp432p401r.obj (.text:SystemInit)
                  00002818    00000078     main.obj (.text:UART_getStr)
                  00002890    0000006e     rtsv7M4_T_le_v4SPD16_eabi.lib : _printfi.c.obj (.text:_mcpy)
                  000028fe    0000006e                                   : ll_div_t2.asm.obj (.text)
                  0000296c    00000068                                   : copy_decompress_lzss.c.obj (.text:decompress:lzss:__TI_decompress_lzss)
                  000029d4    00000064                                   : s_frexp.c.obj (.text:frexp)
                  00002a38    0000005e     msp432p4xx_driverlib.lib : pcm.o (.text:PCM_getCoreVoltageLevel)
                  00002a96    00000002     --HOLE-- [fill = 0]
                  00002a98    0000005c     main.obj (.text:main)
                  00002af4    0000005a     msp432p4xx_driverlib.lib : pcm.o (.text:PCM_getPowerMode)
                  00002b4e    00000056                              : uart.o (.text:UART_getEnabledInterruptStatus)
                  00002ba4    00000056     rtsv7M4_T_le_v4SPD16_eabi.lib : _printfi.c.obj (.text:_pconv_f)
                  00002bfa    00000002     --HOLE-- [fill = 0]
                  00002bfc    00000054     msp432p4xx_driverlib.lib : pcm.o (.text:PCM_shutdownDevice)
                  00002c50    00000054     rtsv7M4_T_le_v4SPD16_eabi.lib : ltoa.c.obj (.text:ltoa)
                  00002ca4    00000052                                   : _printfi.c.obj (.text:_ecpy)
                  00002cf6    00000002     --HOLE-- [fill = 0]
                  00002cf8    0000004c                                   : atoi.c.obj (.text:atoi)
                  00002d44    00000048                                   : hosttime.c.obj (.text:HOSTtime)
                  00002d8c    00000048                                   : fd_toi_t2.asm.obj (.text)
                  00002dd4    00000044                                   : autoinit.c.obj (.text:__TI_auto_init_nobinit_nopinit:__TI_auto_init_nobinit_nopinit)
                  00002e18    00000040     msp432p4xx_driverlib.lib : gpio.o (.text:GPIO_setAsOutputPin)
                  00002e58    00000040     rtsv7M4_T_le_v4SPD16_eabi.lib : u_divt2.asm.obj (.text)
                  00002e98    00000040                                   : sprintf.c.obj (.text:sprintf)
                  00002ed8    0000003e                                   : _printfi.c.obj (.text:_fcpy)
                  00002f16    00000002     --HOLE-- [fill = 0]
                  00002f18    00000038                                   : trgmsg.c.obj (.text:__TI_writemsg)
                  00002f50    00000038                                   : boot_cortex_m.c.obj (.text:_c_int00_noargs:_c_int00_noargs)
                  00002f88    00000034     msp432p4xx_driverlib.lib : cs.o (.text:CS_setDCOCenteredFrequency)
                  00002fbc    00000034                              : uart.o (.text:UART_transmitData)
                  00002ff0    00000034     rtsv7M4_T_le_v4SPD16_eabi.lib : trgmsg.c.obj (.text:__TI_readmsg)
                  00003024    00000030     msp432p4xx_driverlib.lib : uart.o (.text:UART_enableInterrupt)
                  00003054    00000030                              : uart.o (.text:UART_receiveData)
                  00003084    0000002e     rtsv7M4_T_le_v4SPD16_eabi.lib : i_tofd_t2.asm.obj (.text)
                  000030b2    00000002     --HOLE-- [fill = 0]
                  000030b4    0000002c     msp432p4xx_driverlib.lib : rtc_c.o (.text:RTC_C_holdClock)
                  000030e0    00000028                              : gpio.o (.text:GPIO_setOutputLowOnPin)
                  00003108    00000028                              : pcm.o (.text:PCM_gotoLPM0)
                  00003130    00000024     main.obj (.text:UART_sendStr)
                  00003154    00000024     msp432p4xx_driverlib.lib : wdt_a.o (.text:WDT_A_holdTimer)
                  00003178    0000001c     rtsv7M4_T_le_v4SPD16_eabi.lib : memccpy.c.obj (.text:memccpy)
                  00003194    00000018     msp432p4xx_driverlib.lib : uart.o (.text:UART_getInterruptStatus)
                  000031ac    00000018     rtsv7M4_T_le_v4SPD16_eabi.lib : sprintf.c.obj (.text:_outs)
                  000031c4    00000016     msp432p4xx_driverlib.lib : uart.o (.text:UART_clearInterruptFlag)
                  000031da    00000016                              : uart.o (.text:UART_enableModule)
                  000031f0    00000016     rtsv7M4_T_le_v4SPD16_eabi.lib : strchr.c.obj (.text:strchr)
                  00003206    00000002     --HOLE-- [fill = 0]
                  00003208    00000014     msp432p4xx_driverlib.lib : pcm.o (.text:PCM_getPowerState)
                  0000321c    00000014     rtsv7M4_T_le_v4SPD16_eabi.lib : s_copysign.c.obj (.text:copysign)
                  00003230    00000014                                   : strlen.c.obj (.text:strlen)
                  00003244    00000012                                   : copy_zero_init.c.obj (.text:decompress:ZI:__TI_zero_init_nomemset:__TI_zero_init_nomemset)
                  00003256    00000012                                   : wcslen.c.obj (.text:wcslen)
                  00003268    00000010     msp432p4xx_driverlib.lib : interrupt.o (.text:Interrupt_enableMaster)
                  00003278    00000010                              : interrupt.o (.text:Interrupt_enableSleepOnIsrExit)
                  00003288    00000010                              : pcm.o (.text:PCM_gotoLPM4)
                  00003298    00000010                              : pcm.o (.text:PCM_setPowerMode)
                  000032a8    00000010                              : pcm.o (.text:PCM_setPowerState)
                  000032b8    0000000e     rtsv7M4_T_le_v4SPD16_eabi.lib : time.c.obj (.text:__time32)
                  000032c6    0000000e                                   : copy_decompress_none.c.obj (.text:decompress:none:__TI_decompress_none)
                  000032d4    0000000c     msp432p4xx_driverlib.lib : cpu.o (.text:CPU_cpsie)
                  000032e0    0000000c     startup_msp432p401r_ccs.obj (.text:Reset_Handler)
                  000032ec    0000000a     rtsv7M4_T_le_v4SPD16_eabi.lib : sprintf.c.obj (.text:_outc)
                  000032f6    00000002     --HOLE-- [fill = 0]
                  000032f8    00000008                                   : errno.c.obj (.text:__aeabi_errno_addr)
                  00003300    00000004     msp432p4xx_driverlib.lib : cpu.o (.text:CPU_wfi)
                  00003304    00000004     rtsv7M4_T_le_v4SPD16_eabi.lib : pre_init.c.obj (.text:_system_pre_init)
                  00003308    00000004                                   : exit.c.obj (.text:abort:abort)

.const     0    0000330c    000001c0     
                  0000330c    00000101     rtsv7M4_T_le_v4SPD16_eabi.lib : ctype.c.obj (.const:.string:_ctypes_)
                  0000340d    00000003     --HOLE-- [fill = 0]
                  00003410    00000060                                   : mktime.c.obj (.const:$O1$$)
                  00003470    00000030     msp432p4xx_driverlib.lib : gpio.o (.const:GPIO_PORT_TO_BASE)
                  000034a0    00000024     main.obj (.const:uartConfig)
                  000034c4    00000008     msp432p4xx_driverlib.lib : interrupt.o (.const:g_pulEnRegs)

.cinit     0    000034d0    00000068     
                  000034d0    00000041     (.cinit..data.load) [load image, compression = lzss]
                  00003511    00000003     --HOLE-- [fill = 0]
                  00003514    0000000c     (__TI_handler_table)
                  00003520    00000008     (.cinit..bss.load) [load image, compression = zero_init]
                  00003528    00000010     (__TI_cinit_table)

.init_array 
*          0    00000000    00000000     UNINITIALIZED

.binit     0    00000000    00000000     

.bss       0    20000000    00000184     UNINITIALIZED
                  20000000    00000120     rtsv7M4_T_le_v4SPD16_eabi.lib : trgmsg.c.obj (.bss:_CIOBUF_)
                  20000120    00000034     (.common:str)
                  20000154    00000028     (.common:timestamp)
                  2000017c    00000008     (.common:parmbuf)

.data      0    20000184    00000060     UNINITIALIZED
                  20000184    00000024     rtsv7M4_T_le_v4SPD16_eabi.lib : localtim.c.obj (.data:local_tm)
                  200001a8    00000010                                   : tmzone.c.obj (.data:_tz)
                  200001b8    00000008                                   : _lock.c.obj (.data:$O1$$)
                  200001c0    00000006     main.obj (.data:GREEN)
                  200001c6    00000006     main.obj (.data:green)
                  200001cc    00000005     main.obj (.data:BLUE)
                  200001d1    00000005     main.obj (.data:blue)
                  200001d6    00000004     main.obj (.data:RED)
                  200001da    00000004     main.obj (.data:red)
                  200001de    00000002     --HOLE--
                  200001e0    00000004     rtsv7M4_T_le_v4SPD16_eabi.lib : errno.c.obj (.data)

.stack     0    2000fe00    00000200     UNINITIALIZED
                  2000fe00    00000004     rtsv7M4_T_le_v4SPD16_eabi.lib : boot_cortex_m.c.obj (.stack)
                  2000fe04    000001fc     --HOLE--

MODULE SUMMARY

       Module                        code    ro data   rw data
       ------                        ----    -------   -------
    .\
       main.obj                      768     36        244    
       system_msp432p401r.obj        120     0         0      
    +--+-----------------------------+-------+---------+---------+
       Total:                        888     36        244    
                                                              
    .\ccs\
       startup_msp432p401r_ccs.obj   14      228       0      
    +--+-----------------------------+-------+---------+---------+
       Total:                        14      228       0      
                                                              
    C:/ti/simplelink_msp432p4_sdk_2_40_00_10/source/ti/devices/msp432p4xx/driverlib/ccs/msp432p4xx_driverlib.lib
       pcm.o                         1770    0         0      
       uart.o                        554     0         0      
       gpio.o                        240     48        0      
       interrupt.o                   160     8         0      
       cs.o                          52      0         0      
       rtc_c.o                       44      0         0      
       wdt_a.o                       36      0         0      
       cpu.o                         16      0         0      
    +--+-----------------------------+-------+---------+---------+
       Total:                        2872    56        0      
                                                              
    C:\ti\ccs830\ccsv8\tools\compiler\ti-cgt-arm_18.1.5.LTS\lib\rtsv7M4_T_le_v4SPD16_eabi.lib
       _printfi.c.obj                4867    0         0      
       mktime.c.obj                  672     96        0      
       trgmsg.c.obj                  108     0         576    
       fd_add_t2.asm.obj             438     0         0      
       localtim.c.obj                308     0         72     
       fd_div_t2.asm.obj             310     0         0      
       s_scalbn.c.obj                272     0         0      
       fd_cmp_t2.asm.obj             268     0         0      
       ctype.c.obj                   0       257       0      
       fd_mul_t2.asm.obj             252     0         0      
       memcpy_t2.asm.obj             156     0         0      
       ull_div_t2.asm.obj            150     0         0      
       memset_t2.asm.obj             122     0         0      
       ll_div_t2.asm.obj             110     0         0      
       copy_decompress_lzss.c.obj    104     0         0      
       s_frexp.c.obj                 100     0         0      
       sprintf.c.obj                 98      0         0      
       ltoa.c.obj                    84      0         0      
       atoi.c.obj                    76      0         0      
       fd_toi_t2.asm.obj             72      0         0      
       hosttime.c.obj                72      0         0      
       autoinit.c.obj                68      0         0      
       u_divt2.asm.obj               64      0         0      
       boot_cortex_m.c.obj           56      0         0      
       i_tofd_t2.asm.obj             46      0         0      
       tmzone.c.obj                  0       0         32     
       memccpy.c.obj                 28      0         0      
       strchr.c.obj                  22      0         0      
       s_copysign.c.obj              20      0         0      
       strlen.c.obj                  20      0         0      
       _lock.c.obj                   2       0         16     
       copy_zero_init.c.obj          18      0         0      
       wcslen.c.obj                  18      0         0      
       errno.c.obj                   8       0         8      
       hostopen.c.obj                0       0         16     
       copy_decompress_none.c.obj    14      0         0      
       time.c.obj                    14      0         0      
       exit.c.obj                    4       0         0      
       pre_init.c.obj                4       0         0      
       div0.asm.obj                  2       0         0      
    +--+-----------------------------+-------+---------+---------+
       Total:                        9047    353       720    
                                                              
       Stack:                        0       0         1024   
       Linker Generated:             0       101       0      
    +--+-----------------------------+-------+---------+---------+
       Grand Total:                  12821   774       1988   


LINKER GENERATED COPY TABLES

__TI_cinit_table @ 00003528 records: 2, size/record: 8, table size: 16
	.data: load addr=000034d0, load size=00000041 bytes, run addr=20000184, run size=00000060 bytes, compression=lzss
	.bss: load addr=00003520, load size=00000008 bytes, run addr=20000000, run size=00000184 bytes, compression=zero_init


LINKER GENERATED HANDLER TABLE

__TI_handler_table @ 00003514 records: 3, size/record: 4, table size: 12
	index: 0, handler: __TI_decompress_lzss
	index: 1, handler: __TI_decompress_none
	index: 2, handler: __TI_zero_init


GLOBAL SYMBOLS: SORTED ALPHABETICALLY BY Name 

address   name                                      
-------   ----                                      
00000b43  ADC14_IRQHandler                          
00000b43  AES256_IRQHandler                         
200001cc  BLUE                                      
00000b43  BusFault_Handler                          
00003309  C$$EXIT                                   
00002f47  C$$IO$$                                   
00000b43  COMP_E0_IRQHandler                        
00000b43  COMP_E1_IRQHandler                        
000032d5  CPU_cpsie                                 
00003301  CPU_wfi                                   
00000b43  CS_IRQHandler                             
00002f89  CS_setDCOCenteredFrequency                
00000b43  DMA_ERR_IRQHandler                        
00000b43  DMA_INT0_IRQHandler                       
00000b43  DMA_INT1_IRQHandler                       
00000b43  DMA_INT2_IRQHandler                       
00000b43  DMA_INT3_IRQHandler                       
00000b43  DebugMon_Handler                          
00000b43  Default_Handler                           
000017c5  EUSCIA0_IRQHandler                        
000017c5  EUSCIA0_IRQHandler                        
00000b43  EUSCIA1_IRQHandler                        
00000b43  EUSCIA2_IRQHandler                        
00000b43  EUSCIA3_IRQHandler                        
00000b43  EUSCIB0_IRQHandler                        
00000b43  EUSCIB1_IRQHandler                        
00000b43  EUSCIB2_IRQHandler                        
00000b43  EUSCIB3_IRQHandler                        
00000b43  FLCTL_IRQHandler                          
00000b43  FPU_IRQHandler                            
00002e19  GPIO_setAsOutputPin                       
0000248d  GPIO_setAsPeripheralModuleFunctionInputPin
000030e1  GPIO_setOutputLowOnPin                    
200001c0  GREEN                                     
00002d45  HOSTtime                                  
00000b43  HardFault_Handler                         
000026a5  Interrupt_enableInterrupt                 
00003269  Interrupt_enableMaster                    
00003279  Interrupt_enableSleepOnIsrExit            
00000b43  MemManage_Handler                         
00000b43  NMI_Handler                               
00000b43  PCM_IRQHandler                            
00002a39  PCM_getCoreVoltageLevel                   
00002af5  PCM_getPowerMode                          
00003209  PCM_getPowerState                         
00003109  PCM_gotoLPM0                              
00002621  PCM_gotoLPM3                              
00003289  PCM_gotoLPM4                              
00003299  PCM_setPowerMode                          
000032a9  PCM_setPowerState                         
00002bfd  PCM_shutdownDevice                        
00000b43  PORT1_IRQHandler                          
00000b43  PORT2_IRQHandler                          
00000b43  PORT3_IRQHandler                          
00000b43  PORT4_IRQHandler                          
00000b43  PORT5_IRQHandler                          
00000b43  PORT6_IRQHandler                          
00000b43  PSS_IRQHandler                            
00000b43  PendSV_Handler                            
200001d6  RED                                       
00000b43  RTC_C_IRQHandler                          
000030b5  RTC_C_holdClock                           
000032e1  Reset_Handler                             
00000b43  SVC_Handler                               
00000b43  SysTick_Handler                           
000027a1  SystemInit                                
00000b43  T32_INT1_IRQHandler                       
00000b43  T32_INT2_IRQHandler                       
00000b43  T32_INTC_IRQHandler                       
00000b43  TA0_0_IRQHandler                          
00000b43  TA0_N_IRQHandler                          
00000b43  TA1_0_IRQHandler                          
00000b43  TA1_N_IRQHandler                          
00000b43  TA2_0_IRQHandler                          
00000b43  TA2_N_IRQHandler                          
00000b43  TA3_0_IRQHandler                          
00000b43  TA3_N_IRQHandler                          
000031c5  UART_clearInterruptFlag                   
00003025  UART_enableInterrupt                      
000031db  UART_enableModule                         
00002b4f  UART_getEnabledInterruptStatus            
00003195  UART_getInterruptStatus                   
00002819  UART_getStr                               
00001ff1  UART_initModule                           
00003055  UART_receiveData                          
00003131  UART_sendStr                              
00002fbd  UART_transmitData                         
00000b43  UsageFault_Handler                        
4000480c  WDTCTL_SYM                                
00000b43  WDT_A_IRQHandler                          
00003155  WDT_A_holdTimer                           
20000000  __CIOBUF_                                 
20010000  __STACK_END                               
00000200  __STACK_SIZE                              
00003528  __TI_CINIT_Base                           
00003538  __TI_CINIT_Limit                          
00003514  __TI_Handler_Table_Base                   
00003520  __TI_Handler_Table_Limit                  
00002dd5  __TI_auto_init_nobinit_nopinit            
0000296d  __TI_decompress_lzss                      
000032c7  __TI_decompress_none                      
ffffffff  __TI_pprof_out_hndl                       
000000e5  __TI_printfi                              
ffffffff  __TI_prof_data_size                       
ffffffff  __TI_prof_data_start                      
00002ff1  __TI_readmsg                              
00000000  __TI_static_base__                        
00002f19  __TI_writemsg                             
00003245  __TI_zero_init_nomemset                   
00002515  __aeabi_cdcmpeq                           
00002515  __aeabi_cdcmple                           
0000259b  __aeabi_cdrcmple                          
00002d8d  __aeabi_d2iz                              
000014bb  __aeabi_dadd                              
00001a49  __aeabi_ddiv                              
000020ed  __aeabi_dmul                              
000014b1  __aeabi_dsub                              
000032f9  __aeabi_errno_addr                        
00003085  __aeabi_i2d                               
00001667  __aeabi_idiv0                             
00001667  __aeabi_ldiv0                             
000028ff  __aeabi_ldivmod                           
00002725  __aeabi_memclr                            
00002725  __aeabi_memclr4                           
00002725  __aeabi_memclr8                           
0000235b  __aeabi_memcpy                            
0000235b  __aeabi_memcpy4                           
0000235b  __aeabi_memcpy8                           
00002727  __aeabi_memset                            
00002727  __aeabi_memset4                           
00002727  __aeabi_memset8                           
00002e59  __aeabi_uidiv                             
00002e59  __aeabi_uidivmod                          
000023f7  __aeabi_uldivmod                          
ffffffff  __binit__                                 
ffffffff  __c_args__                                
00001b81  __localtime32                             
00000b45  __mktime32                                
UNDEFED   __mpu_init                                
2000fe00  __stack                                   
000032b9  __time32                                  
00002f51  _c_int00_noargs                           
0000330c  _ctypes_                                  
200001b8  _lock                                     
0000106f  _nop                                      
UNDEFED   _system_post_cinit                        
00003305  _system_pre_init                          
200001a8  _tz                                       
200001bc  _unlock                                   
00003309  abort                                     
00002cf9  atoi                                      
ffffffff  binit                                     
200001d1  blue                                      
0000321d  copysign                                  
0000321d  copysignl                                 
200001e0  errno                                     
000029d5  frexp                                     
000029d5  frexpl                                    
000021e9  get_time                                  
200001c6  green                                     
00000000  interruptVectors                          
00001dd9  ldexp                                     
00001dd9  ldexpl                                    
00001b81  localtime                                 
00002c51  ltoa                                      
00002a99  main                                      
00003179  memccpy                                   
0000235b  memcpy                                    
0000272d  memset                                    
00000b45  mktime                                    
2000017c  parmbuf                                   
200001da  red                                       
00001dd9  scalbn                                    
00001dd9  scalbnl                                   
00002e99  sprintf                                   
20000120  str                                       
000031f1  strchr                                    
00003231  strlen                                    
000032b9  time                                      
20000154  timestamp                                 
000034a0  uartConfig                                
00003257  wcslen                                    


GLOBAL SYMBOLS: SORTED BY Symbol Address 

address   name                                      
-------   ----                                      
00000000  __TI_static_base__                        
00000000  interruptVectors                          
000000e5  __TI_printfi                              
00000200  __STACK_SIZE                              
00000b43  ADC14_IRQHandler                          
00000b43  AES256_IRQHandler                         
00000b43  BusFault_Handler                          
00000b43  COMP_E0_IRQHandler                        
00000b43  COMP_E1_IRQHandler                        
00000b43  CS_IRQHandler                             
00000b43  DMA_ERR_IRQHandler                        
00000b43  DMA_INT0_IRQHandler                       
00000b43  DMA_INT1_IRQHandler                       
00000b43  DMA_INT2_IRQHandler                       
00000b43  DMA_INT3_IRQHandler                       
00000b43  DebugMon_Handler                          
00000b43  Default_Handler                           
00000b43  EUSCIA1_IRQHandler                        
00000b43  EUSCIA2_IRQHandler                        
00000b43  EUSCIA3_IRQHandler                        
00000b43  EUSCIB0_IRQHandler                        
00000b43  EUSCIB1_IRQHandler                        
00000b43  EUSCIB2_IRQHandler                        
00000b43  EUSCIB3_IRQHandler                        
00000b43  FLCTL_IRQHandler                          
00000b43  FPU_IRQHandler                            
00000b43  HardFault_Handler                         
00000b43  MemManage_Handler                         
00000b43  NMI_Handler                               
00000b43  PCM_IRQHandler                            
00000b43  PORT1_IRQHandler                          
00000b43  PORT2_IRQHandler                          
00000b43  PORT3_IRQHandler                          
00000b43  PORT4_IRQHandler                          
00000b43  PORT5_IRQHandler                          
00000b43  PORT6_IRQHandler                          
00000b43  PSS_IRQHandler                            
00000b43  PendSV_Handler                            
00000b43  RTC_C_IRQHandler                          
00000b43  SVC_Handler                               
00000b43  SysTick_Handler                           
00000b43  T32_INT1_IRQHandler                       
00000b43  T32_INT2_IRQHandler                       
00000b43  T32_INTC_IRQHandler                       
00000b43  TA0_0_IRQHandler                          
00000b43  TA0_N_IRQHandler                          
00000b43  TA1_0_IRQHandler                          
00000b43  TA1_N_IRQHandler                          
00000b43  TA2_0_IRQHandler                          
00000b43  TA2_N_IRQHandler                          
00000b43  TA3_0_IRQHandler                          
00000b43  TA3_N_IRQHandler                          
00000b43  UsageFault_Handler                        
00000b43  WDT_A_IRQHandler                          
00000b45  __mktime32                                
00000b45  mktime                                    
0000106f  _nop                                      
000014b1  __aeabi_dsub                              
000014bb  __aeabi_dadd                              
00001667  __aeabi_idiv0                             
00001667  __aeabi_ldiv0                             
000017c5  EUSCIA0_IRQHandler                        
000017c5  EUSCIA0_IRQHandler                        
00001a49  __aeabi_ddiv                              
00001b81  __localtime32                             
00001b81  localtime                                 
00001dd9  ldexp                                     
00001dd9  ldexpl                                    
00001dd9  scalbn                                    
00001dd9  scalbnl                                   
00001ff1  UART_initModule                           
000020ed  __aeabi_dmul                              
000021e9  get_time                                  
0000235b  __aeabi_memcpy                            
0000235b  __aeabi_memcpy4                           
0000235b  __aeabi_memcpy8                           
0000235b  memcpy                                    
000023f7  __aeabi_uldivmod                          
0000248d  GPIO_setAsPeripheralModuleFunctionInputPin
00002515  __aeabi_cdcmpeq                           
00002515  __aeabi_cdcmple                           
0000259b  __aeabi_cdrcmple                          
00002621  PCM_gotoLPM3                              
000026a5  Interrupt_enableInterrupt                 
00002725  __aeabi_memclr                            
00002725  __aeabi_memclr4                           
00002725  __aeabi_memclr8                           
00002727  __aeabi_memset                            
00002727  __aeabi_memset4                           
00002727  __aeabi_memset8                           
0000272d  memset                                    
000027a1  SystemInit                                
00002819  UART_getStr                               
000028ff  __aeabi_ldivmod                           
0000296d  __TI_decompress_lzss                      
000029d5  frexp                                     
000029d5  frexpl                                    
00002a39  PCM_getCoreVoltageLevel                   
00002a99  main                                      
00002af5  PCM_getPowerMode                          
00002b4f  UART_getEnabledInterruptStatus            
00002bfd  PCM_shutdownDevice                        
00002c51  ltoa                                      
00002cf9  atoi                                      
00002d45  HOSTtime                                  
00002d8d  __aeabi_d2iz                              
00002dd5  __TI_auto_init_nobinit_nopinit            
00002e19  GPIO_setAsOutputPin                       
00002e59  __aeabi_uidiv                             
00002e59  __aeabi_uidivmod                          
00002e99  sprintf                                   
00002f19  __TI_writemsg                             
00002f47  C$$IO$$                                   
00002f51  _c_int00_noargs                           
00002f89  CS_setDCOCenteredFrequency                
00002fbd  UART_transmitData                         
00002ff1  __TI_readmsg                              
00003025  UART_enableInterrupt                      
00003055  UART_receiveData                          
00003085  __aeabi_i2d                               
000030b5  RTC_C_holdClock                           
000030e1  GPIO_setOutputLowOnPin                    
00003109  PCM_gotoLPM0                              
00003131  UART_sendStr                              
00003155  WDT_A_holdTimer                           
00003179  memccpy                                   
00003195  UART_getInterruptStatus                   
000031c5  UART_clearInterruptFlag                   
000031db  UART_enableModule                         
000031f1  strchr                                    
00003209  PCM_getPowerState                         
0000321d  copysign                                  
0000321d  copysignl                                 
00003231  strlen                                    
00003245  __TI_zero_init_nomemset                   
00003257  wcslen                                    
00003269  Interrupt_enableMaster                    
00003279  Interrupt_enableSleepOnIsrExit            
00003289  PCM_gotoLPM4                              
00003299  PCM_setPowerMode                          
000032a9  PCM_setPowerState                         
000032b9  __time32                                  
000032b9  time                                      
000032c7  __TI_decompress_none                      
000032d5  CPU_cpsie                                 
000032e1  Reset_Handler                             
000032f9  __aeabi_errno_addr                        
00003301  CPU_wfi                                   
00003305  _system_pre_init                          
00003309  C$$EXIT                                   
00003309  abort                                     
0000330c  _ctypes_                                  
000034a0  uartConfig                                
00003514  __TI_Handler_Table_Base                   
00003520  __TI_Handler_Table_Limit                  
00003528  __TI_CINIT_Base                           
00003538  __TI_CINIT_Limit                          
20000000  __CIOBUF_                                 
20000120  str                                       
20000154  timestamp                                 
2000017c  parmbuf                                   
200001a8  _tz                                       
200001b8  _lock                                     
200001bc  _unlock                                   
200001c0  GREEN                                     
200001c6  green                                     
200001cc  BLUE                                      
200001d1  blue                                      
200001d6  RED                                       
200001da  red                                       
200001e0  errno                                     
2000fe00  __stack                                   
20010000  __STACK_END                               
4000480c  WDTCTL_SYM                                
ffffffff  __TI_pprof_out_hndl                       
ffffffff  __TI_prof_data_size                       
ffffffff  __TI_prof_data_start                      
ffffffff  __binit__                                 
ffffffff  __c_args__                                
ffffffff  binit                                     
UNDEFED   __mpu_init                                
UNDEFED   _system_post_cinit                        

[182 symbols]
