<?xml version="1.0" encoding="ISO-8859-1" ?>
<link_info>
   <banner>TI ARM Linker PC v18.1.5.LTS</banner>
   <copyright>Copyright (c) 1996-2018 Texas Instruments Incorporated</copyright>
   <link_time>0x5ca79c3d</link_time>
   <link_errors>0x0</link_errors>
   <output_file>Lab5_UART.out</output_file>
   <entry_point>
      <name>_c_int00_noargs</name>
      <address>0x2f51</address>
   </entry_point>
   <input_file_list>
      <input_file id="fl-2">
         <path>.\</path>
         <kind>object</kind>
         <file>main.obj</file>
         <name>main.obj</name>
      </input_file>
      <input_file id="fl-3">
         <path>.\</path>
         <kind>object</kind>
         <file>system_msp432p401r.obj</file>
         <name>system_msp432p401r.obj</name>
      </input_file>
      <input_file id="fl-4">
         <path>.\ccs\</path>
         <kind>object</kind>
         <file>startup_msp432p401r_ccs.obj</file>
         <name>startup_msp432p401r_ccs.obj</name>
      </input_file>
      <input_file id="fl-d">
         <kind>object</kind>
         <file>&lt;internal&gt;</file>
         <name>&lt;internal&gt;</name>
      </input_file>
      <input_file id="fl-e">
         <path>C:\ti\simplelink_msp432p4_sdk_2_40_00_10\source\ti\devices\msp432p4xx\driverlib\ccs\</path>
         <kind>archive</kind>
         <file>msp432p4xx_driverlib.lib</file>
         <name>cs.o</name>
      </input_file>
      <input_file id="fl-f">
         <path>C:\ti\simplelink_msp432p4_sdk_2_40_00_10\source\ti\devices\msp432p4xx\driverlib\ccs\</path>
         <kind>archive</kind>
         <file>msp432p4xx_driverlib.lib</file>
         <name>gpio.o</name>
      </input_file>
      <input_file id="fl-10">
         <path>C:\ti\simplelink_msp432p4_sdk_2_40_00_10\source\ti\devices\msp432p4xx\driverlib\ccs\</path>
         <kind>archive</kind>
         <file>msp432p4xx_driverlib.lib</file>
         <name>interrupt.o</name>
      </input_file>
      <input_file id="fl-11">
         <path>C:\ti\simplelink_msp432p4_sdk_2_40_00_10\source\ti\devices\msp432p4xx\driverlib\ccs\</path>
         <kind>archive</kind>
         <file>msp432p4xx_driverlib.lib</file>
         <name>pcm.o</name>
      </input_file>
      <input_file id="fl-12">
         <path>C:\ti\simplelink_msp432p4_sdk_2_40_00_10\source\ti\devices\msp432p4xx\driverlib\ccs\</path>
         <kind>archive</kind>
         <file>msp432p4xx_driverlib.lib</file>
         <name>rtc_c.o</name>
      </input_file>
      <input_file id="fl-13">
         <path>C:\ti\simplelink_msp432p4_sdk_2_40_00_10\source\ti\devices\msp432p4xx\driverlib\ccs\</path>
         <kind>archive</kind>
         <file>msp432p4xx_driverlib.lib</file>
         <name>sysctl_a.o</name>
      </input_file>
      <input_file id="fl-14">
         <path>C:\ti\simplelink_msp432p4_sdk_2_40_00_10\source\ti\devices\msp432p4xx\driverlib\ccs\</path>
         <kind>archive</kind>
         <file>msp432p4xx_driverlib.lib</file>
         <name>uart.o</name>
      </input_file>
      <input_file id="fl-15">
         <path>C:\ti\simplelink_msp432p4_sdk_2_40_00_10\source\ti\devices\msp432p4xx\driverlib\ccs\</path>
         <kind>archive</kind>
         <file>msp432p4xx_driverlib.lib</file>
         <name>wdt_a.o</name>
      </input_file>
      <input_file id="fl-16">
         <path>C:\ti\simplelink_msp432p4_sdk_2_40_00_10\source\ti\devices\msp432p4xx\driverlib\ccs\</path>
         <kind>archive</kind>
         <file>msp432p4xx_driverlib.lib</file>
         <name>cpu.o</name>
      </input_file>
      <input_file id="fl-cc">
         <path>C:\ti\ccs830\ccsv8\tools\compiler\ti-cgt-arm_18.1.5.LTS\lib\</path>
         <kind>archive</kind>
         <file>rtsv7M4_T_le_v4SPD16_eabi.lib</file>
         <name>copy_zero_init.c.obj</name>
      </input_file>
      <input_file id="fl-cd">
         <path>C:\ti\ccs830\ccsv8\tools\compiler\ti-cgt-arm_18.1.5.LTS\lib\</path>
         <kind>archive</kind>
         <file>rtsv7M4_T_le_v4SPD16_eabi.lib</file>
         <name>copy_decompress_none.c.obj</name>
      </input_file>
      <input_file id="fl-ce">
         <path>C:\ti\ccs830\ccsv8\tools\compiler\ti-cgt-arm_18.1.5.LTS\lib\</path>
         <kind>archive</kind>
         <file>rtsv7M4_T_le_v4SPD16_eabi.lib</file>
         <name>copy_decompress_lzss.c.obj</name>
      </input_file>
      <input_file id="fl-cf">
         <path>C:\ti\ccs830\ccsv8\tools\compiler\ti-cgt-arm_18.1.5.LTS\lib\</path>
         <kind>archive</kind>
         <file>rtsv7M4_T_le_v4SPD16_eabi.lib</file>
         <name>boot_cortex_m.c.obj</name>
      </input_file>
      <input_file id="fl-d0">
         <path>C:\ti\ccs830\ccsv8\tools\compiler\ti-cgt-arm_18.1.5.LTS\lib\</path>
         <kind>archive</kind>
         <file>rtsv7M4_T_le_v4SPD16_eabi.lib</file>
         <name>exit.c.obj</name>
      </input_file>
      <input_file id="fl-d1">
         <path>C:\ti\ccs830\ccsv8\tools\compiler\ti-cgt-arm_18.1.5.LTS\lib\</path>
         <kind>archive</kind>
         <file>rtsv7M4_T_le_v4SPD16_eabi.lib</file>
         <name>_lock.c.obj</name>
      </input_file>
      <input_file id="fl-d2">
         <path>C:\ti\ccs830\ccsv8\tools\compiler\ti-cgt-arm_18.1.5.LTS\lib\</path>
         <kind>archive</kind>
         <file>rtsv7M4_T_le_v4SPD16_eabi.lib</file>
         <name>args_main.c.obj</name>
      </input_file>
      <input_file id="fl-d3">
         <path>C:\ti\ccs830\ccsv8\tools\compiler\ti-cgt-arm_18.1.5.LTS\lib\</path>
         <kind>archive</kind>
         <file>rtsv7M4_T_le_v4SPD16_eabi.lib</file>
         <name>localtim.c.obj</name>
      </input_file>
      <input_file id="fl-d4">
         <path>C:\ti\ccs830\ccsv8\tools\compiler\ti-cgt-arm_18.1.5.LTS\lib\</path>
         <kind>archive</kind>
         <file>rtsv7M4_T_le_v4SPD16_eabi.lib</file>
         <name>mktime.c.obj</name>
      </input_file>
      <input_file id="fl-d5">
         <path>C:\ti\ccs830\ccsv8\tools\compiler\ti-cgt-arm_18.1.5.LTS\lib\</path>
         <kind>archive</kind>
         <file>rtsv7M4_T_le_v4SPD16_eabi.lib</file>
         <name>sprintf.c.obj</name>
      </input_file>
      <input_file id="fl-d6">
         <path>C:\ti\ccs830\ccsv8\tools\compiler\ti-cgt-arm_18.1.5.LTS\lib\</path>
         <kind>archive</kind>
         <file>rtsv7M4_T_le_v4SPD16_eabi.lib</file>
         <name>time.c.obj</name>
      </input_file>
      <input_file id="fl-d7">
         <path>C:\ti\ccs830\ccsv8\tools\compiler\ti-cgt-arm_18.1.5.LTS\lib\</path>
         <kind>archive</kind>
         <file>rtsv7M4_T_le_v4SPD16_eabi.lib</file>
         <name>tmzone.c.obj</name>
      </input_file>
      <input_file id="fl-d8">
         <path>C:\ti\ccs830\ccsv8\tools\compiler\ti-cgt-arm_18.1.5.LTS\lib\</path>
         <kind>archive</kind>
         <file>rtsv7M4_T_le_v4SPD16_eabi.lib</file>
         <name>hosttime.c.obj</name>
      </input_file>
      <input_file id="fl-d9">
         <path>C:\ti\ccs830\ccsv8\tools\compiler\ti-cgt-arm_18.1.5.LTS\lib\</path>
         <kind>archive</kind>
         <file>rtsv7M4_T_le_v4SPD16_eabi.lib</file>
         <name>trgmsg.c.obj</name>
      </input_file>
      <input_file id="fl-da">
         <path>C:\ti\ccs830\ccsv8\tools\compiler\ti-cgt-arm_18.1.5.LTS\lib\</path>
         <kind>archive</kind>
         <file>rtsv7M4_T_le_v4SPD16_eabi.lib</file>
         <name>memset_t2.asm.obj</name>
      </input_file>
      <input_file id="fl-db">
         <path>C:\ti\ccs830\ccsv8\tools\compiler\ti-cgt-arm_18.1.5.LTS\lib\</path>
         <kind>archive</kind>
         <file>rtsv7M4_T_le_v4SPD16_eabi.lib</file>
         <name>u_divt2.asm.obj</name>
      </input_file>
      <input_file id="fl-dc">
         <path>C:\ti\ccs830\ccsv8\tools\compiler\ti-cgt-arm_18.1.5.LTS\lib\</path>
         <kind>archive</kind>
         <file>rtsv7M4_T_le_v4SPD16_eabi.lib</file>
         <name>memcpy_t2.asm.obj</name>
      </input_file>
      <input_file id="fl-dd">
         <path>C:\ti\ccs830\ccsv8\tools\compiler\ti-cgt-arm_18.1.5.LTS\lib\</path>
         <kind>archive</kind>
         <file>rtsv7M4_T_le_v4SPD16_eabi.lib</file>
         <name>ll_div_t2.asm.obj</name>
      </input_file>
      <input_file id="fl-de">
         <path>C:\ti\ccs830\ccsv8\tools\compiler\ti-cgt-arm_18.1.5.LTS\lib\</path>
         <kind>archive</kind>
         <file>rtsv7M4_T_le_v4SPD16_eabi.lib</file>
         <name>ull_div_t2.asm.obj</name>
      </input_file>
      <input_file id="fl-df">
         <path>C:\ti\ccs830\ccsv8\tools\compiler\ti-cgt-arm_18.1.5.LTS\lib\</path>
         <kind>archive</kind>
         <file>rtsv7M4_T_le_v4SPD16_eabi.lib</file>
         <name>autoinit.c.obj</name>
      </input_file>
      <input_file id="fl-e0">
         <path>C:\ti\ccs830\ccsv8\tools\compiler\ti-cgt-arm_18.1.5.LTS\lib\</path>
         <kind>archive</kind>
         <file>rtsv7M4_T_le_v4SPD16_eabi.lib</file>
         <name>pre_init.c.obj</name>
      </input_file>
      <input_file id="fl-e1">
         <path>C:\ti\ccs830\ccsv8\tools\compiler\ti-cgt-arm_18.1.5.LTS\lib\</path>
         <kind>archive</kind>
         <file>rtsv7M4_T_le_v4SPD16_eabi.lib</file>
         <name>cpy_tbl.c.obj</name>
      </input_file>
      <input_file id="fl-e2">
         <path>C:\ti\ccs830\ccsv8\tools\compiler\ti-cgt-arm_18.1.5.LTS\lib\</path>
         <kind>archive</kind>
         <file>rtsv7M4_T_le_v4SPD16_eabi.lib</file>
         <name>_printfi.c.obj</name>
      </input_file>
      <input_file id="fl-e3">
         <path>C:\ti\ccs830\ccsv8\tools\compiler\ti-cgt-arm_18.1.5.LTS\lib\</path>
         <kind>archive</kind>
         <file>rtsv7M4_T_le_v4SPD16_eabi.lib</file>
         <name>atoi.c.obj</name>
      </input_file>
      <input_file id="fl-e4">
         <path>C:\ti\ccs830\ccsv8\tools\compiler\ti-cgt-arm_18.1.5.LTS\lib\</path>
         <kind>archive</kind>
         <file>rtsv7M4_T_le_v4SPD16_eabi.lib</file>
         <name>ctype.c.obj</name>
      </input_file>
      <input_file id="fl-e5">
         <path>C:\ti\ccs830\ccsv8\tools\compiler\ti-cgt-arm_18.1.5.LTS\lib\</path>
         <kind>archive</kind>
         <file>rtsv7M4_T_le_v4SPD16_eabi.lib</file>
         <name>ltoa.c.obj</name>
      </input_file>
      <input_file id="fl-e6">
         <path>C:\ti\ccs830\ccsv8\tools\compiler\ti-cgt-arm_18.1.5.LTS\lib\</path>
         <kind>archive</kind>
         <file>rtsv7M4_T_le_v4SPD16_eabi.lib</file>
         <name>memccpy.c.obj</name>
      </input_file>
      <input_file id="fl-e7">
         <path>C:\ti\ccs830\ccsv8\tools\compiler\ti-cgt-arm_18.1.5.LTS\lib\</path>
         <kind>archive</kind>
         <file>rtsv7M4_T_le_v4SPD16_eabi.lib</file>
         <name>strchr.c.obj</name>
      </input_file>
      <input_file id="fl-e8">
         <path>C:\ti\ccs830\ccsv8\tools\compiler\ti-cgt-arm_18.1.5.LTS\lib\</path>
         <kind>archive</kind>
         <file>rtsv7M4_T_le_v4SPD16_eabi.lib</file>
         <name>strlen.c.obj</name>
      </input_file>
      <input_file id="fl-e9">
         <path>C:\ti\ccs830\ccsv8\tools\compiler\ti-cgt-arm_18.1.5.LTS\lib\</path>
         <kind>archive</kind>
         <file>rtsv7M4_T_le_v4SPD16_eabi.lib</file>
         <name>hostopen.c.obj</name>
      </input_file>
      <input_file id="fl-ea">
         <path>C:\ti\ccs830\ccsv8\tools\compiler\ti-cgt-arm_18.1.5.LTS\lib\</path>
         <kind>archive</kind>
         <file>rtsv7M4_T_le_v4SPD16_eabi.lib</file>
         <name>s_frexp.c.obj</name>
      </input_file>
      <input_file id="fl-eb">
         <path>C:\ti\ccs830\ccsv8\tools\compiler\ti-cgt-arm_18.1.5.LTS\lib\</path>
         <kind>archive</kind>
         <file>rtsv7M4_T_le_v4SPD16_eabi.lib</file>
         <name>s_scalbn.c.obj</name>
      </input_file>
      <input_file id="fl-ec">
         <path>C:\ti\ccs830\ccsv8\tools\compiler\ti-cgt-arm_18.1.5.LTS\lib\</path>
         <kind>archive</kind>
         <file>rtsv7M4_T_le_v4SPD16_eabi.lib</file>
         <name>wcslen.c.obj</name>
      </input_file>
      <input_file id="fl-ed">
         <path>C:\ti\ccs830\ccsv8\tools\compiler\ti-cgt-arm_18.1.5.LTS\lib\</path>
         <kind>archive</kind>
         <file>rtsv7M4_T_le_v4SPD16_eabi.lib</file>
         <name>s_copysign.c.obj</name>
      </input_file>
      <input_file id="fl-ee">
         <path>C:\ti\ccs830\ccsv8\tools\compiler\ti-cgt-arm_18.1.5.LTS\lib\</path>
         <kind>archive</kind>
         <file>rtsv7M4_T_le_v4SPD16_eabi.lib</file>
         <name>div0.asm.obj</name>
      </input_file>
      <input_file id="fl-ef">
         <path>C:\ti\ccs830\ccsv8\tools\compiler\ti-cgt-arm_18.1.5.LTS\lib\</path>
         <kind>archive</kind>
         <file>rtsv7M4_T_le_v4SPD16_eabi.lib</file>
         <name>fd_add_t2.asm.obj</name>
      </input_file>
      <input_file id="fl-f0">
         <path>C:\ti\ccs830\ccsv8\tools\compiler\ti-cgt-arm_18.1.5.LTS\lib\</path>
         <kind>archive</kind>
         <file>rtsv7M4_T_le_v4SPD16_eabi.lib</file>
         <name>fd_cmp_t2.asm.obj</name>
      </input_file>
      <input_file id="fl-f1">
         <path>C:\ti\ccs830\ccsv8\tools\compiler\ti-cgt-arm_18.1.5.LTS\lib\</path>
         <kind>archive</kind>
         <file>rtsv7M4_T_le_v4SPD16_eabi.lib</file>
         <name>fd_div_t2.asm.obj</name>
      </input_file>
      <input_file id="fl-f2">
         <path>C:\ti\ccs830\ccsv8\tools\compiler\ti-cgt-arm_18.1.5.LTS\lib\</path>
         <kind>archive</kind>
         <file>rtsv7M4_T_le_v4SPD16_eabi.lib</file>
         <name>fd_mul_t2.asm.obj</name>
      </input_file>
      <input_file id="fl-f3">
         <path>C:\ti\ccs830\ccsv8\tools\compiler\ti-cgt-arm_18.1.5.LTS\lib\</path>
         <kind>archive</kind>
         <file>rtsv7M4_T_le_v4SPD16_eabi.lib</file>
         <name>fd_toi_t2.asm.obj</name>
      </input_file>
      <input_file id="fl-f4">
         <path>C:\ti\ccs830\ccsv8\tools\compiler\ti-cgt-arm_18.1.5.LTS\lib\</path>
         <kind>archive</kind>
         <file>rtsv7M4_T_le_v4SPD16_eabi.lib</file>
         <name>i_tofd_t2.asm.obj</name>
      </input_file>
      <input_file id="fl-f5">
         <path>C:\ti\ccs830\ccsv8\tools\compiler\ti-cgt-arm_18.1.5.LTS\lib\</path>
         <kind>archive</kind>
         <file>rtsv7M4_T_le_v4SPD16_eabi.lib</file>
         <name>errno.c.obj</name>
      </input_file>
   </input_file_list>
   <object_component_list>
      <object_component id="oc-23">
         <name>.intvecs:retain</name>
         <load_address>0x0</load_address>
         <run_address>0x0</run_address>
         <size>0xe4</size>
         <input_file_ref idref="fl-4"/>
      </object_component>
      <object_component id="oc-259">
         <name>.text:__TI_printfi</name>
         <load_address>0xe4</load_address>
         <run_address>0xe4</run_address>
         <size>0xa5e</size>
         <input_file_ref idref="fl-e2"/>
      </object_component>
      <object_component id="oc-6a">
         <name>.text:Default_Handler</name>
         <load_address>0xb42</load_address>
         <run_address>0xb42</run_address>
         <size>0x2</size>
         <input_file_ref idref="fl-4"/>
      </object_component>
      <object_component id="oc-246">
         <name>.text:__mktime32</name>
         <load_address>0xb44</load_address>
         <run_address>0xb44</run_address>
         <size>0x2a0</size>
         <input_file_ref idref="fl-d4"/>
      </object_component>
      <object_component id="oc-20a">
         <name>.text:__PCM_setPowerStateAdvanced</name>
         <load_address>0xde4</load_address>
         <run_address>0xde4</run_address>
         <size>0x28a</size>
         <input_file_ref idref="fl-11"/>
      </object_component>
      <object_component id="oc-2ae">
         <name>.text:_nop</name>
         <load_address>0x106e</load_address>
         <run_address>0x106e</run_address>
         <size>0x2</size>
         <input_file_ref idref="fl-d1"/>
      </object_component>
      <object_component id="oc-32e">
         <name>.text:_pconv_a</name>
         <load_address>0x1070</load_address>
         <run_address>0x1070</run_address>
         <size>0x270</size>
         <input_file_ref idref="fl-e2"/>
      </object_component>
      <object_component id="oc-31c">
         <name>.text:_pconv_g</name>
         <load_address>0x12e0</load_address>
         <run_address>0x12e0</run_address>
         <size>0x1d0</size>
         <input_file_ref idref="fl-e2"/>
      </object_component>
      <object_component id="oc-3d5">
         <name>.text</name>
         <load_address>0x14b0</load_address>
         <run_address>0x14b0</run_address>
         <size>0x1b6</size>
         <input_file_ref idref="fl-ef"/>
      </object_component>
      <object_component id="oc-2e9">
         <name>.text</name>
         <load_address>0x1666</load_address>
         <run_address>0x1666</run_address>
         <size>0x2</size>
         <input_file_ref idref="fl-ee"/>
      </object_component>
      <object_component id="oc-28d">
         <name>.text:__PCM_setPowerModeAdvanced</name>
         <load_address>0x1668</load_address>
         <run_address>0x1668</run_address>
         <size>0x15c</size>
         <input_file_ref idref="fl-11"/>
      </object_component>
      <object_component id="oc-70">
         <name>.text:EUSCIA0_IRQHandler</name>
         <load_address>0x17c4</load_address>
         <run_address>0x17c4</run_address>
         <size>0x148</size>
         <input_file_ref idref="fl-2"/>
      </object_component>
      <object_component id="oc-328">
         <name>.text:_pconv_e</name>
         <load_address>0x190c</load_address>
         <run_address>0x190c</run_address>
         <size>0x13c</size>
         <input_file_ref idref="fl-e2"/>
      </object_component>
      <object_component id="oc-3bb">
         <name>.text</name>
         <load_address>0x1a48</load_address>
         <run_address>0x1a48</run_address>
         <size>0x136</size>
         <input_file_ref idref="fl-f1"/>
      </object_component>
      <object_component id="oc-1b1">
         <name>.text:__localtime32</name>
         <load_address>0x1b80</load_address>
         <run_address>0x1b80</run_address>
         <size>0x134</size>
         <input_file_ref idref="fl-d3"/>
      </object_component>
      <object_component id="oc-3e7">
         <name>.text:fcvt</name>
         <load_address>0x1cb4</load_address>
         <run_address>0x1cb4</run_address>
         <size>0x124</size>
         <input_file_ref idref="fl-e2"/>
      </object_component>
      <object_component id="oc-3fb">
         <name>.text:scalbn</name>
         <load_address>0x1dd8</load_address>
         <run_address>0x1dd8</run_address>
         <size>0x110</size>
         <input_file_ref idref="fl-eb"/>
      </object_component>
      <object_component id="oc-287">
         <name>.text:__PCM_setCoreVoltageLevelAdvanced</name>
         <load_address>0x1ee8</load_address>
         <run_address>0x1ee8</run_address>
         <size>0x108</size>
         <input_file_ref idref="fl-11"/>
      </object_component>
      <object_component id="oc-130">
         <name>.text:UART_initModule</name>
         <load_address>0x1ff0</load_address>
         <run_address>0x1ff0</run_address>
         <size>0xfc</size>
         <input_file_ref idref="fl-14"/>
      </object_component>
      <object_component id="oc-3b6">
         <name>.text</name>
         <load_address>0x20ec</load_address>
         <run_address>0x20ec</run_address>
         <size>0xfc</size>
         <input_file_ref idref="fl-f2"/>
      </object_component>
      <object_component id="oc-c8">
         <name>.text:get_time</name>
         <load_address>0x21e8</load_address>
         <run_address>0x21e8</run_address>
         <size>0xc0</size>
         <input_file_ref idref="fl-2"/>
      </object_component>
      <object_component id="oc-311">
         <name>.text:_ltostr</name>
         <load_address>0x22a8</load_address>
         <run_address>0x22a8</run_address>
         <size>0xb1</size>
         <input_file_ref idref="fl-e2"/>
      </object_component>
      <object_component id="oc-34">
         <name>.text</name>
         <load_address>0x235a</load_address>
         <run_address>0x235a</run_address>
         <size>0x9c</size>
         <input_file_ref idref="fl-dc"/>
      </object_component>
      <object_component id="oc-3a2">
         <name>.text</name>
         <load_address>0x23f6</load_address>
         <run_address>0x23f6</run_address>
         <size>0x96</size>
         <input_file_ref idref="fl-de"/>
      </object_component>
      <object_component id="oc-118">
         <name>.text:GPIO_setAsPeripheralModuleFunctionInputPin</name>
         <load_address>0x248c</load_address>
         <run_address>0x248c</run_address>
         <size>0x88</size>
         <input_file_ref idref="fl-f"/>
      </object_component>
      <object_component id="oc-317">
         <name>.text:__aeabi_cdcmple</name>
         <load_address>0x2514</load_address>
         <run_address>0x2514</run_address>
         <size>0x86</size>
         <input_file_ref idref="fl-f0"/>
      </object_component>
      <object_component id="oc-3c0">
         <name>.text:__aeabi_cdrcmple</name>
         <load_address>0x259a</load_address>
         <run_address>0x259a</run_address>
         <size>0x86</size>
         <input_file_ref idref="fl-f0"/>
      </object_component>
      <object_component id="oc-299">
         <name>.text:PCM_gotoLPM3</name>
         <load_address>0x2620</load_address>
         <run_address>0x2620</run_address>
         <size>0x84</size>
         <input_file_ref idref="fl-11"/>
      </object_component>
      <object_component id="oc-142">
         <name>.text:Interrupt_enableInterrupt</name>
         <load_address>0x26a4</load_address>
         <run_address>0x26a4</run_address>
         <size>0x80</size>
         <input_file_ref idref="fl-10"/>
      </object_component>
      <object_component id="oc-90">
         <name>.text</name>
         <load_address>0x2724</load_address>
         <run_address>0x2724</run_address>
         <size>0x7a</size>
         <input_file_ref idref="fl-da"/>
      </object_component>
      <object_component id="oc-ae">
         <name>.text:SystemInit</name>
         <load_address>0x27a0</load_address>
         <run_address>0x27a0</run_address>
         <size>0x78</size>
         <input_file_ref idref="fl-3"/>
      </object_component>
      <object_component id="oc-c2">
         <name>.text:UART_getStr</name>
         <load_address>0x2818</load_address>
         <run_address>0x2818</run_address>
         <size>0x78</size>
         <input_file_ref idref="fl-2"/>
      </object_component>
      <object_component id="oc-3e0">
         <name>.text:_mcpy</name>
         <load_address>0x2890</load_address>
         <run_address>0x2890</run_address>
         <size>0x6e</size>
         <input_file_ref idref="fl-e2"/>
      </object_component>
      <object_component id="oc-2ef">
         <name>.text</name>
         <load_address>0x28fe</load_address>
         <run_address>0x28fe</run_address>
         <size>0x6e</size>
         <input_file_ref idref="fl-dd"/>
      </object_component>
      <object_component id="oc-14">
         <name>.text:decompress:lzss:__TI_decompress_lzss</name>
         <load_address>0x296c</load_address>
         <run_address>0x296c</run_address>
         <size>0x68</size>
         <input_file_ref idref="fl-ce"/>
      </object_component>
      <object_component id="oc-3f5">
         <name>.text:frexp</name>
         <load_address>0x29d4</load_address>
         <run_address>0x29d4</run_address>
         <size>0x64</size>
         <input_file_ref idref="fl-ea"/>
      </object_component>
      <object_component id="oc-367">
         <name>.text:PCM_getCoreVoltageLevel</name>
         <load_address>0x2a38</load_address>
         <run_address>0x2a38</run_address>
         <size>0x5e</size>
         <input_file_ref idref="fl-11"/>
      </object_component>
      <object_component id="oc-9c">
         <name>.text:main</name>
         <load_address>0x2a98</load_address>
         <run_address>0x2a98</run_address>
         <size>0x5c</size>
         <input_file_ref idref="fl-2"/>
      </object_component>
      <object_component id="oc-361">
         <name>.text:PCM_getPowerMode</name>
         <load_address>0x2af4</load_address>
         <run_address>0x2af4</run_address>
         <size>0x5a</size>
         <input_file_ref idref="fl-11"/>
      </object_component>
      <object_component id="oc-b6">
         <name>.text:UART_getEnabledInterruptStatus</name>
         <load_address>0x2b4e</load_address>
         <run_address>0x2b4e</run_address>
         <size>0x56</size>
         <input_file_ref idref="fl-14"/>
      </object_component>
      <object_component id="oc-322">
         <name>.text:_pconv_f</name>
         <load_address>0x2ba4</load_address>
         <run_address>0x2ba4</run_address>
         <size>0x56</size>
         <input_file_ref idref="fl-e2"/>
      </object_component>
      <object_component id="oc-2a5">
         <name>.text:PCM_shutdownDevice</name>
         <load_address>0x2bfc</load_address>
         <run_address>0x2bfc</run_address>
         <size>0x54</size>
         <input_file_ref idref="fl-11"/>
      </object_component>
      <object_component id="oc-3ca">
         <name>.text:ltoa</name>
         <load_address>0x2c50</load_address>
         <run_address>0x2c50</run_address>
         <size>0x54</size>
         <input_file_ref idref="fl-e5"/>
      </object_component>
      <object_component id="oc-3da">
         <name>.text:_ecpy</name>
         <load_address>0x2ca4</load_address>
         <run_address>0x2ca4</run_address>
         <size>0x52</size>
         <input_file_ref idref="fl-e2"/>
      </object_component>
      <object_component id="oc-30b">
         <name>.text:atoi</name>
         <load_address>0x2cf8</load_address>
         <run_address>0x2cf8</run_address>
         <size>0x4c</size>
         <input_file_ref idref="fl-e3"/>
      </object_component>
      <object_component id="oc-234">
         <name>.text:HOSTtime</name>
         <load_address>0x2d44</load_address>
         <run_address>0x2d44</run_address>
         <size>0x48</size>
         <input_file_ref idref="fl-d8"/>
      </object_component>
      <object_component id="oc-3c5">
         <name>.text</name>
         <load_address>0x2d8c</load_address>
         <run_address>0x2d8c</run_address>
         <size>0x48</size>
         <input_file_ref idref="fl-f3"/>
      </object_component>
      <object_component id="oc-16a">
         <name>.text:__TI_auto_init_nobinit_nopinit:__TI_auto_init_nobinit_nopinit</name>
         <load_address>0x2dd4</load_address>
         <run_address>0x2dd4</run_address>
         <size>0x44</size>
         <input_file_ref idref="fl-df"/>
      </object_component>
      <object_component id="oc-11e">
         <name>.text:GPIO_setAsOutputPin</name>
         <load_address>0x2e18</load_address>
         <run_address>0x2e18</run_address>
         <size>0x40</size>
         <input_file_ref idref="fl-f"/>
      </object_component>
      <object_component id="oc-241">
         <name>.text</name>
         <load_address>0x2e58</load_address>
         <run_address>0x2e58</run_address>
         <size>0x40</size>
         <input_file_ref idref="fl-db"/>
      </object_component>
      <object_component id="oc-1b7">
         <name>.text:sprintf</name>
         <load_address>0x2e98</load_address>
         <run_address>0x2e98</run_address>
         <size>0x40</size>
         <input_file_ref idref="fl-d5"/>
      </object_component>
      <object_component id="oc-3ed">
         <name>.text:_fcpy</name>
         <load_address>0x2ed8</load_address>
         <run_address>0x2ed8</run_address>
         <size>0x3e</size>
         <input_file_ref idref="fl-e2"/>
      </object_component>
      <object_component id="oc-2cd">
         <name>.text:__TI_writemsg</name>
         <load_address>0x2f18</load_address>
         <run_address>0x2f18</run_address>
         <size>0x38</size>
         <input_file_ref idref="fl-d9"/>
      </object_component>
      <object_component id="oc-52">
         <name>.text:_c_int00_noargs:_c_int00_noargs</name>
         <load_address>0x2f50</load_address>
         <run_address>0x2f50</run_address>
         <size>0x38</size>
         <input_file_ref idref="fl-cf"/>
      </object_component>
      <object_component id="oc-12a">
         <name>.text:CS_setDCOCenteredFrequency</name>
         <load_address>0x2f88</load_address>
         <run_address>0x2f88</run_address>
         <size>0x34</size>
         <input_file_ref idref="fl-e"/>
      </object_component>
      <object_component id="oc-1c3">
         <name>.text:UART_transmitData</name>
         <load_address>0x2fbc</load_address>
         <run_address>0x2fbc</run_address>
         <size>0x34</size>
         <input_file_ref idref="fl-14"/>
      </object_component>
      <object_component id="oc-2d3">
         <name>.text:__TI_readmsg</name>
         <load_address>0x2ff0</load_address>
         <run_address>0x2ff0</run_address>
         <size>0x34</size>
         <input_file_ref idref="fl-d9"/>
      </object_component>
      <object_component id="oc-13c">
         <name>.text:UART_enableInterrupt</name>
         <load_address>0x3024</load_address>
         <run_address>0x3024</run_address>
         <size>0x30</size>
         <input_file_ref idref="fl-14"/>
      </object_component>
      <object_component id="oc-d4">
         <name>.text:UART_receiveData</name>
         <load_address>0x3054</load_address>
         <run_address>0x3054</run_address>
         <size>0x30</size>
         <input_file_ref idref="fl-14"/>
      </object_component>
      <object_component id="oc-3d0">
         <name>.text</name>
         <load_address>0x3084</load_address>
         <run_address>0x3084</run_address>
         <size>0x2e</size>
         <input_file_ref idref="fl-f4"/>
      </object_component>
      <object_component id="oc-37d">
         <name>.text:RTC_C_holdClock</name>
         <load_address>0x30b4</load_address>
         <run_address>0x30b4</run_address>
         <size>0x2c</size>
         <input_file_ref idref="fl-12"/>
      </object_component>
      <object_component id="oc-124">
         <name>.text:GPIO_setOutputLowOnPin</name>
         <load_address>0x30e0</load_address>
         <run_address>0x30e0</run_address>
         <size>0x28</size>
         <input_file_ref idref="fl-f"/>
      </object_component>
      <object_component id="oc-293">
         <name>.text:PCM_gotoLPM0</name>
         <load_address>0x3108</load_address>
         <run_address>0x3108</run_address>
         <size>0x28</size>
         <input_file_ref idref="fl-11"/>
      </object_component>
      <object_component id="oc-ce">
         <name>.text:UART_sendStr</name>
         <load_address>0x3130</load_address>
         <run_address>0x3130</run_address>
         <size>0x24</size>
         <input_file_ref idref="fl-2"/>
      </object_component>
      <object_component id="oc-112">
         <name>.text:WDT_A_holdTimer</name>
         <load_address>0x3154</load_address>
         <run_address>0x3154</run_address>
         <size>0x24</size>
         <input_file_ref idref="fl-15"/>
      </object_component>
      <object_component id="oc-334">
         <name>.text:memccpy</name>
         <load_address>0x3178</load_address>
         <run_address>0x3178</run_address>
         <size>0x1c</size>
         <input_file_ref idref="fl-e6"/>
      </object_component>
      <object_component id="oc-19d">
         <name>.text:UART_getInterruptStatus</name>
         <load_address>0x3194</load_address>
         <run_address>0x3194</run_address>
         <size>0x18</size>
         <input_file_ref idref="fl-14"/>
      </object_component>
      <object_component id="oc-25f">
         <name>.text:_outs</name>
         <load_address>0x31ac</load_address>
         <run_address>0x31ac</run_address>
         <size>0x18</size>
         <input_file_ref idref="fl-d5"/>
      </object_component>
      <object_component id="oc-bc">
         <name>.text:UART_clearInterruptFlag</name>
         <load_address>0x31c4</load_address>
         <run_address>0x31c4</run_address>
         <size>0x16</size>
         <input_file_ref idref="fl-14"/>
      </object_component>
      <object_component id="oc-136">
         <name>.text:UART_enableModule</name>
         <load_address>0x31da</load_address>
         <run_address>0x31da</run_address>
         <size>0x16</size>
         <input_file_ref idref="fl-14"/>
      </object_component>
      <object_component id="oc-401">
         <name>.text:strchr</name>
         <load_address>0x31f0</load_address>
         <run_address>0x31f0</run_address>
         <size>0x16</size>
         <input_file_ref idref="fl-e7"/>
      </object_component>
      <object_component id="oc-281">
         <name>.text:PCM_getPowerState</name>
         <load_address>0x3208</load_address>
         <run_address>0x3208</run_address>
         <size>0x14</size>
         <input_file_ref idref="fl-11"/>
      </object_component>
      <object_component id="oc-454">
         <name>.text:copysign</name>
         <load_address>0x321c</load_address>
         <run_address>0x321c</run_address>
         <size>0x14</size>
         <input_file_ref idref="fl-ed"/>
      </object_component>
      <object_component id="oc-305">
         <name>.text:strlen</name>
         <load_address>0x3230</load_address>
         <run_address>0x3230</run_address>
         <size>0x14</size>
         <input_file_ref idref="fl-e8"/>
      </object_component>
      <object_component id="oc-40">
         <name>.text:decompress:ZI:__TI_zero_init_nomemset:__TI_zero_init_nomemset</name>
         <load_address>0x3244</load_address>
         <run_address>0x3244</run_address>
         <size>0x12</size>
         <input_file_ref idref="fl-cc"/>
      </object_component>
      <object_component id="oc-33a">
         <name>.text:wcslen</name>
         <load_address>0x3256</load_address>
         <run_address>0x3256</run_address>
         <size>0x12</size>
         <input_file_ref idref="fl-ec"/>
      </object_component>
      <object_component id="oc-14e">
         <name>.text:Interrupt_enableMaster</name>
         <load_address>0x3268</load_address>
         <run_address>0x3268</run_address>
         <size>0x10</size>
         <input_file_ref idref="fl-10"/>
      </object_component>
      <object_component id="oc-148">
         <name>.text:Interrupt_enableSleepOnIsrExit</name>
         <load_address>0x3278</load_address>
         <run_address>0x3278</run_address>
         <size>0x10</size>
         <input_file_ref idref="fl-10"/>
      </object_component>
      <object_component id="oc-29f">
         <name>.text:PCM_gotoLPM4</name>
         <load_address>0x3288</load_address>
         <run_address>0x3288</run_address>
         <size>0x10</size>
         <input_file_ref idref="fl-11"/>
      </object_component>
      <object_component id="oc-36d">
         <name>.text:PCM_setPowerMode</name>
         <load_address>0x3298</load_address>
         <run_address>0x3298</run_address>
         <size>0x10</size>
         <input_file_ref idref="fl-11"/>
      </object_component>
      <object_component id="oc-154">
         <name>.text:PCM_setPowerState</name>
         <load_address>0x32a8</load_address>
         <run_address>0x32a8</run_address>
         <size>0x10</size>
         <input_file_ref idref="fl-11"/>
      </object_component>
      <object_component id="oc-1ab">
         <name>.text:__time32</name>
         <load_address>0x32b8</load_address>
         <run_address>0x32b8</run_address>
         <size>0xe</size>
         <input_file_ref idref="fl-d6"/>
      </object_component>
      <object_component id="oc-1a">
         <name>.text:decompress:none:__TI_decompress_none</name>
         <load_address>0x32c6</load_address>
         <run_address>0x32c6</run_address>
         <size>0xe</size>
         <input_file_ref idref="fl-cd"/>
      </object_component>
      <object_component id="oc-203">
         <name>.text:CPU_cpsie</name>
         <load_address>0x32d4</load_address>
         <run_address>0x32d4</run_address>
         <size>0xc</size>
         <input_file_ref idref="fl-16"/>
      </object_component>
      <object_component id="oc-64">
         <name>.text:Reset_Handler</name>
         <load_address>0x32e0</load_address>
         <run_address>0x32e0</run_address>
         <size>0xc</size>
         <input_file_ref idref="fl-4"/>
      </object_component>
      <object_component id="oc-265">
         <name>.text:_outc</name>
         <load_address>0x32ec</load_address>
         <run_address>0x32ec</run_address>
         <size>0xa</size>
         <input_file_ref idref="fl-d5"/>
      </object_component>
      <object_component id="oc-340">
         <name>.text:__aeabi_errno_addr</name>
         <load_address>0x32f8</load_address>
         <run_address>0x32f8</run_address>
         <size>0x8</size>
         <input_file_ref idref="fl-f5"/>
      </object_component>
      <object_component id="oc-375">
         <name>.text:CPU_wfi</name>
         <load_address>0x3300</load_address>
         <run_address>0x3300</run_address>
         <size>0x4</size>
         <input_file_ref idref="fl-16"/>
      </object_component>
      <object_component id="oc-96">
         <name>.text:_system_pre_init</name>
         <load_address>0x3304</load_address>
         <run_address>0x3304</run_address>
         <size>0x4</size>
         <input_file_ref idref="fl-e0"/>
      </object_component>
      <object_component id="oc-15e">
         <name>.text:abort:abort</name>
         <load_address>0x3308</load_address>
         <run_address>0x3308</run_address>
         <size>0x4</size>
         <input_file_ref idref="fl-d0"/>
      </object_component>
      <object_component id="oc-3af">
         <name>.const:.string:_ctypes_</name>
         <load_address>0x330c</load_address>
         <run_address>0x330c</run_address>
         <size>0x101</size>
         <input_file_ref idref="fl-e4"/>
      </object_component>
      <object_component id="oc-2f4">
         <name>.const:$O1$$</name>
         <load_address>0x3410</load_address>
         <run_address>0x3410</run_address>
         <size>0x60</size>
         <input_file_ref idref="fl-d4"/>
      </object_component>
      <object_component id="oc-1f3">
         <name>.const:GPIO_PORT_TO_BASE</name>
         <load_address>0x3470</load_address>
         <run_address>0x3470</run_address>
         <size>0x30</size>
         <input_file_ref idref="fl-f"/>
      </object_component>
      <object_component id="oc-15a">
         <name>.const:uartConfig</name>
         <load_address>0x34a0</load_address>
         <run_address>0x34a0</run_address>
         <size>0x24</size>
         <input_file_ref idref="fl-2"/>
      </object_component>
      <object_component id="oc-1fe">
         <name>.const:g_pulEnRegs</name>
         <load_address>0x34c4</load_address>
         <run_address>0x34c4</run_address>
         <size>0x8</size>
         <input_file_ref idref="fl-10"/>
      </object_component>
      <object_component id="oc-4af">
         <name>.cinit..data.load</name>
         <load_address>0x34d0</load_address>
         <run_address>0x34d0</run_address>
         <size>0x41</size>
      </object_component>
      <object_component id="oc-4ad">
         <name>__TI_handler_table</name>
         <load_address>0x3514</load_address>
         <run_address>0x3514</run_address>
         <size>0xc</size>
      </object_component>
      <object_component id="oc-4b0">
         <name>.cinit..bss.load</name>
         <load_address>0x3520</load_address>
         <run_address>0x3520</run_address>
         <size>0x8</size>
      </object_component>
      <object_component id="oc-4ae">
         <name>__TI_cinit_table</name>
         <load_address>0x3528</load_address>
         <run_address>0x3528</run_address>
         <size>0x10</size>
      </object_component>
      <object_component id="oc-482">
         <name>.binit</name>
         <load_address>0x0</load_address>
         <run_address>0x0</run_address>
         <size>0x0</size>
      </object_component>
      <object_component id="oc-dd">
         <name>.data:RED</name>
         <load_address>0x200001d6</load_address>
         <run_address>0x200001d6</run_address>
         <size>0x4</size>
         <input_file_ref idref="fl-2"/>
      </object_component>
      <object_component id="oc-e0">
         <name>.data:red</name>
         <load_address>0x200001da</load_address>
         <run_address>0x200001da</run_address>
         <size>0x4</size>
         <input_file_ref idref="fl-2"/>
      </object_component>
      <object_component id="oc-e4">
         <name>.data:GREEN</name>
         <load_address>0x200001c0</load_address>
         <run_address>0x200001c0</run_address>
         <size>0x6</size>
         <input_file_ref idref="fl-2"/>
      </object_component>
      <object_component id="oc-e7">
         <name>.data:green</name>
         <load_address>0x200001c6</load_address>
         <run_address>0x200001c6</run_address>
         <size>0x6</size>
         <input_file_ref idref="fl-2"/>
      </object_component>
      <object_component id="oc-ea">
         <name>.data:BLUE</name>
         <load_address>0x200001cc</load_address>
         <run_address>0x200001cc</run_address>
         <size>0x5</size>
         <input_file_ref idref="fl-2"/>
      </object_component>
      <object_component id="oc-ed">
         <name>.data:blue</name>
         <load_address>0x200001d1</load_address>
         <run_address>0x200001d1</run_address>
         <size>0x5</size>
         <input_file_ref idref="fl-2"/>
      </object_component>
      <object_component id="oc-217">
         <name>.data:$O1$$</name>
         <load_address>0x200001b8</load_address>
         <run_address>0x200001b8</run_address>
         <size>0x8</size>
         <input_file_ref idref="fl-d1"/>
      </object_component>
      <object_component id="oc-24f">
         <name>.data:local_tm</name>
         <load_address>0x20000184</load_address>
         <run_address>0x20000184</run_address>
         <size>0x24</size>
         <input_file_ref idref="fl-d3"/>
      </object_component>
      <object_component id="oc-24c">
         <name>.data:_tz</name>
         <load_address>0x200001a8</load_address>
         <run_address>0x200001a8</run_address>
         <size>0x10</size>
         <input_file_ref idref="fl-d7"/>
      </object_component>
      <object_component id="oc-411">
         <name>.data</name>
         <load_address>0x200001e0</load_address>
         <run_address>0x200001e0</run_address>
         <size>0x4</size>
         <input_file_ref idref="fl-f5"/>
      </object_component>
      <object_component id="oc-394">
         <name>.bss:_CIOBUF_</name>
         <uninitialized>true</uninitialized>
         <run_address>0x20000000</run_address>
         <size>0x120</size>
         <input_file_ref idref="fl-d9"/>
      </object_component>
      <object_component id="oc-e3">
         <name>.common:timestamp</name>
         <uninitialized>true</uninitialized>
         <run_address>0x20000154</run_address>
         <size>0x28</size>
      </object_component>
      <object_component id="oc-da">
         <name>.common:str</name>
         <uninitialized>true</uninitialized>
         <run_address>0x20000120</run_address>
         <size>0x34</size>
      </object_component>
      <object_component id="oc-2d9">
         <name>.common:parmbuf</name>
         <uninitialized>true</uninitialized>
         <run_address>0x2000017c</run_address>
         <size>0x8</size>
      </object_component>
      <object_component id="oc-26">
         <name>.stack</name>
         <uninitialized>true</uninitialized>
         <run_address>0x2000fe00</run_address>
         <size>0x4</size>
         <input_file_ref idref="fl-cf"/>
      </object_component>
      <object_component id="oc-4b1">
         <name>.stack</name>
         <uninitialized>true</uninitialized>
         <run_address>0x2000fe00</run_address>
         <size>0x0</size>
      </object_component>
      <object_component id="oc-db">
         <name>.debug_info</name>
         <load_address>0x0</load_address>
         <run_address>0x0</run_address>
         <size>0xa68</size>
         <input_file_ref idref="fl-2"/>
      </object_component>
      <object_component id="oc-de">
         <name>.debug_info</name>
         <load_address>0xa68</load_address>
         <run_address>0xa68</run_address>
         <size>0xac</size>
         <input_file_ref idref="fl-2"/>
      </object_component>
      <object_component id="oc-e1">
         <name>.debug_info</name>
         <load_address>0xb14</load_address>
         <run_address>0xb14</run_address>
         <size>0xac</size>
         <input_file_ref idref="fl-2"/>
      </object_component>
      <object_component id="oc-e5">
         <name>.debug_info</name>
         <load_address>0xbc0</load_address>
         <run_address>0xbc0</run_address>
         <size>0xb0</size>
         <input_file_ref idref="fl-2"/>
      </object_component>
      <object_component id="oc-e8">
         <name>.debug_info</name>
         <load_address>0xc70</load_address>
         <run_address>0xc70</run_address>
         <size>0xb0</size>
         <input_file_ref idref="fl-2"/>
      </object_component>
      <object_component id="oc-eb">
         <name>.debug_info</name>
         <load_address>0xd20</load_address>
         <run_address>0xd20</run_address>
         <size>0xae</size>
         <input_file_ref idref="fl-2"/>
      </object_component>
      <object_component id="oc-ee">
         <name>.debug_info</name>
         <load_address>0xdce</load_address>
         <run_address>0xdce</run_address>
         <size>0xae</size>
         <input_file_ref idref="fl-2"/>
      </object_component>
      <object_component id="oc-15b">
         <name>.debug_info</name>
         <load_address>0xe7c</load_address>
         <run_address>0xe7c</run_address>
         <size>0xba</size>
         <input_file_ref idref="fl-2"/>
      </object_component>
      <object_component id="oc-d0">
         <name>.debug_info</name>
         <load_address>0xf36</load_address>
         <run_address>0xf36</run_address>
         <size>0x11f</size>
         <input_file_ref idref="fl-2"/>
      </object_component>
      <object_component id="oc-c3">
         <name>.debug_info</name>
         <load_address>0x1055</load_address>
         <run_address>0x1055</run_address>
         <size>0x15a</size>
         <input_file_ref idref="fl-2"/>
      </object_component>
      <object_component id="oc-c9">
         <name>.debug_info</name>
         <load_address>0x11af</load_address>
         <run_address>0x11af</run_address>
         <size>0x1b5</size>
         <input_file_ref idref="fl-2"/>
      </object_component>
      <object_component id="oc-9d">
         <name>.debug_info</name>
         <load_address>0x1364</load_address>
         <run_address>0x1364</run_address>
         <size>0x23a</size>
         <input_file_ref idref="fl-2"/>
      </object_component>
      <object_component id="oc-71">
         <name>.debug_info</name>
         <load_address>0x159e</load_address>
         <run_address>0x159e</run_address>
         <size>0x329</size>
         <input_file_ref idref="fl-2"/>
      </object_component>
      <object_component id="oc-fd">
         <name>.debug_info</name>
         <load_address>0x18c7</load_address>
         <run_address>0x18c7</run_address>
         <size>0x26b</size>
         <input_file_ref idref="fl-2"/>
      </object_component>
      <object_component id="oc-1d2">
         <name>.debug_info</name>
         <load_address>0x1b32</load_address>
         <run_address>0x1b32</run_address>
         <size>0x1055</size>
         <input_file_ref idref="fl-2"/>
      </object_component>
      <object_component id="oc-1cd">
         <name>.debug_info</name>
         <load_address>0x2b87</load_address>
         <run_address>0x2b87</run_address>
         <size>0x37e2</size>
         <input_file_ref idref="fl-2"/>
      </object_component>
      <object_component id="oc-1be">
         <name>.debug_info</name>
         <load_address>0x6369</load_address>
         <run_address>0x6369</run_address>
         <size>0x196</size>
         <input_file_ref idref="fl-2"/>
      </object_component>
      <object_component id="oc-f6">
         <name>.debug_info</name>
         <load_address>0x64ff</load_address>
         <run_address>0x64ff</run_address>
         <size>0x8b</size>
         <input_file_ref idref="fl-2"/>
      </object_component>
      <object_component id="oc-1ed">
         <name>.debug_info</name>
         <load_address>0x658a</load_address>
         <run_address>0x658a</run_address>
         <size>0x297</size>
         <input_file_ref idref="fl-2"/>
      </object_component>
      <object_component id="oc-1a4">
         <name>.debug_info</name>
         <load_address>0x6821</load_address>
         <run_address>0x6821</run_address>
         <size>0xef</size>
         <input_file_ref idref="fl-2"/>
      </object_component>
      <object_component id="oc-f1">
         <name>.debug_info</name>
         <load_address>0x6910</load_address>
         <run_address>0x6910</run_address>
         <size>0xbb</size>
         <input_file_ref idref="fl-2"/>
      </object_component>
      <object_component id="oc-1d7">
         <name>.debug_info</name>
         <load_address>0x69cb</load_address>
         <run_address>0x69cb</run_address>
         <size>0xee</size>
         <input_file_ref idref="fl-2"/>
      </object_component>
      <object_component id="oc-1dc">
         <name>.debug_info</name>
         <load_address>0x6ab9</load_address>
         <run_address>0x6ab9</run_address>
         <size>0x35</size>
         <input_file_ref idref="fl-2"/>
      </object_component>
      <object_component id="oc-af">
         <name>.debug_info</name>
         <load_address>0x6aee</load_address>
         <run_address>0x6aee</run_address>
         <size>0x111</size>
         <input_file_ref idref="fl-3"/>
      </object_component>
      <object_component id="oc-2f">
         <name>.debug_info</name>
         <load_address>0x6bff</load_address>
         <run_address>0x6bff</run_address>
         <size>0x84</size>
         <input_file_ref idref="fl-3"/>
      </object_component>
      <object_component id="oc-78">
         <name>.debug_info</name>
         <load_address>0x6c83</load_address>
         <run_address>0x6c83</run_address>
         <size>0x2b1</size>
         <input_file_ref idref="fl-4"/>
      </object_component>
      <object_component id="oc-24">
         <name>.debug_info</name>
         <load_address>0x6f34</load_address>
         <run_address>0x6f34</run_address>
         <size>0xdd</size>
         <input_file_ref idref="fl-4"/>
      </object_component>
      <object_component id="oc-67">
         <name>.debug_info</name>
         <load_address>0x7011</load_address>
         <run_address>0x7011</run_address>
         <size>0x140</size>
         <input_file_ref idref="fl-4"/>
      </object_component>
      <object_component id="oc-6b">
         <name>.debug_info</name>
         <load_address>0x7151</load_address>
         <run_address>0x7151</run_address>
         <size>0x128</size>
         <input_file_ref idref="fl-4"/>
      </object_component>
      <object_component id="oc-35d">
         <name>.debug_info</name>
         <load_address>0x7279</load_address>
         <run_address>0x7279</run_address>
         <size>0x803</size>
         <input_file_ref idref="fl-e"/>
      </object_component>
      <object_component id="oc-12c">
         <name>.debug_info</name>
         <load_address>0x7a7c</load_address>
         <run_address>0x7a7c</run_address>
         <size>0x1e1</size>
         <input_file_ref idref="fl-e"/>
      </object_component>
      <object_component id="oc-278">
         <name>.debug_info</name>
         <load_address>0x7c5d</load_address>
         <run_address>0x7c5d</run_address>
         <size>0x431a</size>
         <input_file_ref idref="fl-e"/>
      </object_component>
      <object_component id="oc-429">
         <name>.debug_info</name>
         <load_address>0xbf77</load_address>
         <run_address>0xbf77</run_address>
         <size>0x1b5</size>
         <input_file_ref idref="fl-e"/>
      </object_component>
      <object_component id="oc-275">
         <name>.debug_info</name>
         <load_address>0xc12c</load_address>
         <run_address>0xc12c</run_address>
         <size>0x6fd</size>
         <input_file_ref idref="fl-f"/>
      </object_component>
      <object_component id="oc-1f4">
         <name>.debug_info</name>
         <load_address>0xc829</load_address>
         <run_address>0xc829</run_address>
         <size>0x131</size>
         <input_file_ref idref="fl-f"/>
      </object_component>
      <object_component id="oc-121">
         <name>.debug_info</name>
         <load_address>0xc95a</load_address>
         <run_address>0xc95a</run_address>
         <size>0x24e</size>
         <input_file_ref idref="fl-f"/>
      </object_component>
      <object_component id="oc-11b">
         <name>.debug_info</name>
         <load_address>0xcba8</load_address>
         <run_address>0xcba8</run_address>
         <size>0x29f</size>
         <input_file_ref idref="fl-f"/>
      </object_component>
      <object_component id="oc-127">
         <name>.debug_info</name>
         <load_address>0xce47</load_address>
         <run_address>0xce47</run_address>
         <size>0x254</size>
         <input_file_ref idref="fl-f"/>
      </object_component>
      <object_component id="oc-27f">
         <name>.debug_info</name>
         <load_address>0xd09b</load_address>
         <run_address>0xd09b</run_address>
         <size>0x68b</size>
         <input_file_ref idref="fl-10"/>
      </object_component>
      <object_component id="oc-1ff">
         <name>.debug_info</name>
         <load_address>0xd726</load_address>
         <run_address>0xd726</run_address>
         <size>0x12a</size>
         <input_file_ref idref="fl-10"/>
      </object_component>
      <object_component id="oc-151">
         <name>.debug_info</name>
         <load_address>0xd850</load_address>
         <run_address>0xd850</run_address>
         <size>0x1d1</size>
         <input_file_ref idref="fl-10"/>
      </object_component>
      <object_component id="oc-145">
         <name>.debug_info</name>
         <load_address>0xda21</load_address>
         <run_address>0xda21</run_address>
         <size>0x215</size>
         <input_file_ref idref="fl-10"/>
      </object_component>
      <object_component id="oc-14b">
         <name>.debug_info</name>
         <load_address>0xdc36</load_address>
         <run_address>0xdc36</run_address>
         <size>0x1d0</size>
         <input_file_ref idref="fl-10"/>
      </object_component>
      <object_component id="oc-289">
         <name>.debug_info</name>
         <load_address>0xde06</load_address>
         <run_address>0xde06</run_address>
         <size>0x3a1</size>
         <input_file_ref idref="fl-11"/>
      </object_component>
      <object_component id="oc-363">
         <name>.debug_info</name>
         <load_address>0xe1a7</load_address>
         <run_address>0xe1a7</run_address>
         <size>0x1e7</size>
         <input_file_ref idref="fl-11"/>
      </object_component>
      <object_component id="oc-369">
         <name>.debug_info</name>
         <load_address>0xe38e</load_address>
         <run_address>0xe38e</run_address>
         <size>0x1f5</size>
         <input_file_ref idref="fl-11"/>
      </object_component>
      <object_component id="oc-28f">
         <name>.debug_info</name>
         <load_address>0xe583</load_address>
         <run_address>0xe583</run_address>
         <size>0x342</size>
         <input_file_ref idref="fl-11"/>
      </object_component>
      <object_component id="oc-36f">
         <name>.debug_info</name>
         <load_address>0xe8c5</load_address>
         <run_address>0xe8c5</run_address>
         <size>0x1fe</size>
         <input_file_ref idref="fl-11"/>
      </object_component>
      <object_component id="oc-20c">
         <name>.debug_info</name>
         <load_address>0xeac3</load_address>
         <run_address>0xeac3</run_address>
         <size>0x6d4</size>
         <input_file_ref idref="fl-11"/>
      </object_component>
      <object_component id="oc-156">
         <name>.debug_info</name>
         <load_address>0xf197</load_address>
         <run_address>0xf197</run_address>
         <size>0x205</size>
         <input_file_ref idref="fl-11"/>
      </object_component>
      <object_component id="oc-2a7">
         <name>.debug_info</name>
         <load_address>0xf39c</load_address>
         <run_address>0xf39c</run_address>
         <size>0x225</size>
         <input_file_ref idref="fl-11"/>
      </object_component>
      <object_component id="oc-2a1">
         <name>.debug_info</name>
         <load_address>0xf5c1</load_address>
         <run_address>0xf5c1</run_address>
         <size>0x1dd</size>
         <input_file_ref idref="fl-11"/>
      </object_component>
      <object_component id="oc-295">
         <name>.debug_info</name>
         <load_address>0xf79e</load_address>
         <run_address>0xf79e</run_address>
         <size>0x1ac</size>
         <input_file_ref idref="fl-11"/>
      </object_component>
      <object_component id="oc-29b">
         <name>.debug_info</name>
         <load_address>0xf94a</load_address>
         <run_address>0xf94a</run_address>
         <size>0x262</size>
         <input_file_ref idref="fl-11"/>
      </object_component>
      <object_component id="oc-283">
         <name>.debug_info</name>
         <load_address>0xfbac</load_address>
         <run_address>0xfbac</run_address>
         <size>0x1a8</size>
         <input_file_ref idref="fl-11"/>
      </object_component>
      <object_component id="oc-37e">
         <name>.debug_info</name>
         <load_address>0xfd54</load_address>
         <run_address>0xfd54</run_address>
         <size>0x1a3</size>
         <input_file_ref idref="fl-12"/>
      </object_component>
      <object_component id="oc-1fb">
         <name>.debug_info</name>
         <load_address>0xfef7</load_address>
         <run_address>0xfef7</run_address>
         <size>0x6e7</size>
         <input_file_ref idref="fl-14"/>
      </object_component>
      <object_component id="oc-131">
         <name>.debug_info</name>
         <load_address>0x105de</load_address>
         <run_address>0x105de</run_address>
         <size>0x230</size>
         <input_file_ref idref="fl-14"/>
      </object_component>
      <object_component id="oc-1c4">
         <name>.debug_info</name>
         <load_address>0x1080e</load_address>
         <run_address>0x1080e</run_address>
         <size>0x232</size>
         <input_file_ref idref="fl-14"/>
      </object_component>
      <object_component id="oc-d5">
         <name>.debug_info</name>
         <load_address>0x10a40</load_address>
         <run_address>0x10a40</run_address>
         <size>0x1f1</size>
         <input_file_ref idref="fl-14"/>
      </object_component>
      <object_component id="oc-137">
         <name>.debug_info</name>
         <load_address>0x10c31</load_address>
         <run_address>0x10c31</run_address>
         <size>0x1ef</size>
         <input_file_ref idref="fl-14"/>
      </object_component>
      <object_component id="oc-13f">
         <name>.debug_info</name>
         <load_address>0x10e20</load_address>
         <run_address>0x10e20</run_address>
         <size>0x230</size>
         <input_file_ref idref="fl-14"/>
      </object_component>
      <object_component id="oc-1a0">
         <name>.debug_info</name>
         <load_address>0x11050</load_address>
         <run_address>0x11050</run_address>
         <size>0x225</size>
         <input_file_ref idref="fl-14"/>
      </object_component>
      <object_component id="oc-b9">
         <name>.debug_info</name>
         <load_address>0x11275</load_address>
         <run_address>0x11275</run_address>
         <size>0x268</size>
         <input_file_ref idref="fl-14"/>
      </object_component>
      <object_component id="oc-bf">
         <name>.debug_info</name>
         <load_address>0x114dd</load_address>
         <run_address>0x114dd</run_address>
         <size>0x221</size>
         <input_file_ref idref="fl-14"/>
      </object_component>
      <object_component id="oc-113">
         <name>.debug_info</name>
         <load_address>0x116fe</load_address>
         <run_address>0x116fe</run_address>
         <size>0x1c5</size>
         <input_file_ref idref="fl-15"/>
      </object_component>
      <object_component id="oc-205">
         <name>.debug_info</name>
         <load_address>0x118c3</load_address>
         <run_address>0x118c3</run_address>
         <size>0x196</size>
         <input_file_ref idref="fl-16"/>
      </object_component>
      <object_component id="oc-377">
         <name>.debug_info</name>
         <load_address>0x11a59</load_address>
         <run_address>0x11a59</run_address>
         <size>0x190</size>
         <input_file_ref idref="fl-16"/>
      </object_component>
      <object_component id="oc-8f">
         <name>.debug_info</name>
         <load_address>0x11be9</load_address>
         <run_address>0x11be9</run_address>
         <size>0x31e</size>
         <input_file_ref idref="fl-cc"/>
      </object_component>
      <object_component id="oc-41">
         <name>.debug_info</name>
         <load_address>0x11f07</load_address>
         <run_address>0x11f07</run_address>
         <size>0x1bf</size>
         <input_file_ref idref="fl-cc"/>
      </object_component>
      <object_component id="oc-8a">
         <name>.debug_info</name>
         <load_address>0x120c6</load_address>
         <run_address>0x120c6</run_address>
         <size>0x46</size>
         <input_file_ref idref="fl-cc"/>
      </object_component>
      <object_component id="oc-109">
         <name>.debug_info</name>
         <load_address>0x1210c</load_address>
         <run_address>0x1210c</run_address>
         <size>0x2c</size>
         <input_file_ref idref="fl-cc"/>
      </object_component>
      <object_component id="oc-3f">
         <name>.debug_info</name>
         <load_address>0x12138</load_address>
         <run_address>0x12138</run_address>
         <size>0x2a8</size>
         <input_file_ref idref="fl-cd"/>
      </object_component>
      <object_component id="oc-1b">
         <name>.debug_info</name>
         <load_address>0x123e0</load_address>
         <run_address>0x123e0</run_address>
         <size>0x1ea</size>
         <input_file_ref idref="fl-cd"/>
      </object_component>
      <object_component id="oc-3a">
         <name>.debug_info</name>
         <load_address>0x125ca</load_address>
         <run_address>0x125ca</run_address>
         <size>0x46</size>
         <input_file_ref idref="fl-cd"/>
      </object_component>
      <object_component id="oc-82">
         <name>.debug_info</name>
         <load_address>0x12610</load_address>
         <run_address>0x12610</run_address>
         <size>0x2c</size>
         <input_file_ref idref="fl-cd"/>
      </object_component>
      <object_component id="oc-80">
         <name>.debug_info</name>
         <load_address>0x1263c</load_address>
         <run_address>0x1263c</run_address>
         <size>0x29e</size>
         <input_file_ref idref="fl-ce"/>
      </object_component>
      <object_component id="oc-16">
         <name>.debug_info</name>
         <load_address>0x128da</load_address>
         <run_address>0x128da</run_address>
         <size>0x250</size>
         <input_file_ref idref="fl-ce"/>
      </object_component>
      <object_component id="oc-2a">
         <name>.debug_info</name>
         <load_address>0x12b2a</load_address>
         <run_address>0x12b2a</run_address>
         <size>0x60</size>
         <input_file_ref idref="fl-ce"/>
      </object_component>
      <object_component id="oc-102">
         <name>.debug_info</name>
         <load_address>0x12b8a</load_address>
         <run_address>0x12b8a</run_address>
         <size>0x46</size>
         <input_file_ref idref="fl-ce"/>
      </object_component>
      <object_component id="oc-7b">
         <name>.debug_info</name>
         <load_address>0x12bd0</load_address>
         <run_address>0x12bd0</run_address>
         <size>0x39</size>
         <input_file_ref idref="fl-ce"/>
      </object_component>
      <object_component id="oc-27">
         <name>.debug_info</name>
         <load_address>0x12c09</load_address>
         <run_address>0x12c09</run_address>
         <size>0x10b</size>
         <input_file_ref idref="fl-cf"/>
      </object_component>
      <object_component id="oc-54">
         <name>.debug_info</name>
         <load_address>0x12d14</load_address>
         <run_address>0x12d14</run_address>
         <size>0x1af</size>
         <input_file_ref idref="fl-cf"/>
      </object_component>
      <object_component id="oc-15f">
         <name>.debug_info</name>
         <load_address>0x12ec3</load_address>
         <run_address>0x12ec3</run_address>
         <size>0x122</size>
         <input_file_ref idref="fl-d0"/>
      </object_component>
      <object_component id="oc-2b6">
         <name>.debug_info</name>
         <load_address>0x12fe5</load_address>
         <run_address>0x12fe5</run_address>
         <size>0x2c9</size>
         <input_file_ref idref="fl-d1"/>
      </object_component>
      <object_component id="oc-218">
         <name>.debug_info</name>
         <load_address>0x132ae</load_address>
         <run_address>0x132ae</run_address>
         <size>0x11e</size>
         <input_file_ref idref="fl-d1"/>
      </object_component>
      <object_component id="oc-2b0">
         <name>.debug_info</name>
         <load_address>0x133cc</load_address>
         <run_address>0x133cc</run_address>
         <size>0x12e</size>
         <input_file_ref idref="fl-d1"/>
      </object_component>
      <object_component id="oc-253">
         <name>.debug_info</name>
         <load_address>0x134fa</load_address>
         <run_address>0x134fa</run_address>
         <size>0x2e1</size>
         <input_file_ref idref="fl-d3"/>
      </object_component>
      <object_component id="oc-250">
         <name>.debug_info</name>
         <load_address>0x137db</load_address>
         <run_address>0x137db</run_address>
         <size>0x107</size>
         <input_file_ref idref="fl-d3"/>
      </object_component>
      <object_component id="oc-1b3">
         <name>.debug_info</name>
         <load_address>0x138e2</load_address>
         <run_address>0x138e2</run_address>
         <size>0x1cc</size>
         <input_file_ref idref="fl-d3"/>
      </object_component>
      <object_component id="oc-254">
         <name>.debug_info</name>
         <load_address>0x13aae</load_address>
         <run_address>0x13aae</run_address>
         <size>0x162</size>
         <input_file_ref idref="fl-d3"/>
      </object_component>
      <object_component id="oc-2e2">
         <name>.debug_info</name>
         <load_address>0x13c10</load_address>
         <run_address>0x13c10</run_address>
         <size>0x39</size>
         <input_file_ref idref="fl-d3"/>
      </object_component>
      <object_component id="oc-2f8">
         <name>.debug_info</name>
         <load_address>0x13c49</load_address>
         <run_address>0x13c49</run_address>
         <size>0x2ff</size>
         <input_file_ref idref="fl-d4"/>
      </object_component>
      <object_component id="oc-2f5">
         <name>.debug_info</name>
         <load_address>0x13f48</load_address>
         <run_address>0x13f48</run_address>
         <size>0x121</size>
         <input_file_ref idref="fl-d4"/>
      </object_component>
      <object_component id="oc-247">
         <name>.debug_info</name>
         <load_address>0x14069</load_address>
         <run_address>0x14069</run_address>
         <size>0x23a</size>
         <input_file_ref idref="fl-d4"/>
      </object_component>
      <object_component id="oc-26c">
         <name>.debug_info</name>
         <load_address>0x142a3</load_address>
         <run_address>0x142a3</run_address>
         <size>0x333</size>
         <input_file_ref idref="fl-d5"/>
      </object_component>
      <object_component id="oc-1b8">
         <name>.debug_info</name>
         <load_address>0x145d6</load_address>
         <run_address>0x145d6</run_address>
         <size>0x1d1</size>
         <input_file_ref idref="fl-d5"/>
      </object_component>
      <object_component id="oc-260">
         <name>.debug_info</name>
         <load_address>0x147a7</load_address>
         <run_address>0x147a7</run_address>
         <size>0x18d</size>
         <input_file_ref idref="fl-d5"/>
      </object_component>
      <object_component id="oc-266">
         <name>.debug_info</name>
         <load_address>0x14934</load_address>
         <run_address>0x14934</run_address>
         <size>0x16d</size>
         <input_file_ref idref="fl-d5"/>
      </object_component>
      <object_component id="oc-418">
         <name>.debug_info</name>
         <load_address>0x14aa1</load_address>
         <run_address>0x14aa1</run_address>
         <size>0x2c</size>
         <input_file_ref idref="fl-d5"/>
      </object_component>
      <object_component id="oc-356">
         <name>.debug_info</name>
         <load_address>0x14acd</load_address>
         <run_address>0x14acd</run_address>
         <size>0x4e</size>
         <input_file_ref idref="fl-d5"/>
      </object_component>
      <object_component id="oc-26d">
         <name>.debug_info</name>
         <load_address>0x14b1b</load_address>
         <run_address>0x14b1b</run_address>
         <size>0x2c</size>
         <input_file_ref idref="fl-d5"/>
      </object_component>
      <object_component id="oc-240">
         <name>.debug_info</name>
         <load_address>0x14b47</load_address>
         <run_address>0x14b47</run_address>
         <size>0x2a4</size>
         <input_file_ref idref="fl-d6"/>
      </object_component>
      <object_component id="oc-1ac">
         <name>.debug_info</name>
         <load_address>0x14deb</load_address>
         <run_address>0x14deb</run_address>
         <size>0x181</size>
         <input_file_ref idref="fl-d6"/>
      </object_component>
      <object_component id="oc-23b">
         <name>.debug_info</name>
         <load_address>0x14f6c</load_address>
         <run_address>0x14f6c</run_address>
         <size>0x39</size>
         <input_file_ref idref="fl-d6"/>
      </object_component>
      <object_component id="oc-3ac">
         <name>.debug_info</name>
         <load_address>0x14fa5</load_address>
         <run_address>0x14fa5</run_address>
         <size>0xf3</size>
         <input_file_ref idref="fl-d7"/>
      </object_component>
      <object_component id="oc-24d">
         <name>.debug_info</name>
         <load_address>0x15098</load_address>
         <run_address>0x15098</run_address>
         <size>0xfc</size>
         <input_file_ref idref="fl-d7"/>
      </object_component>
      <object_component id="oc-2fc">
         <name>.debug_info</name>
         <load_address>0x15194</load_address>
         <run_address>0x15194</run_address>
         <size>0x86</size>
         <input_file_ref idref="fl-d7"/>
      </object_component>
      <object_component id="oc-236">
         <name>.debug_info</name>
         <load_address>0x1521a</load_address>
         <run_address>0x1521a</run_address>
         <size>0x18d</size>
         <input_file_ref idref="fl-d8"/>
      </object_component>
      <object_component id="oc-39c">
         <name>.debug_info</name>
         <load_address>0x153a7</load_address>
         <run_address>0x153a7</run_address>
         <size>0x46</size>
         <input_file_ref idref="fl-d8"/>
      </object_component>
      <object_component id="oc-2dd">
         <name>.debug_info</name>
         <load_address>0x153ed</load_address>
         <run_address>0x153ed</run_address>
         <size>0x39</size>
         <input_file_ref idref="fl-d8"/>
      </object_component>
      <object_component id="oc-398">
         <name>.debug_info</name>
         <load_address>0x15426</load_address>
         <run_address>0x15426</run_address>
         <size>0x2bb</size>
         <input_file_ref idref="fl-d9"/>
      </object_component>
      <object_component id="oc-395">
         <name>.debug_info</name>
         <load_address>0x156e1</load_address>
         <run_address>0x156e1</run_address>
         <size>0x108</size>
         <input_file_ref idref="fl-d9"/>
      </object_component>
      <object_component id="oc-2ce">
         <name>.debug_info</name>
         <load_address>0x157e9</load_address>
         <run_address>0x157e9</run_address>
         <size>0x1df</size>
         <input_file_ref idref="fl-d9"/>
      </object_component>
      <object_component id="oc-2d5">
         <name>.debug_info</name>
         <load_address>0x159c8</load_address>
         <run_address>0x159c8</run_address>
         <size>0x19a</size>
         <input_file_ref idref="fl-d9"/>
      </object_component>
      <object_component id="oc-91">
         <name>.debug_info</name>
         <load_address>0x15b62</load_address>
         <run_address>0x15b62</run_address>
         <size>0x14a</size>
         <input_file_ref idref="fl-da"/>
      </object_component>
      <object_component id="oc-242">
         <name>.debug_info</name>
         <load_address>0x15cac</load_address>
         <run_address>0x15cac</run_address>
         <size>0x145</size>
         <input_file_ref idref="fl-db"/>
      </object_component>
      <object_component id="oc-35">
         <name>.debug_info</name>
         <load_address>0x15df1</load_address>
         <run_address>0x15df1</run_address>
         <size>0x11c</size>
         <input_file_ref idref="fl-dc"/>
      </object_component>
      <object_component id="oc-2f1">
         <name>.debug_info</name>
         <load_address>0x15f0d</load_address>
         <run_address>0x15f0d</run_address>
         <size>0x142</size>
         <input_file_ref idref="fl-dd"/>
      </object_component>
      <object_component id="oc-3a3">
         <name>.debug_info</name>
         <load_address>0x1604f</load_address>
         <run_address>0x1604f</run_address>
         <size>0x137</size>
         <input_file_ref idref="fl-de"/>
      </object_component>
      <object_component id="oc-21e">
         <name>.debug_info</name>
         <load_address>0x16186</load_address>
         <run_address>0x16186</run_address>
         <size>0x552</size>
         <input_file_ref idref="fl-df"/>
      </object_component>
      <object_component id="oc-16b">
         <name>.debug_info</name>
         <load_address>0x166d8</load_address>
         <run_address>0x166d8</run_address>
         <size>0x1a6</size>
         <input_file_ref idref="fl-df"/>
      </object_component>
      <object_component id="oc-2bc">
         <name>.debug_info</name>
         <load_address>0x1687e</load_address>
         <run_address>0x1687e</run_address>
         <size>0x39</size>
         <input_file_ref idref="fl-df"/>
      </object_component>
      <object_component id="oc-388">
         <name>.debug_info</name>
         <load_address>0x168b7</load_address>
         <run_address>0x168b7</run_address>
         <size>0x39</size>
         <input_file_ref idref="fl-df"/>
      </object_component>
      <object_component id="oc-2c1">
         <name>.debug_info</name>
         <load_address>0x168f0</load_address>
         <run_address>0x168f0</run_address>
         <size>0x39</size>
         <input_file_ref idref="fl-df"/>
      </object_component>
      <object_component id="oc-2c6">
         <name>.debug_info</name>
         <load_address>0x16929</load_address>
         <run_address>0x16929</run_address>
         <size>0xcd</size>
         <input_file_ref idref="fl-df"/>
      </object_component>
      <object_component id="oc-97">
         <name>.debug_info</name>
         <load_address>0x169f6</load_address>
         <run_address>0x169f6</run_address>
         <size>0x153</size>
         <input_file_ref idref="fl-e0"/>
      </object_component>
      <object_component id="oc-347">
         <name>.debug_info</name>
         <load_address>0x16b49</load_address>
         <run_address>0x16b49</run_address>
         <size>0x8b1</size>
         <input_file_ref idref="fl-e2"/>
      </object_component>
      <object_component id="oc-313">
         <name>.debug_info</name>
         <load_address>0x173fa</load_address>
         <run_address>0x173fa</run_address>
         <size>0x21e</size>
         <input_file_ref idref="fl-e2"/>
      </object_component>
      <object_component id="oc-3dc">
         <name>.debug_info</name>
         <load_address>0x17618</load_address>
         <run_address>0x17618</run_address>
         <size>0x1b3</size>
         <input_file_ref idref="fl-e2"/>
      </object_component>
      <object_component id="oc-3e2">
         <name>.debug_info</name>
         <load_address>0x177cb</load_address>
         <run_address>0x177cb</run_address>
         <size>0x21b</size>
         <input_file_ref idref="fl-e2"/>
      </object_component>
      <object_component id="oc-31e">
         <name>.debug_info</name>
         <load_address>0x179e6</load_address>
         <run_address>0x179e6</run_address>
         <size>0x3bb</size>
         <input_file_ref idref="fl-e2"/>
      </object_component>
      <object_component id="oc-3e9">
         <name>.debug_info</name>
         <load_address>0x17da1</load_address>
         <run_address>0x17da1</run_address>
         <size>0x305</size>
         <input_file_ref idref="fl-e2"/>
      </object_component>
      <object_component id="oc-3ef">
         <name>.debug_info</name>
         <load_address>0x180a6</load_address>
[...]
      </symbol>
      <symbol id="sm-288">
         <name>PCM_gotoLPM3</name>
         <value>0x2621</value>
         <object_component_ref idref="oc-299"/>
      </symbol>
      <symbol id="sm-289">
         <name>PCM_gotoLPM0</name>
         <value>0x3109</value>
         <object_component_ref idref="oc-293"/>
      </symbol>
      <symbol id="sm-28a">
         <name>PCM_setPowerMode</name>
         <value>0x3299</value>
         <object_component_ref idref="oc-36d"/>
      </symbol>
      <symbol id="sm-298">
         <name>RTC_C_holdClock</name>
         <value>0x30b5</value>
         <object_component_ref idref="oc-37d"/>
      </symbol>
      <symbol id="sm-2fa">
         <name>UART_enableInterrupt</name>
         <value>0x3025</value>
         <object_component_ref idref="oc-13c"/>
      </symbol>
      <symbol id="sm-2fb">
         <name>UART_receiveData</name>
         <value>0x3055</value>
         <object_component_ref idref="oc-d4"/>
      </symbol>
      <symbol id="sm-2fc">
         <name>UART_enableModule</name>
         <value>0x31db</value>
         <object_component_ref idref="oc-136"/>
      </symbol>
      <symbol id="sm-2fd">
         <name>UART_getEnabledInterruptStatus</name>
         <value>0x2b4f</value>
         <object_component_ref idref="oc-b6"/>
      </symbol>
      <symbol id="sm-2fe">
         <name>UART_transmitData</name>
         <value>0x2fbd</value>
         <object_component_ref idref="oc-1c3"/>
      </symbol>
      <symbol id="sm-2ff">
         <name>UART_getInterruptStatus</name>
         <value>0x3195</value>
         <object_component_ref idref="oc-19d"/>
      </symbol>
      <symbol id="sm-300">
         <name>UART_initModule</name>
         <value>0x1ff1</value>
         <object_component_ref idref="oc-130"/>
      </symbol>
      <symbol id="sm-301">
         <name>UART_clearInterruptFlag</name>
         <value>0x31c5</value>
         <object_component_ref idref="oc-bc"/>
      </symbol>
      <symbol id="sm-30d">
         <name>WDT_A_holdTimer</name>
         <value>0x3155</value>
         <object_component_ref idref="oc-112"/>
      </symbol>
      <symbol id="sm-31f">
         <name>CPU_wfi</name>
         <value>0x3301</value>
         <object_component_ref idref="oc-375"/>
      </symbol>
      <symbol id="sm-320">
         <name>CPU_cpsie</name>
         <value>0x32d5</value>
         <object_component_ref idref="oc-203"/>
      </symbol>
      <symbol id="sm-339">
         <name>__TI_zero_init_nomemset</name>
         <value>0x3245</value>
         <object_component_ref idref="oc-40"/>
      </symbol>
      <symbol id="sm-350">
         <name>__TI_decompress_none</name>
         <value>0x32c7</value>
         <object_component_ref idref="oc-1a"/>
      </symbol>
      <symbol id="sm-373">
         <name>__TI_decompress_lzss</name>
         <value>0x296d</value>
         <object_component_ref idref="oc-14"/>
      </symbol>
      <symbol id="sm-386">
         <name>__stack</name>
         <value>0x2000fe00</value>
         <object_component_ref idref="oc-26"/>
      </symbol>
      <symbol id="sm-387">
         <name>_c_int00_noargs</name>
         <value>0x2f51</value>
         <object_component_ref idref="oc-52"/>
      </symbol>
      <symbol id="sm-392">
         <name>C$$EXIT</name>
         <value>0x3309</value>
         <object_component_ref idref="oc-15e"/>
      </symbol>
      <symbol id="sm-393">
         <name>abort</name>
         <value>0x3309</value>
         <object_component_ref idref="oc-15e"/>
      </symbol>
      <symbol id="sm-3a8">
         <name>_nop</name>
         <value>0x106f</value>
         <object_component_ref idref="oc-2ae"/>
      </symbol>
      <symbol id="sm-3a9">
         <name>_lock</name>
         <value>0x200001b8</value>
         <object_component_ref idref="oc-217"/>
      </symbol>
      <symbol id="sm-3aa">
         <name>_unlock</name>
         <value>0x200001bc</value>
         <object_component_ref idref="oc-217"/>
      </symbol>
      <symbol id="sm-3d8">
         <name>__localtime32</name>
         <value>0x1b81</value>
         <object_component_ref idref="oc-1b1"/>
      </symbol>
      <symbol id="sm-3d9">
         <name>localtime</name>
         <value>0x1b81</value>
         <object_component_ref idref="oc-1b1"/>
      </symbol>
      <symbol id="sm-40b">
         <name>mktime</name>
         <value>0xb45</value>
         <object_component_ref idref="oc-246"/>
      </symbol>
      <symbol id="sm-40c">
         <name>__mktime32</name>
         <value>0xb45</value>
         <object_component_ref idref="oc-246"/>
      </symbol>
      <symbol id="sm-43d">
         <name>sprintf</name>
         <value>0x2e99</value>
         <object_component_ref idref="oc-1b7"/>
      </symbol>
      <symbol id="sm-450">
         <name>__time32</name>
         <value>0x32b9</value>
         <object_component_ref idref="oc-1ab"/>
      </symbol>
      <symbol id="sm-451">
         <name>time</name>
         <value>0x32b9</value>
         <object_component_ref idref="oc-1ab"/>
      </symbol>
      <symbol id="sm-461">
         <name>_tz</name>
         <value>0x200001a8</value>
         <object_component_ref idref="oc-24c"/>
      </symbol>
      <symbol id="sm-479">
         <name>HOSTtime</name>
         <value>0x2d45</value>
         <object_component_ref idref="oc-234"/>
      </symbol>
      <symbol id="sm-49d">
         <name>__TI_readmsg</name>
         <value>0x2ff1</value>
         <object_component_ref idref="oc-2d3"/>
      </symbol>
      <symbol id="sm-49e">
         <name>C$$IO$$</name>
         <value>0x2f47</value>
         <object_component_ref idref="oc-2cd"/>
      </symbol>
      <symbol id="sm-49f">
         <name>__CIOBUF_</name>
         <value>0x20000000</value>
         <object_component_ref idref="oc-394"/>
      </symbol>
      <symbol id="sm-4a0">
         <name>__TI_writemsg</name>
         <value>0x2f19</value>
         <object_component_ref idref="oc-2cd"/>
      </symbol>
      <symbol id="sm-4af">
         <name>__aeabi_memset</name>
         <value>0x2727</value>
         <object_component_ref idref="oc-90"/>
      </symbol>
      <symbol id="sm-4b0">
         <name>memset</name>
         <value>0x272d</value>
         <object_component_ref idref="oc-90"/>
      </symbol>
      <symbol id="sm-4b1">
         <name>__aeabi_memset8</name>
         <value>0x2727</value>
         <object_component_ref idref="oc-90"/>
      </symbol>
      <symbol id="sm-4b2">
         <name>__aeabi_memset4</name>
         <value>0x2727</value>
         <object_component_ref idref="oc-90"/>
      </symbol>
      <symbol id="sm-4b3">
         <name>__aeabi_memclr8</name>
         <value>0x2725</value>
         <object_component_ref idref="oc-90"/>
      </symbol>
      <symbol id="sm-4b4">
         <name>__aeabi_memclr4</name>
         <value>0x2725</value>
         <object_component_ref idref="oc-90"/>
      </symbol>
      <symbol id="sm-4b5">
         <name>__aeabi_memclr</name>
         <value>0x2725</value>
         <object_component_ref idref="oc-90"/>
      </symbol>
      <symbol id="sm-4c4">
         <name>__aeabi_uidivmod</name>
         <value>0x2e59</value>
         <object_component_ref idref="oc-241"/>
      </symbol>
      <symbol id="sm-4c5">
         <name>__aeabi_uidiv</name>
         <value>0x2e59</value>
         <object_component_ref idref="oc-241"/>
      </symbol>
      <symbol id="sm-4e0">
         <name>memcpy</name>
         <value>0x235b</value>
         <object_component_ref idref="oc-34"/>
      </symbol>
      <symbol id="sm-4e1">
         <name>__aeabi_memcpy</name>
         <value>0x235b</value>
         <object_component_ref idref="oc-34"/>
      </symbol>
      <symbol id="sm-4e2">
         <name>__aeabi_memcpy8</name>
         <value>0x235b</value>
         <object_component_ref idref="oc-34"/>
      </symbol>
      <symbol id="sm-4e3">
         <name>__aeabi_memcpy4</name>
         <value>0x235b</value>
         <object_component_ref idref="oc-34"/>
      </symbol>
      <symbol id="sm-4f1">
         <name>__aeabi_ldivmod</name>
         <value>0x28ff</value>
         <object_component_ref idref="oc-2ef"/>
      </symbol>
      <symbol id="sm-4fe">
         <name>__aeabi_uldivmod</name>
         <value>0x23f7</value>
         <object_component_ref idref="oc-3a2"/>
      </symbol>
      <symbol id="sm-526">
         <name>__TI_auto_init_nobinit_nopinit</name>
         <value>0x2dd5</value>
         <object_component_ref idref="oc-16a"/>
      </symbol>
      <symbol id="sm-530">
         <name>_system_pre_init</name>
         <value>0x3305</value>
         <object_component_ref idref="oc-96"/>
      </symbol>
      <symbol id="sm-696">
         <name>__TI_printfi</name>
         <value>0xe5</value>
         <object_component_ref idref="oc-259"/>
      </symbol>
      <symbol id="sm-6ac">
         <name>atoi</name>
         <value>0x2cf9</value>
         <object_component_ref idref="oc-30b"/>
      </symbol>
      <symbol id="sm-6b7">
         <name>_ctypes_</name>
         <value>0x330c</value>
         <object_component_ref idref="oc-3af"/>
      </symbol>
      <symbol id="sm-6c6">
         <name>ltoa</name>
         <value>0x2c51</value>
         <object_component_ref idref="oc-3ca"/>
      </symbol>
      <symbol id="sm-6d6">
         <name>memccpy</name>
         <value>0x3179</value>
         <object_component_ref idref="oc-334"/>
      </symbol>
      <symbol id="sm-6e6">
         <name>strchr</name>
         <value>0x31f1</value>
         <object_component_ref idref="oc-401"/>
      </symbol>
      <symbol id="sm-6f4">
         <name>strlen</name>
         <value>0x3231</value>
         <object_component_ref idref="oc-305"/>
      </symbol>
      <symbol id="sm-6fa">
         <name>parmbuf</name>
         <value>0x2000017c</value>
      </symbol>
      <symbol id="sm-71a">
         <name>frexpl</name>
         <value>0x29d5</value>
         <object_component_ref idref="oc-3f5"/>
      </symbol>
      <symbol id="sm-71b">
         <name>frexp</name>
         <value>0x29d5</value>
         <object_component_ref idref="oc-3f5"/>
      </symbol>
      <symbol id="sm-738">
         <name>scalbn</name>
         <value>0x1dd9</value>
         <object_component_ref idref="oc-3fb"/>
      </symbol>
      <symbol id="sm-739">
         <name>scalbnl</name>
         <value>0x1dd9</value>
         <object_component_ref idref="oc-3fb"/>
      </symbol>
      <symbol id="sm-73a">
         <name>ldexpl</name>
         <value>0x1dd9</value>
         <object_component_ref idref="oc-3fb"/>
      </symbol>
      <symbol id="sm-73b">
         <name>ldexp</name>
         <value>0x1dd9</value>
         <object_component_ref idref="oc-3fb"/>
      </symbol>
      <symbol id="sm-754">
         <name>wcslen</name>
         <value>0x3257</value>
         <object_component_ref idref="oc-33a"/>
      </symbol>
      <symbol id="sm-75e">
         <name>copysign</name>
         <value>0x321d</value>
         <object_component_ref idref="oc-454"/>
      </symbol>
      <symbol id="sm-75f">
         <name>copysignl</name>
         <value>0x321d</value>
         <object_component_ref idref="oc-454"/>
      </symbol>
      <symbol id="sm-769">
         <name>__aeabi_idiv0</name>
         <value>0x1667</value>
         <object_component_ref idref="oc-2e9"/>
      </symbol>
      <symbol id="sm-76a">
         <name>__aeabi_ldiv0</name>
         <value>0x1667</value>
         <object_component_ref idref="oc-2e9"/>
      </symbol>
      <symbol id="sm-781">
         <name>__aeabi_dsub</name>
         <value>0x14b1</value>
         <object_component_ref idref="oc-3d5"/>
      </symbol>
      <symbol id="sm-782">
         <name>__aeabi_dadd</name>
         <value>0x14bb</value>
         <object_component_ref idref="oc-3d5"/>
      </symbol>
      <symbol id="sm-7a4">
         <name>__aeabi_cdcmpeq</name>
         <value>0x2515</value>
         <object_component_ref idref="oc-317"/>
      </symbol>
      <symbol id="sm-7a5">
         <name>__aeabi_cdcmple</name>
         <value>0x2515</value>
         <object_component_ref idref="oc-317"/>
      </symbol>
      <symbol id="sm-7a6">
         <name>__aeabi_cdrcmple</name>
         <value>0x259b</value>
         <object_component_ref idref="oc-3c0"/>
      </symbol>
      <symbol id="sm-7ba">
         <name>__aeabi_ddiv</name>
         <value>0x1a49</value>
         <object_component_ref idref="oc-3bb"/>
      </symbol>
      <symbol id="sm-7c5">
         <name>__aeabi_dmul</name>
         <value>0x20ed</value>
         <object_component_ref idref="oc-3b6"/>
      </symbol>
      <symbol id="sm-7cf">
         <name>__aeabi_d2iz</name>
         <value>0x2d8d</value>
         <object_component_ref idref="oc-3c5"/>
      </symbol>
      <symbol id="sm-7d9">
         <name>__aeabi_i2d</name>
         <value>0x3085</value>
         <object_component_ref idref="oc-3d0"/>
      </symbol>
      <symbol id="sm-7ef">
         <name>__aeabi_errno_addr</name>
         <value>0x32f9</value>
         <object_component_ref idref="oc-340"/>
      </symbol>
      <symbol id="sm-7f0">
         <name>errno</name>
         <value>0x200001e0</value>
         <object_component_ref idref="oc-411"/>
      </symbol>
      <symbol id="sm-7f1">
         <name>__TI_static_base__</name>
         <value>0x0</value>
      </symbol>
      <symbol id="sm-7f4">
         <name>__mpu_init</name>
         <value>0x0</value>
      </symbol>
      <symbol id="sm-7f5">
         <name>_system_post_cinit</name>
         <value>0x0</value>
      </symbol>
      <symbol id="sm-7f6">
         <name>NMI_Handler</name>
         <value>0xb43</value>
      </symbol>
      <symbol id="sm-7f7">
         <name>HardFault_Handler</name>
         <value>0xb43</value>
      </symbol>
      <symbol id="sm-7f8">
         <name>MemManage_Handler</name>
         <value>0xb43</value>
      </symbol>
      <symbol id="sm-7f9">
         <name>BusFault_Handler</name>
         <value>0xb43</value>
      </symbol>
      <symbol id="sm-7fa">
         <name>UsageFault_Handler</name>
         <value>0xb43</value>
      </symbol>
      <symbol id="sm-7fb">
         <name>SVC_Handler</name>
         <value>0xb43</value>
      </symbol>
      <symbol id="sm-7fc">
         <name>DebugMon_Handler</name>
         <value>0xb43</value>
      </symbol>
      <symbol id="sm-7fd">
         <name>PendSV_Handler</name>
         <value>0xb43</value>
      </symbol>
      <symbol id="sm-7fe">
         <name>SysTick_Handler</name>
         <value>0xb43</value>
      </symbol>
      <symbol id="sm-7ff">
         <name>PSS_IRQHandler</name>
         <value>0xb43</value>
      </symbol>
      <symbol id="sm-800">
         <name>CS_IRQHandler</name>
         <value>0xb43</value>
      </symbol>
      <symbol id="sm-801">
         <name>PCM_IRQHandler</name>
         <value>0xb43</value>
      </symbol>
      <symbol id="sm-802">
         <name>WDT_A_IRQHandler</name>
         <value>0xb43</value>
      </symbol>
      <symbol id="sm-803">
         <name>FPU_IRQHandler</name>
         <value>0xb43</value>
      </symbol>
      <symbol id="sm-804">
         <name>FLCTL_IRQHandler</name>
         <value>0xb43</value>
      </symbol>
      <symbol id="sm-805">
         <name>COMP_E0_IRQHandler</name>
         <value>0xb43</value>
      </symbol>
      <symbol id="sm-806">
         <name>COMP_E1_IRQHandler</name>
         <value>0xb43</value>
      </symbol>
      <symbol id="sm-807">
         <name>TA0_0_IRQHandler</name>
         <value>0xb43</value>
      </symbol>
      <symbol id="sm-808">
         <name>TA0_N_IRQHandler</name>
         <value>0xb43</value>
      </symbol>
      <symbol id="sm-809">
         <name>TA1_0_IRQHandler</name>
         <value>0xb43</value>
      </symbol>
      <symbol id="sm-80a">
         <name>TA1_N_IRQHandler</name>
         <value>0xb43</value>
      </symbol>
      <symbol id="sm-80b">
         <name>TA2_0_IRQHandler</name>
         <value>0xb43</value>
      </symbol>
      <symbol id="sm-80c">
         <name>TA2_N_IRQHandler</name>
         <value>0xb43</value>
      </symbol>
      <symbol id="sm-80d">
         <name>TA3_0_IRQHandler</name>
         <value>0xb43</value>
      </symbol>
      <symbol id="sm-80e">
         <name>TA3_N_IRQHandler</name>
         <value>0xb43</value>
      </symbol>
      <symbol id="sm-80f">
         <name>EUSCIA0_IRQHandler</name>
         <value>0x17c5</value>
      </symbol>
      <symbol id="sm-810">
         <name>EUSCIA1_IRQHandler</name>
         <value>0xb43</value>
      </symbol>
      <symbol id="sm-811">
         <name>EUSCIA2_IRQHandler</name>
         <value>0xb43</value>
      </symbol>
      <symbol id="sm-812">
         <name>EUSCIA3_IRQHandler</name>
         <value>0xb43</value>
      </symbol>
      <symbol id="sm-813">
         <name>EUSCIB0_IRQHandler</name>
         <value>0xb43</value>
      </symbol>
      <symbol id="sm-814">
         <name>EUSCIB1_IRQHandler</name>
         <value>0xb43</value>
      </symbol>
      <symbol id="sm-815">
         <name>EUSCIB2_IRQHandler</name>
         <value>0xb43</value>
      </symbol>
      <symbol id="sm-816">
         <name>EUSCIB3_IRQHandler</name>
         <value>0xb43</value>
      </symbol>
      <symbol id="sm-817">
         <name>ADC14_IRQHandler</name>
         <value>0xb43</value>
      </symbol>
      <symbol id="sm-818">
         <name>T32_INT1_IRQHandler</name>
         <value>0xb43</value>
      </symbol>
      <symbol id="sm-819">
         <name>T32_INT2_IRQHandler</name>
         <value>0xb43</value>
      </symbol>
      <symbol id="sm-81a">
         <name>T32_INTC_IRQHandler</name>
         <value>0xb43</value>
      </symbol>
      <symbol id="sm-81b">
         <name>AES256_IRQHandler</name>
         <value>0xb43</value>
      </symbol>
      <symbol id="sm-81c">
         <name>RTC_C_IRQHandler</name>
         <value>0xb43</value>
      </symbol>
      <symbol id="sm-81d">
         <name>DMA_ERR_IRQHandler</name>
         <value>0xb43</value>
      </symbol>
      <symbol id="sm-81e">
         <name>DMA_INT3_IRQHandler</name>
         <value>0xb43</value>
      </symbol>
      <symbol id="sm-81f">
         <name>DMA_INT2_IRQHandler</name>
         <value>0xb43</value>
      </symbol>
      <symbol id="sm-820">
         <name>DMA_INT1_IRQHandler</name>
         <value>0xb43</value>
      </symbol>
      <symbol id="sm-821">
         <name>DMA_INT0_IRQHandler</name>
         <value>0xb43</value>
      </symbol>
      <symbol id="sm-822">
         <name>PORT1_IRQHandler</name>
         <value>0xb43</value>
      </symbol>
      <symbol id="sm-823">
         <name>PORT2_IRQHandler</name>
         <value>0xb43</value>
      </symbol>
      <symbol id="sm-824">
         <name>PORT3_IRQHandler</name>
         <value>0xb43</value>
      </symbol>
      <symbol id="sm-825">
         <name>PORT4_IRQHandler</name>
         <value>0xb43</value>
      </symbol>
      <symbol id="sm-826">
         <name>PORT5_IRQHandler</name>
         <value>0xb43</value>
      </symbol>
      <symbol id="sm-827">
         <name>PORT6_IRQHandler</name>
         <value>0xb43</value>
      </symbol>
   </symbol_table>
   <title>Link successful</title>
</link_info>
