******************************************************************************
                  TI ARM Linker PC v18.1.5                     
******************************************************************************
>> Linked Sat Mar 23 08:31:22 2019

OUTPUT FILE NAME:   <Listing 9.6.out>
ENTRY POINT SYMBOL: "_c_int00_noargs"  address: 00002e4d


MEMORY CONFIGURATION

         name            origin    length      used     unused   attr    fill
----------------------  --------  ---------  --------  --------  ----  --------
  MAIN                  00000000   00040000  00003410  0003cbf0  R  X
  INFO                  00200000   00004000  00000000  00004000  R  X
  SRAM_CODE             01000000   00010000  00000390  0000fc70  RW X
  SRAM_DATA             20000000   00010000  00000390  0000fc70  RW  


SEGMENT ALLOCATION MAP

run origin  load origin   length   init length attrs members
----------  ----------- ---------- ----------- ----- -------
00000000    00000000    00003410   00003410    r-x
  00000000    00000000    000000e4   000000e4    r-- .intvecs
  000000e4    000000e4    00003124   00003124    r-x .text
  00003208    00003208    000001c0   000001c0    r-- .const
  000033c8    000033c8    00000048   00000048    r-- .cinit
20000000    20000000    00000190   00000000    rw-
  20000000    20000000    00000150   00000000    rw- .bss
  20000150    20000150    00000040   00000000    rw- .data
2000fe00    2000fe00    00000200   00000000    rw-
  2000fe00    2000fe00    00000200   00000000    rw- .stack


SECTION ALLOCATION MAP

 output                                  attributes/
section   page    origin      length       input sections
--------  ----  ----------  ----------   ----------------
.intvecs   0    00000000    000000e4     
                  00000000    000000e4     startup_msp432p401r_ccs.obj (.intvecs:retain)

.text      0    000000e4    00003124     
                  000000e4    00000a5e     rtsv7M4_T_le_v4SPD16_eabi.lib : _printfi.c.obj (.text:__TI_printfi)
                  00000b42    00000002     startup_msp432p401r_ccs.obj (.text:Default_Handler)
                  00000b44    000002a0     rtsv7M4_T_le_v4SPD16_eabi.lib : mktime.c.obj (.text:__mktime32)
                  00000de4    0000028a     msp432p4xx_driverlib.lib : pcm.o (.text:__PCM_setPowerStateAdvanced)
                  0000106e    00000002     rtsv7M4_T_le_v4SPD16_eabi.lib : _lock.c.obj (.text:_nop)
                  00001070    00000270                                   : _printfi.c.obj (.text:_pconv_a)
                  000012e0    000001d0                                   : _printfi.c.obj (.text:_pconv_g)
                  000014b0    000001b6                                   : fd_add_t2.asm.obj (.text)
                  00001666    00000002                                   : div0.asm.obj (.text)
                  00001668    0000015c     msp432p4xx_driverlib.lib : pcm.o (.text:__PCM_setPowerModeAdvanced)
                  000017c4    0000013c     rtsv7M4_T_le_v4SPD16_eabi.lib : _printfi.c.obj (.text:_pconv_e)
                  00001900    00000136                                   : fd_div_t2.asm.obj (.text)
                  00001a36    00000002     --HOLE-- [fill = 0]
                  00001a38    00000134                                   : localtim.c.obj (.text:__localtime32)
                  00001b6c    00000124                                   : _printfi.c.obj (.text:fcvt)
                  00001c90    00000110                                   : s_scalbn.c.obj (.text:scalbn)
                  00001da0    00000108     msp432p4xx_driverlib.lib : pcm.o (.text:__PCM_setCoreVoltageLevelAdvanced)
                  00001ea8    000000fc                              : uart.o (.text:UART_initModule)
                  00001fa4    000000fc     rtsv7M4_T_le_v4SPD16_eabi.lib : fd_mul_t2.asm.obj (.text)
                  000020a0    000000c0     main.obj (.text:get_time)
                  00002160    000000bc     main.obj (.text:EUSCIA0_IRQHandler)
                  0000221c    000000b1     rtsv7M4_T_le_v4SPD16_eabi.lib : _printfi.c.obj (.text:_ltostr)
                  000022cd    00000001     --HOLE-- [fill = 0]
                  000022ce    0000009c                                   : memcpy_t2.asm.obj (.text)
                  0000236a    00000096                                   : ull_div_t2.asm.obj (.text)
                  00002400    00000088     msp432p4xx_driverlib.lib : gpio.o (.text:GPIO_setAsPeripheralModuleFunctionInputPin)
                  00002488    00000086     rtsv7M4_T_le_v4SPD16_eabi.lib : fd_cmp_t2.asm.obj (.text:__aeabi_cdcmple)
                  0000250e    00000086                                   : fd_cmp_t2.asm.obj (.text:__aeabi_cdrcmple)
                  00002594    00000084     msp432p4xx_driverlib.lib : pcm.o (.text:PCM_gotoLPM3)
                  00002618    00000080                              : interrupt.o (.text:Interrupt_enableInterrupt)
                  00002698    0000007a     rtsv7M4_T_le_v4SPD16_eabi.lib : memset_t2.asm.obj (.text)
                  00002712    00000002     --HOLE-- [fill = 0]
                  00002714    00000078     system_msp432p401r.obj (.text:SystemInit)
                  0000278c    0000006e     rtsv7M4_T_le_v4SPD16_eabi.lib : _printfi.c.obj (.text:_mcpy)
                  000027fa    0000006e                                   : ll_div_t2.asm.obj (.text)
                  00002868    00000068                                   : copy_decompress_lzss.c.obj (.text:decompress:lzss:__TI_decompress_lzss)
                  000028d0    00000064                                   : s_frexp.c.obj (.text:frexp)
                  00002934    0000005e     msp432p4xx_driverlib.lib : pcm.o (.text:PCM_getCoreVoltageLevel)
                  00002992    00000002     --HOLE-- [fill = 0]
                  00002994    0000005c     main.obj (.text:main)
                  000029f0    0000005a     msp432p4xx_driverlib.lib : pcm.o (.text:PCM_getPowerMode)
                  00002a4a    00000056                              : uart.o (.text:UART_getEnabledInterruptStatus)
                  00002aa0    00000056     rtsv7M4_T_le_v4SPD16_eabi.lib : _printfi.c.obj (.text:_pconv_f)
                  00002af6    00000002     --HOLE-- [fill = 0]
                  00002af8    00000054     msp432p4xx_driverlib.lib : pcm.o (.text:PCM_shutdownDevice)
                  00002b4c    00000054     rtsv7M4_T_le_v4SPD16_eabi.lib : ltoa.c.obj (.text:ltoa)
                  00002ba0    00000052                                   : _printfi.c.obj (.text:_ecpy)
                  00002bf2    00000002     --HOLE-- [fill = 0]
                  00002bf4    0000004c                                   : atoi.c.obj (.text:atoi)
                  00002c40    00000048                                   : hosttime.c.obj (.text:HOSTtime)
                  00002c88    00000048                                   : fd_toi_t2.asm.obj (.text)
                  00002cd0    00000044                                   : autoinit.c.obj (.text:__TI_auto_init_nobinit_nopinit:__TI_auto_init_nobinit_nopinit)
                  00002d14    00000040     msp432p4xx_driverlib.lib : gpio.o (.text:GPIO_setAsOutputPin)
                  00002d54    00000040     rtsv7M4_T_le_v4SPD16_eabi.lib : u_divt2.asm.obj (.text)
                  00002d94    00000040                                   : sprintf.c.obj (.text:sprintf)
                  00002dd4    0000003e                                   : _printfi.c.obj (.text:_fcpy)
                  00002e12    00000002     --HOLE-- [fill = 0]
                  00002e14    00000038                                   : trgmsg.c.obj (.text:__TI_writemsg)
                  00002e4c    00000038                                   : boot_cortex_m.c.obj (.text:_c_int00_noargs:_c_int00_noargs)
                  00002e84    00000034     msp432p4xx_driverlib.lib : cs.o (.text:CS_setDCOCenteredFrequency)
                  00002eb8    00000034                              : uart.o (.text:UART_transmitData)
                  00002eec    00000034     rtsv7M4_T_le_v4SPD16_eabi.lib : trgmsg.c.obj (.text:__TI_readmsg)
                  00002f20    00000030     msp432p4xx_driverlib.lib : uart.o (.text:UART_enableInterrupt)
                  00002f50    00000030                              : uart.o (.text:UART_receiveData)
                  00002f80    0000002e     rtsv7M4_T_le_v4SPD16_eabi.lib : i_tofd_t2.asm.obj (.text)
                  00002fae    00000002     --HOLE-- [fill = 0]
                  00002fb0    0000002c     msp432p4xx_driverlib.lib : rtc_c.o (.text:RTC_C_holdClock)
                  00002fdc    00000028                              : gpio.o (.text:GPIO_setOutputLowOnPin)
                  00003004    00000028                              : pcm.o (.text:PCM_gotoLPM0)
                  0000302c    00000024     main.obj (.text:UART_sendStr)
                  00003050    00000024     msp432p4xx_driverlib.lib : wdt_a.o (.text:WDT_A_holdTimer)
                  00003074    0000001c     rtsv7M4_T_le_v4SPD16_eabi.lib : memccpy.c.obj (.text:memccpy)
                  00003090    00000018     msp432p4xx_driverlib.lib : uart.o (.text:UART_getInterruptStatus)
                  000030a8    00000018     rtsv7M4_T_le_v4SPD16_eabi.lib : sprintf.c.obj (.text:_outs)
                  000030c0    00000016     msp432p4xx_driverlib.lib : uart.o (.text:UART_clearInterruptFlag)
                  000030d6    00000016                              : uart.o (.text:UART_enableModule)
                  000030ec    00000016     rtsv7M4_T_le_v4SPD16_eabi.lib : strchr.c.obj (.text:strchr)
                  00003102    00000002     --HOLE-- [fill = 0]
                  00003104    00000014     msp432p4xx_driverlib.lib : pcm.o (.text:PCM_getPowerState)
                  00003118    00000014     rtsv7M4_T_le_v4SPD16_eabi.lib : s_copysign.c.obj (.text:copysign)
                  0000312c    00000014                                   : strlen.c.obj (.text:strlen)
                  00003140    00000012                                   : copy_zero_init.c.obj (.text:decompress:ZI:__TI_zero_init_nomemset:__TI_zero_init_nomemset)
                  00003152    00000012                                   : wcslen.c.obj (.text:wcslen)
                  00003164    00000010     msp432p4xx_driverlib.lib : interrupt.o (.text:Interrupt_enableMaster)
                  00003174    00000010                              : interrupt.o (.text:Interrupt_enableSleepOnIsrExit)
                  00003184    00000010                              : pcm.o (.text:PCM_gotoLPM4)
                  00003194    00000010                              : pcm.o (.text:PCM_setPowerMode)
                  000031a4    00000010                              : pcm.o (.text:PCM_setPowerState)
                  000031b4    0000000e     rtsv7M4_T_le_v4SPD16_eabi.lib : time.c.obj (.text:__time32)
                  000031c2    0000000e                                   : copy_decompress_none.c.obj (.text:decompress:none:__TI_decompress_none)
                  000031d0    0000000c     msp432p4xx_driverlib.lib : cpu.o (.text:CPU_cpsie)
                  000031dc    0000000c     startup_msp432p401r_ccs.obj (.text:Reset_Handler)
                  000031e8    0000000a     rtsv7M4_T_le_v4SPD16_eabi.lib : sprintf.c.obj (.text:_outc)
                  000031f2    00000002     --HOLE-- [fill = 0]
                  000031f4    00000008                                   : errno.c.obj (.text:__aeabi_errno_addr)
                  000031fc    00000004     msp432p4xx_driverlib.lib : cpu.o (.text:CPU_wfi)
                  00003200    00000004     rtsv7M4_T_le_v4SPD16_eabi.lib : pre_init.c.obj (.text:_system_pre_init)
                  00003204    00000004                                   : exit.c.obj (.text:abort:abort)

.const     0    00003208    000001c0     
                  00003208    00000101     rtsv7M4_T_le_v4SPD16_eabi.lib : ctype.c.obj (.const:.string:_ctypes_)
                  00003309    00000003     --HOLE-- [fill = 0]
                  0000330c    00000060                                   : mktime.c.obj (.const:$O1$$)
                  0000336c    00000030     msp432p4xx_driverlib.lib : gpio.o (.const:GPIO_PORT_TO_BASE)
                  0000339c    00000024     main.obj (.const:uartConfig)
                  000033c0    00000008     msp432p4xx_driverlib.lib : interrupt.o (.const:g_pulEnRegs)

.cinit     0    000033c8    00000048     
                  000033c8    00000020     (.cinit..data.load) [load image, compression = lzss]
                  000033e8    0000000c     (__TI_handler_table)
                  000033f4    00000004     --HOLE-- [fill = 0]
                  000033f8    00000008     (.cinit..bss.load) [load image, compression = zero_init]
                  00003400    00000010     (__TI_cinit_table)

.init_array 
*          0    00000000    00000000     UNINITIALIZED

.binit     0    00000000    00000000     

.bss       0    20000000    00000150     UNINITIALIZED
                  20000000    00000120     rtsv7M4_T_le_v4SPD16_eabi.lib : trgmsg.c.obj (.bss:_CIOBUF_)
                  20000120    00000028     (.common:timestamp)
                  20000148    00000008     (.common:parmbuf)

.data      0    20000150    00000040     UNINITIALIZED
                  20000150    00000024     rtsv7M4_T_le_v4SPD16_eabi.lib : localtim.c.obj (.data:local_tm)
                  20000174    00000010                                   : tmzone.c.obj (.data:_tz)
                  20000184    00000008                                   : _lock.c.obj (.data:$O1$$)
                  2000018c    00000004                                   : errno.c.obj (.data)

.stack     0    2000fe00    00000200     UNINITIALIZED
                  2000fe00    00000004     rtsv7M4_T_le_v4SPD16_eabi.lib : boot_cortex_m.c.obj (.stack)
                  2000fe04    000001fc     --HOLE--

MODULE SUMMARY

       Module                        code    ro data   rw data
       ------                        ----    -------   -------
    .\
       main.obj                      508     36        80     
       system_msp432p401r.obj        120     0         0      
    +--+-----------------------------+-------+---------+---------+
       Total:                        628     36        80     
                                                              
    .\ccs\
       startup_msp432p401r_ccs.obj   14      228       0      
    +--+-----------------------------+-------+---------+---------+
       Total:                        14      228       0      
                                                              
    C:/ti/simplelink_msp432p4_sdk_2_40_00_10/source/ti/devices/msp432p4xx/driverlib/ccs/msp432p4xx_driverlib.lib
       pcm.o                         1770    0         0      
       uart.o                        554     0         0      
       gpio.o                        240     48        0      
       interrupt.o                   160     8         0      
       cs.o                          52      0         0      
       rtc_c.o                       44      0         0      
       wdt_a.o                       36      0         0      
       cpu.o                         16      0         0      
    +--+-----------------------------+-------+---------+---------+
       Total:                        2872    56        0      
                                                              
    C:\ti\ccs830\ccsv8\tools\compiler\ti-cgt-arm_18.1.5.LTS\lib\rtsv7M4_T_le_v4SPD16_eabi.lib
       _printfi.c.obj                4867    0         0      
       mktime.c.obj                  672     96        0      
       trgmsg.c.obj                  108     0         576    
       fd_add_t2.asm.obj             438     0         0      
       localtim.c.obj                308     0         72     
       fd_div_t2.asm.obj             310     0         0      
       s_scalbn.c.obj                272     0         0      
       fd_cmp_t2.asm.obj             268     0         0      
       ctype.c.obj                   0       257       0      
       fd_mul_t2.asm.obj             252     0         0      
       memcpy_t2.asm.obj             156     0         0      
       ull_div_t2.asm.obj            150     0         0      
       memset_t2.asm.obj             122     0         0      
       ll_div_t2.asm.obj             110     0         0      
       copy_decompress_lzss.c.obj    104     0         0      
       s_frexp.c.obj                 100     0         0      
       sprintf.c.obj                 98      0         0      
       ltoa.c.obj                    84      0         0      
       atoi.c.obj                    76      0         0      
       fd_toi_t2.asm.obj             72      0         0      
       hosttime.c.obj                72      0         0      
       autoinit.c.obj                68      0         0      
       u_divt2.asm.obj               64      0         0      
       boot_cortex_m.c.obj           56      0         0      
       i_tofd_t2.asm.obj             46      0         0      
       tmzone.c.obj                  0       0         32     
       memccpy.c.obj                 28      0         0      
       strchr.c.obj                  22      0         0      
       s_copysign.c.obj              20      0         0      
       strlen.c.obj                  20      0         0      
       _lock.c.obj                   2       0         16     
       copy_zero_init.c.obj          18      0         0      
       wcslen.c.obj                  18      0         0      
       errno.c.obj                   8       0         8      
       hostopen.c.obj                0       0         16     
       copy_decompress_none.c.obj    14      0         0      
       time.c.obj                    14      0         0      
       exit.c.obj                    4       0         0      
       pre_init.c.obj                4       0         0      
       div0.asm.obj                  2       0         0      
    +--+-----------------------------+-------+---------+---------+
       Total:                        9047    353       720    
                                                              
       Stack:                        0       0         1024   
       Linker Generated:             0       68        0      
    +--+-----------------------------+-------+---------+---------+
       Grand Total:                  12561   741       1824   


LINKER GENERATED COPY TABLES

__TI_cinit_table @ 00003400 records: 2, size/record: 8, table size: 16
	.data: load addr=000033c8, load size=00000020 bytes, run addr=20000150, run size=00000040 bytes, compression=lzss
	.bss: load addr=000033f8, load size=00000008 bytes, run addr=20000000, run size=00000150 bytes, compression=zero_init


LINKER GENERATED HANDLER TABLE

__TI_handler_table @ 000033e8 records: 3, size/record: 4, table size: 12
	index: 0, handler: __TI_decompress_lzss
	index: 1, handler: __TI_decompress_none
	index: 2, handler: __TI_zero_init


GLOBAL SYMBOLS: SORTED ALPHABETICALLY BY Name 

address   name                                      
-------   ----                                      
00000b43  ADC14_IRQHandler                          
00000b43  AES256_IRQHandler                         
00000b43  BusFault_Handler                          
00003205  C$$EXIT                                   
00002e43  C$$IO$$                                   
00000b43  COMP_E0_IRQHandler                        
00000b43  COMP_E1_IRQHandler                        
000031d1  CPU_cpsie                                 
000031fd  CPU_wfi                                   
00000b43  CS_IRQHandler                             
00002e85  CS_setDCOCenteredFrequency                
00000b43  DMA_ERR_IRQHandler                        
00000b43  DMA_INT0_IRQHandler                       
00000b43  DMA_INT1_IRQHandler                       
00000b43  DMA_INT2_IRQHandler                       
00000b43  DMA_INT3_IRQHandler                       
00000b43  DebugMon_Handler                          
00000b43  Default_Handler                           
00002161  EUSCIA0_IRQHandler                        
00002161  EUSCIA0_IRQHandler                        
00000b43  EUSCIA1_IRQHandler                        
00000b43  EUSCIA2_IRQHandler                        
00000b43  EUSCIA3_IRQHandler                        
00000b43  EUSCIB0_IRQHandler                        
00000b43  EUSCIB1_IRQHandler                        
00000b43  EUSCIB2_IRQHandler                        
00000b43  EUSCIB3_IRQHandler                        
00000b43  FLCTL_IRQHandler                          
00000b43  FPU_IRQHandler                            
00002d15  GPIO_setAsOutputPin                       
00002401  GPIO_setAsPeripheralModuleFunctionInputPin
00002fdd  GPIO_setOutputLowOnPin                    
00002c41  HOSTtime                                  
00000b43  HardFault_Handler                         
00002619  Interrupt_enableInterrupt                 
00003165  Interrupt_enableMaster                    
00003175  Interrupt_enableSleepOnIsrExit            
00000b43  MemManage_Handler                         
00000b43  NMI_Handler                               
00000b43  PCM_IRQHandler                            
00002935  PCM_getCoreVoltageLevel                   
000029f1  PCM_getPowerMode                          
00003105  PCM_getPowerState                         
00003005  PCM_gotoLPM0                              
00002595  PCM_gotoLPM3                              
00003185  PCM_gotoLPM4                              
00003195  PCM_setPowerMode                          
000031a5  PCM_setPowerState                         
00002af9  PCM_shutdownDevice                        
00000b43  PORT1_IRQHandler                          
00000b43  PORT2_IRQHandler                          
00000b43  PORT3_IRQHandler                          
00000b43  PORT4_IRQHandler                          
00000b43  PORT5_IRQHandler                          
00000b43  PORT6_IRQHandler                          
00000b43  PSS_IRQHandler                            
00000b43  PendSV_Handler                            
00000b43  RTC_C_IRQHandler                          
00002fb1  RTC_C_holdClock                           
000031dd  Reset_Handler                             
00000b43  SVC_Handler                               
00000b43  SysTick_Handler                           
00002715  SystemInit                                
00000b43  T32_INT1_IRQHandler                       
00000b43  T32_INT2_IRQHandler                       
00000b43  T32_INTC_IRQHandler                       
00000b43  TA0_0_IRQHandler                          
00000b43  TA0_N_IRQHandler                          
00000b43  TA1_0_IRQHandler                          
00000b43  TA1_N_IRQHandler                          
00000b43  TA2_0_IRQHandler                          
00000b43  TA2_N_IRQHandler                          
00000b43  TA3_0_IRQHandler                          
00000b43  TA3_N_IRQHandler                          
000030c1  UART_clearInterruptFlag                   
00002f21  UART_enableInterrupt                      
000030d7  UART_enableModule                         
00002a4b  UART_getEnabledInterruptStatus            
00003091  UART_getInterruptStatus                   
00001ea9  UART_initModule                           
00002f51  UART_receiveData                          
0000302d  UART_sendStr                              
00002eb9  UART_transmitData                         
00000b43  UsageFault_Handler                        
4000480c  WDTCTL_SYM                                
00000b43  WDT_A_IRQHandler                          
00003051  WDT_A_holdTimer                           
20000000  __CIOBUF_                                 
20010000  __STACK_END                               
00000200  __STACK_SIZE                              
00003400  __TI_CINIT_Base                           
00003410  __TI_CINIT_Limit                          
000033e8  __TI_Handler_Table_Base                   
000033f4  __TI_Handler_Table_Limit                  
00002cd1  __TI_auto_init_nobinit_nopinit            
00002869  __TI_decompress_lzss                      
000031c3  __TI_decompress_none                      
ffffffff  __TI_pprof_out_hndl                       
000000e5  __TI_printfi                              
ffffffff  __TI_prof_data_size                       
ffffffff  __TI_prof_data_start                      
00002eed  __TI_readmsg                              
00000000  __TI_static_base__                        
00002e15  __TI_writemsg                             
00003141  __TI_zero_init_nomemset                   
00002489  __aeabi_cdcmpeq                           
00002489  __aeabi_cdcmple                           
0000250f  __aeabi_cdrcmple                          
00002c89  __aeabi_d2iz                              
000014bb  __aeabi_dadd                              
00001901  __aeabi_ddiv                              
00001fa5  __aeabi_dmul                              
000014b1  __aeabi_dsub                              
000031f5  __aeabi_errno_addr                        
00002f81  __aeabi_i2d                               
00001667  __aeabi_idiv0                             
00001667  __aeabi_ldiv0                             
000027fb  __aeabi_ldivmod                           
00002699  __aeabi_memclr                            
00002699  __aeabi_memclr4                           
00002699  __aeabi_memclr8                           
000022cf  __aeabi_memcpy                            
000022cf  __aeabi_memcpy4                           
000022cf  __aeabi_memcpy8                           
0000269b  __aeabi_memset                            
0000269b  __aeabi_memset4                           
0000269b  __aeabi_memset8                           
00002d55  __aeabi_uidiv                             
00002d55  __aeabi_uidivmod                          
0000236b  __aeabi_uldivmod                          
ffffffff  __binit__                                 
ffffffff  __c_args__                                
00001a39  __localtime32                             
00000b45  __mktime32                                
UNDEFED   __mpu_init                                
2000fe00  __stack                                   
000031b5  __time32                                  
00002e4d  _c_int00_noargs                           
00003208  _ctypes_                                  
20000184  _lock                                     
0000106f  _nop                                      
UNDEFED   _system_post_cinit                        
00003201  _system_pre_init                          
20000174  _tz                                       
20000188  _unlock                                   
00003205  abort                                     
00002bf5  atoi                                      
ffffffff  binit                                     
00003119  copysign                                  
00003119  copysignl                                 
2000018c  errno                                     
000028d1  frexp                                     
000028d1  frexpl                                    
000020a1  get_time                                  
00000000  interruptVectors                          
00001c91  ldexp                                     
00001c91  ldexpl                                    
00001a39  localtime                                 
00002b4d  ltoa                                      
00002995  main                                      
00003075  memccpy                                   
000022cf  memcpy                                    
000026a1  memset                                    
00000b45  mktime                                    
20000148  parmbuf                                   
00001c91  scalbn                                    
00001c91  scalbnl                                   
00002d95  sprintf                                   
000030ed  strchr                                    
0000312d  strlen                                    
000031b5  time                                      
20000120  timestamp                                 
0000339c  uartConfig                                
00003153  wcslen                                    


GLOBAL SYMBOLS: SORTED BY Symbol Address 

address   name                                      
-------   ----                                      
00000000  __TI_static_base__                        
00000000  interruptVectors                          
000000e5  __TI_printfi                              
00000200  __STACK_SIZE                              
00000b43  ADC14_IRQHandler                          
00000b43  AES256_IRQHandler                         
00000b43  BusFault_Handler                          
00000b43  COMP_E0_IRQHandler                        
00000b43  COMP_E1_IRQHandler                        
00000b43  CS_IRQHandler                             
00000b43  DMA_ERR_IRQHandler                        
00000b43  DMA_INT0_IRQHandler                       
00000b43  DMA_INT1_IRQHandler                       
00000b43  DMA_INT2_IRQHandler                       
00000b43  DMA_INT3_IRQHandler                       
00000b43  DebugMon_Handler                          
00000b43  Default_Handler                           
00000b43  EUSCIA1_IRQHandler                        
00000b43  EUSCIA2_IRQHandler                        
00000b43  EUSCIA3_IRQHandler                        
00000b43  EUSCIB0_IRQHandler                        
00000b43  EUSCIB1_IRQHandler                        
00000b43  EUSCIB2_IRQHandler                        
00000b43  EUSCIB3_IRQHandler                        
00000b43  FLCTL_IRQHandler                          
00000b43  FPU_IRQHandler                            
00000b43  HardFault_Handler                         
00000b43  MemManage_Handler                         
00000b43  NMI_Handler                               
00000b43  PCM_IRQHandler                            
00000b43  PORT1_IRQHandler                          
00000b43  PORT2_IRQHandler                          
00000b43  PORT3_IRQHandler                          
00000b43  PORT4_IRQHandler                          
00000b43  PORT5_IRQHandler                          
00000b43  PORT6_IRQHandler                          
00000b43  PSS_IRQHandler                            
00000b43  PendSV_Handler                            
00000b43  RTC_C_IRQHandler                          
00000b43  SVC_Handler                               
00000b43  SysTick_Handler                           
00000b43  T32_INT1_IRQHandler                       
00000b43  T32_INT2_IRQHandler                       
00000b43  T32_INTC_IRQHandler                       
00000b43  TA0_0_IRQHandler                          
00000b43  TA0_N_IRQHandler                          
00000b43  TA1_0_IRQHandler                          
00000b43  TA1_N_IRQHandler                          
00000b43  TA2_0_IRQHandler                          
00000b43  TA2_N_IRQHandler                          
00000b43  TA3_0_IRQHandler                          
00000b43  TA3_N_IRQHandler                          
00000b43  UsageFault_Handler                        
00000b43  WDT_A_IRQHandler                          
00000b45  __mktime32                                
00000b45  mktime                                    
0000106f  _nop                                      
000014b1  __aeabi_dsub                              
000014bb  __aeabi_dadd                              
00001667  __aeabi_idiv0                             
00001667  __aeabi_ldiv0                             
00001901  __aeabi_ddiv                              
00001a39  __localtime32                             
00001a39  localtime                                 
00001c91  ldexp                                     
00001c91  ldexpl                                    
00001c91  scalbn                                    
00001c91  scalbnl                                   
00001ea9  UART_initModule                           
00001fa5  __aeabi_dmul                              
000020a1  get_time                                  
00002161  EUSCIA0_IRQHandler                        
00002161  EUSCIA0_IRQHandler                        
000022cf  __aeabi_memcpy                            
000022cf  __aeabi_memcpy4                           
000022cf  __aeabi_memcpy8                           
000022cf  memcpy                                    
0000236b  __aeabi_uldivmod                          
00002401  GPIO_setAsPeripheralModuleFunctionInputPin
00002489  __aeabi_cdcmpeq                           
00002489  __aeabi_cdcmple                           
0000250f  __aeabi_cdrcmple                          
00002595  PCM_gotoLPM3                              
00002619  Interrupt_enableInterrupt                 
00002699  __aeabi_memclr                            
00002699  __aeabi_memclr4                           
00002699  __aeabi_memclr8                           
0000269b  __aeabi_memset                            
0000269b  __aeabi_memset4                           
0000269b  __aeabi_memset8                           
000026a1  memset                                    
00002715  SystemInit                                
000027fb  __aeabi_ldivmod                           
00002869  __TI_decompress_lzss                      
000028d1  frexp                                     
000028d1  frexpl                                    
00002935  PCM_getCoreVoltageLevel                   
00002995  main                                      
000029f1  PCM_getPowerMode                          
00002a4b  UART_getEnabledInterruptStatus            
00002af9  PCM_shutdownDevice                        
00002b4d  ltoa                                      
00002bf5  atoi                                      
00002c41  HOSTtime                                  
00002c89  __aeabi_d2iz                              
00002cd1  __TI_auto_init_nobinit_nopinit            
00002d15  GPIO_setAsOutputPin                       
00002d55  __aeabi_uidiv                             
00002d55  __aeabi_uidivmod                          
00002d95  sprintf                                   
00002e15  __TI_writemsg                             
00002e43  C$$IO$$                                   
00002e4d  _c_int00_noargs                           
00002e85  CS_setDCOCenteredFrequency                
00002eb9  UART_transmitData                         
00002eed  __TI_readmsg                              
00002f21  UART_enableInterrupt                      
00002f51  UART_receiveData                          
00002f81  __aeabi_i2d                               
00002fb1  RTC_C_holdClock                           
00002fdd  GPIO_setOutputLowOnPin                    
00003005  PCM_gotoLPM0                              
0000302d  UART_sendStr                              
00003051  WDT_A_holdTimer                           
00003075  memccpy                                   
00003091  UART_getInterruptStatus                   
000030c1  UART_clearInterruptFlag                   
000030d7  UART_enableModule                         
000030ed  strchr                                    
00003105  PCM_getPowerState                         
00003119  copysign                                  
00003119  copysignl                                 
0000312d  strlen                                    
00003141  __TI_zero_init_nomemset                   
00003153  wcslen                                    
00003165  Interrupt_enableMaster                    
00003175  Interrupt_enableSleepOnIsrExit            
00003185  PCM_gotoLPM4                              
00003195  PCM_setPowerMode                          
000031a5  PCM_setPowerState                         
000031b5  __time32                                  
000031b5  time                                      
000031c3  __TI_decompress_none                      
000031d1  CPU_cpsie                                 
000031dd  Reset_Handler                             
000031f5  __aeabi_errno_addr                        
000031fd  CPU_wfi                                   
00003201  _system_pre_init                          
00003205  C$$EXIT                                   
00003205  abort                                     
00003208  _ctypes_                                  
0000339c  uartConfig                                
000033e8  __TI_Handler_Table_Base                   
000033f4  __TI_Handler_Table_Limit                  
00003400  __TI_CINIT_Base                           
00003410  __TI_CINIT_Limit                          
20000000  __CIOBUF_                                 
20000120  timestamp                                 
20000148  parmbuf                                   
20000174  _tz                                       
20000184  _lock                                     
20000188  _unlock                                   
2000018c  errno                                     
2000fe00  __stack                                   
20010000  __STACK_END                               
4000480c  WDTCTL_SYM                                
ffffffff  __TI_pprof_out_hndl                       
ffffffff  __TI_prof_data_size                       
ffffffff  __TI_prof_data_start                      
ffffffff  __binit__                                 
ffffffff  __c_args__                                
ffffffff  binit                                     
UNDEFED   __mpu_init                                
UNDEFED   _system_post_cinit                        

[174 symbols]
