<?xml version="1.0" encoding="ISO-8859-1" ?>
<link_info>
   <banner>TI ARM Linker PC v18.1.5.LTS</banner>
   <copyright>Copyright (c) 1996-2018 Texas Instruments Incorporated</copyright>
   <link_time>0x5c96352a</link_time>
   <link_errors>0x0</link_errors>
   <output_file>Listing 9.6.out</output_file>
   <entry_point>
      <name>_c_int00_noargs</name>
      <address>0x2e4d</address>
   </entry_point>
   <input_file_list>
      <input_file id="fl-2">
         <path>.\</path>
         <kind>object</kind>
         <file>main.obj</file>
         <name>main.obj</name>
      </input_file>
      <input_file id="fl-3">
         <path>.\</path>
         <kind>object</kind>
         <file>system_msp432p401r.obj</file>
         <name>system_msp432p401r.obj</name>
      </input_file>
      <input_file id="fl-4">
         <path>.\ccs\</path>
         <kind>object</kind>
         <file>startup_msp432p401r_ccs.obj</file>
         <name>startup_msp432p401r_ccs.obj</name>
      </input_file>
      <input_file id="fl-c">
         <kind>object</kind>
         <file>&lt;internal&gt;</file>
         <name>&lt;internal&gt;</name>
      </input_file>
      <input_file id="fl-d">
         <path>C:\ti\simplelink_msp432p4_sdk_2_40_00_10\source\ti\devices\msp432p4xx\driverlib\ccs\</path>
         <kind>archive</kind>
         <file>msp432p4xx_driverlib.lib</file>
         <name>cs.o</name>
      </input_file>
      <input_file id="fl-e">
         <path>C:\ti\simplelink_msp432p4_sdk_2_40_00_10\source\ti\devices\msp432p4xx\driverlib\ccs\</path>
         <kind>archive</kind>
         <file>msp432p4xx_driverlib.lib</file>
         <name>gpio.o</name>
      </input_file>
      <input_file id="fl-f">
         <path>C:\ti\simplelink_msp432p4_sdk_2_40_00_10\source\ti\devices\msp432p4xx\driverlib\ccs\</path>
         <kind>archive</kind>
         <file>msp432p4xx_driverlib.lib</file>
         <name>interrupt.o</name>
      </input_file>
      <input_file id="fl-10">
         <path>C:\ti\simplelink_msp432p4_sdk_2_40_00_10\source\ti\devices\msp432p4xx\driverlib\ccs\</path>
         <kind>archive</kind>
         <file>msp432p4xx_driverlib.lib</file>
         <name>pcm.o</name>
      </input_file>
      <input_file id="fl-11">
         <path>C:\ti\simplelink_msp432p4_sdk_2_40_00_10\source\ti\devices\msp432p4xx\driverlib\ccs\</path>
         <kind>archive</kind>
         <file>msp432p4xx_driverlib.lib</file>
         <name>rtc_c.o</name>
      </input_file>
      <input_file id="fl-12">
         <path>C:\ti\simplelink_msp432p4_sdk_2_40_00_10\source\ti\devices\msp432p4xx\driverlib\ccs\</path>
         <kind>archive</kind>
         <file>msp432p4xx_driverlib.lib</file>
         <name>sysctl_a.o</name>
      </input_file>
      <input_file id="fl-13">
         <path>C:\ti\simplelink_msp432p4_sdk_2_40_00_10\source\ti\devices\msp432p4xx\driverlib\ccs\</path>
         <kind>archive</kind>
         <file>msp432p4xx_driverlib.lib</file>
         <name>uart.o</name>
      </input_file>
      <input_file id="fl-14">
         <path>C:\ti\simplelink_msp432p4_sdk_2_40_00_10\source\ti\devices\msp432p4xx\driverlib\ccs\</path>
         <kind>archive</kind>
         <file>msp432p4xx_driverlib.lib</file>
         <name>wdt_a.o</name>
      </input_file>
      <input_file id="fl-15">
         <path>C:\ti\simplelink_msp432p4_sdk_2_40_00_10\source\ti\devices\msp432p4xx\driverlib\ccs\</path>
         <kind>archive</kind>
         <file>msp432p4xx_driverlib.lib</file>
         <name>cpu.o</name>
      </input_file>
      <input_file id="fl-cb">
         <path>C:\ti\ccs830\ccsv8\tools\compiler\ti-cgt-arm_18.1.5.LTS\lib\</path>
         <kind>archive</kind>
         <file>rtsv7M4_T_le_v4SPD16_eabi.lib</file>
         <name>copy_zero_init.c.obj</name>
      </input_file>
      <input_file id="fl-cc">
         <path>C:\ti\ccs830\ccsv8\tools\compiler\ti-cgt-arm_18.1.5.LTS\lib\</path>
         <kind>archive</kind>
         <file>rtsv7M4_T_le_v4SPD16_eabi.lib</file>
         <name>copy_decompress_none.c.obj</name>
      </input_file>
      <input_file id="fl-cd">
         <path>C:\ti\ccs830\ccsv8\tools\compiler\ti-cgt-arm_18.1.5.LTS\lib\</path>
         <kind>archive</kind>
         <file>rtsv7M4_T_le_v4SPD16_eabi.lib</file>
         <name>copy_decompress_lzss.c.obj</name>
      </input_file>
      <input_file id="fl-ce">
         <path>C:\ti\ccs830\ccsv8\tools\compiler\ti-cgt-arm_18.1.5.LTS\lib\</path>
         <kind>archive</kind>
         <file>rtsv7M4_T_le_v4SPD16_eabi.lib</file>
         <name>boot_cortex_m.c.obj</name>
      </input_file>
      <input_file id="fl-cf">
         <path>C:\ti\ccs830\ccsv8\tools\compiler\ti-cgt-arm_18.1.5.LTS\lib\</path>
         <kind>archive</kind>
         <file>rtsv7M4_T_le_v4SPD16_eabi.lib</file>
         <name>exit.c.obj</name>
      </input_file>
      <input_file id="fl-d0">
         <path>C:\ti\ccs830\ccsv8\tools\compiler\ti-cgt-arm_18.1.5.LTS\lib\</path>
         <kind>archive</kind>
         <file>rtsv7M4_T_le_v4SPD16_eabi.lib</file>
         <name>_lock.c.obj</name>
      </input_file>
      <input_file id="fl-d1">
         <path>C:\ti\ccs830\ccsv8\tools\compiler\ti-cgt-arm_18.1.5.LTS\lib\</path>
         <kind>archive</kind>
         <file>rtsv7M4_T_le_v4SPD16_eabi.lib</file>
         <name>args_main.c.obj</name>
      </input_file>
      <input_file id="fl-d2">
         <path>C:\ti\ccs830\ccsv8\tools\compiler\ti-cgt-arm_18.1.5.LTS\lib\</path>
         <kind>archive</kind>
         <file>rtsv7M4_T_le_v4SPD16_eabi.lib</file>
         <name>localtim.c.obj</name>
      </input_file>
      <input_file id="fl-d3">
         <path>C:\ti\ccs830\ccsv8\tools\compiler\ti-cgt-arm_18.1.5.LTS\lib\</path>
         <kind>archive</kind>
         <file>rtsv7M4_T_le_v4SPD16_eabi.lib</file>
         <name>mktime.c.obj</name>
      </input_file>
      <input_file id="fl-d4">
         <path>C:\ti\ccs830\ccsv8\tools\compiler\ti-cgt-arm_18.1.5.LTS\lib\</path>
         <kind>archive</kind>
         <file>rtsv7M4_T_le_v4SPD16_eabi.lib</file>
         <name>sprintf.c.obj</name>
      </input_file>
      <input_file id="fl-d5">
         <path>C:\ti\ccs830\ccsv8\tools\compiler\ti-cgt-arm_18.1.5.LTS\lib\</path>
         <kind>archive</kind>
         <file>rtsv7M4_T_le_v4SPD16_eabi.lib</file>
         <name>time.c.obj</name>
      </input_file>
      <input_file id="fl-d6">
         <path>C:\ti\ccs830\ccsv8\tools\compiler\ti-cgt-arm_18.1.5.LTS\lib\</path>
         <kind>archive</kind>
         <file>rtsv7M4_T_le_v4SPD16_eabi.lib</file>
         <name>tmzone.c.obj</name>
      </input_file>
      <input_file id="fl-d7">
         <path>C:\ti\ccs830\ccsv8\tools\compiler\ti-cgt-arm_18.1.5.LTS\lib\</path>
         <kind>archive</kind>
         <file>rtsv7M4_T_le_v4SPD16_eabi.lib</file>
         <name>hosttime.c.obj</name>
      </input_file>
      <input_file id="fl-d8">
         <path>C:\ti\ccs830\ccsv8\tools\compiler\ti-cgt-arm_18.1.5.LTS\lib\</path>
         <kind>archive</kind>
         <file>rtsv7M4_T_le_v4SPD16_eabi.lib</file>
         <name>trgmsg.c.obj</name>
      </input_file>
      <input_file id="fl-d9">
         <path>C:\ti\ccs830\ccsv8\tools\compiler\ti-cgt-arm_18.1.5.LTS\lib\</path>
         <kind>archive</kind>
         <file>rtsv7M4_T_le_v4SPD16_eabi.lib</file>
         <name>memset_t2.asm.obj</name>
      </input_file>
      <input_file id="fl-da">
         <path>C:\ti\ccs830\ccsv8\tools\compiler\ti-cgt-arm_18.1.5.LTS\lib\</path>
         <kind>archive</kind>
         <file>rtsv7M4_T_le_v4SPD16_eabi.lib</file>
         <name>u_divt2.asm.obj</name>
      </input_file>
      <input_file id="fl-db">
         <path>C:\ti\ccs830\ccsv8\tools\compiler\ti-cgt-arm_18.1.5.LTS\lib\</path>
         <kind>archive</kind>
         <file>rtsv7M4_T_le_v4SPD16_eabi.lib</file>
         <name>memcpy_t2.asm.obj</name>
      </input_file>
      <input_file id="fl-dc">
         <path>C:\ti\ccs830\ccsv8\tools\compiler\ti-cgt-arm_18.1.5.LTS\lib\</path>
         <kind>archive</kind>
         <file>rtsv7M4_T_le_v4SPD16_eabi.lib</file>
         <name>ll_div_t2.asm.obj</name>
      </input_file>
      <input_file id="fl-dd">
         <path>C:\ti\ccs830\ccsv8\tools\compiler\ti-cgt-arm_18.1.5.LTS\lib\</path>
         <kind>archive</kind>
         <file>rtsv7M4_T_le_v4SPD16_eabi.lib</file>
         <name>ull_div_t2.asm.obj</name>
      </input_file>
      <input_file id="fl-de">
         <path>C:\ti\ccs830\ccsv8\tools\compiler\ti-cgt-arm_18.1.5.LTS\lib\</path>
         <kind>archive</kind>
         <file>rtsv7M4_T_le_v4SPD16_eabi.lib</file>
         <name>autoinit.c.obj</name>
      </input_file>
      <input_file id="fl-df">
         <path>C:\ti\ccs830\ccsv8\tools\compiler\ti-cgt-arm_18.1.5.LTS\lib\</path>
         <kind>archive</kind>
         <file>rtsv7M4_T_le_v4SPD16_eabi.lib</file>
         <name>pre_init.c.obj</name>
      </input_file>
      <input_file id="fl-e0">
         <path>C:\ti\ccs830\ccsv8\tools\compiler\ti-cgt-arm_18.1.5.LTS\lib\</path>
         <kind>archive</kind>
         <file>rtsv7M4_T_le_v4SPD16_eabi.lib</file>
         <name>cpy_tbl.c.obj</name>
      </input_file>
      <input_file id="fl-e1">
         <path>C:\ti\ccs830\ccsv8\tools\compiler\ti-cgt-arm_18.1.5.LTS\lib\</path>
         <kind>archive</kind>
         <file>rtsv7M4_T_le_v4SPD16_eabi.lib</file>
         <name>_printfi.c.obj</name>
      </input_file>
      <input_file id="fl-e2">
         <path>C:\ti\ccs830\ccsv8\tools\compiler\ti-cgt-arm_18.1.5.LTS\lib\</path>
         <kind>archive</kind>
         <file>rtsv7M4_T_le_v4SPD16_eabi.lib</file>
         <name>atoi.c.obj</name>
      </input_file>
      <input_file id="fl-e3">
         <path>C:\ti\ccs830\ccsv8\tools\compiler\ti-cgt-arm_18.1.5.LTS\lib\</path>
         <kind>archive</kind>
         <file>rtsv7M4_T_le_v4SPD16_eabi.lib</file>
         <name>ctype.c.obj</name>
      </input_file>
      <input_file id="fl-e4">
         <path>C:\ti\ccs830\ccsv8\tools\compiler\ti-cgt-arm_18.1.5.LTS\lib\</path>
         <kind>archive</kind>
         <file>rtsv7M4_T_le_v4SPD16_eabi.lib</file>
         <name>ltoa.c.obj</name>
      </input_file>
      <input_file id="fl-e5">
         <path>C:\ti\ccs830\ccsv8\tools\compiler\ti-cgt-arm_18.1.5.LTS\lib\</path>
         <kind>archive</kind>
         <file>rtsv7M4_T_le_v4SPD16_eabi.lib</file>
         <name>memccpy.c.obj</name>
      </input_file>
      <input_file id="fl-e6">
         <path>C:\ti\ccs830\ccsv8\tools\compiler\ti-cgt-arm_18.1.5.LTS\lib\</path>
         <kind>archive</kind>
         <file>rtsv7M4_T_le_v4SPD16_eabi.lib</file>
         <name>strchr.c.obj</name>
      </input_file>
      <input_file id="fl-e7">
         <path>C:\ti\ccs830\ccsv8\tools\compiler\ti-cgt-arm_18.1.5.LTS\lib\</path>
         <kind>archive</kind>
         <file>rtsv7M4_T_le_v4SPD16_eabi.lib</file>
         <name>strlen.c.obj</name>
      </input_file>
      <input_file id="fl-e8">
         <path>C:\ti\ccs830\ccsv8\tools\compiler\ti-cgt-arm_18.1.5.LTS\lib\</path>
         <kind>archive</kind>
         <file>rtsv7M4_T_le_v4SPD16_eabi.lib</file>
         <name>hostopen.c.obj</name>
      </input_file>
      <input_file id="fl-e9">
         <path>C:\ti\ccs830\ccsv8\tools\compiler\ti-cgt-arm_18.1.5.LTS\lib\</path>
         <kind>archive</kind>
         <file>rtsv7M4_T_le_v4SPD16_eabi.lib</file>
         <name>s_frexp.c.obj</name>
      </input_file>
      <input_file id="fl-ea">
         <path>C:\ti\ccs830\ccsv8\tools\compiler\ti-cgt-arm_18.1.5.LTS\lib\</path>
         <kind>archive</kind>
         <file>rtsv7M4_T_le_v4SPD16_eabi.lib</file>
         <name>s_scalbn.c.obj</name>
      </input_file>
      <input_file id="fl-eb">
         <path>C:\ti\ccs830\ccsv8\tools\compiler\ti-cgt-arm_18.1.5.LTS\lib\</path>
         <kind>archive</kind>
         <file>rtsv7M4_T_le_v4SPD16_eabi.lib</file>
         <name>wcslen.c.obj</name>
      </input_file>
      <input_file id="fl-ec">
         <path>C:\ti\ccs830\ccsv8\tools\compiler\ti-cgt-arm_18.1.5.LTS\lib\</path>
         <kind>archive</kind>
         <file>rtsv7M4_T_le_v4SPD16_eabi.lib</file>
         <name>s_copysign.c.obj</name>
      </input_file>
      <input_file id="fl-ed">
         <path>C:\ti\ccs830\ccsv8\tools\compiler\ti-cgt-arm_18.1.5.LTS\lib\</path>
         <kind>archive</kind>
         <file>rtsv7M4_T_le_v4SPD16_eabi.lib</file>
         <name>div0.asm.obj</name>
      </input_file>
      <input_file id="fl-ee">
         <path>C:\ti\ccs830\ccsv8\tools\compiler\ti-cgt-arm_18.1.5.LTS\lib\</path>
         <kind>archive</kind>
         <file>rtsv7M4_T_le_v4SPD16_eabi.lib</file>
         <name>fd_add_t2.asm.obj</name>
      </input_file>
      <input_file id="fl-ef">
         <path>C:\ti\ccs830\ccsv8\tools\compiler\ti-cgt-arm_18.1.5.LTS\lib\</path>
         <kind>archive</kind>
         <file>rtsv7M4_T_le_v4SPD16_eabi.lib</file>
         <name>fd_cmp_t2.asm.obj</name>
      </input_file>
      <input_file id="fl-f0">
         <path>C:\ti\ccs830\ccsv8\tools\compiler\ti-cgt-arm_18.1.5.LTS\lib\</path>
         <kind>archive</kind>
         <file>rtsv7M4_T_le_v4SPD16_eabi.lib</file>
         <name>fd_div_t2.asm.obj</name>
      </input_file>
      <input_file id="fl-f1">
         <path>C:\ti\ccs830\ccsv8\tools\compiler\ti-cgt-arm_18.1.5.LTS\lib\</path>
         <kind>archive</kind>
         <file>rtsv7M4_T_le_v4SPD16_eabi.lib</file>
         <name>fd_mul_t2.asm.obj</name>
      </input_file>
      <input_file id="fl-f2">
         <path>C:\ti\ccs830\ccsv8\tools\compiler\ti-cgt-arm_18.1.5.LTS\lib\</path>
         <kind>archive</kind>
         <file>rtsv7M4_T_le_v4SPD16_eabi.lib</file>
         <name>fd_toi_t2.asm.obj</name>
      </input_file>
      <input_file id="fl-f3">
         <path>C:\ti\ccs830\ccsv8\tools\compiler\ti-cgt-arm_18.1.5.LTS\lib\</path>
         <kind>archive</kind>
         <file>rtsv7M4_T_le_v4SPD16_eabi.lib</file>
         <name>i_tofd_t2.asm.obj</name>
      </input_file>
      <input_file id="fl-f4">
         <path>C:\ti\ccs830\ccsv8\tools\compiler\ti-cgt-arm_18.1.5.LTS\lib\</path>
         <kind>archive</kind>
         <file>rtsv7M4_T_le_v4SPD16_eabi.lib</file>
         <name>errno.c.obj</name>
      </input_file>
   </input_file_list>
   <object_component_list>
      <object_component id="oc-23">
         <name>.intvecs:retain</name>
         <load_address>0x0</load_address>
         <run_address>0x0</run_address>
         <size>0xe4</size>
         <input_file_ref idref="fl-4"/>
      </object_component>
      <object_component id="oc-233">
         <name>.text:__TI_printfi</name>
         <load_address>0xe4</load_address>
         <run_address>0xe4</run_address>
         <size>0xa5e</size>
         <input_file_ref idref="fl-e1"/>
      </object_component>
      <object_component id="oc-6a">
         <name>.text:Default_Handler</name>
         <load_address>0xb42</load_address>
         <run_address>0xb42</run_address>
         <size>0x2</size>
         <input_file_ref idref="fl-4"/>
      </object_component>
      <object_component id="oc-220">
         <name>.text:__mktime32</name>
         <load_address>0xb44</load_address>
         <run_address>0xb44</run_address>
         <size>0x2a0</size>
         <input_file_ref idref="fl-d3"/>
      </object_component>
      <object_component id="oc-1e4">
         <name>.text:__PCM_setPowerStateAdvanced</name>
         <load_address>0xde4</load_address>
         <run_address>0xde4</run_address>
         <size>0x28a</size>
         <input_file_ref idref="fl-10"/>
      </object_component>
      <object_component id="oc-288">
         <name>.text:_nop</name>
         <load_address>0x106e</load_address>
         <run_address>0x106e</run_address>
         <size>0x2</size>
         <input_file_ref idref="fl-d0"/>
      </object_component>
      <object_component id="oc-308">
         <name>.text:_pconv_a</name>
         <load_address>0x1070</load_address>
         <run_address>0x1070</run_address>
         <size>0x270</size>
         <input_file_ref idref="fl-e1"/>
      </object_component>
      <object_component id="oc-2f6">
         <name>.text:_pconv_g</name>
         <load_address>0x12e0</load_address>
         <run_address>0x12e0</run_address>
         <size>0x1d0</size>
         <input_file_ref idref="fl-e1"/>
      </object_component>
      <object_component id="oc-3af">
         <name>.text</name>
         <load_address>0x14b0</load_address>
         <run_address>0x14b0</run_address>
         <size>0x1b6</size>
         <input_file_ref idref="fl-ee"/>
      </object_component>
      <object_component id="oc-2c3">
         <name>.text</name>
         <load_address>0x1666</load_address>
         <run_address>0x1666</run_address>
         <size>0x2</size>
         <input_file_ref idref="fl-ed"/>
      </object_component>
      <object_component id="oc-267">
         <name>.text:__PCM_setPowerModeAdvanced</name>
         <load_address>0x1668</load_address>
         <run_address>0x1668</run_address>
         <size>0x15c</size>
         <input_file_ref idref="fl-10"/>
      </object_component>
      <object_component id="oc-302">
         <name>.text:_pconv_e</name>
         <load_address>0x17c4</load_address>
         <run_address>0x17c4</run_address>
         <size>0x13c</size>
         <input_file_ref idref="fl-e1"/>
      </object_component>
      <object_component id="oc-395">
         <name>.text</name>
         <load_address>0x1900</load_address>
         <run_address>0x1900</run_address>
         <size>0x136</size>
         <input_file_ref idref="fl-f0"/>
      </object_component>
      <object_component id="oc-193">
         <name>.text:__localtime32</name>
         <load_address>0x1a38</load_address>
         <run_address>0x1a38</run_address>
         <size>0x134</size>
         <input_file_ref idref="fl-d2"/>
      </object_component>
      <object_component id="oc-3c1">
         <name>.text:fcvt</name>
         <load_address>0x1b6c</load_address>
         <run_address>0x1b6c</run_address>
         <size>0x124</size>
         <input_file_ref idref="fl-e1"/>
      </object_component>
      <object_component id="oc-3d5">
         <name>.text:scalbn</name>
         <load_address>0x1c90</load_address>
         <run_address>0x1c90</run_address>
         <size>0x110</size>
         <input_file_ref idref="fl-ea"/>
      </object_component>
      <object_component id="oc-261">
         <name>.text:__PCM_setCoreVoltageLevelAdvanced</name>
         <load_address>0x1da0</load_address>
         <run_address>0x1da0</run_address>
         <size>0x108</size>
         <input_file_ref idref="fl-10"/>
      </object_component>
      <object_component id="oc-112">
         <name>.text:UART_initModule</name>
         <load_address>0x1ea8</load_address>
         <run_address>0x1ea8</run_address>
         <size>0xfc</size>
         <input_file_ref idref="fl-13"/>
      </object_component>
      <object_component id="oc-390">
         <name>.text</name>
         <load_address>0x1fa4</load_address>
         <run_address>0x1fa4</run_address>
         <size>0xfc</size>
         <input_file_ref idref="fl-f1"/>
      </object_component>
      <object_component id="oc-c8">
         <name>.text:get_time</name>
         <load_address>0x20a0</load_address>
         <run_address>0x20a0</run_address>
         <size>0xc0</size>
         <input_file_ref idref="fl-2"/>
      </object_component>
      <object_component id="oc-70">
         <name>.text:EUSCIA0_IRQHandler</name>
         <load_address>0x2160</load_address>
         <run_address>0x2160</run_address>
         <size>0xbc</size>
         <input_file_ref idref="fl-2"/>
      </object_component>
      <object_component id="oc-2eb">
         <name>.text:_ltostr</name>
         <load_address>0x221c</load_address>
         <run_address>0x221c</run_address>
         <size>0xb1</size>
         <input_file_ref idref="fl-e1"/>
      </object_component>
      <object_component id="oc-34">
         <name>.text</name>
         <load_address>0x22ce</load_address>
         <run_address>0x22ce</run_address>
         <size>0x9c</size>
         <input_file_ref idref="fl-db"/>
      </object_component>
      <object_component id="oc-37c">
         <name>.text</name>
         <load_address>0x236a</load_address>
         <run_address>0x236a</run_address>
         <size>0x96</size>
         <input_file_ref idref="fl-dd"/>
      </object_component>
      <object_component id="oc-fa">
         <name>.text:GPIO_setAsPeripheralModuleFunctionInputPin</name>
         <load_address>0x2400</load_address>
         <run_address>0x2400</run_address>
         <size>0x88</size>
         <input_file_ref idref="fl-e"/>
      </object_component>
      <object_component id="oc-2f1">
         <name>.text:__aeabi_cdcmple</name>
         <load_address>0x2488</load_address>
         <run_address>0x2488</run_address>
         <size>0x86</size>
         <input_file_ref idref="fl-ef"/>
      </object_component>
      <object_component id="oc-39a">
         <name>.text:__aeabi_cdrcmple</name>
         <load_address>0x250e</load_address>
         <run_address>0x250e</run_address>
         <size>0x86</size>
         <input_file_ref idref="fl-ef"/>
      </object_component>
      <object_component id="oc-273">
         <name>.text:PCM_gotoLPM3</name>
         <load_address>0x2594</load_address>
         <run_address>0x2594</run_address>
         <size>0x84</size>
         <input_file_ref idref="fl-10"/>
      </object_component>
      <object_component id="oc-124">
         <name>.text:Interrupt_enableInterrupt</name>
         <load_address>0x2618</load_address>
         <run_address>0x2618</run_address>
         <size>0x80</size>
         <input_file_ref idref="fl-f"/>
      </object_component>
      <object_component id="oc-90">
         <name>.text</name>
         <load_address>0x2698</load_address>
         <run_address>0x2698</run_address>
         <size>0x7a</size>
         <input_file_ref idref="fl-d9"/>
      </object_component>
      <object_component id="oc-ae">
         <name>.text:SystemInit</name>
         <load_address>0x2714</load_address>
         <run_address>0x2714</run_address>
         <size>0x78</size>
         <input_file_ref idref="fl-3"/>
      </object_component>
      <object_component id="oc-3ba">
         <name>.text:_mcpy</name>
         <load_address>0x278c</load_address>
         <run_address>0x278c</run_address>
         <size>0x6e</size>
         <input_file_ref idref="fl-e1"/>
      </object_component>
      <object_component id="oc-2c9">
         <name>.text</name>
         <load_address>0x27fa</load_address>
         <run_address>0x27fa</run_address>
         <size>0x6e</size>
         <input_file_ref idref="fl-dc"/>
      </object_component>
      <object_component id="oc-14">
         <name>.text:decompress:lzss:__TI_decompress_lzss</name>
         <load_address>0x2868</load_address>
         <run_address>0x2868</run_address>
         <size>0x68</size>
         <input_file_ref idref="fl-cd"/>
      </object_component>
      <object_component id="oc-3cf">
         <name>.text:frexp</name>
         <load_address>0x28d0</load_address>
         <run_address>0x28d0</run_address>
         <size>0x64</size>
         <input_file_ref idref="fl-e9"/>
      </object_component>
      <object_component id="oc-341">
         <name>.text:PCM_getCoreVoltageLevel</name>
         <load_address>0x2934</load_address>
         <run_address>0x2934</run_address>
         <size>0x5e</size>
         <input_file_ref idref="fl-10"/>
      </object_component>
      <object_component id="oc-9c">
         <name>.text:main</name>
         <load_address>0x2994</load_address>
         <run_address>0x2994</run_address>
         <size>0x5c</size>
         <input_file_ref idref="fl-2"/>
      </object_component>
      <object_component id="oc-33b">
         <name>.text:PCM_getPowerMode</name>
         <load_address>0x29f0</load_address>
         <run_address>0x29f0</run_address>
         <size>0x5a</size>
         <input_file_ref idref="fl-10"/>
      </object_component>
      <object_component id="oc-b6">
         <name>.text:UART_getEnabledInterruptStatus</name>
         <load_address>0x2a4a</load_address>
         <run_address>0x2a4a</run_address>
         <size>0x56</size>
         <input_file_ref idref="fl-13"/>
      </object_component>
      <object_component id="oc-2fc">
         <name>.text:_pconv_f</name>
         <load_address>0x2aa0</load_address>
         <run_address>0x2aa0</run_address>
         <size>0x56</size>
         <input_file_ref idref="fl-e1"/>
      </object_component>
      <object_component id="oc-27f">
         <name>.text:PCM_shutdownDevice</name>
         <load_address>0x2af8</load_address>
         <run_address>0x2af8</run_address>
         <size>0x54</size>
         <input_file_ref idref="fl-10"/>
      </object_component>
      <object_component id="oc-3a4">
         <name>.text:ltoa</name>
         <load_address>0x2b4c</load_address>
         <run_address>0x2b4c</run_address>
         <size>0x54</size>
         <input_file_ref idref="fl-e4"/>
      </object_component>
      <object_component id="oc-3b4">
         <name>.text:_ecpy</name>
         <load_address>0x2ba0</load_address>
         <run_address>0x2ba0</run_address>
         <size>0x52</size>
         <input_file_ref idref="fl-e1"/>
      </object_component>
      <object_component id="oc-2e5">
         <name>.text:atoi</name>
         <load_address>0x2bf4</load_address>
         <run_address>0x2bf4</run_address>
         <size>0x4c</size>
         <input_file_ref idref="fl-e2"/>
      </object_component>
      <object_component id="oc-20e">
         <name>.text:HOSTtime</name>
         <load_address>0x2c40</load_address>
         <run_address>0x2c40</run_address>
         <size>0x48</size>
         <input_file_ref idref="fl-d7"/>
      </object_component>
      <object_component id="oc-39f">
         <name>.text</name>
         <load_address>0x2c88</load_address>
         <run_address>0x2c88</run_address>
         <size>0x48</size>
         <input_file_ref idref="fl-f2"/>
      </object_component>
      <object_component id="oc-14c">
         <name>.text:__TI_auto_init_nobinit_nopinit:__TI_auto_init_nobinit_nopinit</name>
         <load_address>0x2cd0</load_address>
         <run_address>0x2cd0</run_address>
         <size>0x44</size>
         <input_file_ref idref="fl-de"/>
      </object_component>
      <object_component id="oc-100">
         <name>.text:GPIO_setAsOutputPin</name>
         <load_address>0x2d14</load_address>
         <run_address>0x2d14</run_address>
         <size>0x40</size>
         <input_file_ref idref="fl-e"/>
      </object_component>
      <object_component id="oc-21b">
         <name>.text</name>
         <load_address>0x2d54</load_address>
         <run_address>0x2d54</run_address>
         <size>0x40</size>
         <input_file_ref idref="fl-da"/>
      </object_component>
      <object_component id="oc-199">
         <name>.text:sprintf</name>
         <load_address>0x2d94</load_address>
         <run_address>0x2d94</run_address>
         <size>0x40</size>
         <input_file_ref idref="fl-d4"/>
      </object_component>
      <object_component id="oc-3c7">
         <name>.text:_fcpy</name>
         <load_address>0x2dd4</load_address>
         <run_address>0x2dd4</run_address>
         <size>0x3e</size>
         <input_file_ref idref="fl-e1"/>
      </object_component>
      <object_component id="oc-2a7">
         <name>.text:__TI_writemsg</name>
         <load_address>0x2e14</load_address>
         <run_address>0x2e14</run_address>
         <size>0x38</size>
         <input_file_ref idref="fl-d8"/>
      </object_component>
      <object_component id="oc-52">
         <name>.text:_c_int00_noargs:_c_int00_noargs</name>
         <load_address>0x2e4c</load_address>
         <run_address>0x2e4c</run_address>
         <size>0x38</size>
         <input_file_ref idref="fl-ce"/>
      </object_component>
      <object_component id="oc-10c">
         <name>.text:CS_setDCOCenteredFrequency</name>
         <load_address>0x2e84</load_address>
         <run_address>0x2e84</run_address>
         <size>0x34</size>
         <input_file_ref idref="fl-d"/>
      </object_component>
      <object_component id="oc-1aa">
         <name>.text:UART_transmitData</name>
         <load_address>0x2eb8</load_address>
         <run_address>0x2eb8</run_address>
         <size>0x34</size>
         <input_file_ref idref="fl-13"/>
      </object_component>
      <object_component id="oc-2ad">
         <name>.text:__TI_readmsg</name>
         <load_address>0x2eec</load_address>
         <run_address>0x2eec</run_address>
         <size>0x34</size>
         <input_file_ref idref="fl-d8"/>
      </object_component>
      <object_component id="oc-11e">
         <name>.text:UART_enableInterrupt</name>
         <load_address>0x2f20</load_address>
         <run_address>0x2f20</run_address>
         <size>0x30</size>
         <input_file_ref idref="fl-13"/>
      </object_component>
      <object_component id="oc-c2">
         <name>.text:UART_receiveData</name>
         <load_address>0x2f50</load_address>
         <run_address>0x2f50</run_address>
         <size>0x30</size>
         <input_file_ref idref="fl-13"/>
      </object_component>
      <object_component id="oc-3aa">
         <name>.text</name>
         <load_address>0x2f80</load_address>
         <run_address>0x2f80</run_address>
         <size>0x2e</size>
         <input_file_ref idref="fl-f3"/>
      </object_component>
      <object_component id="oc-357">
         <name>.text:RTC_C_holdClock</name>
         <load_address>0x2fb0</load_address>
         <run_address>0x2fb0</run_address>
         <size>0x2c</size>
         <input_file_ref idref="fl-11"/>
      </object_component>
      <object_component id="oc-106">
         <name>.text:GPIO_setOutputLowOnPin</name>
         <load_address>0x2fdc</load_address>
         <run_address>0x2fdc</run_address>
         <size>0x28</size>
         <input_file_ref idref="fl-e"/>
      </object_component>
      <object_component id="oc-26d">
         <name>.text:PCM_gotoLPM0</name>
         <load_address>0x3004</load_address>
         <run_address>0x3004</run_address>
         <size>0x28</size>
         <input_file_ref idref="fl-10"/>
      </object_component>
      <object_component id="oc-ce">
         <name>.text:UART_sendStr</name>
         <load_address>0x302c</load_address>
         <run_address>0x302c</run_address>
         <size>0x24</size>
         <input_file_ref idref="fl-2"/>
      </object_component>
      <object_component id="oc-f4">
         <name>.text:WDT_A_holdTimer</name>
         <load_address>0x3050</load_address>
         <run_address>0x3050</run_address>
         <size>0x24</size>
         <input_file_ref idref="fl-14"/>
      </object_component>
      <object_component id="oc-30e">
         <name>.text:memccpy</name>
         <load_address>0x3074</load_address>
         <run_address>0x3074</run_address>
         <size>0x1c</size>
         <input_file_ref idref="fl-e5"/>
      </object_component>
      <object_component id="oc-17f">
         <name>.text:UART_getInterruptStatus</name>
         <load_address>0x3090</load_address>
         <run_address>0x3090</run_address>
         <size>0x18</size>
         <input_file_ref idref="fl-13"/>
      </object_component>
      <object_component id="oc-239">
         <name>.text:_outs</name>
         <load_address>0x30a8</load_address>
         <run_address>0x30a8</run_address>
         <size>0x18</size>
         <input_file_ref idref="fl-d4"/>
      </object_component>
      <object_component id="oc-bc">
         <name>.text:UART_clearInterruptFlag</name>
         <load_address>0x30c0</load_address>
         <run_address>0x30c0</run_address>
         <size>0x16</size>
         <input_file_ref idref="fl-13"/>
      </object_component>
      <object_component id="oc-118">
         <name>.text:UART_enableModule</name>
         <load_address>0x30d6</load_address>
         <run_address>0x30d6</run_address>
         <size>0x16</size>
         <input_file_ref idref="fl-13"/>
      </object_component>
      <object_component id="oc-3db">
         <name>.text:strchr</name>
         <load_address>0x30ec</load_address>
         <run_address>0x30ec</run_address>
         <size>0x16</size>
         <input_file_ref idref="fl-e6"/>
      </object_component>
      <object_component id="oc-25b">
         <name>.text:PCM_getPowerState</name>
         <load_address>0x3104</load_address>
         <run_address>0x3104</run_address>
         <size>0x14</size>
         <input_file_ref idref="fl-10"/>
      </object_component>
      <object_component id="oc-42e">
         <name>.text:copysign</name>
         <load_address>0x3118</load_address>
         <run_address>0x3118</run_address>
         <size>0x14</size>
         <input_file_ref idref="fl-ec"/>
      </object_component>
      <object_component id="oc-2df">
         <name>.text:strlen</name>
         <load_address>0x312c</load_address>
         <run_address>0x312c</run_address>
         <size>0x14</size>
         <input_file_ref idref="fl-e7"/>
      </object_component>
      <object_component id="oc-40">
         <name>.text:decompress:ZI:__TI_zero_init_nomemset:__TI_zero_init_nomemset</name>
         <load_address>0x3140</load_address>
         <run_address>0x3140</run_address>
         <size>0x12</size>
         <input_file_ref idref="fl-cb"/>
      </object_component>
      <object_component id="oc-314">
         <name>.text:wcslen</name>
         <load_address>0x3152</load_address>
         <run_address>0x3152</run_address>
         <size>0x12</size>
         <input_file_ref idref="fl-eb"/>
      </object_component>
      <object_component id="oc-130">
         <name>.text:Interrupt_enableMaster</name>
         <load_address>0x3164</load_address>
         <run_address>0x3164</run_address>
         <size>0x10</size>
         <input_file_ref idref="fl-f"/>
      </object_component>
      <object_component id="oc-12a">
         <name>.text:Interrupt_enableSleepOnIsrExit</name>
         <load_address>0x3174</load_address>
         <run_address>0x3174</run_address>
         <size>0x10</size>
         <input_file_ref idref="fl-f"/>
      </object_component>
      <object_component id="oc-279">
         <name>.text:PCM_gotoLPM4</name>
         <load_address>0x3184</load_address>
         <run_address>0x3184</run_address>
         <size>0x10</size>
         <input_file_ref idref="fl-10"/>
      </object_component>
      <object_component id="oc-347">
         <name>.text:PCM_setPowerMode</name>
         <load_address>0x3194</load_address>
         <run_address>0x3194</run_address>
         <size>0x10</size>
         <input_file_ref idref="fl-10"/>
      </object_component>
      <object_component id="oc-136">
         <name>.text:PCM_setPowerState</name>
         <load_address>0x31a4</load_address>
         <run_address>0x31a4</run_address>
         <size>0x10</size>
         <input_file_ref idref="fl-10"/>
      </object_component>
      <object_component id="oc-18d">
         <name>.text:__time32</name>
         <load_address>0x31b4</load_address>
         <run_address>0x31b4</run_address>
         <size>0xe</size>
         <input_file_ref idref="fl-d5"/>
      </object_component>
      <object_component id="oc-1a">
         <name>.text:decompress:none:__TI_decompress_none</name>
         <load_address>0x31c2</load_address>
         <run_address>0x31c2</run_address>
         <size>0xe</size>
         <input_file_ref idref="fl-cc"/>
      </object_component>
      <object_component id="oc-1dd">
         <name>.text:CPU_cpsie</name>
         <load_address>0x31d0</load_address>
         <run_address>0x31d0</run_address>
         <size>0xc</size>
         <input_file_ref idref="fl-15"/>
      </object_component>
      <object_component id="oc-64">
         <name>.text:Reset_Handler</name>
         <load_address>0x31dc</load_address>
         <run_address>0x31dc</run_address>
         <size>0xc</size>
         <input_file_ref idref="fl-4"/>
      </object_component>
      <object_component id="oc-23f">
         <name>.text:_outc</name>
         <load_address>0x31e8</load_address>
         <run_address>0x31e8</run_address>
         <size>0xa</size>
         <input_file_ref idref="fl-d4"/>
      </object_component>
      <object_component id="oc-31a">
         <name>.text:__aeabi_errno_addr</name>
         <load_address>0x31f4</load_address>
         <run_address>0x31f4</run_address>
         <size>0x8</size>
         <input_file_ref idref="fl-f4"/>
      </object_component>
      <object_component id="oc-34f">
         <name>.text:CPU_wfi</name>
         <load_address>0x31fc</load_address>
         <run_address>0x31fc</run_address>
         <size>0x4</size>
         <input_file_ref idref="fl-15"/>
      </object_component>
      <object_component id="oc-96">
         <name>.text:_system_pre_init</name>
         <load_address>0x3200</load_address>
         <run_address>0x3200</run_address>
         <size>0x4</size>
         <input_file_ref idref="fl-df"/>
      </object_component>
      <object_component id="oc-140">
         <name>.text:abort:abort</name>
         <load_address>0x3204</load_address>
         <run_address>0x3204</run_address>
         <size>0x4</size>
         <input_file_ref idref="fl-cf"/>
      </object_component>
      <object_component id="oc-389">
         <name>.const:.string:_ctypes_</name>
         <load_address>0x3208</load_address>
         <run_address>0x3208</run_address>
         <size>0x101</size>
         <input_file_ref idref="fl-e3"/>
      </object_component>
      <object_component id="oc-2ce">
         <name>.const:$O1$$</name>
         <load_address>0x330c</load_address>
         <run_address>0x330c</run_address>
         <size>0x60</size>
         <input_file_ref idref="fl-d3"/>
      </object_component>
      <object_component id="oc-1cd">
         <name>.const:GPIO_PORT_TO_BASE</name>
         <load_address>0x336c</load_address>
         <run_address>0x336c</run_address>
         <size>0x30</size>
         <input_file_ref idref="fl-e"/>
      </object_component>
      <object_component id="oc-13c">
         <name>.const:uartConfig</name>
         <load_address>0x339c</load_address>
         <run_address>0x339c</run_address>
         <size>0x24</size>
         <input_file_ref idref="fl-2"/>
      </object_component>
      <object_component id="oc-1d8">
         <name>.const:g_pulEnRegs</name>
         <load_address>0x33c0</load_address>
         <run_address>0x33c0</run_address>
         <size>0x8</size>
         <input_file_ref idref="fl-f"/>
      </object_component>
      <object_component id="oc-489">
         <name>.cinit..data.load</name>
         <load_address>0x33c8</load_address>
         <run_address>0x33c8</run_address>
         <size>0x20</size>
      </object_component>
      <object_component id="oc-487">
         <name>__TI_handler_table</name>
         <load_address>0x33e8</load_address>
         <run_address>0x33e8</run_address>
         <size>0xc</size>
      </object_component>
      <object_component id="oc-48a">
         <name>.cinit..bss.load</name>
         <load_address>0x33f8</load_address>
         <run_address>0x33f8</run_address>
         <size>0x8</size>
      </object_component>
      <object_component id="oc-488">
         <name>__TI_cinit_table</name>
         <load_address>0x3400</load_address>
         <run_address>0x3400</run_address>
         <size>0x10</size>
      </object_component>
      <object_component id="oc-45c">
         <name>.binit</name>
         <load_address>0x0</load_address>
         <run_address>0x0</run_address>
         <size>0x0</size>
      </object_component>
      <object_component id="oc-1f1">
         <name>.data:$O1$$</name>
         <load_address>0x20000184</load_address>
         <run_address>0x20000184</run_address>
         <size>0x8</size>
         <input_file_ref idref="fl-d0"/>
      </object_component>
      <object_component id="oc-229">
         <name>.data:local_tm</name>
         <load_address>0x20000150</load_address>
         <run_address>0x20000150</run_address>
         <size>0x24</size>
         <input_file_ref idref="fl-d2"/>
      </object_component>
      <object_component id="oc-226">
         <name>.data:_tz</name>
         <load_address>0x20000174</load_address>
         <run_address>0x20000174</run_address>
         <size>0x10</size>
         <input_file_ref idref="fl-d6"/>
      </object_component>
      <object_component id="oc-3eb">
         <name>.data</name>
         <load_address>0x2000018c</load_address>
         <run_address>0x2000018c</run_address>
         <size>0x4</size>
         <input_file_ref idref="fl-f4"/>
      </object_component>
      <object_component id="oc-36e">
         <name>.bss:_CIOBUF_</name>
         <uninitialized>true</uninitialized>
         <run_address>0x20000000</run_address>
         <size>0x120</size>
         <input_file_ref idref="fl-d8"/>
      </object_component>
      <object_component id="oc-d4">
         <name>.common:timestamp</name>
         <uninitialized>true</uninitialized>
         <run_address>0x20000120</run_address>
         <size>0x28</size>
      </object_component>
      <object_component id="oc-2b3">
         <name>.common:parmbuf</name>
         <uninitialized>true</uninitialized>
         <run_address>0x20000148</run_address>
         <size>0x8</size>
      </object_component>
      <object_component id="oc-26">
         <name>.stack</name>
         <uninitialized>true</uninitialized>
         <run_address>0x2000fe00</run_address>
         <size>0x4</size>
         <input_file_ref idref="fl-ce"/>
      </object_component>
      <object_component id="oc-48b">
         <name>.stack</name>
         <uninitialized>true</uninitialized>
         <run_address>0x2000fe00</run_address>
         <size>0x0</size>
      </object_component>
      <object_component id="oc-d5">
         <name>.debug_info</name>
         <load_address>0x0</load_address>
         <run_address>0x0</run_address>
         <size>0xa29</size>
         <input_file_ref idref="fl-2"/>
      </object_component>
      <object_component id="oc-13d">
         <name>.debug_info</name>
         <load_address>0xa29</load_address>
         <run_address>0xa29</run_address>
         <size>0xbc</size>
         <input_file_ref idref="fl-2"/>
      </object_component>
      <object_component id="oc-d0">
         <name>.debug_info</name>
         <load_address>0xae5</load_address>
         <run_address>0xae5</run_address>
         <size>0x121</size>
         <input_file_ref idref="fl-2"/>
      </object_component>
      <object_component id="oc-ca">
         <name>.debug_info</name>
         <load_address>0xc06</load_address>
         <run_address>0xc06</run_address>
         <size>0x1b7</size>
         <input_file_ref idref="fl-2"/>
      </object_component>
      <object_component id="oc-9e">
         <name>.debug_info</name>
         <load_address>0xdbd</load_address>
         <run_address>0xdbd</run_address>
         <size>0x23c</size>
         <input_file_ref idref="fl-2"/>
      </object_component>
      <object_component id="oc-72">
         <name>.debug_info</name>
         <load_address>0xff9</load_address>
         <run_address>0xff9</run_address>
         <size>0x28f</size>
         <input_file_ref idref="fl-2"/>
      </object_component>
      <object_component id="oc-df">
         <name>.debug_info</name>
         <load_address>0x1288</load_address>
         <run_address>0x1288</run_address>
         <size>0x26b</size>
         <input_file_ref idref="fl-2"/>
      </object_component>
      <object_component id="oc-1b8">
         <name>.debug_info</name>
         <load_address>0x14f3</load_address>
         <run_address>0x14f3</run_address>
         <size>0x1055</size>
         <input_file_ref idref="fl-2"/>
      </object_component>
      <object_component id="oc-1b3">
         <name>.debug_info</name>
         <load_address>0x2548</load_address>
         <run_address>0x2548</run_address>
         <size>0x37e2</size>
         <input_file_ref idref="fl-2"/>
      </object_component>
      <object_component id="oc-1a5">
         <name>.debug_info</name>
         <load_address>0x5d2a</load_address>
         <run_address>0x5d2a</run_address>
         <size>0x196</size>
         <input_file_ref idref="fl-2"/>
      </object_component>
      <object_component id="oc-1a0">
         <name>.debug_info</name>
         <load_address>0x5ec0</load_address>
         <run_address>0x5ec0</run_address>
         <size>0x8b</size>
         <input_file_ref idref="fl-2"/>
      </object_component>
      <object_component id="oc-1c7">
         <name>.debug_info</name>
         <load_address>0x5f4b</load_address>
         <run_address>0x5f4b</run_address>
         <size>0x297</size>
         <input_file_ref idref="fl-2"/>
      </object_component>
      <object_component id="oc-186">
         <name>.debug_info</name>
         <load_address>0x61e2</load_address>
         <run_address>0x61e2</run_address>
         <size>0xef</size>
         <input_file_ref idref="fl-2"/>
      </object_component>
      <object_component id="oc-d8">
         <name>.debug_info</name>
         <load_address>0x62d1</load_address>
         <run_address>0x62d1</run_address>
         <size>0xbb</size>
         <input_file_ref idref="fl-2"/>
      </object_component>
      <object_component id="oc-1bd">
         <name>.debug_info</name>
         <load_address>0x638c</load_address>
         <run_address>0x638c</run_address>
         <size>0xee</size>
         <input_file_ref idref="fl-2"/>
      </object_component>
      <object_component id="oc-1c2">
         <name>.debug_info</name>
         <load_address>0x647a</load_address>
         <run_address>0x647a</run_address>
         <size>0x35</size>
         <input_file_ref idref="fl-2"/>
      </object_component>
      <object_component id="oc-af">
         <name>.debug_info</name>
         <load_address>0x64af</load_address>
         <run_address>0x64af</run_address>
         <size>0x113</size>
         <input_file_ref idref="fl-3"/>
      </object_component>
      <object_component id="oc-2f">
         <name>.debug_info</name>
         <load_address>0x65c2</load_address>
         <run_address>0x65c2</run_address>
         <size>0x84</size>
         <input_file_ref idref="fl-3"/>
      </object_component>
      <object_component id="oc-78">
         <name>.debug_info</name>
         <load_address>0x6646</load_address>
         <run_address>0x6646</run_address>
         <size>0x2b3</size>
         <input_file_ref idref="fl-4"/>
      </object_component>
      <object_component id="oc-24">
         <name>.debug_info</name>
         <load_address>0x68f9</load_address>
         <run_address>0x68f9</run_address>
         <size>0xdf</size>
         <input_file_ref idref="fl-4"/>
      </object_component>
      <object_component id="oc-65">
         <name>.debug_info</name>
         <load_address>0x69d8</load_address>
         <run_address>0x69d8</run_address>
         <size>0x142</size>
         <input_file_ref idref="fl-4"/>
      </object_component>
      <object_component id="oc-6b">
         <name>.debug_info</name>
         <load_address>0x6b1a</load_address>
         <run_address>0x6b1a</run_address>
         <size>0x12a</size>
         <input_file_ref idref="fl-4"/>
      </object_component>
      <object_component id="oc-337">
         <name>.debug_info</name>
         <load_address>0x6c44</load_address>
         <run_address>0x6c44</run_address>
         <size>0x803</size>
         <input_file_ref idref="fl-d"/>
      </object_component>
      <object_component id="oc-10d">
         <name>.debug_info</name>
         <load_address>0x7447</load_address>
         <run_address>0x7447</run_address>
         <size>0x1e1</size>
         <input_file_ref idref="fl-d"/>
      </object_component>
      <object_component id="oc-252">
         <name>.debug_info</name>
         <load_address>0x7628</load_address>
         <run_address>0x7628</run_address>
         <size>0x431a</size>
         <input_file_ref idref="fl-d"/>
      </object_component>
      <object_component id="oc-403">
         <name>.debug_info</name>
         <load_address>0xb942</load_address>
         <run_address>0xb942</run_address>
         <size>0x1b5</size>
         <input_file_ref idref="fl-d"/>
      </object_component>
      <object_component id="oc-24f">
         <name>.debug_info</name>
         <load_address>0xbaf7</load_address>
         <run_address>0xbaf7</run_address>
         <size>0x6fd</size>
         <input_file_ref idref="fl-e"/>
      </object_component>
      <object_component id="oc-1ce">
         <name>.debug_info</name>
         <load_address>0xc1f4</load_address>
         <run_address>0xc1f4</run_address>
         <size>0x131</size>
         <input_file_ref idref="fl-e"/>
      </object_component>
      <object_component id="oc-102">
         <name>.debug_info</name>
         <load_address>0xc325</load_address>
         <run_address>0xc325</run_address>
         <size>0x24e</size>
         <input_file_ref idref="fl-e"/>
      </object_component>
      <object_component id="oc-fc">
         <name>.debug_info</name>
         <load_address>0xc573</load_address>
         <run_address>0xc573</run_address>
         <size>0x29f</size>
         <input_file_ref idref="fl-e"/>
      </object_component>
      <object_component id="oc-107">
         <name>.debug_info</name>
         <load_address>0xc812</load_address>
         <run_address>0xc812</run_address>
         <size>0x254</size>
         <input_file_ref idref="fl-e"/>
      </object_component>
      <object_component id="oc-259">
         <name>.debug_info</name>
         <load_address>0xca66</load_address>
         <run_address>0xca66</run_address>
         <size>0x68b</size>
         <input_file_ref idref="fl-f"/>
      </object_component>
      <object_component id="oc-1d9">
         <name>.debug_info</name>
         <load_address>0xd0f1</load_address>
         <run_address>0xd0f1</run_address>
         <size>0x12a</size>
         <input_file_ref idref="fl-f"/>
      </object_component>
      <object_component id="oc-132">
         <name>.debug_info</name>
         <load_address>0xd21b</load_address>
         <run_address>0xd21b</run_address>
         <size>0x1d1</size>
         <input_file_ref idref="fl-f"/>
      </object_component>
      <object_component id="oc-126">
         <name>.debug_info</name>
         <load_address>0xd3ec</load_address>
         <run_address>0xd3ec</run_address>
         <size>0x215</size>
         <input_file_ref idref="fl-f"/>
      </object_component>
      <object_component id="oc-12c">
         <name>.debug_info</name>
         <load_address>0xd601</load_address>
         <run_address>0xd601</run_address>
         <size>0x1d0</size>
         <input_file_ref idref="fl-f"/>
      </object_component>
      <object_component id="oc-262">
         <name>.debug_info</name>
         <load_address>0xd7d1</load_address>
         <run_address>0xd7d1</run_address>
         <size>0x3a1</size>
         <input_file_ref idref="fl-10"/>
      </object_component>
      <object_component id="oc-33c">
         <name>.debug_info</name>
         <load_address>0xdb72</load_address>
         <run_address>0xdb72</run_address>
         <size>0x1e7</size>
         <input_file_ref idref="fl-10"/>
      </object_component>
      <object_component id="oc-342">
         <name>.debug_info</name>
         <load_address>0xdd59</load_address>
         <run_address>0xdd59</run_address>
         <size>0x1f5</size>
         <input_file_ref idref="fl-10"/>
      </object_component>
      <object_component id="oc-268">
         <name>.debug_info</name>
         <load_address>0xdf4e</load_address>
         <run_address>0xdf4e</run_address>
         <size>0x342</size>
         <input_file_ref idref="fl-10"/>
      </object_component>
      <object_component id="oc-348">
         <name>.debug_info</name>
         <load_address>0xe290</load_address>
         <run_address>0xe290</run_address>
         <size>0x1fe</size>
         <input_file_ref idref="fl-10"/>
      </object_component>
      <object_component id="oc-1e5">
         <name>.debug_info</name>
         <load_address>0xe48e</load_address>
         <run_address>0xe48e</run_address>
         <size>0x6d4</size>
         <input_file_ref idref="fl-10"/>
      </object_component>
      <object_component id="oc-137">
         <name>.debug_info</name>
         <load_address>0xeb62</load_address>
         <run_address>0xeb62</run_address>
         <size>0x205</size>
         <input_file_ref idref="fl-10"/>
      </object_component>
      <object_component id="oc-280">
         <name>.debug_info</name>
         <load_address>0xed67</load_address>
         <run_address>0xed67</run_address>
         <size>0x225</size>
         <input_file_ref idref="fl-10"/>
      </object_component>
      <object_component id="oc-27a">
         <name>.debug_info</name>
         <load_address>0xef8c</load_address>
         <run_address>0xef8c</run_address>
         <size>0x1dd</size>
         <input_file_ref idref="fl-10"/>
      </object_component>
      <object_component id="oc-26e">
         <name>.debug_info</name>
         <load_address>0xf169</load_address>
         <run_address>0xf169</run_address>
         <size>0x1ac</size>
         <input_file_ref idref="fl-10"/>
      </object_component>
      <object_component id="oc-274">
         <name>.debug_info</name>
         <load_address>0xf315</load_address>
         <run_address>0xf315</run_address>
         <size>0x262</size>
         <input_file_ref idref="fl-10"/>
      </object_component>
      <object_component id="oc-25c">
         <name>.debug_info</name>
         <load_address>0xf577</load_address>
         <run_address>0xf577</run_address>
         <size>0x1a8</size>
         <input_file_ref idref="fl-10"/>
      </object_component>
      <object_component id="oc-358">
         <name>.debug_info</name>
         <load_address>0xf71f</load_address>
         <run_address>0xf71f</run_address>
         <size>0x1a3</size>
         <input_file_ref idref="fl-11"/>
      </object_component>
      <object_component id="oc-1d5">
         <name>.debug_info</name>
         <load_address>0xf8c2</load_address>
         <run_address>0xf8c2</run_address>
         <size>0x6e7</size>
         <input_file_ref idref="fl-13"/>
      </object_component>
      <object_component id="oc-116">
         <name>.debug_info</name>
         <load_address>0xffa9</load_address>
         <run_address>0xffa9</run_address>
         <size>0x230</size>
         <input_file_ref idref="fl-13"/>
      </object_component>
      <object_component id="oc-1ae">
         <name>.debug_info</name>
         <load_address>0x101d9</load_address>
         <run_address>0x101d9</run_address>
         <size>0x232</size>
         <input_file_ref idref="fl-13"/>
      </object_component>
      <object_component id="oc-c6">
         <name>.debug_info</name>
         <load_address>0x1040b</load_address>
         <run_address>0x1040b</run_address>
         <size>0x1f1</size>
         <input_file_ref idref="fl-13"/>
      </object_component>
      <object_component id="oc-11c">
         <name>.debug_info</name>
         <load_address>0x105fc</load_address>
         <run_address>0x105fc</run_address>
         <size>0x1ef</size>
         <input_file_ref idref="fl-13"/>
      </object_component>
      <object_component id="oc-122">
         <name>.debug_info</name>
         <load_address>0x107eb</load_address>
         <run_address>0x107eb</run_address>
         <size>0x230</size>
         <input_file_ref idref="fl-13"/>
      </object_component>
      <object_component id="oc-183">
         <name>.debug_info</name>
         <load_address>0x10a1b</load_address>
         <run_address>0x10a1b</run_address>
         <size>0x225</size>
         <input_file_ref idref="fl-13"/>
      </object_component>
      <object_component id="oc-ba">
         <name>.debug_info</name>
         <load_address>0x10c40</load_address>
         <run_address>0x10c40</run_address>
         <size>0x268</size>
         <input_file_ref idref="fl-13"/>
      </object_component>
      <object_component id="oc-c0">
         <name>.debug_info</name>
         <load_address>0x10ea8</load_address>
         <run_address>0x10ea8</run_address>
         <size>0x221</size>
         <input_file_ref idref="fl-13"/>
      </object_component>
      <object_component id="oc-f5">
         <name>.debug_info</name>
         <load_address>0x110c9</load_address>
         <run_address>0x110c9</run_address>
         <size>0x1c5</size>
         <input_file_ref idref="fl-14"/>
      </object_component>
      <object_component id="oc-1de">
         <name>.debug_info</name>
         <load_address>0x1128e</load_address>
         <run_address>0x1128e</run_address>
         <size>0x196</size>
         <input_file_ref idref="fl-15"/>
      </object_component>
      <object_component id="oc-350">
         <name>.debug_info</name>
         <load_address>0x11424</load_address>
         <run_address>0x11424</run_address>
         <size>0x190</size>
         <input_file_ref idref="fl-15"/>
      </object_component>
      <object_component id="oc-8f">
         <name>.debug_info</name>
         <load_address>0x115b4</load_address>
         <run_address>0x115b4</run_address>
         <size>0x31e</size>
         <input_file_ref idref="fl-cb"/>
      </object_component>
      <object_component id="oc-41">
         <name>.debug_info</name>
         <load_address>0x118d2</load_address>
         <run_address>0x118d2</run_address>
         <size>0x1bf</size>
         <input_file_ref idref="fl-cb"/>
      </object_component>
      <object_component id="oc-8a">
         <name>.debug_info</name>
         <load_address>0x11a91</load_address>
         <run_address>0x11a91</run_address>
         <size>0x46</size>
         <input_file_ref idref="fl-cb"/>
      </object_component>
      <object_component id="oc-eb">
         <name>.debug_info</name>
         <load_address>0x11ad7</load_address>
         <run_address>0x11ad7</run_address>
         <size>0x2c</size>
         <input_file_ref idref="fl-cb"/>
      </object_component>
      <object_component id="oc-3f">
         <name>.debug_info</name>
         <load_address>0x11b03</load_address>
         <run_address>0x11b03</run_address>
         <size>0x2a8</size>
         <input_file_ref idref="fl-cc"/>
      </object_component>
      <object_component id="oc-1c">
         <name>.debug_info</name>
         <load_address>0x11dab</load_address>
         <run_address>0x11dab</run_address>
         <size>0x1ea</size>
         <input_file_ref idref="fl-cc"/>
      </object_component>
      <object_component id="oc-3a">
         <name>.debug_info</name>
         <load_address>0x11f95</load_address>
         <run_address>0x11f95</run_address>
         <size>0x46</size>
         <input_file_ref idref="fl-cc"/>
      </object_component>
      <object_component id="oc-82">
         <name>.debug_info</name>
         <load_address>0x11fdb</load_address>
         <run_address>0x11fdb</run_address>
         <size>0x2c</size>
         <input_file_ref idref="fl-cc"/>
      </object_component>
      <object_component id="oc-80">
         <name>.debug_info</name>
         <load_address>0x12007</load_address>
         <run_address>0x12007</run_address>
         <size>0x29e</size>
         <input_file_ref idref="fl-cd"/>
      </object_component>
      <object_component id="oc-16">
         <name>.debug_info</name>
         <load_address>0x122a5</load_address>
         <run_address>0x122a5</run_address>
         <size>0x250</size>
         <input_file_ref idref="fl-cd"/>
      </object_component>
      <object_component id="oc-2a">
         <name>.debug_info</name>
         <load_address>0x124f5</load_address>
         <run_address>0x124f5</run_address>
         <size>0x60</size>
         <input_file_ref idref="fl-cd"/>
      </object_component>
      <object_component id="oc-e4">
         <name>.debug_info</name>
         <load_address>0x12555</load_address>
         <run_address>0x12555</run_address>
         <size>0x46</size>
         <input_file_ref idref="fl-cd"/>
      </object_component>
      <object_component id="oc-7b">
         <name>.debug_info</name>
         <load_address>0x1259b</load_address>
         <run_address>0x1259b</run_address>
         <size>0x39</size>
         <input_file_ref idref="fl-cd"/>
      </object_component>
      <object_component id="oc-27">
         <name>.debug_info</name>
         <load_address>0x125d4</load_address>
         <run_address>0x125d4</run_address>
         <size>0x10b</size>
         <input_file_ref idref="fl-ce"/>
      </object_component>
      <object_component id="oc-54">
         <name>.debug_info</name>
         <load_address>0x126df</load_address>
         <run_address>0x126df</run_address>
         <size>0x1af</size>
         <input_file_ref idref="fl-ce"/>
      </object_component>
      <object_component id="oc-142">
         <name>.debug_info</name>
         <load_address>0x1288e</load_address>
         <run_address>0x1288e</run_address>
         <size>0x122</size>
         <input_file_ref idref="fl-cf"/>
      </object_component>
      <object_component id="oc-290">
         <name>.debug_info</name>
         <load_address>0x129b0</load_address>
         <run_address>0x129b0</run_address>
         <size>0x2c9</size>
         <input_file_ref idref="fl-d0"/>
      </object_component>
      <object_component id="oc-1f2">
         <name>.debug_info</name>
         <load_address>0x12c79</load_address>
         <run_address>0x12c79</run_address>
         <size>0x11e</size>
         <input_file_ref idref="fl-d0"/>
      </object_component>
      <object_component id="oc-28a">
         <name>.debug_info</name>
         <load_address>0x12d97</load_address>
         <run_address>0x12d97</run_address>
         <size>0x12e</size>
         <input_file_ref idref="fl-d0"/>
      </object_component>
      <object_component id="oc-22d">
         <name>.debug_info</name>
         <load_address>0x12ec5</load_address>
         <run_address>0x12ec5</run_address>
         <size>0x2e1</size>
         <input_file_ref idref="fl-d2"/>
      </object_component>
      <object_component id="oc-22a">
         <name>.debug_info</name>
         <load_address>0x131a6</load_address>
         <run_address>0x131a6</run_address>
         <size>0x107</size>
         <input_file_ref idref="fl-d2"/>
      </object_component>
      <object_component id="oc-194">
         <name>.debug_info</name>
         <load_address>0x132ad</load_address>
         <run_address>0x132ad</run_address>
         <size>0x1cc</size>
         <input_file_ref idref="fl-d2"/>
      </object_component>
      <object_component id="oc-22e">
         <name>.debug_info</name>
         <load_address>0x13479</load_address>
         <run_address>0x13479</run_address>
         <size>0x162</size>
         <input_file_ref idref="fl-d2"/>
      </object_component>
      <object_component id="oc-2bc">
         <name>.debug_info</name>
         <load_address>0x135db</load_address>
         <run_address>0x135db</run_address>
         <size>0x39</size>
         <input_file_ref idref="fl-d2"/>
      </object_component>
      <object_component id="oc-2d2">
         <name>.debug_info</name>
         <load_address>0x13614</load_address>
         <run_address>0x13614</run_address>
         <size>0x2ff</size>
         <input_file_ref idref="fl-d3"/>
      </object_component>
      <object_component id="oc-2cf">
         <name>.debug_info</name>
         <load_address>0x13913</load_address>
         <run_address>0x13913</run_address>
         <size>0x121</size>
         <input_file_ref idref="fl-d3"/>
      </object_component>
      <object_component id="oc-222">
         <name>.debug_info</name>
         <load_address>0x13a34</load_address>
         <run_address>0x13a34</run_address>
         <size>0x23a</size>
         <input_file_ref idref="fl-d3"/>
      </object_component>
      <object_component id="oc-246">
         <name>.debug_info</name>
         <load_address>0x13c6e</load_address>
         <run_address>0x13c6e</run_address>
         <size>0x333</size>
         <input_file_ref idref="fl-d4"/>
      </object_component>
      <object_component id="oc-19a">
         <name>.debug_info</name>
         <load_address>0x13fa1</load_address>
         <run_address>0x13fa1</run_address>
         <size>0x1d1</size>
         <input_file_ref idref="fl-d4"/>
      </object_component>
      <object_component id="oc-23a">
         <name>.debug_info</name>
         <load_address>0x14172</load_address>
         <run_address>0x14172</run_address>
         <size>0x18d</size>
         <input_file_ref idref="fl-d4"/>
      </object_component>
      <object_component id="oc-241">
         <name>.debug_info</name>
         <load_address>0x142ff</load_address>
         <run_address>0x142ff</run_address>
         <size>0x16d</size>
         <input_file_ref idref="fl-d4"/>
      </object_component>
      <object_component id="oc-3f2">
         <name>.debug_info</name>
         <load_address>0x1446c</load_address>
         <run_address>0x1446c</run_address>
         <size>0x2c</size>
         <input_file_ref idref="fl-d4"/>
      </object_component>
      <object_component id="oc-330">
         <name>.debug_info</name>
         <load_address>0x14498</load_address>
         <run_address>0x14498</run_address>
         <size>0x4e</size>
         <input_file_ref idref="fl-d4"/>
      </object_component>
      <object_component id="oc-247">
         <name>.debug_info</name>
         <load_address>0x144e6</load_address>
         <run_address>0x144e6</run_address>
         <size>0x2c</size>
         <input_file_ref idref="fl-d4"/>
      </object_component>
      <object_component id="oc-21a">
         <name>.debug_info</name>
         <load_address>0x14512</load_address>
         <run_address>0x14512</run_address>
         <size>0x2a4</size>
         <input_file_ref idref="fl-d5"/>
      </object_component>
      <object_component id="oc-18e">
         <name>.debug_info</name>
         <load_address>0x147b6</load_address>
         <run_address>0x147b6</run_address>
         <size>0x181</size>
         <input_file_ref idref="fl-d5"/>
      </object_component>
      <object_component id="oc-215">
         <name>.debug_info</name>
         <load_address>0x14937</load_address>
         <run_address>0x14937</run_address>
         <size>0x39</size>
         <input_file_ref idref="fl-d5"/>
      </object_component>
      <object_component id="oc-386">
         <name>.debug_info</name>
         <load_address>0x14970</load_address>
         <run_address>0x14970</run_address>
         <size>0xf3</size>
         <input_file_ref idref="fl-d6"/>
      </object_component>
      <object_component id="oc-227">
         <name>.debug_info</name>
         <load_address>0x14a63</load_address>
         <run_address>0x14a63</run_address>
         <size>0xfc</size>
         <input_file_ref idref="fl-d6"/>
      </object_component>
      <object_component id="oc-2d6">
         <name>.debug_info</name>
         <load_address>0x14b5f</load_address>
         <run_address>0x14b5f</run_address>
         <size>0x86</size>
         <input_file_ref idref="fl-d6"/>
      </object_component>
      <object_component id="oc-20f">
         <name>.debug_info</name>
         <load_address>0x14be5</load_address>
         <run_address>0x14be5</run_address>
         <size>0x18d</size>
         <input_file_ref idref="fl-d7"/>
      </object_component>
      <object_component id="oc-376">
         <name>.debug_info</name>
         <load_address>0x14d72</load_address>
         <run_address>0x14d72</run_address>
         <size>0x46</size>
         <input_file_ref idref="fl-d7"/>
      </object_component>
      <object_component id="oc-2b7">
         <name>.debug_info</name>
         <load_address>0x14db8</load_address>
         <run_address>0x14db8</run_address>
         <size>0x39</size>
         <input_file_ref idref="fl-d7"/>
      </object_component>
      <object_component id="oc-372">
         <name>.debug_info</name>
         <load_address>0x14df1</load_address>
         <run_address>0x14df1</run_address>
         <size>0x2bb</size>
         <input_file_ref idref="fl-d8"/>
      </object_component>
      <object_component id="oc-36f">
         <name>.debug_info</name>
         <load_address>0x150ac</load_address>
         <run_address>0x150ac</run_address>
         <size>0x108</size>
         <input_file_ref idref="fl-d8"/>
      </object_component>
      <object_component id="oc-2a8">
         <name>.debug_info</name>
         <load_address>0x151b4</load_address>
         <run_address>0x151b4</run_address>
         <size>0x1df</size>
         <input_file_ref idref="fl-d8"/>
      </object_component>
      <object_component id="oc-2af">
         <name>.debug_info</name>
         <load_address>0x15393</load_address>
         <run_address>0x15393</run_address>
         <size>0x19a</size>
         <input_file_ref idref="fl-d8"/>
      </object_component>
      <object_component id="oc-92">
         <name>.debug_info</name>
         <load_address>0x1552d</load_address>
         <run_address>0x1552d</run_address>
         <size>0x14a</size>
         <input_file_ref idref="fl-d9"/>
      </object_component>
      <object_component id="oc-21c">
         <name>.debug_info</name>
         <load_address>0x15677</load_address>
         <run_address>0x15677</run_address>
         <size>0x145</size>
         <input_file_ref idref="fl-da"/>
      </object_component>
      <object_component id="oc-35">
         <name>.debug_info</name>
         <load_address>0x157bc</load_address>
         <run_address>0x157bc</run_address>
         <size>0x11c</size>
         <input_file_ref idref="fl-db"/>
      </object_component>
      <object_component id="oc-2ca">
         <name>.debug_info</name>
         <load_address>0x158d8</load_address>
         <run_address>0x158d8</run_address>
         <size>0x142</size>
         <input_file_ref idref="fl-dc"/>
      </object_component>
      <object_component id="oc-37d">
         <name>.debug_info</name>
         <load_address>0x15a1a</load_address>
         <run_address>0x15a1a</run_address>
         <size>0x137</size>
         <input_file_ref idref="fl-dd"/>
      </object_component>
      <object_component id="oc-1f8">
         <name>.debug_info</name>
         <load_address>0x15b51</load_address>
         <run_address>0x15b51</run_address>
         <size>0x552</size>
         <input_file_ref idref="fl-de"/>
      </object_component>
      <object_component id="oc-14d">
         <name>.debug_info</name>
         <load_address>0x160a3</load_address>
         <run_address>0x160a3</run_address>
         <size>0x1a6</size>
         <input_file_ref idref="fl-de"/>
      </object_component>
      <object_component id="oc-296">
         <name>.debug_info</name>
         <load_address>0x16249</load_address>
         <run_address>0x16249</run_address>
         <size>0x39</size>
         <input_file_ref idref="fl-de"/>
      </object_component>
      <object_component id="oc-362">
         <name>.debug_info</name>
         <load_address>0x16282</load_address>
         <run_address>0x16282</run_address>
         <size>0x39</size>
         <input_file_ref idref="fl-de"/>
      </object_component>
      <object_component id="oc-29b">
         <name>.debug_info</name>
         <load_address>0x162bb</load_address>
         <run_address>0x162bb</run_address>
         <size>0x39</size>
         <input_file_ref idref="fl-de"/>
      </object_component>
      <object_component id="oc-2a0">
         <name>.debug_info</name>
         <load_address>0x162f4</load_address>
         <run_address>0x162f4</run_address>
         <size>0xcd</size>
         <input_file_ref idref="fl-de"/>
      </object_component>
      <object_component id="oc-97">
         <name>.debug_info</name>
         <load_address>0x163c1</load_address>
         <run_address>0x163c1</run_address>
         <size>0x153</size>
         <input_file_ref idref="fl-df"/>
      </object_component>
      <object_component id="oc-321">
         <name>.debug_info</name>
         <load_address>0x16514</load_address>
         <run_address>0x16514</run_address>
         <size>0x8b1</size>
         <input_file_ref idref="fl-e1"/>
      </object_component>
      <object_component id="oc-2ec">
         <name>.debug_info</name>
         <load_address>0x16dc5</load_address>
         <run_address>0x16dc5</run_address>
         <size>0x21e</size>
         <input_file_ref idref="fl-e1"/>
      </object_component>
      <object_component id="oc-3b5">
         <name>.debug_info</name>
         <load_address>0x16fe3</load_address>
         <run_address>0x16fe3</run_address>
         <size>0x1b3</size>
         <input_file_ref idref="fl-e1"/>
      </object_component>
      <object_component id="oc-3bb">
         <name>.debug_info</name>
         <load_address>0x17196</load_address>
         <run_address>0x17196</run_address>
         <size>0x21b</size>
         <input_file_ref idref="fl-e1"/>
      </object_component>
      <object_component id="oc-2f7">
         <name>.debug_info</name>
         <load_address>0x173b1</load_address>
         <run_address>0x173b1</run_address>
         <size>0x3bb</size>
         <input_file_ref idref="fl-e1"/>
      </object_component>
      <object_component id="oc-3c2">
         <name>.debug_info</name>
         <load_address>0x1776c</load_address>
         <run_address>0x1776c</run_address>
         <size>0x305</size>
         <input_file_ref idref="fl-e1"/>
      </object_component>
      <object_component id="oc-3c8">
         <name>.debug_info</name>
         <load_address>0x17a71</load_address>
         <run_address>0x17a71</run_address>
         <size>0x215</size>
         <input_file_ref idref="fl-e1"/>
      </object_component>
      <object_component id="oc-2fd">
         <name>.debug_info</name>
         <load_address>0x17c86</load_address>
         <run_address>0x17c86</run_address>
         <size>0x215</size>
         <input_file_ref idref="fl-e1"/>
      </object_component>
      <object_component id="oc-303">
         <name>.debug_info</name>
         <load_address>0x17e9b</load_address>
         <run_address>0x17e9b</run_address>
         <size>0x304</size>
         <input_file_ref idref="fl-e1"/>
      </object_component>
      <object_component id="oc-309">
         <name>.debug_info</name>
         <load_address>0x1819f</load_address>
         <run_address>0x1819f</run_address>
         <size>0x4b0</size>
         <input_file_ref idref="fl-e1"/>
      </object_component>
      <object_component id="oc-234">
         <name>.debug_info</name>
         <load_address>0x1864f</load_address>
         <run_address>0x1864f</run_address>
         <size>0x5d8</size>
         <input_file_ref idref="fl-e1"/>
      </object_component>
      <object_component id="oc-322">
         <name>.debug_info</name>
         <load_address>0x18c27</load_address>
         <run_address>0x18c27</run_address>
         <size>0x86</size>
         <input_file_ref idref="fl-e1"/>
      </object_component>
      <object_component id="oc-3f7">
         <name>.debug_info</name>
         <load_address>0x18cad</load_address>
         <run_address>0x18cad</run_address>
         <size>0x39</size>
         <input_file_ref idref="fl-e1"/>
      </object_component>
      <object_component id="oc-445">
         <name>.debug_info</name>
         <load_address>0x18ce6</load_address>
         <run_address>0x18ce6</run_address>
         <size>0xb6</size>
         <input_file_ref idref="fl-e1"/>
      </object_component>
      <object_component id="oc-3fc">
         <name>.debug_info</name>
         <load_address>0x18d9c</load_address>
         <run_address>0x18d9c</run_address>
         <size>0x46</size>
         <input_file_ref idref="fl-e1"/>
      </object_component>
      <object_component id="oc-327">
         <name>.debug_info</name>
         <load_address>0x18de2</load_address>
         <run_address>0x18de2</run_address>
         <size>0x46</size>
         <input_file_ref idref="fl-e1"/>
      </object_component>
      <object_component id="oc-38d">
         <name>.debug_info</name>
         <load_address>0x18e28</load_address>
         <run_address>0x18e28</run_address>
         <size>0x2b9</size>
         <input_file_ref idref="fl-e2"/>
      </object_component>
      <object_component id="oc-2e6">
         <name>.debug_info</name>
         <load_address>0x190e1</load_address>
         <run_address>0x190e1</run_address>
         <size>0x17c</size>
         <input_file_ref idref="fl-e2"/>
      </object_component>
      <object_component id="oc-418">
         <name>.debug_info</name>
         <load_address>0x1925d</load_address>
         <run_address>0x1925d</run_address>
         <size>0xf9</size>
         <input_file_ref idref="fl-e3"/>
      </object_component>
      <object_component id="oc-38a">
         <name>.debug_info</name>
         <load_address>0x19356</load_address>
         <run_address>0x19356</run_address>
         <size>0x105</size>
         <input_file_ref idref="fl-e3"/>
      </object_component>
      <object_component id="oc-420">
         <name>.debug_info</name>
         <load_address>0x1945b</load_address>
         <run_address>0x1945b</run_address>
         <size>0x29b</size>
         <input_file_ref idref="fl-e4"/>
      </object_component>
      <object_component id="oc-3a5">
[...]
      </symbol>
      <symbol id="sm-23d">
         <name>PCM_gotoLPM3</name>
         <value>0x2595</value>
         <object_component_ref idref="oc-273"/>
      </symbol>
      <symbol id="sm-23e">
         <name>PCM_gotoLPM0</name>
         <value>0x3005</value>
         <object_component_ref idref="oc-26d"/>
      </symbol>
      <symbol id="sm-23f">
         <name>PCM_setPowerMode</name>
         <value>0x3195</value>
         <object_component_ref idref="oc-347"/>
      </symbol>
      <symbol id="sm-24d">
         <name>RTC_C_holdClock</name>
         <value>0x2fb1</value>
         <object_component_ref idref="oc-357"/>
      </symbol>
      <symbol id="sm-2af">
         <name>UART_enableInterrupt</name>
         <value>0x2f21</value>
         <object_component_ref idref="oc-11e"/>
      </symbol>
      <symbol id="sm-2b0">
         <name>UART_receiveData</name>
         <value>0x2f51</value>
         <object_component_ref idref="oc-c2"/>
      </symbol>
      <symbol id="sm-2b1">
         <name>UART_enableModule</name>
         <value>0x30d7</value>
         <object_component_ref idref="oc-118"/>
      </symbol>
      <symbol id="sm-2b2">
         <name>UART_getEnabledInterruptStatus</name>
         <value>0x2a4b</value>
         <object_component_ref idref="oc-b6"/>
      </symbol>
      <symbol id="sm-2b3">
         <name>UART_transmitData</name>
         <value>0x2eb9</value>
         <object_component_ref idref="oc-1aa"/>
      </symbol>
      <symbol id="sm-2b4">
         <name>UART_getInterruptStatus</name>
         <value>0x3091</value>
         <object_component_ref idref="oc-17f"/>
      </symbol>
      <symbol id="sm-2b5">
         <name>UART_initModule</name>
         <value>0x1ea9</value>
         <object_component_ref idref="oc-112"/>
      </symbol>
      <symbol id="sm-2b6">
         <name>UART_clearInterruptFlag</name>
         <value>0x30c1</value>
         <object_component_ref idref="oc-bc"/>
      </symbol>
      <symbol id="sm-2c2">
         <name>WDT_A_holdTimer</name>
         <value>0x3051</value>
         <object_component_ref idref="oc-f4"/>
      </symbol>
      <symbol id="sm-2d4">
         <name>CPU_wfi</name>
         <value>0x31fd</value>
         <object_component_ref idref="oc-34f"/>
      </symbol>
      <symbol id="sm-2d5">
         <name>CPU_cpsie</name>
         <value>0x31d1</value>
         <object_component_ref idref="oc-1dd"/>
      </symbol>
      <symbol id="sm-2ee">
         <name>__TI_zero_init_nomemset</name>
         <value>0x3141</value>
         <object_component_ref idref="oc-40"/>
      </symbol>
      <symbol id="sm-305">
         <name>__TI_decompress_none</name>
         <value>0x31c3</value>
         <object_component_ref idref="oc-1a"/>
      </symbol>
      <symbol id="sm-328">
         <name>__TI_decompress_lzss</name>
         <value>0x2869</value>
         <object_component_ref idref="oc-14"/>
      </symbol>
      <symbol id="sm-33b">
         <name>__stack</name>
         <value>0x2000fe00</value>
         <object_component_ref idref="oc-26"/>
      </symbol>
      <symbol id="sm-33c">
         <name>_c_int00_noargs</name>
         <value>0x2e4d</value>
         <object_component_ref idref="oc-52"/>
      </symbol>
      <symbol id="sm-347">
         <name>C$$EXIT</name>
         <value>0x3205</value>
         <object_component_ref idref="oc-140"/>
      </symbol>
      <symbol id="sm-348">
         <name>abort</name>
         <value>0x3205</value>
         <object_component_ref idref="oc-140"/>
      </symbol>
      <symbol id="sm-35d">
         <name>_nop</name>
         <value>0x106f</value>
         <object_component_ref idref="oc-288"/>
      </symbol>
      <symbol id="sm-35e">
         <name>_lock</name>
         <value>0x20000184</value>
         <object_component_ref idref="oc-1f1"/>
      </symbol>
      <symbol id="sm-35f">
         <name>_unlock</name>
         <value>0x20000188</value>
         <object_component_ref idref="oc-1f1"/>
      </symbol>
      <symbol id="sm-38d">
         <name>__localtime32</name>
         <value>0x1a39</value>
         <object_component_ref idref="oc-193"/>
      </symbol>
      <symbol id="sm-38e">
         <name>localtime</name>
         <value>0x1a39</value>
         <object_component_ref idref="oc-193"/>
      </symbol>
      <symbol id="sm-3c0">
         <name>mktime</name>
         <value>0xb45</value>
         <object_component_ref idref="oc-220"/>
      </symbol>
      <symbol id="sm-3c1">
         <name>__mktime32</name>
         <value>0xb45</value>
         <object_component_ref idref="oc-220"/>
      </symbol>
      <symbol id="sm-3f2">
         <name>sprintf</name>
         <value>0x2d95</value>
         <object_component_ref idref="oc-199"/>
      </symbol>
      <symbol id="sm-405">
         <name>__time32</name>
         <value>0x31b5</value>
         <object_component_ref idref="oc-18d"/>
      </symbol>
      <symbol id="sm-406">
         <name>time</name>
         <value>0x31b5</value>
         <object_component_ref idref="oc-18d"/>
      </symbol>
      <symbol id="sm-416">
         <name>_tz</name>
         <value>0x20000174</value>
         <object_component_ref idref="oc-226"/>
      </symbol>
      <symbol id="sm-42e">
         <name>HOSTtime</name>
         <value>0x2c41</value>
         <object_component_ref idref="oc-20e"/>
      </symbol>
      <symbol id="sm-452">
         <name>__TI_readmsg</name>
         <value>0x2eed</value>
         <object_component_ref idref="oc-2ad"/>
      </symbol>
      <symbol id="sm-453">
         <name>C$$IO$$</name>
         <value>0x2e43</value>
         <object_component_ref idref="oc-2a7"/>
      </symbol>
      <symbol id="sm-454">
         <name>__CIOBUF_</name>
         <value>0x20000000</value>
         <object_component_ref idref="oc-36e"/>
      </symbol>
      <symbol id="sm-455">
         <name>__TI_writemsg</name>
         <value>0x2e15</value>
         <object_component_ref idref="oc-2a7"/>
      </symbol>
      <symbol id="sm-464">
         <name>__aeabi_memset</name>
         <value>0x269b</value>
         <object_component_ref idref="oc-90"/>
      </symbol>
      <symbol id="sm-465">
         <name>memset</name>
         <value>0x26a1</value>
         <object_component_ref idref="oc-90"/>
      </symbol>
      <symbol id="sm-466">
         <name>__aeabi_memset8</name>
         <value>0x269b</value>
         <object_component_ref idref="oc-90"/>
      </symbol>
      <symbol id="sm-467">
         <name>__aeabi_memset4</name>
         <value>0x269b</value>
         <object_component_ref idref="oc-90"/>
      </symbol>
      <symbol id="sm-468">
         <name>__aeabi_memclr8</name>
         <value>0x2699</value>
         <object_component_ref idref="oc-90"/>
      </symbol>
      <symbol id="sm-469">
         <name>__aeabi_memclr4</name>
         <value>0x2699</value>
         <object_component_ref idref="oc-90"/>
      </symbol>
      <symbol id="sm-46a">
         <name>__aeabi_memclr</name>
         <value>0x2699</value>
         <object_component_ref idref="oc-90"/>
      </symbol>
      <symbol id="sm-479">
         <name>__aeabi_uidivmod</name>
         <value>0x2d55</value>
         <object_component_ref idref="oc-21b"/>
      </symbol>
      <symbol id="sm-47a">
         <name>__aeabi_uidiv</name>
         <value>0x2d55</value>
         <object_component_ref idref="oc-21b"/>
      </symbol>
      <symbol id="sm-495">
         <name>memcpy</name>
         <value>0x22cf</value>
         <object_component_ref idref="oc-34"/>
      </symbol>
      <symbol id="sm-496">
         <name>__aeabi_memcpy</name>
         <value>0x22cf</value>
         <object_component_ref idref="oc-34"/>
      </symbol>
      <symbol id="sm-497">
         <name>__aeabi_memcpy8</name>
         <value>0x22cf</value>
         <object_component_ref idref="oc-34"/>
      </symbol>
      <symbol id="sm-498">
         <name>__aeabi_memcpy4</name>
         <value>0x22cf</value>
         <object_component_ref idref="oc-34"/>
      </symbol>
      <symbol id="sm-4a6">
         <name>__aeabi_ldivmod</name>
         <value>0x27fb</value>
         <object_component_ref idref="oc-2c9"/>
      </symbol>
      <symbol id="sm-4b3">
         <name>__aeabi_uldivmod</name>
         <value>0x236b</value>
         <object_component_ref idref="oc-37c"/>
      </symbol>
      <symbol id="sm-4db">
         <name>__TI_auto_init_nobinit_nopinit</name>
         <value>0x2cd1</value>
         <object_component_ref idref="oc-14c"/>
      </symbol>
      <symbol id="sm-4e5">
         <name>_system_pre_init</name>
         <value>0x3201</value>
         <object_component_ref idref="oc-96"/>
      </symbol>
      <symbol id="sm-64b">
         <name>__TI_printfi</name>
         <value>0xe5</value>
         <object_component_ref idref="oc-233"/>
      </symbol>
      <symbol id="sm-661">
         <name>atoi</name>
         <value>0x2bf5</value>
         <object_component_ref idref="oc-2e5"/>
      </symbol>
      <symbol id="sm-66c">
         <name>_ctypes_</name>
         <value>0x3208</value>
         <object_component_ref idref="oc-389"/>
      </symbol>
      <symbol id="sm-67b">
         <name>ltoa</name>
         <value>0x2b4d</value>
         <object_component_ref idref="oc-3a4"/>
      </symbol>
      <symbol id="sm-68b">
         <name>memccpy</name>
         <value>0x3075</value>
         <object_component_ref idref="oc-30e"/>
      </symbol>
      <symbol id="sm-69b">
         <name>strchr</name>
         <value>0x30ed</value>
         <object_component_ref idref="oc-3db"/>
      </symbol>
      <symbol id="sm-6a9">
         <name>strlen</name>
         <value>0x312d</value>
         <object_component_ref idref="oc-2df"/>
      </symbol>
      <symbol id="sm-6af">
         <name>parmbuf</name>
         <value>0x20000148</value>
      </symbol>
      <symbol id="sm-6cf">
         <name>frexpl</name>
         <value>0x28d1</value>
         <object_component_ref idref="oc-3cf"/>
      </symbol>
      <symbol id="sm-6d0">
         <name>frexp</name>
         <value>0x28d1</value>
         <object_component_ref idref="oc-3cf"/>
      </symbol>
      <symbol id="sm-6ed">
         <name>scalbn</name>
         <value>0x1c91</value>
         <object_component_ref idref="oc-3d5"/>
      </symbol>
      <symbol id="sm-6ee">
         <name>scalbnl</name>
         <value>0x1c91</value>
         <object_component_ref idref="oc-3d5"/>
      </symbol>
      <symbol id="sm-6ef">
         <name>ldexpl</name>
         <value>0x1c91</value>
         <object_component_ref idref="oc-3d5"/>
      </symbol>
      <symbol id="sm-6f0">
         <name>ldexp</name>
         <value>0x1c91</value>
         <object_component_ref idref="oc-3d5"/>
      </symbol>
      <symbol id="sm-709">
         <name>wcslen</name>
         <value>0x3153</value>
         <object_component_ref idref="oc-314"/>
      </symbol>
      <symbol id="sm-713">
         <name>copysign</name>
         <value>0x3119</value>
         <object_component_ref idref="oc-42e"/>
      </symbol>
      <symbol id="sm-714">
         <name>copysignl</name>
         <value>0x3119</value>
         <object_component_ref idref="oc-42e"/>
      </symbol>
      <symbol id="sm-71e">
         <name>__aeabi_idiv0</name>
         <value>0x1667</value>
         <object_component_ref idref="oc-2c3"/>
      </symbol>
      <symbol id="sm-71f">
         <name>__aeabi_ldiv0</name>
         <value>0x1667</value>
         <object_component_ref idref="oc-2c3"/>
      </symbol>
      <symbol id="sm-736">
         <name>__aeabi_dsub</name>
         <value>0x14b1</value>
         <object_component_ref idref="oc-3af"/>
      </symbol>
      <symbol id="sm-737">
         <name>__aeabi_dadd</name>
         <value>0x14bb</value>
         <object_component_ref idref="oc-3af"/>
      </symbol>
      <symbol id="sm-759">
         <name>__aeabi_cdcmpeq</name>
         <value>0x2489</value>
         <object_component_ref idref="oc-2f1"/>
      </symbol>
      <symbol id="sm-75a">
         <name>__aeabi_cdcmple</name>
         <value>0x2489</value>
         <object_component_ref idref="oc-2f1"/>
      </symbol>
      <symbol id="sm-75b">
         <name>__aeabi_cdrcmple</name>
         <value>0x250f</value>
         <object_component_ref idref="oc-39a"/>
      </symbol>
      <symbol id="sm-76f">
         <name>__aeabi_ddiv</name>
         <value>0x1901</value>
         <object_component_ref idref="oc-395"/>
      </symbol>
      <symbol id="sm-77a">
         <name>__aeabi_dmul</name>
         <value>0x1fa5</value>
         <object_component_ref idref="oc-390"/>
      </symbol>
      <symbol id="sm-784">
         <name>__aeabi_d2iz</name>
         <value>0x2c89</value>
         <object_component_ref idref="oc-39f"/>
      </symbol>
      <symbol id="sm-78e">
         <name>__aeabi_i2d</name>
         <value>0x2f81</value>
         <object_component_ref idref="oc-3aa"/>
      </symbol>
      <symbol id="sm-7a4">
         <name>__aeabi_errno_addr</name>
         <value>0x31f5</value>
         <object_component_ref idref="oc-31a"/>
      </symbol>
      <symbol id="sm-7a5">
         <name>errno</name>
         <value>0x2000018c</value>
         <object_component_ref idref="oc-3eb"/>
      </symbol>
      <symbol id="sm-7a6">
         <name>__TI_static_base__</name>
         <value>0x0</value>
      </symbol>
      <symbol id="sm-7a9">
         <name>__mpu_init</name>
         <value>0x0</value>
      </symbol>
      <symbol id="sm-7aa">
         <name>_system_post_cinit</name>
         <value>0x0</value>
      </symbol>
      <symbol id="sm-7ab">
         <name>NMI_Handler</name>
         <value>0xb43</value>
      </symbol>
      <symbol id="sm-7ac">
         <name>HardFault_Handler</name>
         <value>0xb43</value>
      </symbol>
      <symbol id="sm-7ad">
         <name>MemManage_Handler</name>
         <value>0xb43</value>
      </symbol>
      <symbol id="sm-7ae">
         <name>BusFault_Handler</name>
         <value>0xb43</value>
      </symbol>
      <symbol id="sm-7af">
         <name>UsageFault_Handler</name>
         <value>0xb43</value>
      </symbol>
      <symbol id="sm-7b0">
         <name>SVC_Handler</name>
         <value>0xb43</value>
      </symbol>
      <symbol id="sm-7b1">
         <name>DebugMon_Handler</name>
         <value>0xb43</value>
      </symbol>
      <symbol id="sm-7b2">
         <name>PendSV_Handler</name>
         <value>0xb43</value>
      </symbol>
      <symbol id="sm-7b3">
         <name>SysTick_Handler</name>
         <value>0xb43</value>
      </symbol>
      <symbol id="sm-7b4">
         <name>PSS_IRQHandler</name>
         <value>0xb43</value>
      </symbol>
      <symbol id="sm-7b5">
         <name>CS_IRQHandler</name>
         <value>0xb43</value>
      </symbol>
      <symbol id="sm-7b6">
         <name>PCM_IRQHandler</name>
         <value>0xb43</value>
      </symbol>
      <symbol id="sm-7b7">
         <name>WDT_A_IRQHandler</name>
         <value>0xb43</value>
      </symbol>
      <symbol id="sm-7b8">
         <name>FPU_IRQHandler</name>
         <value>0xb43</value>
      </symbol>
      <symbol id="sm-7b9">
         <name>FLCTL_IRQHandler</name>
         <value>0xb43</value>
      </symbol>
      <symbol id="sm-7ba">
         <name>COMP_E0_IRQHandler</name>
         <value>0xb43</value>
      </symbol>
      <symbol id="sm-7bb">
         <name>COMP_E1_IRQHandler</name>
         <value>0xb43</value>
      </symbol>
      <symbol id="sm-7bc">
         <name>TA0_0_IRQHandler</name>
         <value>0xb43</value>
      </symbol>
      <symbol id="sm-7bd">
         <name>TA0_N_IRQHandler</name>
         <value>0xb43</value>
      </symbol>
      <symbol id="sm-7be">
         <name>TA1_0_IRQHandler</name>
         <value>0xb43</value>
      </symbol>
      <symbol id="sm-7bf">
         <name>TA1_N_IRQHandler</name>
         <value>0xb43</value>
      </symbol>
      <symbol id="sm-7c0">
         <name>TA2_0_IRQHandler</name>
         <value>0xb43</value>
      </symbol>
      <symbol id="sm-7c1">
         <name>TA2_N_IRQHandler</name>
         <value>0xb43</value>
      </symbol>
      <symbol id="sm-7c2">
         <name>TA3_0_IRQHandler</name>
         <value>0xb43</value>
      </symbol>
      <symbol id="sm-7c3">
         <name>TA3_N_IRQHandler</name>
         <value>0xb43</value>
      </symbol>
      <symbol id="sm-7c4">
         <name>EUSCIA0_IRQHandler</name>
         <value>0x2161</value>
      </symbol>
      <symbol id="sm-7c5">
         <name>EUSCIA1_IRQHandler</name>
         <value>0xb43</value>
      </symbol>
      <symbol id="sm-7c6">
         <name>EUSCIA2_IRQHandler</name>
         <value>0xb43</value>
      </symbol>
      <symbol id="sm-7c7">
         <name>EUSCIA3_IRQHandler</name>
         <value>0xb43</value>
      </symbol>
      <symbol id="sm-7c8">
         <name>EUSCIB0_IRQHandler</name>
         <value>0xb43</value>
      </symbol>
      <symbol id="sm-7c9">
         <name>EUSCIB1_IRQHandler</name>
         <value>0xb43</value>
      </symbol>
      <symbol id="sm-7ca">
         <name>EUSCIB2_IRQHandler</name>
         <value>0xb43</value>
      </symbol>
      <symbol id="sm-7cb">
         <name>EUSCIB3_IRQHandler</name>
         <value>0xb43</value>
      </symbol>
      <symbol id="sm-7cc">
         <name>ADC14_IRQHandler</name>
         <value>0xb43</value>
      </symbol>
      <symbol id="sm-7cd">
         <name>T32_INT1_IRQHandler</name>
         <value>0xb43</value>
      </symbol>
      <symbol id="sm-7ce">
         <name>T32_INT2_IRQHandler</name>
         <value>0xb43</value>
      </symbol>
      <symbol id="sm-7cf">
         <name>T32_INTC_IRQHandler</name>
         <value>0xb43</value>
      </symbol>
      <symbol id="sm-7d0">
         <name>AES256_IRQHandler</name>
         <value>0xb43</value>
      </symbol>
      <symbol id="sm-7d1">
         <name>RTC_C_IRQHandler</name>
         <value>0xb43</value>
      </symbol>
      <symbol id="sm-7d2">
         <name>DMA_ERR_IRQHandler</name>
         <value>0xb43</value>
      </symbol>
      <symbol id="sm-7d3">
         <name>DMA_INT3_IRQHandler</name>
         <value>0xb43</value>
      </symbol>
      <symbol id="sm-7d4">
         <name>DMA_INT2_IRQHandler</name>
         <value>0xb43</value>
      </symbol>
      <symbol id="sm-7d5">
         <name>DMA_INT1_IRQHandler</name>
         <value>0xb43</value>
      </symbol>
      <symbol id="sm-7d6">
         <name>DMA_INT0_IRQHandler</name>
         <value>0xb43</value>
      </symbol>
      <symbol id="sm-7d7">
         <name>PORT1_IRQHandler</name>
         <value>0xb43</value>
      </symbol>
      <symbol id="sm-7d8">
         <name>PORT2_IRQHandler</name>
         <value>0xb43</value>
      </symbol>
      <symbol id="sm-7d9">
         <name>PORT3_IRQHandler</name>
         <value>0xb43</value>
      </symbol>
      <symbol id="sm-7da">
         <name>PORT4_IRQHandler</name>
         <value>0xb43</value>
      </symbol>
      <symbol id="sm-7db">
         <name>PORT5_IRQHandler</name>
         <value>0xb43</value>
      </symbol>
      <symbol id="sm-7dc">
         <name>PORT6_IRQHandler</name>
         <value>0xb43</value>
      </symbol>
   </symbol_table>
   <title>Link successful</title>
</link_info>
