******************************************************************************
                  TI ARM Linker PC v16.9.1                     
******************************************************************************
>> Linked Wed Aug 30 15:24:50 2017

OUTPUT FILE NAME:   <blinkLED_msp432P401r_MSP_EXP432P401R_nortos_ccs_ALEX1.out>
ENTRY POINT SYMBOL: "_c_int00"  address: 00000379


MEMORY CONFIGURATION

         name            origin    length      used     unused   attr    fill
----------------------  --------  ---------  --------  --------  ----  --------
  MAIN                  00000000   00040000  0000054c  0003fab4  R  X
  INFO                  00200000   00004000  00000000  00004000  R  X
  SRAM_CODE             01000000   00010000  00000218  0000fde8  RW X
  SRAM_DATA             20000000   00010000  00000218  0000fde8  RW  


SEGMENT ALLOCATION MAP

run origin  load origin   length   init length attrs members
----------  ----------- ---------- ----------- ----- -------
00000000    00000000    0000054c   0000054c    r-x
  00000000    00000000    000000e4   000000e4    r-- .intvecs
  000000e4    000000e4    00000414   00000414    r-x .text
  000004f8    000004f8    00000030   00000030    r-- .const
  00000528    00000528    00000024   00000024    r-- .cinit
20000000    20000000    00000018   00000000    rw-
  20000000    20000000    00000018   00000000    rw- .data
2000fe00    2000fe00    00000200   00000000    rw-
  2000fe00    2000fe00    00000200   00000000    rw- .stack


SECTION ALLOCATION MAP

 output                                  attributes/
section   page    origin      length       input sections
--------  ----  ----------  ----------   ----------------
.intvecs   0    00000000    000000e4     
                  00000000    000000e4     startup_msp432p401r_ccs.obj (.intvecs:retain)

.binit     0    00000000    00000000     

.text      0    000000e4    00000414     
                  000000e4    000000a8     main.obj (.text:main)
                  0000018c    0000009c     rtsv7M4_T_le_v4SPD16_eabi.lib : memcpy_t2.obj (.text)
                  00000228    00000078     system_msp432p401r.obj (.text:SystemInit)
                  000002a0    00000070     rtsv7M4_T_le_v4SPD16_eabi.lib : autoinit.obj (.text)
                  00000310    00000068                                   : copy_decompress_lzss.obj (.text:decompress:lzss)
                  00000378    00000054                                   : boot.obj (.text)
                  000003cc    00000054                                   : exit.obj (.text)
                  00000420    0000004c                                   : cpy_tbl.obj (.text)
                  0000046c    00000024     msp432p4xx_driverlib.lib : gpio.o (.text:GPIO_setAsOutputPin)
                  00000490    00000018                              : wdt_a.o (.text:WDT_A_holdTimer)
                  000004a8    00000018     rtsv7M4_T_le_v4SPD16_eabi.lib : args_main.obj (.text)
                  000004c0    00000014                                   : _lock.obj (.text)
                  000004d4    0000000e                                   : copy_decompress_none.obj (.text:decompress:none)
                  000004e2    0000000c     startup_msp432p401r_ccs.obj (.text:Reset_Handler)
                  000004ee    00000004     rtsv7M4_T_le_v4SPD16_eabi.lib : pre_init.obj (.text)
                  000004f2    00000002     startup_msp432p401r_ccs.obj (.text:Default_Handler)
                  000004f4    00000002     rtsv7M4_T_le_v4SPD16_eabi.lib : mpu_init.obj (.text)
                  000004f6    00000002                                   : startup.obj (.text)

.const     0    000004f8    00000030     
                  000004f8    00000030     msp432p4xx_driverlib.lib : gpio.o (.const:GPIO_PORT_TO_BASE)

.cinit     0    00000528    00000024     
                  00000528    00000011     (.cinit..data.load) [load image, compression = lzss]
                  00000539    00000003     --HOLE-- [fill = 0]
                  0000053c    00000008     (__TI_handler_table)
                  00000544    00000008     (__TI_cinit_table)

.init_array 
*          0    00000000    00000000     UNINITIALIZED

.data      0    20000000    00000018     UNINITIALIZED
                  20000000    0000000c     rtsv7M4_T_le_v4SPD16_eabi.lib : exit.obj (.data:$O1$$)
                  2000000c    00000008                                   : _lock.obj (.data:$O1$$)
                  20000014    00000004                                   : stkdepth_vars.obj (.data)

.stack     0    2000fe00    00000200     UNINITIALIZED
                  2000fe00    00000200     --HOLE--

MODULE SUMMARY

       Module                        code   ro data   rw data
       ------                        ----   -------   -------
    .\
       main.obj                      168    0         0      
       system_msp432p401r.obj        120    0         0      
    +--+-----------------------------+------+---------+---------+
       Total:                        288    0         0      
                                                             
    .\ccs\
       startup_msp432p401r_ccs.obj   14     228       0      
    +--+-----------------------------+------+---------+---------+
       Total:                        14     228       0      
                                                             
    C:/ti/simplelink_msp432_sdk_1_30_00_40/source/ti/devices/msp432p4xx/driverlib/ccs/msp432p4xx_driverlib.lib
       gpio.o                        36     48        0      
       wdt_a.o                       24     0         0      
    +--+-----------------------------+------+---------+---------+
       Total:                        60     48        0      
                                                             
    C:\ti\ccsv7\tools\compiler\ti-cgt-arm_16.9.1.LTS\lib\rtsv7M4_T_le_v4SPD16_eabi.lib
       memcpy_t2.obj                 156    0         0      
       autoinit.obj                  112    0         0      
       exit.obj                      84     0         24     
       copy_decompress_lzss.obj      104    0         0      
       boot.obj                      84     0         0      
       cpy_tbl.obj                   76     0         0      
       _lock.obj                     20     0         16     
       args_main.obj                 24     0         0      
       copy_decompress_none.obj      14     0         0      
       stkdepth_vars.obj             0      0         8      
       pre_init.obj                  4      0         0      
       mpu_init.obj                  2      0         0      
       startup.obj                   2      0         0      
    +--+-----------------------------+------+---------+---------+
       Total:                        682    0         48     
                                                             
       Stack:                        0      0         1024   
       Linker Generated:             0      33        0      
    +--+-----------------------------+------+---------+---------+
       Grand Total:                  1044   309       1072   


LINKER GENERATED COPY TABLES

__TI_cinit_table @ 00000544 records: 1, size/record: 8, table size: 8
	.data: load addr=00000528, load size=00000011 bytes, run addr=20000000, run size=00000018 bytes, compression=lzss


LINKER GENERATED HANDLER TABLE

__TI_handler_table @ 0000053c records: 2, size/record: 4, table size: 8
	index: 0, handler: __TI_decompress_lzss
	index: 1, handler: __TI_decompress_none


GLOBAL SYMBOLS: SORTED ALPHABETICALLY BY Name 

address   name                           
-------   ----                           
000004f3  ADC14_IRQHandler               
000004f3  AES256_IRQHandler              
000004f3  BusFault_Handler               
000003cd  C$$EXIT                        
000004f3  COMP_E0_IRQHandler             
000004f3  COMP_E1_IRQHandler             
000004f3  CS_IRQHandler                  
000004f3  DMA_ERR_IRQHandler             
000004f3  DMA_INT0_IRQHandler            
000004f3  DMA_INT1_IRQHandler            
000004f3  DMA_INT2_IRQHandler            
000004f3  DMA_INT3_IRQHandler            
000004f3  DebugMon_Handler               
000004f3  Default_Handler                
000004f3  EUSCIA0_IRQHandler             
000004f3  EUSCIA1_IRQHandler             
000004f3  EUSCIA2_IRQHandler             
000004f3  EUSCIA3_IRQHandler             
000004f3  EUSCIB0_IRQHandler             
000004f3  EUSCIB1_IRQHandler             
000004f3  EUSCIB2_IRQHandler             
000004f3  EUSCIB3_IRQHandler             
000004f3  FLCTL_IRQHandler               
000004f3  FPU_IRQHandler                 
0000046d  GPIO_setAsOutputPin            
000004f3  HardFault_Handler              
000004f3  MemManage_Handler              
000004f3  NMI_Handler                    
000004f3  PCM_IRQHandler                 
000004f3  PORT1_IRQHandler               
000004f3  PORT2_IRQHandler               
000004f3  PORT3_IRQHandler               
000004f3  PORT4_IRQHandler               
000004f3  PORT5_IRQHandler               
000004f3  PORT6_IRQHandler               
000004f3  PSS_IRQHandler                 
000004f3  PendSV_Handler                 
000004f3  RTC_C_IRQHandler               
000004e3  Reset_Handler                  
UNDEFED   SHT$$INIT_ARRAY$$Base          
UNDEFED   SHT$$INIT_ARRAY$$Limit         
000004f3  SVC_Handler                    
000004f3  SysTick_Handler                
00000229  SystemInit                     
000004f3  T32_INT1_IRQHandler            
000004f3  T32_INT2_IRQHandler            
000004f3  T32_INTC_IRQHandler            
000004f3  TA0_0_IRQHandler               
000004f3  TA0_N_IRQHandler               
000004f3  TA1_0_IRQHandler               
000004f3  TA1_N_IRQHandler               
000004f3  TA2_0_IRQHandler               
000004f3  TA2_N_IRQHandler               
000004f3  TA3_0_IRQHandler               
000004f3  TA3_N_IRQHandler               
000004f3  UsageFault_Handler             
4000480c  WDTCTL_SYM                     
000004f3  WDT_A_IRQHandler               
00000491  WDT_A_holdTimer                
20010000  __STACK_END                    
00000200  __STACK_SIZE                   
00000544  __TI_CINIT_Base                
0000054c  __TI_CINIT_Limit               
0000053c  __TI_Handler_Table_Base        
00000544  __TI_Handler_Table_Limit       
000002a1  __TI_auto_init                 
20000000  __TI_cleanup_ptr               
00000311  __TI_decompress_lzss           
000004d5  __TI_decompress_none           
20000004  __TI_dtors_ptr                 
20000008  __TI_enable_exit_profile_output
ffffffff  __TI_pprof_out_hndl            
ffffffff  __TI_prof_data_size            
ffffffff  __TI_prof_data_start           
00000000  __TI_static_base__             
0000018d  __aeabi_memcpy                 
0000018d  __aeabi_memcpy4                
0000018d  __aeabi_memcpy8                
ffffffff  __binit__                      
ffffffff  __c_args__                     
000004f5  __mpu_init                     
2000fe00  __stack                        
000004a9  _args_main                     
00000379  _c_int00                       
2000000c  _lock                          
000004cf  _nop                           
000004c7  _register_lock                 
000004c1  _register_unlock               
000004f7  _system_post_cinit             
000004ef  _system_pre_init               
20000010  _unlock                        
000003d1  abort                          
ffffffff  binit                          
00000421  copy_in                        
000003d9  exit                           
00000000  interruptVectors               
000000e5  main                           
20000014  main_func_sp                   
0000018d  memcpy                         


GLOBAL SYMBOLS: SORTED BY Symbol Address 

address   name                           
-------   ----                           
00000000  __TI_static_base__             
00000000  interruptVectors               
000000e5  main                           
0000018d  __aeabi_memcpy                 
0000018d  __aeabi_memcpy4                
0000018d  __aeabi_memcpy8                
0000018d  memcpy                         
00000200  __STACK_SIZE                   
00000229  SystemInit                     
000002a1  __TI_auto_init                 
00000311  __TI_decompress_lzss           
00000379  _c_int00                       
000003cd  C$$EXIT                        
000003d1  abort                          
000003d9  exit                           
00000421  copy_in                        
0000046d  GPIO_setAsOutputPin            
00000491  WDT_A_holdTimer                
000004a9  _args_main                     
000004c1  _register_unlock               
000004c7  _register_lock                 
000004cf  _nop                           
000004d5  __TI_decompress_none           
000004e3  Reset_Handler                  
000004ef  _system_pre_init               
000004f3  ADC14_IRQHandler               
000004f3  AES256_IRQHandler              
000004f3  BusFault_Handler               
000004f3  COMP_E0_IRQHandler             
000004f3  COMP_E1_IRQHandler             
000004f3  CS_IRQHandler                  
000004f3  DMA_ERR_IRQHandler             
000004f3  DMA_INT0_IRQHandler            
000004f3  DMA_INT1_IRQHandler            
000004f3  DMA_INT2_IRQHandler            
000004f3  DMA_INT3_IRQHandler            
000004f3  DebugMon_Handler               
000004f3  Default_Handler                
000004f3  EUSCIA0_IRQHandler             
000004f3  EUSCIA1_IRQHandler             
000004f3  EUSCIA2_IRQHandler             
000004f3  EUSCIA3_IRQHandler             
000004f3  EUSCIB0_IRQHandler             
000004f3  EUSCIB1_IRQHandler             
000004f3  EUSCIB2_IRQHandler             
000004f3  EUSCIB3_IRQHandler             
000004f3  FLCTL_IRQHandler               
000004f3  FPU_IRQHandler                 
000004f3  HardFault_Handler              
000004f3  MemManage_Handler              
000004f3  NMI_Handler                    
000004f3  PCM_IRQHandler                 
000004f3  PORT1_IRQHandler               
000004f3  PORT2_IRQHandler               
000004f3  PORT3_IRQHandler               
000004f3  PORT4_IRQHandler               
000004f3  PORT5_IRQHandler               
000004f3  PORT6_IRQHandler               
000004f3  PSS_IRQHandler                 
000004f3  PendSV_Handler                 
000004f3  RTC_C_IRQHandler               
000004f3  SVC_Handler                    
000004f3  SysTick_Handler                
000004f3  T32_INT1_IRQHandler            
000004f3  T32_INT2_IRQHandler            
000004f3  T32_INTC_IRQHandler            
000004f3  TA0_0_IRQHandler               
000004f3  TA0_N_IRQHandler               
000004f3  TA1_0_IRQHandler               
000004f3  TA1_N_IRQHandler               
000004f3  TA2_0_IRQHandler               
000004f3  TA2_N_IRQHandler               
000004f3  TA3_0_IRQHandler               
000004f3  TA3_N_IRQHandler               
000004f3  UsageFault_Handler             
000004f3  WDT_A_IRQHandler               
000004f5  __mpu_init                     
000004f7  _system_post_cinit             
0000053c  __TI_Handler_Table_Base        
00000544  __TI_CINIT_Base                
00000544  __TI_Handler_Table_Limit       
0000054c  __TI_CINIT_Limit               
20000000  __TI_cleanup_ptr               
20000004  __TI_dtors_ptr                 
20000008  __TI_enable_exit_profile_output
2000000c  _lock                          
20000010  _unlock                        
20000014  main_func_sp                   
2000fe00  __stack                        
20010000  __STACK_END                    
4000480c  WDTCTL_SYM                     
ffffffff  __TI_pprof_out_hndl            
ffffffff  __TI_prof_data_size            
ffffffff  __TI_prof_data_start           
ffffffff  __binit__                      
ffffffff  __c_args__                     
ffffffff  binit                          
UNDEFED   SHT$$INIT_ARRAY$$Base          
UNDEFED   SHT$$INIT_ARRAY$$Limit         

[99 symbols]
