******************************************************************************
                  TI ARM Linker PC v16.9.3                     
******************************************************************************
>> Linked Wed Aug 30 21:31:42 2017

OUTPUT FILE NAME:   <Listing 9.6.out>
ENTRY POINT SYMBOL: "_c_int00"  address: 000007bd


MEMORY CONFIGURATION

         name            origin    length      used     unused   attr    fill
----------------------  --------  ---------  --------  --------  ----  --------
  MAIN                  00000000   00040000  00000cbc  0003f344  R  X
  INFO                  00200000   00004000  00000000  00004000  R  X
  SRAM_CODE             01000000   00010000  00000218  0000fde8  RW X
  SRAM_DATA             20000000   00010000  00000218  0000fde8  RW  


SEGMENT ALLOCATION MAP

run origin  load origin   length   init length attrs members
----------  ----------- ---------- ----------- ----- -------
00000000    00000000    00000cbc   00000cbc    r-x
  00000000    00000000    000000e4   000000e4    r-- .intvecs
  000000e4    000000e4    00000b20   00000b20    r-x .text
  00000c04    00000c04    00000094   00000094    r-- .const
  00000c98    00000c98    00000024   00000024    r-- .cinit
20000000    20000000    00000018   00000000    rw-
  20000000    20000000    00000018   00000000    rw- .data
2000fe00    2000fe00    00000200   00000000    rw-
  2000fe00    2000fe00    00000200   00000000    rw- .stack


SECTION ALLOCATION MAP

 output                                  attributes/
section   page    origin      length       input sections
--------  ----  ----------  ----------   ----------------
.intvecs   0    00000000    000000e4     
                  00000000    000000e4     startup_msp432p401r_ccs.obj (.intvecs:retain)

.binit     0    00000000    00000000     

.text      0    000000e4    00000b20     
                  000000e4    000001a0     msp432p4xx_driverlib.lib : pcm.o (.text:__PCM_setPowerStateAdvanced)
                  00000284    000000dc                              : pcm.o (.text:__PCM_setPowerModeAdvanced)
                  00000360    000000b0                              : pcm.o (.text:__PCM_setCoreVoltageLevelAdvanced)
                  00000410    0000009c     rtsv7M4_T_le_v4SPD16_eabi.lib : memcpy_t2.obj (.text)
                  000004ac    00000094     msp432p4xx_driverlib.lib : uart.o (.text:UART_initModule)
                  00000540    00000078                              : pcm.o (.text:PCM_gotoLPM3)
                  000005b8    00000070     rtsv7M4_T_le_v4SPD16_eabi.lib : autoinit.obj (.text)
                  00000628    00000068     system_msp432p401r.obj (.text:SystemInit)
                  00000690    00000068     rtsv7M4_T_le_v4SPD16_eabi.lib : copy_decompress_lzss.obj (.text:decompress:lzss)
                  000006f8    00000064     msp432p4xx_driverlib.lib : interrupt.o (.text:Interrupt_enableInterrupt)
                  0000075c    00000060     main.obj (.text:main)
                  000007bc    00000054     rtsv7M4_T_le_v4SPD16_eabi.lib : boot.obj (.text)
                  00000810    00000054                                   : exit.obj (.text)
                  00000864    00000050     main.obj (.text:EUSCIA2_IRQHandler)
                  000008b4    00000050     msp432p4xx_driverlib.lib : pcm.o (.text:PCM_shutdownDevice)
                  00000904    0000004c                              : gpio.o (.text:GPIO_setAsPeripheralModuleFunctionInputPin)
                  00000950    0000004c     rtsv7M4_T_le_v4SPD16_eabi.lib : cpy_tbl.obj (.text)
                  0000099c    00000030     msp432p4xx_driverlib.lib : uart.o (.text:UART_getEnabledInterruptStatus)
                  000009cc    0000002c                              : pcm.o (.text:PCM_getCoreVoltageLevel)
                  000009f8    0000002a                              : pcm.o (.text:PCM_getPowerMode)
                  00000a22    00000002     startup_msp432p401r_ccs.obj (.text:Default_Handler)
                  00000a24    00000028     msp432p4xx_driverlib.lib : pcm.o (.text:PCM_gotoLPM0)
                  00000a4c    00000024                              : cs.o (.text:CS_setDCOCenteredFrequency)
                  00000a70    00000024                              : gpio.o (.text:GPIO_setAsOutputPin)
                  00000a94    00000024                              : rtc_c.o (.text:RTC_C_holdClock)
                  00000ab8    00000024                              : uart.o (.text:UART_receiveData)
                  00000adc    00000018                              : gpio.o (.text:GPIO_setOutputLowOnPin)
                  00000af4    00000018                              : wdt_a.o (.text:WDT_A_holdTimer)
                  00000b0c    00000018     rtsv7M4_T_le_v4SPD16_eabi.lib : args_main.obj (.text)
                  00000b24    00000016     msp432p4xx_driverlib.lib : uart.o (.text:UART_enableInterrupt)
                  00000b3a    00000002     rtsv7M4_T_le_v4SPD16_eabi.lib : mpu_init.obj (.text)
                  00000b3c    00000014     msp432p4xx_driverlib.lib : gpio.o (.text:GPIO_toggleOutputOnPin)
                  00000b50    00000014                              : interrupt.o (.text:Interrupt_enableSleepOnIsrExit)
                  00000b64    00000014     rtsv7M4_T_le_v4SPD16_eabi.lib : _lock.obj (.text)
                  00000b78    00000010     msp432p4xx_driverlib.lib : interrupt.o (.text:Interrupt_enableMaster)
                  00000b88    00000010                              : pcm.o (.text:PCM_gotoLPM4)
                  00000b98    0000000e                              : uart.o (.text:UART_clearInterruptFlag)
                  00000ba6    0000000e     rtsv7M4_T_le_v4SPD16_eabi.lib : copy_decompress_none.obj (.text:decompress:none)
                  00000bb4    0000000c     msp432p4xx_driverlib.lib : cpu.o (.text:CPU_cpsie)
                  00000bc0    0000000c                              : pcm.o (.text:PCM_getPowerState)
                  00000bcc    0000000c     startup_msp432p401r_ccs.obj (.text:Reset_Handler)
                  00000bd8    0000000c     msp432p4xx_driverlib.lib : uart.o (.text:UART_enableModule)
                  00000be4    00000008                              : pcm.o (.text:PCM_setPowerMode)
                  00000bec    00000008                              : pcm.o (.text:PCM_setPowerState)
                  00000bf4    00000006                              : uart.o (.text:UART_getInterruptStatus)
                  00000bfa    00000004                              : cpu.o (.text:CPU_wfi)
                  00000bfe    00000004     rtsv7M4_T_le_v4SPD16_eabi.lib : pre_init.obj (.text)
                  00000c02    00000002                                   : startup.obj (.text)

.const     0    00000c04    00000094     
                  00000c04    00000040     msp432p4xx_driverlib.lib : interrupt.o (.const)
                  00000c44    00000030                              : gpio.o (.const:GPIO_PORT_TO_BASE)
                  00000c74    00000024     main.obj (.const:uartConfig)

.cinit     0    00000c98    00000024     
                  00000c98    00000011     (.cinit..data.load) [load image, compression = lzss]
                  00000ca9    00000003     --HOLE-- [fill = 0]
                  00000cac    00000008     (__TI_handler_table)
                  00000cb4    00000008     (__TI_cinit_table)

.init_array 
*          0    00000000    00000000     UNINITIALIZED

.data      0    20000000    00000018     UNINITIALIZED
                  20000000    0000000c     rtsv7M4_T_le_v4SPD16_eabi.lib : exit.obj (.data:$O1$$)
                  2000000c    00000008                                   : _lock.obj (.data:$O1$$)
                  20000014    00000004                                   : stkdepth_vars.obj (.data)

.stack     0    2000fe00    00000200     UNINITIALIZED
                  2000fe00    00000200     --HOLE--

MODULE SUMMARY

       Module                        code   ro data   rw data
       ------                        ----   -------   -------
    .\
       main.obj                      176    36        0      
       system_msp432p401r.obj        104    0         0      
    +--+-----------------------------+------+---------+---------+
       Total:                        280    36        0      
                                                             
    .\ccs\
       startup_msp432p401r_ccs.obj   14     228       0      
    +--+-----------------------------+------+---------+---------+
       Total:                        14     228       0      
                                                             
    C:/ti/simplelink_msp432_sdk_1_30_00_40/source/ti/devices/msp432p4xx/driverlib/ccs/msp432p4xx_driverlib.lib
       pcm.o                         1182   0         0      
       uart.o                        286    0         0      
       gpio.o                        156    48        0      
       interrupt.o                   136    64        0      
       cs.o                          36     0         0      
       rtc_c.o                       36     0         0      
       wdt_a.o                       24     0         0      
       cpu.o                         16     0         0      
    +--+-----------------------------+------+---------+---------+
       Total:                        1872   112       0      
                                                             
    C:\ti\ccsv7\tools\compiler\ti-cgt-arm_16.9.3.LTS\lib\rtsv7M4_T_le_v4SPD16_eabi.lib
       memcpy_t2.obj                 156    0         0      
       autoinit.obj                  112    0         0      
       exit.obj                      84     0         24     
       copy_decompress_lzss.obj      104    0         0      
       boot.obj                      84     0         0      
       cpy_tbl.obj                   76     0         0      
       _lock.obj                     20     0         16     
       args_main.obj                 24     0         0      
       copy_decompress_none.obj      14     0         0      
       stkdepth_vars.obj             0      0         8      
       pre_init.obj                  4      0         0      
       mpu_init.obj                  2      0         0      
       startup.obj                   2      0         0      
    +--+-----------------------------+------+---------+---------+
       Total:                        682    0         48     
                                                             
       Stack:                        0      0         1024   
       Linker Generated:             0      33        0      
    +--+-----------------------------+------+---------+---------+
       Grand Total:                  2848   409       1072   


LINKER GENERATED COPY TABLES

__TI_cinit_table @ 00000cb4 records: 1, size/record: 8, table size: 8
	.data: load addr=00000c98, load size=00000011 bytes, run addr=20000000, run size=00000018 bytes, compression=lzss


LINKER GENERATED HANDLER TABLE

__TI_handler_table @ 00000cac records: 2, size/record: 4, table size: 8
	index: 0, handler: __TI_decompress_lzss
	index: 1, handler: __TI_decompress_none


GLOBAL SYMBOLS: SORTED ALPHABETICALLY BY Name 

address   name                                      
-------   ----                                      
00000a23  ADC14_IRQHandler                          
00000a23  AES256_IRQHandler                         
00000a23  BusFault_Handler                          
00000811  C$$EXIT                                   
00000a23  COMP_E0_IRQHandler                        
00000a23  COMP_E1_IRQHandler                        
00000bb5  CPU_cpsie                                 
00000bfb  CPU_wfi                                   
00000a23  CS_IRQHandler                             
00000a4d  CS_setDCOCenteredFrequency                
00000a23  DMA_ERR_IRQHandler                        
00000a23  DMA_INT0_IRQHandler                       
00000a23  DMA_INT1_IRQHandler                       
00000a23  DMA_INT2_IRQHandler                       
00000a23  DMA_INT3_IRQHandler                       
00000a23  DebugMon_Handler                          
00000a23  Default_Handler                           
00000a23  EUSCIA0_IRQHandler                        
00000a23  EUSCIA1_IRQHandler                        
00000865  EUSCIA2_IRQHandler                        
00000865  EUSCIA2_IRQHandler                        
00000a23  EUSCIA3_IRQHandler                        
00000a23  EUSCIB0_IRQHandler                        
00000a23  EUSCIB1_IRQHandler                        
00000a23  EUSCIB2_IRQHandler                        
00000a23  EUSCIB3_IRQHandler                        
00000a23  FLCTL_IRQHandler                          
00000a23  FPU_IRQHandler                            
00000a71  GPIO_setAsOutputPin                       
00000905  GPIO_setAsPeripheralModuleFunctionInputPin
00000add  GPIO_setOutputLowOnPin                    
00000b3d  GPIO_toggleOutputOnPin                    
00000a23  HardFault_Handler                         
000006f9  Interrupt_enableInterrupt                 
00000b79  Interrupt_enableMaster                    
00000b51  Interrupt_enableSleepOnIsrExit            
00000a23  MemManage_Handler                         
00000a23  NMI_Handler                               
00000a23  PCM_IRQHandler                            
000009cd  PCM_getCoreVoltageLevel                   
000009f9  PCM_getPowerMode                          
00000bc1  PCM_getPowerState                         
00000a25  PCM_gotoLPM0                              
00000541  PCM_gotoLPM3                              
00000b89  PCM_gotoLPM4                              
00000be5  PCM_setPowerMode                          
00000bed  PCM_setPowerState                         
000008b5  PCM_shutdownDevice                        
00000a23  PORT1_IRQHandler                          
00000a23  PORT2_IRQHandler                          
00000a23  PORT3_IRQHandler                          
00000a23  PORT4_IRQHandler                          
00000a23  PORT5_IRQHandler                          
00000a23  PORT6_IRQHandler                          
00000a23  PSS_IRQHandler                            
00000a23  PendSV_Handler                            
00000a23  RTC_C_IRQHandler                          
00000a95  RTC_C_holdClock                           
00000bcd  Reset_Handler                             
UNDEFED   SHT$$INIT_ARRAY$$Base                     
UNDEFED   SHT$$INIT_ARRAY$$Limit                    
00000a23  SVC_Handler                               
00000a23  SysTick_Handler                           
00000629  SystemInit                                
00000a23  T32_INT1_IRQHandler                       
00000a23  T32_INT2_IRQHandler                       
00000a23  T32_INTC_IRQHandler                       
00000a23  TA0_0_IRQHandler                          
00000a23  TA0_N_IRQHandler                          
00000a23  TA1_0_IRQHandler                          
00000a23  TA1_N_IRQHandler                          
00000a23  TA2_0_IRQHandler                          
00000a23  TA2_N_IRQHandler                          
00000a23  TA3_0_IRQHandler                          
00000a23  TA3_N_IRQHandler                          
00000b99  UART_clearInterruptFlag                   
00000b25  UART_enableInterrupt                      
00000bd9  UART_enableModule                         
0000099d  UART_getEnabledInterruptStatus            
00000bf5  UART_getInterruptStatus                   
000004ad  UART_initModule                           
00000ab9  UART_receiveData                          
00000a23  UsageFault_Handler                        
4000480c  WDTCTL_SYM                                
00000a23  WDT_A_IRQHandler                          
00000af5  WDT_A_holdTimer                           
20010000  __STACK_END                               
00000200  __STACK_SIZE                              
00000cb4  __TI_CINIT_Base                           
00000cbc  __TI_CINIT_Limit                          
00000cac  __TI_Handler_Table_Base                   
00000cb4  __TI_Handler_Table_Limit                  
000005b9  __TI_auto_init                            
20000000  __TI_cleanup_ptr                          
00000691  __TI_decompress_lzss                      
00000ba7  __TI_decompress_none                      
20000004  __TI_dtors_ptr                            
20000008  __TI_enable_exit_profile_output           
ffffffff  __TI_pprof_out_hndl                       
ffffffff  __TI_prof_data_size                       
ffffffff  __TI_prof_data_start                      
00000000  __TI_static_base__                        
00000411  __aeabi_memcpy                            
00000411  __aeabi_memcpy4                           
00000411  __aeabi_memcpy8                           
ffffffff  __binit__                                 
ffffffff  __c_args__                                
00000b3b  __mpu_init                                
2000fe00  __stack                                   
00000b0d  _args_main                                
000007bd  _c_int00                                  
2000000c  _lock                                     
00000b73  _nop                                      
00000b6b  _register_lock                            
00000b65  _register_unlock                          
00000c03  _system_post_cinit                        
00000bff  _system_pre_init                          
20000010  _unlock                                   
00000815  abort                                     
ffffffff  binit                                     
00000951  copy_in                                   
0000081d  exit                                      
00000000  interruptVectors                          
0000075d  main                                      
20000014  main_func_sp                              
00000411  memcpy                                    
00000c74  uartConfig                                


GLOBAL SYMBOLS: SORTED BY Symbol Address 

address   name                                      
-------   ----                                      
00000000  __TI_static_base__                        
00000000  interruptVectors                          
00000200  __STACK_SIZE                              
00000411  __aeabi_memcpy                            
00000411  __aeabi_memcpy4                           
00000411  __aeabi_memcpy8                           
00000411  memcpy                                    
000004ad  UART_initModule                           
00000541  PCM_gotoLPM3                              
000005b9  __TI_auto_init                            
00000629  SystemInit                                
00000691  __TI_decompress_lzss                      
000006f9  Interrupt_enableInterrupt                 
0000075d  main                                      
000007bd  _c_int00                                  
00000811  C$$EXIT                                   
00000815  abort                                     
0000081d  exit                                      
00000865  EUSCIA2_IRQHandler                        
00000865  EUSCIA2_IRQHandler                        
000008b5  PCM_shutdownDevice                        
00000905  GPIO_setAsPeripheralModuleFunctionInputPin
00000951  copy_in                                   
0000099d  UART_getEnabledInterruptStatus            
000009cd  PCM_getCoreVoltageLevel                   
000009f9  PCM_getPowerMode                          
00000a23  ADC14_IRQHandler                          
00000a23  AES256_IRQHandler                         
00000a23  BusFault_Handler                          
00000a23  COMP_E0_IRQHandler                        
00000a23  COMP_E1_IRQHandler                        
00000a23  CS_IRQHandler                             
00000a23  DMA_ERR_IRQHandler                        
00000a23  DMA_INT0_IRQHandler                       
00000a23  DMA_INT1_IRQHandler                       
00000a23  DMA_INT2_IRQHandler                       
00000a23  DMA_INT3_IRQHandler                       
00000a23  DebugMon_Handler                          
00000a23  Default_Handler                           
00000a23  EUSCIA0_IRQHandler                        
00000a23  EUSCIA1_IRQHandler                        
00000a23  EUSCIA3_IRQHandler                        
00000a23  EUSCIB0_IRQHandler                        
00000a23  EUSCIB1_IRQHandler                        
00000a23  EUSCIB2_IRQHandler                        
00000a23  EUSCIB3_IRQHandler                        
00000a23  FLCTL_IRQHandler                          
00000a23  FPU_IRQHandler                            
00000a23  HardFault_Handler                         
00000a23  MemManage_Handler                         
00000a23  NMI_Handler                               
00000a23  PCM_IRQHandler                            
00000a23  PORT1_IRQHandler                          
00000a23  PORT2_IRQHandler                          
00000a23  PORT3_IRQHandler                          
00000a23  PORT4_IRQHandler                          
00000a23  PORT5_IRQHandler                          
00000a23  PORT6_IRQHandler                          
00000a23  PSS_IRQHandler                            
00000a23  PendSV_Handler                            
00000a23  RTC_C_IRQHandler                          
00000a23  SVC_Handler                               
00000a23  SysTick_Handler                           
00000a23  T32_INT1_IRQHandler                       
00000a23  T32_INT2_IRQHandler                       
00000a23  T32_INTC_IRQHandler                       
00000a23  TA0_0_IRQHandler                          
00000a23  TA0_N_IRQHandler                          
00000a23  TA1_0_IRQHandler                          
00000a23  TA1_N_IRQHandler                          
00000a23  TA2_0_IRQHandler                          
00000a23  TA2_N_IRQHandler                          
00000a23  TA3_0_IRQHandler                          
00000a23  TA3_N_IRQHandler                          
00000a23  UsageFault_Handler                        
00000a23  WDT_A_IRQHandler                          
00000a25  PCM_gotoLPM0                              
00000a4d  CS_setDCOCenteredFrequency                
00000a71  GPIO_setAsOutputPin                       
00000a95  RTC_C_holdClock                           
00000ab9  UART_receiveData                          
00000add  GPIO_setOutputLowOnPin                    
00000af5  WDT_A_holdTimer                           
00000b0d  _args_main                                
00000b25  UART_enableInterrupt                      
00000b3b  __mpu_init                                
00000b3d  GPIO_toggleOutputOnPin                    
00000b51  Interrupt_enableSleepOnIsrExit            
00000b65  _register_unlock                          
00000b6b  _register_lock                            
00000b73  _nop                                      
00000b79  Interrupt_enableMaster                    
00000b89  PCM_gotoLPM4                              
00000b99  UART_clearInterruptFlag                   
00000ba7  __TI_decompress_none                      
00000bb5  CPU_cpsie                                 
00000bc1  PCM_getPowerState                         
00000bcd  Reset_Handler                             
00000bd9  UART_enableModule                         
00000be5  PCM_setPowerMode                          
00000bed  PCM_setPowerState                         
00000bf5  UART_getInterruptStatus                   
00000bfb  CPU_wfi                                   
00000bff  _system_pre_init                          
00000c03  _system_post_cinit                        
00000c74  uartConfig                                
00000cac  __TI_Handler_Table_Base                   
00000cb4  __TI_CINIT_Base                           
00000cb4  __TI_Handler_Table_Limit                  
00000cbc  __TI_CINIT_Limit                          
20000000  __TI_cleanup_ptr                          
20000004  __TI_dtors_ptr                            
20000008  __TI_enable_exit_profile_output           
2000000c  _lock                                     
20000010  _unlock                                   
20000014  main_func_sp                              
2000fe00  __stack                                   
20010000  __STACK_END                               
4000480c  WDTCTL_SYM                                
ffffffff  __TI_pprof_out_hndl                       
ffffffff  __TI_prof_data_size                       
ffffffff  __TI_prof_data_start                      
ffffffff  __binit__                                 
ffffffff  __c_args__                                
ffffffff  binit                                     
UNDEFED   SHT$$INIT_ARRAY$$Base                     
UNDEFED   SHT$$INIT_ARRAY$$Limit                    

[127 symbols]
