******************************************************************************
                  TI ARM Linker PC v18.1.4                     
******************************************************************************
>> Linked Wed Feb 27 13:29:39 2019

OUTPUT FILE NAME:   <TimerA_PWM_mode.out>
ENTRY POINT SYMBOL: "_c_int00_noargs"  address: 000028f1


MEMORY CONFIGURATION

         name            origin    length      used     unused   attr    fill
----------------------  --------  ---------  --------  --------  ----  --------
  MAIN                  00000000   00040000  00002da9  0003d257  R  X
  INFO                  00200000   00004000  00000000  00004000  R  X
  SRAM_CODE             01000000   00010000  00000dcc  0000f234  RW X
  SRAM_DATA             20000000   00010000  00000dcc  0000f234  RW  


SEGMENT ALLOCATION MAP

run origin  load origin   length   init length attrs members
----------  ----------- ---------- ----------- ----- -------
00000000    00000000    00002db0   00002db0    r-x
  00000000    00000000    000000e4   000000e4    r-- .intvecs
  000000e4    000000e4    00002b1c   00002b1c    r-x .text
  00002c00    00002c00    00000101   00000101    r-- .const
  00002d08    00002d08    000000a8   000000a8    r-- .cinit
20000000    20000000    00000bcc   00000000    rw-
  20000000    20000000    00000800   00000000    rw- .sysmem
  20000800    20000800    00000204   00000000    rw- .data
  20000a04    20000a04    000001c8   00000000    rw- .bss
2000fe00    2000fe00    00000200   00000000    rw-
  2000fe00    2000fe00    00000200   00000000    rw- .stack


SECTION ALLOCATION MAP

 output                                  attributes/
section   page    origin      length       input sections
--------  ----  ----------  ----------   ----------------
.intvecs   0    00000000    000000e4     
                  00000000    000000e4     startup_msp432p401r_ccs.obj (.intvecs:retain)

.text      0    000000e4    00002b1c     
                  000000e4    00000a5e     rtsv7M4_T_le_v4SPD16_eabi.lib : _printfi.c.obj (.text:__TI_printfi)
                  00000b42    00000002     startup_msp432p401r_ccs.obj (.text:Default_Handler)
                  00000b44    00000270     rtsv7M4_T_le_v4SPD16_eabi.lib : _printfi.c.obj (.text:_pconv_a)
                  00000db4    000001d0                                   : _printfi.c.obj (.text:_pconv_g)
                  00000f84    000001b6                                   : fd_add_t2.asm.obj (.text)
                  0000113a    00000002                                   : _lock.c.obj (.text:_nop)
                  0000113c    0000013c                                   : _printfi.c.obj (.text:_pconv_e)
                  00001278    00000136                                   : fd_div_t2.asm.obj (.text)
                  000013ae    00000002                                   : div0.asm.obj (.text)
                  000013b0    00000124                                   : _printfi.c.obj (.text:fcvt)
                  000014d4    00000114                                   : fputs.c.obj (.text:fputs)
                  000015e8    00000110                                   : s_scalbn.c.obj (.text:scalbn)
                  000016f8    000000fc                                   : fd_mul_t2.asm.obj (.text)
                  000017f4    000000dc                                   : setvbuf.c.obj (.text:setvbuf)
                  000018d0    000000d8                                   : memory.c.obj (.text:free)
                  000019a8    000000d0     main.obj (.text:main)
                  00001a78    000000b1     rtsv7M4_T_le_v4SPD16_eabi.lib : _printfi.c.obj (.text:_ltostr)
                  00001b29    00000001     --HOLE-- [fill = 0]
                  00001b2a    0000009c                                   : memcpy_t2.asm.obj (.text)
                  00001bc6    00000096                                   : ull_div_t2.asm.obj (.text)
                  00001c5c    0000008c     main.obj (.text:PORT1_IRQHandler)
                  00001ce8    0000008c     rtsv7M4_T_le_v4SPD16_eabi.lib : fputc.c.obj (.text:fputc)
                  00001d74    00000086                                   : fd_cmp_t2.asm.obj (.text:__aeabi_cdcmple)
                  00001dfa    00000086                                   : fd_cmp_t2.asm.obj (.text:__aeabi_cdrcmple)
                  00001e80    0000007a                                   : memset_t2.asm.obj (.text)
                  00001efa    00000002     --HOLE-- [fill = 0]
                  00001efc    00000078     system_msp432p401r.obj (.text:SystemInit)
                  00001f74    00000078     rtsv7M4_T_le_v4SPD16_eabi.lib : memory.c.obj (.text:malloc)
                  00001fec    00000074                                   : fclose.c.obj (.text:__TI_closefile)
                  00002060    0000006e                                   : _printfi.c.obj (.text:_mcpy)
                  000020ce    00000002     --HOLE-- [fill = 0]
                  000020d0    00000068                                   : hostlseek.c.obj (.text:HOSTlseek)
                  00002138    00000068                                   : hostrename.c.obj (.text:HOSTrename)
                  000021a0    00000068                                   : copy_decompress_lzss.c.obj (.text:decompress:lzss:__TI_decompress_lzss)
                  00002208    00000068                                   : printf.c.obj (.text:printf)
                  00002270    00000064                                   : s_frexp.c.obj (.text:frexp)
                  000022d4    00000064                                   : fseek.c.obj (.text:fseek)
                  00002338    00000062                                   : _io_perm.c.obj (.text:__TI_wrt_ok)
                  0000239a    00000002     --HOLE-- [fill = 0]
                  0000239c    00000060                                   : hostopen.c.obj (.text:HOSTopen)
                  000023fc    0000005c                                   : close.c.obj (.text:close)
                  00002458    00000058                                   : hostread.c.obj (.text:HOSTread)
                  000024b0    00000058                                   : hostwrite.c.obj (.text:HOSTwrite)
                  00002508    00000056                                   : _printfi.c.obj (.text:_pconv_f)
                  0000255e    00000054                                   : ltoa.c.obj (.text:ltoa)
                  000025b2    00000052                                   : _printfi.c.obj (.text:_ecpy)
                  00002604    0000004c                                   : fflush.c.obj (.text:__TI_doflush)
                  00002650    0000004c                                   : atoi.c.obj (.text:atoi)
                  0000269c    00000048                                   : exit.c.obj (.text:exit)
                  000026e4    00000048                                   : fd_toi_t2.asm.obj (.text)
                  0000272c    00000044                                   : hostclose.c.obj (.text:HOSTclose)
                  00002770    00000044                                   : hostunlink.c.obj (.text:HOSTunlink)
                  000027b4    00000044                                   : autoinit.c.obj (.text:__TI_auto_init_nobinit_nopinit:__TI_auto_init_nobinit_nopinit)
                  000027f8    00000044                                   : getdevice.c.obj (.text:getdevice)
                  0000283c    0000003e                                   : _printfi.c.obj (.text:_fcpy)
                  0000287a    00000002     --HOLE-- [fill = 0]
                  0000287c    0000003c                                   : memory.c.obj (.text:minsert)
                  000028b8    00000038                                   : trgmsg.c.obj (.text:__TI_writemsg)
                  000028f0    00000038                                   : boot_cortex_m.c.obj (.text:_c_int00_noargs:_c_int00_noargs)
                  00002928    00000038                                   : memory.c.obj (.text:minit)
                  00002960    00000036                                   : strncpy.c.obj (.text:strncpy)
                  00002996    00000002     --HOLE-- [fill = 0]
                  00002998    00000034                                   : fopen.c.obj (.text:__TI_cleanup)
                  000029cc    00000034                                   : trgmsg.c.obj (.text:__TI_readmsg)
                  00002a00    00000030                                   : getdevice.c.obj (.text:finddevice)
                  00002a30    0000002e                                   : i_tofd_t2.asm.obj (.text)
                  00002a5e    00000002     --HOLE-- [fill = 0]
                  00002a60    0000002c                                   : unlink.c.obj (.text:unlink)
                  00002a8c    00000028                                   : lseek.c.obj (.text:lseek)
                  00002ab4    00000028                                   : memory.c.obj (.text:mremove)
                  00002adc    00000028                                   : write.c.obj (.text:write)
                  00002b04    00000020                                   : memchr.c.obj (.text:memchr)
                  00002b24    0000001c                                   : memccpy.c.obj (.text:memccpy)
                  00002b40    00000018                                   : strcmp.c.obj (.text:strcmp)
                  00002b58    00000016                                   : strchr.c.obj (.text:strchr)
                  00002b6e    00000014                                   : s_copysign.c.obj (.text:copysign)
                  00002b82    00000014                                   : strcpy.c.obj (.text:strcpy)
                  00002b96    00000014                                   : strlen.c.obj (.text:strlen)
                  00002baa    00000012                                   : copy_zero_init.c.obj (.text:decompress:ZI:__TI_zero_init_nomemset:__TI_zero_init_nomemset)
                  00002bbc    00000012                                   : wcslen.c.obj (.text:wcslen)
                  00002bce    0000000e                                   : copy_decompress_none.c.obj (.text:decompress:none:__TI_decompress_none)
                  00002bdc    0000000c     startup_msp432p401r_ccs.obj (.text:Reset_Handler)
                  00002be8    00000008     rtsv7M4_T_le_v4SPD16_eabi.lib : errno.c.obj (.text:__aeabi_errno_addr)
                  00002bf0    00000004                                   : printf.c.obj (.text:_outc)
                  00002bf4    00000004                                   : printf.c.obj (.text:_outs)
                  00002bf8    00000004                                   : pre_init.c.obj (.text:_system_pre_init)
                  00002bfc    00000004                                   : exit.c.obj (.text:abort:abort)

.const     0    00002c00    00000101     
                  00002c00    00000101     rtsv7M4_T_le_v4SPD16_eabi.lib : ctype.c.obj (.const:.string:_ctypes_)

.cinit     0    00002d08    000000a8     
                  00002d08    0000007d     (.cinit..data.load) [load image, compression = lzss]
                  00002d85    00000003     --HOLE-- [fill = 0]
                  00002d88    0000000c     (__TI_handler_table)
                  00002d94    00000004     --HOLE-- [fill = 0]
                  00002d98    00000008     (.cinit..bss.load) [load image, compression = zero_init]
                  00002da0    00000010     (__TI_cinit_table)

.init_array 
*          0    00000000    00000000     UNINITIALIZED

.binit     0    00000000    00000000     

.sysmem    0    20000000    00000800     UNINITIALIZED
                  20000000    00000008     rtsv7M4_T_le_v4SPD16_eabi.lib : memory.c.obj (.sysmem)
                  20000008    000007f8     --HOLE--

.data      0    20000800    00000204     UNINITIALIZED
                  20000800    000000f0     rtsv7M4_T_le_v4SPD16_eabi.lib : defs.c.obj (.data:_ftable)
                  200008f0    00000078                                   : write.c.obj (.data:_device)
                  20000968    00000050                                   : write.c.obj (.data:_stream)
                  200009b8    00000018     main.obj (.data:pwmConfig)
                  200009d0    00000010     rtsv7M4_T_le_v4SPD16_eabi.lib : defs.c.obj (.data)
                  200009e0    0000000c                                   : exit.c.obj (.data:$O1$$)
                  200009ec    0000000c                                   : memory.c.obj (.data:$O1$$)
                  200009f8    00000008                                   : _lock.c.obj (.data:$O1$$)
                  20000a00    00000004                                   : errno.c.obj (.data)

.bss       0    20000a04    000001c8     UNINITIALIZED
                  20000a04    00000120     rtsv7M4_T_le_v4SPD16_eabi.lib : trgmsg.c.obj (.bss:_CIOBUF_)
                  20000b24    000000a0     (.common:__TI_tmpnams)
                  20000bc4    00000008     (.common:parmbuf)

.stack     0    2000fe00    00000200     UNINITIALIZED
                  2000fe00    00000004     rtsv7M4_T_le_v4SPD16_eabi.lib : boot_cortex_m.c.obj (.stack)
                  2000fe04    000001fc     --HOLE--

MODULE SUMMARY

       Module                        code    ro data   rw data
       ------                        ----    -------   -------
    .\
       main.obj                      348     0         48     
       system_msp432p401r.obj        120     0         0      
    +--+-----------------------------+-------+---------+---------+
       Total:                        468     0         48     
                                                              
    .\ccs\
       startup_msp432p401r_ccs.obj   14      228       0      
    +--+-----------------------------+-------+---------+---------+
       Total:                        14      228       0      
                                                              
    C:\ti\ccs830\ccsv8\tools\compiler\ti-cgt-arm_18.1.4.LTS\lib\rtsv7M4_T_le_v4SPD16_eabi.lib
       _printfi.c.obj                4867    0         0      
       defs.c.obj                    0       0         832    
       trgmsg.c.obj                  108     0         576    
       memory.c.obj                  492     0         24     
       write.c.obj                   40      0         400    
       fd_add_t2.asm.obj             438     0         0      
       fd_div_t2.asm.obj             310     0         0      
       fputs.c.obj                   276     0         0      
       s_scalbn.c.obj                272     0         0      
       fd_cmp_t2.asm.obj             268     0         0      
       ctype.c.obj                   0       257       0      
       fd_mul_t2.asm.obj             252     0         0      
       setvbuf.c.obj                 220     0         0      
       memcpy_t2.asm.obj             156     0         0      
       ull_div_t2.asm.obj            150     0         0      
       fputc.c.obj                   140     0         0      
       memset_t2.asm.obj             122     0         0      
       fclose.c.obj                  116     0         0      
       getdevice.c.obj               116     0         0      
       hostopen.c.obj                96      0         16     
       printf.c.obj                  112     0         0      
       copy_decompress_lzss.c.obj    104     0         0      
       hostlseek.c.obj               104     0         0      
       hostrename.c.obj              104     0         0      
       exit.c.obj                    76      0         24     
       fseek.c.obj                   100     0         0      
       s_frexp.c.obj                 100     0         0      
       _io_perm.c.obj                98      0         0      
       close.c.obj                   92      0         0      
       hostread.c.obj                88      0         0      
       hostwrite.c.obj               88      0         0      
       ltoa.c.obj                    84      0         0      
       atoi.c.obj                    76      0         0      
       fflush.c.obj                  76      0         0      
       fd_toi_t2.asm.obj             72      0         0      
       autoinit.c.obj                68      0         0      
       hostclose.c.obj               68      0         0      
       hostunlink.c.obj              68      0         0      
       boot_cortex_m.c.obj           56      0         0      
       strncpy.c.obj                 54      0         0      
       fopen.c.obj                   52      0         0      
       i_tofd_t2.asm.obj             46      0         0      
       unlink.c.obj                  44      0         0      
       lseek.c.obj                   40      0         0      
       memchr.c.obj                  32      0         0      
       memccpy.c.obj                 28      0         0      
       strcmp.c.obj                  24      0         0      
       strchr.c.obj                  22      0         0      
       s_copysign.c.obj              20      0         0      
       strcpy.c.obj                  20      0         0      
       strlen.c.obj                  20      0         0      
       _lock.c.obj                   2       0         16     
       copy_zero_init.c.obj          18      0         0      
       wcslen.c.obj                  18      0         0      
       errno.c.obj                   8       0         8      
       copy_decompress_none.c.obj    14      0         0      
       pre_init.c.obj                4       0         0      
       div0.asm.obj                  2       0         0      
    +--+-----------------------------+-------+---------+---------+
       Total:                        10541   257       1896   
                                                              
       Heap:                         0       0         4096   
       Stack:                        0       0         1024   
       Linker Generated:             0       161       0      
    +--+-----------------------------+-------+---------+---------+
       Grand Total:                  11023   646       7064   


LINKER GENERATED COPY TABLES

__TI_cinit_table @ 00002da0 records: 2, size/record: 8, table size: 16
	.data: load addr=00002d08, load size=0000007d bytes, run addr=20000800, run size=00000204 bytes, compression=lzss
	.bss: load addr=00002d98, load size=00000008 bytes, run addr=20000a04, run size=000001c8 bytes, compression=zero_init


LINKER GENERATED HANDLER TABLE

__TI_handler_table @ 00002d88 records: 3, size/record: 4, table size: 12
	index: 0, handler: __TI_decompress_lzss
	index: 1, handler: __TI_decompress_none
	index: 2, handler: __TI_zero_init


GLOBAL SYMBOLS: SORTED ALPHABETICALLY BY Name 

address   name                           
-------   ----                           
00000b43  ADC14_IRQHandler               
00000b43  AES256_IRQHandler              
00000b43  BusFault_Handler               
00002bfd  C$$EXIT                        
000028e7  C$$IO$$                        
00000b43  COMP_E0_IRQHandler             
00000b43  COMP_E1_IRQHandler             
00000b43  CS_IRQHandler                  
00000b43  DMA_ERR_IRQHandler             
00000b43  DMA_INT0_IRQHandler            
00000b43  DMA_INT1_IRQHandler            
00000b43  DMA_INT2_IRQHandler            
00000b43  DMA_INT3_IRQHandler            
00000b43  DebugMon_Handler               
00000b43  Default_Handler                
00000b43  EUSCIA0_IRQHandler             
00000b43  EUSCIA1_IRQHandler             
00000b43  EUSCIA2_IRQHandler             
00000b43  EUSCIA3_IRQHandler             
00000b43  EUSCIB0_IRQHandler             
00000b43  EUSCIB1_IRQHandler             
00000b43  EUSCIB2_IRQHandler             
00000b43  EUSCIB3_IRQHandler             
00000b43  FLCTL_IRQHandler               
00000b43  FPU_IRQHandler                 
0000272d  HOSTclose                      
000020d1  HOSTlseek                      
0000239d  HOSTopen                       
00002459  HOSTread                       
00002139  HOSTrename                     
00002771  HOSTunlink                     
000024b1  HOSTwrite                      
00000b43  HardFault_Handler              
00000b43  MemManage_Handler              
00000b43  NMI_Handler                    
00000b43  PCM_IRQHandler                 
00001c5d  PORT1_IRQHandler               
00001c5d  PORT1_IRQHandler               
00000b43  PORT2_IRQHandler               
00000b43  PORT3_IRQHandler               
00000b43  PORT4_IRQHandler               
00000b43  PORT5_IRQHandler               
00000b43  PORT6_IRQHandler               
00000b43  PSS_IRQHandler                 
00000b43  PendSV_Handler                 
00000b43  RTC_C_IRQHandler               
00002bdd  Reset_Handler                  
00000b43  SVC_Handler                    
00000b43  SysTick_Handler                
00001efd  SystemInit                     
00000b43  T32_INT1_IRQHandler            
00000b43  T32_INT2_IRQHandler            
00000b43  T32_INTC_IRQHandler            
00000b43  TA0_0_IRQHandler               
00000b43  TA0_N_IRQHandler               
00000b43  TA1_0_IRQHandler               
00000b43  TA1_N_IRQHandler               
00000b43  TA2_0_IRQHandler               
00000b43  TA2_N_IRQHandler               
00000b43  TA3_0_IRQHandler               
00000b43  TA3_N_IRQHandler               
00000b43  UsageFault_Handler             
4000480c  WDTCTL_SYM                     
00000b43  WDT_A_IRQHandler               
20000a04  __CIOBUF_                      
20010000  __STACK_END                    
00000200  __STACK_SIZE                   
00000800  __SYSMEM_SIZE                  
00002da0  __TI_CINIT_Base                
00002db0  __TI_CINIT_Limit               
00002d88  __TI_Handler_Table_Base        
00002d94  __TI_Handler_Table_Limit       
000027b5  __TI_auto_init_nobinit_nopinit 
00002999  __TI_cleanup                   
200009e0  __TI_cleanup_ptr               
00001fed  __TI_closefile                 
000021a1  __TI_decompress_lzss           
00002bcf  __TI_decompress_none           
00002605  __TI_doflush                   
200009e4  __TI_dtors_ptr                 
200009e8  __TI_enable_exit_profile_output
200009d0  __TI_ft_end                    
ffffffff  __TI_pprof_out_hndl            
000000e5  __TI_printfi                   
ffffffff  __TI_prof_data_size            
ffffffff  __TI_prof_data_start           
000029cd  __TI_readmsg                   
00000000  __TI_static_base__             
20000b24  __TI_tmpnams                   
000028b9  __TI_writemsg                  
00002339  __TI_wrt_ok                    
00002bab  __TI_zero_init_nomemset        
00001d75  __aeabi_cdcmpeq                
00001d75  __aeabi_cdcmple                
00001dfb  __aeabi_cdrcmple               
000026e5  __aeabi_d2iz                   
00000f8f  __aeabi_dadd                   
00001279  __aeabi_ddiv                   
000016f9  __aeabi_dmul                   
00000f85  __aeabi_dsub                   
00002be9  __aeabi_errno_addr             
00002a31  __aeabi_i2d                    
000013af  __aeabi_idiv0                  
000013af  __aeabi_ldiv0                  
00001e81  __aeabi_memclr                 
00001e81  __aeabi_memclr4                
00001e81  __aeabi_memclr8                
00001b2b  __aeabi_memcpy                 
00001b2b  __aeabi_memcpy4                
00001b2b  __aeabi_memcpy8                
00001e83  __aeabi_memset                 
00001e83  __aeabi_memset4                
00001e83  __aeabi_memset8                
200009dc  __aeabi_stderr                 
200009d4  __aeabi_stdin                  
200009d8  __aeabi_stdout                 
00001bc7  __aeabi_uldivmod               
ffffffff  __binit__                      
ffffffff  __c_args__                     
UNDEFED   __mpu_init                     
2000fe00  __stack                        
000028f1  _c_int00_noargs                
00002c00  _ctypes_                       
200008f0  _device                        
20000800  _ftable                        
200009f8  _lock                          
0000113b  _nop                           
20000968  _stream                        
20000000  _sys_memory                    
UNDEFED   _system_post_cinit             
00002bf9  _system_pre_init               
200009fc  _unlock                        
00002bfd  abort                          
00002651  atoi                           
ffffffff  binit                          
000023fd  close                          
00002b6f  copysign                       
00002b6f  copysignl                      
20000a00  errno                          
0000269d  exit                           
00002a01  finddevice                     
00001ce9  fputc                          
000014d5  fputs                          
000018d1  free                           
00002271  frexp                          
00002271  frexpl                         
000022d5  fseek                          
000027f9  getdevice                      
00000000  interruptVectors               
000015e9  ldexp                          
000015e9  ldexpl                         
00002a8d  lseek                          
0000255f  ltoa                           
000019a9  main                           
00001f75  malloc                         
00002b25  memccpy                        
00002b05  memchr                         
00001b2b  memcpy                         
00001e89  memset                         
00002929  minit                          
20000bc4  parmbuf                        
00002209  printf                         
00001ce9  putc                           
200009b8  pwmConfig                      
00002a61  remove                         
000015e9  scalbn                         
000015e9  scalbnl                        
000017f5  setvbuf                        
00002b59  strchr                         
00002b41  strcmp                         
00002b83  strcpy                         
00002b97  strlen                         
00002961  strncpy                        
00002a61  unlink                         
00002bbd  wcslen                         
00002add  write                          


GLOBAL SYMBOLS: SORTED BY Symbol Address 

address   name                           
-------   ----                           
00000000  __TI_static_base__             
00000000  interruptVectors               
000000e5  __TI_printfi                   
00000200  __STACK_SIZE                   
00000800  __SYSMEM_SIZE                  
00000b43  ADC14_IRQHandler               
00000b43  AES256_IRQHandler              
00000b43  BusFault_Handler               
00000b43  COMP_E0_IRQHandler             
00000b43  COMP_E1_IRQHandler             
00000b43  CS_IRQHandler                  
00000b43  DMA_ERR_IRQHandler             
00000b43  DMA_INT0_IRQHandler            
00000b43  DMA_INT1_IRQHandler            
00000b43  DMA_INT2_IRQHandler            
00000b43  DMA_INT3_IRQHandler            
00000b43  DebugMon_Handler               
00000b43  Default_Handler                
00000b43  EUSCIA0_IRQHandler             
00000b43  EUSCIA1_IRQHandler             
00000b43  EUSCIA2_IRQHandler             
00000b43  EUSCIA3_IRQHandler             
00000b43  EUSCIB0_IRQHandler             
00000b43  EUSCIB1_IRQHandler             
00000b43  EUSCIB2_IRQHandler             
00000b43  EUSCIB3_IRQHandler             
00000b43  FLCTL_IRQHandler               
00000b43  FPU_IRQHandler                 
00000b43  HardFault_Handler              
00000b43  MemManage_Handler              
00000b43  NMI_Handler                    
00000b43  PCM_IRQHandler                 
00000b43  PORT2_IRQHandler               
00000b43  PORT3_IRQHandler               
00000b43  PORT4_IRQHandler               
00000b43  PORT5_IRQHandler               
00000b43  PORT6_IRQHandler               
00000b43  PSS_IRQHandler                 
00000b43  PendSV_Handler                 
00000b43  RTC_C_IRQHandler               
00000b43  SVC_Handler                    
00000b43  SysTick_Handler                
00000b43  T32_INT1_IRQHandler            
00000b43  T32_INT2_IRQHandler            
00000b43  T32_INTC_IRQHandler            
00000b43  TA0_0_IRQHandler               
00000b43  TA0_N_IRQHandler               
00000b43  TA1_0_IRQHandler               
00000b43  TA1_N_IRQHandler               
00000b43  TA2_0_IRQHandler               
00000b43  TA2_N_IRQHandler               
00000b43  TA3_0_IRQHandler               
00000b43  TA3_N_IRQHandler               
00000b43  UsageFault_Handler             
00000b43  WDT_A_IRQHandler               
00000f85  __aeabi_dsub                   
00000f8f  __aeabi_dadd                   
0000113b  _nop                           
00001279  __aeabi_ddiv                   
000013af  __aeabi_idiv0                  
000013af  __aeabi_ldiv0                  
000014d5  fputs                          
000015e9  ldexp                          
000015e9  ldexpl                         
000015e9  scalbn                         
000015e9  scalbnl                        
000016f9  __aeabi_dmul                   
000017f5  setvbuf                        
000018d1  free                           
000019a9  main                           
00001b2b  __aeabi_memcpy                 
00001b2b  __aeabi_memcpy4                
00001b2b  __aeabi_memcpy8                
00001b2b  memcpy                         
00001bc7  __aeabi_uldivmod               
00001c5d  PORT1_IRQHandler               
00001c5d  PORT1_IRQHandler               
00001ce9  fputc                          
00001ce9  putc                           
00001d75  __aeabi_cdcmpeq                
00001d75  __aeabi_cdcmple                
00001dfb  __aeabi_cdrcmple               
00001e81  __aeabi_memclr                 
00001e81  __aeabi_memclr4                
00001e81  __aeabi_memclr8                
00001e83  __aeabi_memset                 
00001e83  __aeabi_memset4                
00001e83  __aeabi_memset8                
00001e89  memset                         
00001efd  SystemInit                     
00001f75  malloc                         
00001fed  __TI_closefile                 
000020d1  HOSTlseek                      
00002139  HOSTrename                     
000021a1  __TI_decompress_lzss           
00002209  printf                         
00002271  frexp                          
00002271  frexpl                         
000022d5  fseek                          
00002339  __TI_wrt_ok                    
0000239d  HOSTopen                       
000023fd  close                          
00002459  HOSTread                       
000024b1  HOSTwrite                      
0000255f  ltoa                           
00002605  __TI_doflush                   
00002651  atoi                           
0000269d  exit                           
000026e5  __aeabi_d2iz                   
0000272d  HOSTclose                      
00002771  HOSTunlink                     
000027b5  __TI_auto_init_nobinit_nopinit 
000027f9  getdevice                      
000028b9  __TI_writemsg                  
000028e7  C$$IO$$                        
000028f1  _c_int00_noargs                
00002929  minit                          
00002961  strncpy                        
00002999  __TI_cleanup                   
000029cd  __TI_readmsg                   
00002a01  finddevice                     
00002a31  __aeabi_i2d                    
00002a61  remove                         
00002a61  unlink                         
00002a8d  lseek                          
00002add  write                          
00002b05  memchr                         
00002b25  memccpy                        
00002b41  strcmp                         
00002b59  strchr                         
00002b6f  copysign                       
00002b6f  copysignl                      
00002b83  strcpy                         
00002b97  strlen                         
00002bab  __TI_zero_init_nomemset        
00002bbd  wcslen                         
00002bcf  __TI_decompress_none           
00002bdd  Reset_Handler                  
00002be9  __aeabi_errno_addr             
00002bf9  _system_pre_init               
00002bfd  C$$EXIT                        
00002bfd  abort                          
00002c00  _ctypes_                       
00002d88  __TI_Handler_Table_Base        
00002d94  __TI_Handler_Table_Limit       
00002da0  __TI_CINIT_Base                
00002db0  __TI_CINIT_Limit               
20000000  _sys_memory                    
20000800  _ftable                        
200008f0  _device                        
20000968  _stream                        
200009b8  pwmConfig                      
200009d0  __TI_ft_end                    
200009d4  __aeabi_stdin                  
200009d8  __aeabi_stdout                 
200009dc  __aeabi_stderr                 
200009e0  __TI_cleanup_ptr               
200009e4  __TI_dtors_ptr                 
200009e8  __TI_enable_exit_profile_output
200009f8  _lock                          
200009fc  _unlock                        
20000a00  errno                          
20000a04  __CIOBUF_                      
20000b24  __TI_tmpnams                   
20000bc4  parmbuf                        
2000fe00  __stack                        
20010000  __STACK_END                    
4000480c  WDTCTL_SYM                     
ffffffff  __TI_pprof_out_hndl            
ffffffff  __TI_prof_data_size            
ffffffff  __TI_prof_data_start           
ffffffff  __binit__                      
ffffffff  __c_args__                     
ffffffff  binit                          
UNDEFED   __mpu_init                     
UNDEFED   _system_post_cinit             

[176 symbols]
