******************************************************************************
                  TI ARM Linker PC v16.9.6                     
******************************************************************************
>> Linked Wed Jan 10 11:20:30 2018

OUTPUT FILE NAME:   <Project Template blinkLED2.out>
ENTRY POINT SYMBOL: "_c_int00"  address: 00002ccd


MEMORY CONFIGURATION

         name            origin    length      used     unused   attr    fill
----------------------  --------  ---------  --------  --------  ----  --------
  MAIN                  00000000   00040000  00003316  0003ccea  R  X
  INFO                  00200000   00004000  00000000  00004000  R  X
  SRAM_CODE             01000000   00010000  00000dc0  0000f240  RW X
  SRAM_DATA             20000000   00010000  00000dc0  0000f240  RW  


SEGMENT ALLOCATION MAP

run origin  load origin   length   init length attrs members
----------  ----------- ---------- ----------- ----- -------
00000000    00000000    00003318   00003318    r-x
  00000000    00000000    000000e4   000000e4    r-- .intvecs
  000000e4    000000e4    00003066   00003066    r-x .text
  0000314c    0000314c    00000134   00000134    r-- .const
  00003280    00003280    00000098   00000098    r-- .cinit
20000000    20000000    00000bc0   00000000    rw-
  20000000    20000000    00000800   00000000    rw- .sysmem
  20000800    20000800    000001f8   00000000    rw- .data
  200009f8    200009f8    000001c8   00000000    rw- .bss
2000fe00    2000fe00    00000200   00000000    rw-
  2000fe00    2000fe00    00000200   00000000    rw- .stack


SECTION ALLOCATION MAP

 output                                  attributes/
section   page    origin      length       input sections
--------  ----  ----------  ----------   ----------------
.intvecs   0    00000000    000000e4     
                  00000000    000000e4     startup_msp432p401r_ccs.obj (.intvecs:retain)

.binit     0    00000000    00000000     

.text      0    000000e4    00003066     
                  000000e4    0000113e     rtsv7M4_T_le_v4SPD16_eabi.lib : _printfi.obj (.text)
                  00001222    00000002     startup_msp432p401r_ccs.obj (.text:Default_Handler)
                  00001224    000003d0     rtsv7M4_T_le_v4SPD16_eabi.lib : memory.obj (.text)
                  000015f4    000001f4                                   : ull_div_t2.obj (.text)
                  000017e8    000001c4                                   : fopen.obj (.text)
                  000019ac    000001b6                                   : fd_add_t2.obj (.text)
                  00001b62    00000136                                   : fd_div_t2.obj (.text)
                  00001c98    00000134                                   : fputs.obj (.text)
                  00001dcc    0000010c     main.obj (.text:main)
                  00001ed8    000000fc     rtsv7M4_T_le_v4SPD16_eabi.lib : fd_mul_t2.obj (.text)
                  00001fd4    000000fc                                   : s_scalbn.obj (.text)
                  000020d0    000000dc                                   : setvbuf.obj (.text)
                  000021ac    000000c8                                   : fflush.obj (.text)
                  00002274    000000bc                                   : open.obj (.text)
                  00002330    000000ac                                   : _io_perm.obj (.text)
                  000023dc    0000009c                                   : memcpy_t2.obj (.text)
                  00002478    00000098                                   : fclose.obj (.text)
                  00002510    00000098                                   : fputc.obj (.text)
                  000025a8    00000086                                   : fd_cmp_t2.obj (.text:__aeabi_cdcmple)
                  0000262e    00000086                                   : fd_cmp_t2.obj (.text:__aeabi_cdrcmple)
                  000026b4    0000007a                                   : memset_t2.obj (.text)
                  0000272e    00000002                                   : mpu_init.obj (.text)
                  00002730    00000078     system_msp432p401r.obj (.text:SystemInit)
                  000027a8    00000070     rtsv7M4_T_le_v4SPD16_eabi.lib : autoinit.obj (.text)
                  00002818    00000070                                   : getdevice.obj (.text)
                  00002888    00000070                                   : printf.obj (.text)
                  000028f8    00000068                                   : copy_decompress_lzss.obj (.text:decompress:lzss)
                  00002960    00000068                                   : hostlseek.obj (.text)
                  000029c8    00000068                                   : hostrename.obj (.text)
                  00002a30    00000068                                   : trgmsg.obj (.text)
                  00002a98    00000064                                   : fseek.obj (.text)
                  00002afc    00000064                                   : s_frexp.obj (.text)
                  00002b60    00000060                                   : hostopen.obj (.text)
                  00002bc0    0000005c                                   : close.obj (.text)
                  00002c1c    00000058                                   : hostread.obj (.text)
                  00002c74    00000058                                   : hostwrite.obj (.text)
                  00002ccc    00000054                                   : boot.obj (.text)
                  00002d20    00000054                                   : exit.obj (.text)
                  00002d74    00000054                                   : ltoa.obj (.text)
                  00002dc8    0000004c                                   : atoi.obj (.text)
                  00002e14    0000004c                                   : cpy_tbl.obj (.text)
                  00002e60    00000048                                   : fd_toi_t2.obj (.text)
                  00002ea8    00000044                                   : hostclose.obj (.text)
                  00002eec    00000044                                   : hostunlink.obj (.text)
                  00002f30    00000036                                   : strncpy.obj (.text)
                  00002f66    0000002e                                   : i_tofd_t2.obj (.text)
                  00002f94    0000002c                                   : unlink.obj (.text)
                  00002fc0    00000028                                   : lseek.obj (.text)
                  00002fe8    00000028                                   : write.obj (.text)
                  00003010    00000024     msp432p4xx_driverlib.lib : gpio_MSP432P4XX.obj (.text:GPIO_setAsOutputPin)
                  00003034    00000020     rtsv7M4_T_le_v4SPD16_eabi.lib : memchr.obj (.text)
                  00003054    0000001c                                   : memccpy.obj (.text)
                  00003070    00000018     msp432p4xx_driverlib.lib : wdt_a_MSP432P4XX.obj (.text:WDT_A_holdTimer)
                  00003088    00000018     rtsv7M4_T_le_v4SPD16_eabi.lib : args_main.obj (.text)
                  000030a0    00000018                                   : strcmp.obj (.text)
                  000030b8    00000016                                   : strchr.obj (.text)
                  000030ce    00000002                                   : startup.obj (.text)
                  000030d0    00000014                                   : _lock.obj (.text)
                  000030e4    00000014                                   : s_copysign.obj (.text)
                  000030f8    00000014                                   : strcpy.obj (.text)
                  0000310c    00000014                                   : strlen.obj (.text)
                  00003120    0000000e                                   : copy_decompress_none.obj (.text:decompress:none)
                  0000312e    0000000c     startup_msp432p401r_ccs.obj (.text:Reset_Handler)
                  0000313a    0000000c     rtsv7M4_T_le_v4SPD16_eabi.lib : copy_zero_init.obj (.text:decompress:ZI)
                  00003146    00000004                                   : pre_init.obj (.text)

.const     0    0000314c    00000134     
                  0000314c    00000101     rtsv7M4_T_le_v4SPD16_eabi.lib : ctype.obj (.const:.string:_ctypes_)
                  0000324d    00000003     --HOLE-- [fill = 0]
                  00003250    00000030     msp432p4xx_driverlib.lib : gpio_MSP432P4XX.obj (.const:GPIO_PORT_TO_BASE)

.cinit     0    00003280    00000098     
                  00003280    0000006d     (.cinit..data.load) [load image, compression = lzss]
                  000032ed    00000003     --HOLE-- [fill = 0]
                  000032f0    0000000c     (__TI_handler_table)
                  000032fc    00000004     --HOLE-- [fill = 0]
                  00003300    00000008     (.cinit..bss.load) [load image, compression = zero_init]
                  00003308    00000010     (__TI_cinit_table)

.init_array 
*          0    00000000    00000000     UNINITIALIZED

.sysmem    0    20000000    00000800     UNINITIALIZED
                  20000000    00000008     rtsv7M4_T_le_v4SPD16_eabi.lib : memory.obj (.sysmem)
                  20000008    000007f8     --HOLE--

.data      0    20000800    000001f8     UNINITIALIZED
                  20000800    000000f0     rtsv7M4_T_le_v4SPD16_eabi.lib : defs.obj (.data:_ftable)
                  200008f0    00000078                                   : write.obj (.data:_device)
                  20000968    00000050                                   : write.obj (.data:_stream)
                  200009b8    00000010                                   : defs.obj (.data)
                  200009c8    0000000c                                   : exit.obj (.data:$O1$$)
                  200009d4    0000000c                                   : memory.obj (.data:$O1$$)
                  200009e0    00000008                                   : _lock.obj (.data:$O1$$)
                  200009e8    00000004                                   : errno.obj (.data)
                  200009ec    00000004                                   : fopen.obj (.data)
                  200009f0    00000004                                   : open.obj (.data)
                  200009f4    00000004                                   : stkdepth_vars.obj (.data)

.bss       0    200009f8    000001c8     UNINITIALIZED
                  200009f8    00000120     rtsv7M4_T_le_v4SPD16_eabi.lib : trgmsg.obj (.bss:_CIOBUF_)
                  20000b18    000000a0     (.common:__TI_tmpnams)
                  20000bb8    00000008     (.common:parmbuf)

.stack     0    2000fe00    00000200     UNINITIALIZED
                  2000fe00    00000200     --HOLE--

MODULE SUMMARY

       Module                        code    ro data   rw data
       ------                        ----    -------   -------
    .\
       main.obj                      268     0         0      
       system_msp432p401r.obj        120     0         0      
    +--+-----------------------------+-------+---------+---------+
       Total:                        388     0         0      
                                                              
    .\ccs\
       startup_msp432p401r_ccs.obj   14      228       0      
    +--+-----------------------------+-------+---------+---------+
       Total:                        14      228       0      
                                                              
    C:/ti/simplelink_msp432p4_sdk_1_60_00_12/source/ti/devices/msp432p4xx/driverlib/ccs/msp432p4xx_driverlib.lib
       gpio_MSP432P4XX.obj           36      48        0      
       wdt_a_MSP432P4XX.obj          24      0         0      
    +--+-----------------------------+-------+---------+---------+
       Total:                        60      48        0      
                                                              
    C:\ti\ccsv7\tools\compiler\ti-cgt-arm_16.9.6.LTS\lib\rtsv7M4_T_le_v4SPD16_eabi.lib
       _printfi.obj                  4414    0         0      
       memory.obj                    976     0         24     
       defs.obj                      0       0         832    
       trgmsg.obj                    104     0         576    
       ull_div_t2.obj                500     0         0      
       fopen.obj                     452     0         8      
       write.obj                     40      0         400    
       fd_add_t2.obj                 438     0         0      
       fd_div_t2.obj                 310     0         0      
       fputs.obj                     308     0         0      
       fd_cmp_t2.obj                 268     0         0      
       ctype.obj                     0       257       0      
       fd_mul_t2.obj                 252     0         0      
       s_scalbn.obj                  252     0         0      
       setvbuf.obj                   220     0         0      
       fflush.obj                    200     0         0      
       open.obj                      188     0         8      
       _io_perm.obj                  172     0         0      
       memcpy_t2.obj                 156     0         0      
       fclose.obj                    152     0         0      
       fputc.obj                     152     0         0      
       memset_t2.obj                 122     0         0      
       autoinit.obj                  112     0         0      
       getdevice.obj                 112     0         0      
       hostopen.obj                  96      0         16     
       printf.obj                    112     0         0      
       exit.obj                      84      0         24     
       copy_decompress_lzss.obj      104     0         0      
       hostlseek.obj                 104     0         0      
       hostrename.obj                104     0         0      
       fseek.obj                     100     0         0      
       s_frexp.obj                   100     0         0      
       close.obj                     92      0         0      
       hostread.obj                  88      0         0      
       hostwrite.obj                 88      0         0      
       boot.obj                      84      0         0      
       ltoa.obj                      84      0         0      
       atoi.obj                      76      0         0      
       cpy_tbl.obj                   76      0         0      
       fd_toi_t2.obj                 72      0         0      
       hostclose.obj                 68      0         0      
       hostunlink.obj                68      0         0      
       strncpy.obj                   54      0         0      
       i_tofd_t2.obj                 46      0         0      
       unlink.obj                    44      0         0      
       lseek.obj                     40      0         0      
       _lock.obj                     20      0         16     
       memchr.obj                    32      0         0      
       memccpy.obj                   28      0         0      
       args_main.obj                 24      0         0      
       strcmp.obj                    24      0         0      
       strchr.obj                    22      0         0      
       s_copysign.obj                20      0         0      
       strcpy.obj                    20      0         0      
       strlen.obj                    20      0         0      
       copy_decompress_none.obj      14      0         0      
       copy_zero_init.obj            12      0         0      
       errno.obj                     0       0         8      
       stkdepth_vars.obj             0       0         8      
       pre_init.obj                  4       0         0      
       mpu_init.obj                  2       0         0      
       startup.obj                   2       0         0      
    +--+-----------------------------+-------+---------+---------+
       Total:                        11928   257       1920   
                                                              
       Heap:                         0       0         4096   
       Stack:                        0       0         1024   
       Linker Generated:             0       145       0      
    +--+-----------------------------+-------+---------+---------+
       Grand Total:                  12390   678       7040   


LINKER GENERATED COPY TABLES

__TI_cinit_table @ 00003308 records: 2, size/record: 8, table size: 16
	.data: load addr=00003280, load size=0000006d bytes, run addr=20000800, run size=000001f8 bytes, compression=lzss
	.bss: load addr=00003300, load size=00000008 bytes, run addr=200009f8, run size=000001c8 bytes, compression=zero_init


LINKER GENERATED HANDLER TABLE

__TI_handler_table @ 000032f0 records: 3, size/record: 4, table size: 12
	index: 0, handler: __TI_decompress_lzss
	index: 1, handler: __TI_decompress_none
	index: 2, handler: __TI_zero_init


GLOBAL SYMBOLS: SORTED ALPHABETICALLY BY Name 

address   name                           
-------   ----                           
00001223  ADC14_IRQHandler               
00001223  AES256_IRQHandler              
00001223  BusFault_Handler               
00002d21  C$$EXIT                        
00002a5f  C$$IO$$                        
00001223  COMP_E0_IRQHandler             
00001223  COMP_E1_IRQHandler             
00001223  CS_IRQHandler                  
00001223  DMA_ERR_IRQHandler             
00001223  DMA_INT0_IRQHandler            
00001223  DMA_INT1_IRQHandler            
00001223  DMA_INT2_IRQHandler            
00001223  DMA_INT3_IRQHandler            
00001223  DebugMon_Handler               
00001223  Default_Handler                
00001223  EUSCIA0_IRQHandler             
00001223  EUSCIA1_IRQHandler             
00001223  EUSCIA2_IRQHandler             
00001223  EUSCIA3_IRQHandler             
00001223  EUSCIB0_IRQHandler             
00001223  EUSCIB1_IRQHandler             
00001223  EUSCIB2_IRQHandler             
00001223  EUSCIB3_IRQHandler             
00001223  FLCTL_IRQHandler               
00001223  FPU_IRQHandler                 
00003011  GPIO_setAsOutputPin            
00002ea9  HOSTclose                      
00002961  HOSTlseek                      
00002b61  HOSTopen                       
00002c1d  HOSTread                       
000029c9  HOSTrename                     
00002eed  HOSTunlink                     
00002c75  HOSTwrite                      
00001223  HardFault_Handler              
00001223  MemManage_Handler              
00001223  NMI_Handler                    
00001223  PCM_IRQHandler                 
00001223  PORT1_IRQHandler               
00001223  PORT2_IRQHandler               
00001223  PORT3_IRQHandler               
00001223  PORT4_IRQHandler               
00001223  PORT5_IRQHandler               
00001223  PORT6_IRQHandler               
00001223  PSS_IRQHandler                 
00001223  PendSV_Handler                 
00001223  RTC_C_IRQHandler               
0000312f  Reset_Handler                  
UNDEFED   SHT$$INIT_ARRAY$$Base          
UNDEFED   SHT$$INIT_ARRAY$$Limit         
00001223  SVC_Handler                    
00001223  SysTick_Handler                
00002731  SystemInit                     
00001223  T32_INT1_IRQHandler            
00001223  T32_INT2_IRQHandler            
00001223  T32_INTC_IRQHandler            
00001223  TA0_0_IRQHandler               
00001223  TA0_N_IRQHandler               
00001223  TA1_0_IRQHandler               
00001223  TA1_N_IRQHandler               
00001223  TA2_0_IRQHandler               
00001223  TA2_N_IRQHandler               
00001223  TA3_0_IRQHandler               
00001223  TA3_N_IRQHandler               
00001223  UsageFault_Handler             
4000480c  WDTCTL_SYM                     
00001223  WDT_A_IRQHandler               
00003071  WDT_A_holdTimer                
200009f8  __CIOBUF_                      
20010000  __STACK_END                    
00000200  __STACK_SIZE                   
00000800  __SYSMEM_SIZE                  
00003308  __TI_CINIT_Base                
00003318  __TI_CINIT_Limit               
000032f0  __TI_Handler_Table_Base        
000032fc  __TI_Handler_Table_Limit       
000027a9  __TI_auto_init                 
000018b1  __TI_cleanup                   
200009c8  __TI_cleanup_ptr               
00002479  __TI_closefile                 
000028f9  __TI_decompress_lzss           
00003121  __TI_decompress_none           
000021ad  __TI_doflush                   
200009cc  __TI_dtors_ptr                 
200009d0  __TI_enable_exit_profile_output
200009b8  __TI_ft_end                    
ffffffff  __TI_pprof_out_hndl            
00000929  __TI_printfi                   
ffffffff  __TI_prof_data_size            
ffffffff  __TI_prof_data_start           
00002393  __TI_rd_ok                     
00002a63  __TI_readmsg                   
00000000  __TI_static_base__             
20000b18  __TI_tmpnams                   
00002a31  __TI_writemsg                  
00002331  __TI_wrt_ok                    
0000313b  __TI_zero_init                 
000025a9  __aeabi_cdcmpeq                
000025a9  __aeabi_cdcmple                
0000262f  __aeabi_cdrcmple               
00002e61  __aeabi_d2iz                   
000019b7  __aeabi_dadd                   
00001b63  __aeabi_ddiv                   
00001ed9  __aeabi_dmul                   
000019ad  __aeabi_dsub                   
00002f67  __aeabi_i2d                    
000026b5  __aeabi_memclr                 
000026b5  __aeabi_memclr4                
000026b5  __aeabi_memclr8                
000023dd  __aeabi_memcpy                 
000023dd  __aeabi_memcpy4                
000023dd  __aeabi_memcpy8                
000026b7  __aeabi_memset                 
000026b7  __aeabi_memset4                
000026b7  __aeabi_memset8                
200009c4  __aeabi_stderr                 
200009bc  __aeabi_stdin                  
200009c0  __aeabi_stdout                 
000015f5  __aeabi_uldivmod               
ffffffff  __binit__                      
ffffffff  __c_args__                     
0000272f  __mpu_init                     
2000fe00  __stack                        
00003089  _args_main                     
00002ccd  _c_int00                       
0000314c  _ctypes_                       
200008f0  _device                        
20000800  _ftable                        
200009e0  _lock                          
000030df  _nop                           
000030d7  _register_lock                 
000030d1  _register_unlock               
20000968  _stream                        
20000000  _sys_memory                    
000030cf  _system_post_cinit             
00003147  _system_pre_init               
200009e4  _unlock                        
00002d25  abort                          
00002dc9  atoi                           
ffffffff  binit                          
000015c5  calloc                         
00002bc1  close                          
00002e15  copy_in                        
000030e5  copysign                       
000030e5  copysignl                      
200009e8  errno                          
00002d2d  exit                           
000024df  fclose                         
000021f9  fflush                         
00002819  finddevice                     
00001907  fopen                          
00002511  fputc                          
00001c99  fputs                          
0000130f  free                           
000018dd  freopen                        
00002afd  frexp                          
00002afd  frexpl                         
00002a99  fseek                          
00002843  getdevice                      
00000000  interruptVectors               
00001fd5  ldexp                          
00001fd5  ldexpl                         
00002fc1  lseek                          
00002d75  ltoa                           
00001dcd  main                           
200009f4  main_func_sp                   
000012a5  malloc                         
000014d9  memalign                       
00003055  memccpy                        
00003035  memchr                         
000023dd  memcpy                         
000026bd  memset                         
00001225  minit                          
00002275  open                           
20000bb8  parmbuf                        
00002891  printf                         
00002511  putc                           
00002595  putchar                        
00001da5  puts                           
000013cf  realloc                        
00002f95  remove                         
00001fd5  scalbn                         
00001fd5  scalbnl                        
000020d1  setvbuf                        
000030b9  strchr                         
000030a1  strcmp                         
000030f9  strcpy                         
0000310d  strlen                         
00002f31  strncpy                        
00002f95  unlink                         
00002fe9  write                          


GLOBAL SYMBOLS: SORTED BY Symbol Address 

address   name                           
-------   ----                           
00000000  __TI_static_base__             
00000000  interruptVectors               
00000200  __STACK_SIZE                   
00000800  __SYSMEM_SIZE                  
00000929  __TI_printfi                   
00001223  ADC14_IRQHandler               
00001223  AES256_IRQHandler              
00001223  BusFault_Handler               
00001223  COMP_E0_IRQHandler             
00001223  COMP_E1_IRQHandler             
00001223  CS_IRQHandler                  
00001223  DMA_ERR_IRQHandler             
00001223  DMA_INT0_IRQHandler            
00001223  DMA_INT1_IRQHandler            
00001223  DMA_INT2_IRQHandler            
00001223  DMA_INT3_IRQHandler            
00001223  DebugMon_Handler               
00001223  Default_Handler                
00001223  EUSCIA0_IRQHandler             
00001223  EUSCIA1_IRQHandler             
00001223  EUSCIA2_IRQHandler             
00001223  EUSCIA3_IRQHandler             
00001223  EUSCIB0_IRQHandler             
00001223  EUSCIB1_IRQHandler             
00001223  EUSCIB2_IRQHandler             
00001223  EUSCIB3_IRQHandler             
00001223  FLCTL_IRQHandler               
00001223  FPU_IRQHandler                 
00001223  HardFault_Handler              
00001223  MemManage_Handler              
00001223  NMI_Handler                    
00001223  PCM_IRQHandler                 
00001223  PORT1_IRQHandler               
00001223  PORT2_IRQHandler               
00001223  PORT3_IRQHandler               
00001223  PORT4_IRQHandler               
00001223  PORT5_IRQHandler               
00001223  PORT6_IRQHandler               
00001223  PSS_IRQHandler                 
00001223  PendSV_Handler                 
00001223  RTC_C_IRQHandler               
00001223  SVC_Handler                    
00001223  SysTick_Handler                
00001223  T32_INT1_IRQHandler            
00001223  T32_INT2_IRQHandler            
00001223  T32_INTC_IRQHandler            
00001223  TA0_0_IRQHandler               
00001223  TA0_N_IRQHandler               
00001223  TA1_0_IRQHandler               
00001223  TA1_N_IRQHandler               
00001223  TA2_0_IRQHandler               
00001223  TA2_N_IRQHandler               
00001223  TA3_0_IRQHandler               
00001223  TA3_N_IRQHandler               
00001223  UsageFault_Handler             
00001223  WDT_A_IRQHandler               
00001225  minit                          
000012a5  malloc                         
0000130f  free                           
000013cf  realloc                        
000014d9  memalign                       
000015c5  calloc                         
000015f5  __aeabi_uldivmod               
000018b1  __TI_cleanup                   
000018dd  freopen                        
00001907  fopen                          
000019ad  __aeabi_dsub                   
000019b7  __aeabi_dadd                   
00001b63  __aeabi_ddiv                   
00001c99  fputs                          
00001da5  puts                           
00001dcd  main                           
00001ed9  __aeabi_dmul                   
00001fd5  ldexp                          
00001fd5  ldexpl                         
00001fd5  scalbn                         
00001fd5  scalbnl                        
000020d1  setvbuf                        
000021ad  __TI_doflush                   
000021f9  fflush                         
00002275  open                           
00002331  __TI_wrt_ok                    
00002393  __TI_rd_ok                     
000023dd  __aeabi_memcpy                 
000023dd  __aeabi_memcpy4                
000023dd  __aeabi_memcpy8                
000023dd  memcpy                         
00002479  __TI_closefile                 
000024df  fclose                         
00002511  fputc                          
00002511  putc                           
00002595  putchar                        
000025a9  __aeabi_cdcmpeq                
000025a9  __aeabi_cdcmple                
0000262f  __aeabi_cdrcmple               
000026b5  __aeabi_memclr                 
000026b5  __aeabi_memclr4                
000026b5  __aeabi_memclr8                
000026b7  __aeabi_memset                 
000026b7  __aeabi_memset4                
000026b7  __aeabi_memset8                
000026bd  memset                         
0000272f  __mpu_init                     
00002731  SystemInit                     
000027a9  __TI_auto_init                 
00002819  finddevice                     
00002843  getdevice                      
00002891  printf                         
000028f9  __TI_decompress_lzss           
00002961  HOSTlseek                      
000029c9  HOSTrename                     
00002a31  __TI_writemsg                  
00002a5f  C$$IO$$                        
00002a63  __TI_readmsg                   
00002a99  fseek                          
00002afd  frexp                          
00002afd  frexpl                         
00002b61  HOSTopen                       
00002bc1  close                          
00002c1d  HOSTread                       
00002c75  HOSTwrite                      
00002ccd  _c_int00                       
00002d21  C$$EXIT                        
00002d25  abort                          
00002d2d  exit                           
00002d75  ltoa                           
00002dc9  atoi                           
00002e15  copy_in                        
00002e61  __aeabi_d2iz                   
00002ea9  HOSTclose                      
00002eed  HOSTunlink                     
00002f31  strncpy                        
00002f67  __aeabi_i2d                    
00002f95  remove                         
00002f95  unlink                         
00002fc1  lseek                          
00002fe9  write                          
00003011  GPIO_setAsOutputPin            
00003035  memchr                         
00003055  memccpy                        
00003071  WDT_A_holdTimer                
00003089  _args_main                     
000030a1  strcmp                         
000030b9  strchr                         
000030cf  _system_post_cinit             
000030d1  _register_unlock               
000030d7  _register_lock                 
000030df  _nop                           
000030e5  copysign                       
000030e5  copysignl                      
000030f9  strcpy                         
0000310d  strlen                         
00003121  __TI_decompress_none           
0000312f  Reset_Handler                  
0000313b  __TI_zero_init                 
00003147  _system_pre_init               
0000314c  _ctypes_                       
000032f0  __TI_Handler_Table_Base        
000032fc  __TI_Handler_Table_Limit       
00003308  __TI_CINIT_Base                
00003318  __TI_CINIT_Limit               
20000000  _sys_memory                    
20000800  _ftable                        
200008f0  _device                        
20000968  _stream                        
200009b8  __TI_ft_end                    
200009bc  __aeabi_stdin                  
200009c0  __aeabi_stdout                 
200009c4  __aeabi_stderr                 
200009c8  __TI_cleanup_ptr               
200009cc  __TI_dtors_ptr                 
200009d0  __TI_enable_exit_profile_output
200009e0  _lock                          
200009e4  _unlock                        
200009e8  errno                          
200009f4  main_func_sp                   
200009f8  __CIOBUF_                      
20000b18  __TI_tmpnams                   
20000bb8  parmbuf                        
2000fe00  __stack                        
20010000  __STACK_END                    
4000480c  WDTCTL_SYM                     
ffffffff  __TI_pprof_out_hndl            
ffffffff  __TI_prof_data_size            
ffffffff  __TI_prof_data_start           
ffffffff  __binit__                      
ffffffff  __c_args__                     
ffffffff  binit                          
UNDEFED   SHT$$INIT_ARRAY$$Base          
UNDEFED   SHT$$INIT_ARRAY$$Limit         

[190 symbols]
