******************************************************************************
                  TI ARM Linker PC v18.1.5                     
******************************************************************************
>> Linked Mon Apr  8 02:34:49 2019

OUTPUT FILE NAME:   <BOOSTXL-K350QVG-S1_GrlibExample_MSP432P401R.out>
ENTRY POINT SYMBOL: "_c_int00_noargs"  address: 00021ff9


MEMORY CONFIGURATION

         name            origin    length      used     unused   attr    fill
----------------------  --------  ---------  --------  --------  ----  --------
  MAIN                  00000000   00040000  00022104  0001defc  R  X
  INFO                  00200000   00004000  00000000  00004000  R  X
  SRAM_CODE             01000000   00010000  00000817  0000f7e9  RW X
  SRAM_DATA             20000000   00010000  00000817  0000f7e9  RW  


SEGMENT ALLOCATION MAP

run origin  load origin   length   init length attrs members
----------  ----------- ---------- ----------- ----- -------
00000000    00000000    00022108   00022108    r-x
  00000000    00000000    00000140   00000140    r-- .intvecs
  00000140    00000140    00019268   00019268    r-- .const
  000193a8    000193a8    00008cbc   00008cbc    r-x .text
  00022068    00022068    000000a0   000000a0    r-- .cinit
20000000    20000000    00000619   00000000    rw-
  20000000    20000000    000000e4   00000000    rw- .vtable
  200000e4    200000e4    000004be   00000000    rw- .bss
  200005a4    200005a4    00000075   00000000    rw- .data
2000fe00    2000fe00    00000200   00000000    rw-
  2000fe00    2000fe00    00000200   00000000    rw- .stack


SECTION ALLOCATION MAP

 output                                  attributes/
section   page    origin      length       input sections
--------  ----  ----------  ----------   ----------------
.intvecs   0    00000000    00000140     
                  00000000    00000140     startup_msp432p401r_ccs.obj (.intvecs:retain)

.const     0    00000140    00019268     
                  00000140    00012c00     lcd_color_320x240.obj (.const:.string:pixel_lcd_color_320x2408BPP_UNCOMP)
                  00012d40    000017a2     Images_Button.obj (.const:.string:pixel_Images_Button4BPP_UNCOMP)
                  000144e2    000017a2     Primitives_Button.obj (.const:.string:pixel_Primitives_Button4BPP_UNCOMP)
                  00015c84    0000173e     TI_platform_bar_red.obj (.const:.string:pixel_TI_platform_bar_red4BPP_UNCOMP)
                  000173c2    00000890     fontcmss20b.obj (.const:.string:g_pucCmss20bData)
                  00017c52    0000086e     fontcm18.obj (.const:.string:g_pucCm18Data)
                  000184c0    000006b4     TI_logo_150x150.obj (.const:.string:pixel_TI_logo_150x1501BPP_COMP_RLE4)
                  00018b74    00000400     lcd_color_320x240.obj (.const:palette_lcd_color_320x2408BPP_UNCOMP)
                  00018f74    000000c8     fontcm18.obj (.const:g_sFontCm18)
                  0001903c    000000c8     fontcmss20b.obj (.const:g_sFontCmss20b)
                  00019104    00000080     adc14.obj (.const:_ctlRegs)
                  00019184    00000050     interrupt.obj (.const:g_pulRegs)
                  000191d4    00000040     Images_Button.obj (.const:palette_Images_Button4BPP_UNCOMP)
                  00019214    00000040     Primitives_Button.obj (.const:palette_Primitives_Button4BPP_UNCOMP)
                  00019254    00000040     TI_platform_bar_red.obj (.const:palette_TI_platform_bar_red4BPP_UNCOMP)
                  00019294    0000002c     kitronix320x240x16_ssd2119_spi.obj (.const:g_sKitronix320x240x16_SSD2119)
                  000192c0    00000020     interrupt.obj (.const:g_pulPriority)
                  000192e0    0000001c     HAL_MSP_EXP432P401R_KITRONIX320X240_SSD2119_SPI.obj (.const:$P$T0$1)
                  000192fc    0000001c     gpio.obj (.const:GPIO_PORT_TO_INT)
                  00019318    00000010     Images_Button.obj (.const:Images_Button4BPP_UNCOMP)
                  00019328    00000010     Primitives_Button.obj (.const:Primitives_Button4BPP_UNCOMP)
                  00019338    00000010     TI_logo_150x150.obj (.const:TI_logo_150x1501BPP_COMP_RLE4)
                  00019348    00000010     TI_platform_bar_red.obj (.const:TI_platform_bar_red4BPP_UNCOMP)
                  00019358    00000010     lcd_color_320x240.obj (.const:lcd_color_320x2408BPP_UNCOMP)
                  00019368    00000008     main.obj (.const:$P$T0$1)
                  00019370    00000008     main.obj (.const:$P$T1$2)
                  00019378    00000008     main.obj (.const:$P$T2$3)
                  00019380    00000008     interrupt.obj (.const:g_pulDisRegs)
                  00019388    00000008     interrupt.obj (.const:g_pulEnRegs)
                  00019390    00000008     interrupt.obj (.const:g_pulPendRegs)
                  00019398    00000008     interrupt.obj (.const:g_pulUnpendRegs)
                  000193a0    00000008     TI_logo_150x150.obj (.const:palette_TI_logo_150x1501BPP_COMP_RLE4)

.text      0    000193a8    00008cbc     
                  000193a8    0000159c     flash.obj (.text)
                  0001a944    00000d7c     cs.obj (.text)
                  0001b6c0    00000a48     main.obj (.text)
                  0001c108    000008d4     adc14.obj (.text)
                  0001c9dc    000008a4     spi.obj (.text)
                  0001d280    00000838     pcm.obj (.text)
                  0001dab8    000007be     kitronix320x240x16_ssd2119_spi.obj (.text)
                  0001e276    00000630     string.obj (.text)
                  0001e8a6    00000002     --HOLE-- [fill = 0]
                  0001e8a8    000005f0     touch_P401R.obj (.text)
                  0001ee98    00000508     rtc_c.obj (.text)
                  0001f3a0    00000498     circle.obj (.text)
                  0001f838    00000490     line.obj (.text)
                  0001fcc8    00000480     gpio.obj (.text)
                  00020148    00000452     image.obj (.text)
                  0002059a    00000002     --HOLE-- [fill = 0]
                  0002059c    000003f0     interrupt.obj (.text)
                  0002098c    0000033e     rectangle.obj (.text)
                  00020cca    00000002     --HOLE-- [fill = 0]
                  00020ccc    00000328     system_msp432p401r.obj (.text)
                  00020ff4    00000298     button.obj (.text)
                  0002128c    00000266     context.obj (.text)
                  000214f2    00000002     --HOLE-- [fill = 0]
                  000214f4    00000250     imageButton.obj (.text)
                  00021744    00000244     sysctl.obj (.text)
                  00021988    000001a0     HAL_MSP_EXP432P401R_KITRONIX320X240_SSD2119_SPI.obj (.text)
                  00021b28    00000134     display.obj (.text)
                  00021c5c    000000d8     wdt_a.obj (.text)
                  00021d34    000000c0     fpu.obj (.text)
                  00021df4    0000009c     rtsv7M4_T_le_v4SPD16_eabi.lib : memcpy_t2.asm.obj (.text)
                  00021e90    0000007a                                   : memset_t2.asm.obj (.text)
                  00021f0a    00000068                                   : copy_decompress_lzss.c.obj (.text:decompress:lzss:__TI_decompress_lzss)
                  00021f72    00000002     --HOLE-- [fill = 0]
                  00021f74    00000044                                   : autoinit.c.obj (.text:__TI_auto_init_nobinit_nopinit:__TI_auto_init_nobinit_nopinit)
                  00021fb8    0000003e     cpu.obj (.text)
                  00021ff6    00000002     --HOLE-- [fill = 0]
                  00021ff8    00000038     rtsv7M4_T_le_v4SPD16_eabi.lib : boot_cortex_m.c.obj (.text:_c_int00_noargs:_c_int00_noargs)
                  00022030    00000012     startup_msp432p401r_ccs.obj (.text)
                  00022042    0000000e     rtsv7M4_T_le_v4SPD16_eabi.lib : copy_decompress_none.c.obj (.text:decompress:none:__TI_decompress_none)
                  00022050    0000000c                                   : copy_zero_init.c.obj (.text:decompress:ZI:__TI_zero_init)
                  0002205c    00000004                                   : pre_init.c.obj (.text:_system_pre_init)
                  00022060    00000004                                   : exit.c.obj (.text:abort:abort)

.cinit     0    00022068    000000a0     
                  00022068    00000066     (.cinit..data.load) [load image, compression = lzss]
                  000220ce    00000002     --HOLE-- [fill = 0]
                  000220d0    0000000c     (__TI_handler_table)
                  000220dc    00000004     --HOLE-- [fill = 0]
                  000220e0    00000008     (.cinit..bss.load) [load image, compression = zero_init]
                  000220e8    00000008     (.cinit..vtable.load) [load image, compression = zero_init]
                  000220f0    00000018     (__TI_cinit_table)

.init_array 
*          0    00000000    00000000     UNINITIALIZED

.binit     0    00000000    00000000     

.vtable    0    20000000    000000e4     UNINITIALIZED
                  20000000    000000e4     interrupt.obj (.vtable)

.bss       0    200000e4    000004be     UNINITIALIZED
                  200000e4    00000400     image.obj (.bss:g_pulConvertedPalette)
                  200004e4    0000002c     (.common:noButton)
                  20000510    0000002c     (.common:yesButton)
                  2000053c    0000001c     (.common:g_sContext)
                  20000558    00000018     (.common:imageButton)
                  20000570    00000018     (.common:primitiveButton)
                  20000588    0000000c     touch_P401R.obj (.bss:touch_calibrationData)
                  20000594    00000008     cs.obj (.bss)
                  2000059c    00000006     (.common:g_sTouchContext)

.data      0    200005a4    00000075     UNINITIALIZED
                  200005a4    00000040     flash.obj (.data:__getBurstProgramRegs)
                  200005e4    00000030     gpio.obj (.data:GPIO_PORT_TO_BASE)
                  20000614    00000004     system_msp432p401r.obj (.data)
                  20000618    00000001     main.obj (.data)

.stack     0    2000fe00    00000200     UNINITIALIZED
                  2000fe00    00000004     rtsv7M4_T_le_v4SPD16_eabi.lib : boot_cortex_m.c.obj (.stack)
                  2000fe04    000001fc     --HOLE--

MODULE SUMMARY

       Module                                                code    ro data   rw data
       ------                                                ----    -------   -------
    .\
       main.obj                                              2632    24        342    
       touch_P401R.obj                                       1520    0         24     
       system_msp432p401r.obj                                808     0         8      
       startup_msp432p401r_ccs.obj                           18      320       0      
    +--+-----------------------------------------------------+-------+---------+---------+
       Total:                                                4978    344       374    
                                                                                      
    .\GrLib\fonts\
       fontcmss20b.obj                                       0       2392      0      
       fontcm18.obj                                          0       2358      0      
    +--+-----------------------------------------------------+-------+---------+---------+
       Total:                                                0       4750      0      
                                                                                      
    .\GrLib\grlib\
       image.obj                                             1106    0         2048   
       string.obj                                            1584    0         0      
       circle.obj                                            1176    0         0      
       line.obj                                              1168    0         0      
       rectangle.obj                                         830     0         0      
       button.obj                                            664     0         0      
       context.obj                                           614     0         0      
       imageButton.obj                                       592     0         0      
       display.obj                                           308     0         0      
    +--+-----------------------------------------------------+-------+---------+---------+
       Total:                                                8042    0         2048   
                                                                                      
    .\LcdDriver\
       kitronix320x240x16_ssd2119_spi.obj                    1982    44        0      
       HAL_MSP_EXP432P401R_KITRONIX320X240_SSD2119_SPI.obj   416     28        0      
    +--+-----------------------------------------------------+-------+---------+---------+
       Total:                                                2398    72        0      
                                                                                      
    .\driverlib\MSP432P4xx\
       flash.obj                                             5532    0         128    
       cs.obj                                                3452    0         16     
       adc14.obj                                             2260    128       0      
       spi.obj                                               2212    0         0      
       pcm.obj                                               2104    0         0      
       interrupt.obj                                         1008    144       456    
       rtc_c.obj                                             1288    0         0      
       gpio.obj                                              1152    28        96     
       sysctl.obj                                            580     0         0      
       wdt_a.obj                                             216     0         0      
       fpu.obj                                               192     0         0      
       cpu.obj                                               62      0         0      
    +--+-----------------------------------------------------+-------+---------+---------+
       Total:                                                20058   300       696    
                                                                                      
    .\images\
       lcd_color_320x240.obj                                 0       77840     0      
       Images_Button.obj                                     0       6130      0      
       Primitives_Button.obj                                 0       6130      0      
       TI_platform_bar_red.obj                               0       6030      0      
       TI_logo_150x150.obj                                   0       1740      0      
    +--+-----------------------------------------------------+-------+---------+---------+
       Total:                                                0       97870     0      
                                                                                      
    C:\ti\ccs830\ccsv8\tools\compiler\ti-cgt-arm_18.1.5.LTS\lib\rtsv7M4_T_le_v4SPD16_eabi.lib
       memcpy_t2.asm.obj                                     156     0         0      
       memset_t2.asm.obj                                     122     0         0      
       copy_decompress_lzss.c.obj                            104     0         0      
       autoinit.c.obj                                        68      0         0      
       boot_cortex_m.c.obj                                   56      0         0      
       copy_decompress_none.c.obj                            14      0         0      
       copy_zero_init.c.obj                                  12      0         0      
       exit.c.obj                                            4       0         0      
       pre_init.c.obj                                        4       0         0      
    +--+-----------------------------------------------------+-------+---------+---------+
       Total:                                                540     0         0      
                                                                                      
       Stack:                                                0       0         1024   
       Linker Generated:                                     0       154       0      
    +--+-----------------------------------------------------+-------+---------+---------+
       Grand Total:                                          36016   103490    4142   


LINKER GENERATED COPY TABLES

__TI_cinit_table @ 000220f0 records: 3, size/record: 8, table size: 24
	.data: load addr=00022068, load size=00000066 bytes, run addr=200005a4, run size=00000075 bytes, compression=lzss
	.bss: load addr=000220e0, load size=00000008 bytes, run addr=200000e4, run size=000004be bytes, compression=zero_init
	.vtable: load addr=000220e8, load size=00000008 bytes, run addr=20000000, run size=000000e4 bytes, compression=zero_init


LINKER GENERATED HANDLER TABLE

__TI_handler_table @ 000220d0 records: 3, size/record: 4, table size: 12
	index: 0, handler: __TI_zero_init
	index: 1, handler: __TI_decompress_lzss
	index: 2, handler: __TI_decompress_none


GLOBAL SYMBOLS: SORTED ALPHABETICALLY BY Name 

address   name                                       
-------   ----                                       
0001c955  ADC14_clearInterruptFlag                   
0001c4fd  ADC14_configureConversionMemory            
0001c3a5  ADC14_configureMultiSequenceMode           
0001c43b  ADC14_configureSingleSampleMode            
0001c635  ADC14_disableComparatorWindow              
0001c4d3  ADC14_disableConversion                    
0001c8d3  ADC14_disableInterrupt                     
0001c279  ADC14_disableModule                        
0001c853  ADC14_disableReferenceBurst                
0001c2b9  ADC14_disableSampleTimer                   
0001c5a5  ADC14_enableComparatorWindow               
0001c491  ADC14_enableConversion                     
0001c8ab  ADC14_enableInterrupt                      
0001c271  ADC14_enableModule                         
0001c83d  ADC14_enableReferenceBurst                 
0001c28f  ADC14_enableSampleTimer                    
0001c91f  ADC14_getEnabledInterruptStatus            
0001c8fb  ADC14_getInterruptStatus                   
0001c75d  ADC14_getMultiSequenceResult               
0001c32f  ADC14_getResolution                        
0001c743  ADC14_getResult                            
0001c7c9  ADC14_getResultArray                       
0001c2cf  ADC14_initModule                           
0001c4df  ADC14_isBusy                               
0001c981  ADC14_registerInterrupt                    
0001c693  ADC14_setComparatorWindowValue             
0001c869  ADC14_setPowerMode                         
0001c315  ADC14_setResolution                        
0001c719  ADC14_setResultFormat                      
0001c37b  ADC14_setSampleHoldTime                    
0001c339  ADC14_setSampleHoldTrigger                 
0001c4b1  ADC14_toggleConversionTrigger              
0001c995  ADC14_unregisterInterrupt                  
00022061  C$$EXIT                                    
00021fed  CPU_basepriGet                             
00021fdf  CPU_basepriSet                             
00021fb9  CPU_cpsid                                  
00021fcf  CPU_cpsie                                  
00021fc5  CPU_primask                                
00021fdb  CPU_wfi                                    
0001b645  CS_clearInterruptFlag                      
0001aeed  CS_disableClockRequest                     
0001afd3  CS_disableDCOExternalResistor              
0001b519  CS_disableFaultCounter                     
0001b603  CS_disableInterrupt                        
0001aec5  CS_enableClockRequest                      
0001af35  CS_enableDCOExternalResistor               
0001b4ed  CS_enableFaultCounter                      
0001b5e1  CS_enableInterrupt                         
0001b485  CS_getACLK                                 
0001b445  CS_getBCLK                                 
0001b0cd  CS_getDCOFrequency                         
0001b62b  CS_getEnabledInterruptStatus               
0001b461  CS_getHSMCLK                               
0001b625  CS_getInterruptStatus                      
0001b4cb  CS_getMCLK                                 
0001b4a9  CS_getSMCLK                                
0001abe5  CS_initClockSignal                         
0001b667  CS_registerInterrupt                       
0001b545  CS_resetFaultCounter                       
0001aff1  CS_setDCOCenteredFrequency                 
0001af5d  CS_setDCOExternalResistorCalibration       
0001b26d  CS_setDCOFrequency                         
0001aba9  CS_setExternalClockSourceFrequency         
0001af0f  CS_setReferenceOscillatorFrequency         
0001b591  CS_startFaultCounter                       
0001ace9  CS_startHFXT                               
0001ad0d  CS_startHFXTWithTimeout                    
0001add1  CS_startLFXT                               
0001adf5  CS_startLFXTWithTimeout                    
0001b029  CS_tuneDCOFrequency                        
0001b67b  CS_unregisterInterrupt                     
0001c041  Delay                                      
0001d14b  EUSCI_A_SPI_changeClockPhasePolarity       
0001d1ff  EUSCI_A_SPI_clearInterruptFlag             
0001d22f  EUSCI_A_SPI_disable                        
0001d1cd  EUSCI_A_SPI_disableInterrupt               
0001d219  EUSCI_A_SPI_enable                         
0001d1b3  EUSCI_A_SPI_enableInterrupt                
0001d1e7  EUSCI_A_SPI_getInterruptStatus             
0001d245  EUSCI_A_SPI_getReceiveBufferAddressForDMA  
0001d253  EUSCI_A_SPI_getTransmitBufferAddressForDMA 
0001d261  EUSCI_A_SPI_isBusy                         
0001d0cb  EUSCI_A_SPI_masterChangeClock              
0001d1a3  EUSCI_A_SPI_receiveData                    
0001d0ab  EUSCI_A_SPI_select4PinFunctionality        
0001d101  EUSCI_A_SPI_slaveInit                      
0001d18d  EUSCI_A_SPI_transmitData                   
0001cf7d  EUSCI_B_SPI_changeClockPhasePolarity       
0001d031  EUSCI_B_SPI_clearInterruptFlag             
0001d061  EUSCI_B_SPI_disable                        
0001cfff  EUSCI_B_SPI_disableInterrupt               
0001d04b  EUSCI_B_SPI_enable                         
0001cfe5  EUSCI_B_SPI_enableInterrupt                
0001d019  EUSCI_B_SPI_getInterruptStatus             
0001d077  EUSCI_B_SPI_getReceiveBufferAddressForDMA  
0001d085  EUSCI_B_SPI_getTransmitBufferAddressForDMA 
0001d093  EUSCI_B_SPI_isBusy                         
0001cf01  EUSCI_B_SPI_masterChangeClock              
0001cfd5  EUSCI_B_SPI_receiveData                    
0001cee1  EUSCI_B_SPI_select4PinFunctionality        
0001cf33  EUSCI_B_SPI_slaveInit                      
0001cfbf  EUSCI_B_SPI_transmitData                   
00021d47  FPU_disableModule                          
00021d73  FPU_disableStacking                        
00021d67  FPU_enableLazyStacking                     
00021d35  FPU_enableModule                           
00021d55  FPU_enableStacking                         
00021db3  FPU_setFlushToZeroMode                     
00021d7f  FPU_setHalfPrecisionMode                   
00021d99  FPU_setNaNMode                             
00021dcd  FPU_setRoundingMode                        
0001a3f3  FlashCtl_clearInterruptFlag                
0001a2b7  FlashCtl_clearProgramVerification          
0001a3c9  FlashCtl_disableInterrupt                  
00019925  FlashCtl_disableReadBuffering              
0001a321  FlashCtl_disableWordProgramming            
0001a3b5  FlashCtl_enableInterrupt                   
000198d1  FlashCtl_enableReadBuffering               
0001a2f1  FlashCtl_enableWordProgramming             
00019f51  FlashCtl_eraseSector                       
0001a3e3  FlashCtl_getEnabledInterruptStatus         
0001a3dd  FlashCtl_getInterruptStatus                
00019553  FlashCtl_getMemoryInfo                     
00019db5  FlashCtl_getReadMode                       
0001a387  FlashCtl_getWaitState                      
00019ddf  FlashCtl_initiateMassErase                 
0001a075  FlashCtl_initiateSectorErase               
00019a55  FlashCtl_isSectorProtected                 
0001a32d  FlashCtl_isWordProgrammingEnabled          
00019e05  FlashCtl_performMassErase                  
0001a10d  FlashCtl_programMemory                     
000199f5  FlashCtl_protectSector                     
0001a407  FlashCtl_registerInterrupt                 
0001a27d  FlashCtl_setProgramVerification            
00019d49  FlashCtl_setReadMode                       
0001a349  FlashCtl_setWaitState                      
00019985  FlashCtl_unprotectSector                   
0001a41b  FlashCtl_unregisterInterrupt               
00019ae1  FlashCtl_verifyMemory                      
0001ffeb  GPIO_clearInterruptFlag                    
0001ffab  GPIO_disableInterrupt                      
0001ff89  GPIO_enableInterrupt                       
00020043  GPIO_getEnabledInterruptStatus             
0001ff5b  GPIO_getInputPinValue                      
0001ffcd  GPIO_getInterruptStatus                    
0002000d  GPIO_interruptEdgeSelect                   
00020103  GPIO_registerInterrupt                     
0001fd03  GPIO_setAsInputPin                         
0001feb7  GPIO_setAsInputPinWithPullDownResistor     
0001ff09  GPIO_setAsInputPinWithPullUpResistor       
0001fcc9  GPIO_setAsOutputPin                        
0001fdcd  GPIO_setAsPeripheralModuleFunctionInputPin 
0001fd49  GPIO_setAsPeripheralModuleFunctionOutputPin
000200bf  GPIO_setDriveStrengthHigh                  
000200e1  GPIO_setDriveStrengthLow                   
0001fe51  GPIO_setOutputHighOnPin                    
0001fe73  GPIO_setOutputLowOnPin                     
0001fe95  GPIO_toggleOutputOnPin                     
00020123  GPIO_unregisterInterrupt                   
00021479  Graphics_clearDisplay                      
00021c45  Graphics_clearDisplayOnDisplay             
00020ff5  Graphics_drawButton                        
0001f3a1  Graphics_drawCircle                        
00021b97  Graphics_drawHorizontalLineOnDisplay       
000201b5  Graphics_drawImage                         
000214f5  Graphics_drawImageButton                   
0001fb55  Graphics_drawLine                          
0001f839  Graphics_drawLineH                         
0001f8d5  Graphics_drawLineV                         
00021b53  Graphics_drawMultiplePixelsOnDisplay       
0002148b  Graphics_drawPixel                         
00021b29  Graphics_drawPixelOnDisplay                
0002098d  Graphics_drawRectangle                     
000211dd  Graphics_drawReleasedButton                
0002169d  Graphics_drawReleasedImageButton           
00021139  Graphics_drawSelectedButton                
00021603  Graphics_drawSelectedImageButton           
0001e3b1  Graphics_drawString                        
0001e83f  Graphics_drawStringCentered                
00021bcb  Graphics_drawVerticalLineOnDisplay         
0001f60f  Graphics_fillCircle                        
00020a2f  Graphics_fillRectangle                     
00021bff  Graphics_fillRectangleOnDisplay            
0002146b  Graphics_flushBuffer                       
00021c33  Graphics_flushOnDisplay                    
0002144d  Graphics_getDisplayHeight                  
0002143d  Graphics_getDisplayWidth                   
000213eb  Graphics_getFontBaseline                   
00021421  Graphics_getFontHeight                     
0002142f  Graphics_getFontMaxWidth                   
0002145d  Graphics_getHeightOfDisplay                
00020509  Graphics_getImageColors                    
00020517  Graphics_getImageHeight                    
00020525  Graphics_getImageWidth                     
0002057d  Graphics_getOffScreen8BPPSize              
00020533  Graphics_getOffscreen1BppImageSize         
00020559  Graphics_getOffscreen4BppImageSize         
00020b93  Graphics_getRectangleIntersection          
0001e82f  Graphics_getStringBaseline                 
0001e887  Graphics_getStringHeight                   
0001e897  Graphics_getStringMaxWidth                 
0001e2b7  Graphics_getStringWidth                    
000214e5  Graphics_getWidthOfDisplay                 
0002128d  Graphics_initContext                       
000210ef  Graphics_isButtonSelected                  
000215a1  Graphics_isImageButtonSelected             
00020c79  Graphics_isPointWithinRectangle            
00020b41  Graphics_isRectangleOverlap                
000213a1  Graphics_setBackgroundColor                
000213bb  Graphics_setBackgroundColorTranslated      
000212d7  Graphics_setClipRegion                     
000213d1  Graphics_setFont                           
000213f9  Graphics_setForegroundColor                
0002140f  Graphics_setForegroundColorTranslated      
00021c1d  Graphics_translateColorOnDisplay           
00021adb  HAL_LCD_delay                              
00021ac5  HAL_LCD_deselectLCD                        
00021989  HAL_LCD_initLCD                            
00021aaf  HAL_LCD_selectLCD                          
00021a35  HAL_LCD_writeCommand                       
00021a69  HAL_LCD_writeData                          
00019318  Images_Button4BPP_UNCOMP                   
0002075f  Interrupt_disableInterrupt                 
000205af  Interrupt_disableMaster                    
0002095d  Interrupt_disableSleepOnIsrExit            
000206ed  Interrupt_enableInterrupt                  
0002059f  Interrupt_enableMaster                     
0002094b  Interrupt_enableSleepOnIsrExit             
000206c7  Interrupt_getPriority                      
0002063f  Interrupt_getPriorityGrouping              
0002092b  Interrupt_getPriorityMask                  
00020945  Interrupt_getVectorTableAddress            
000207d1  Interrupt_isEnabled                        
0002085d  Interrupt_pendInterrupt                    
000205bf  Interrupt_registerInterrupt                
00020677  Interrupt_setPriority                      
00020625  Interrupt_setPriorityGrouping              
0002091b  Interrupt_setPriorityMask                  
00020935  Interrupt_setVectorTableAddress            
000208cd  Interrupt_unpendInterrupt                  
00020611  Interrupt_unregisterInterrupt              
0001dab9  Kitronix320x240x16_SSD2119Init             
0001df5b  Kitronix320x240x16_SSD2119LineDraw         
0001dc73  Kitronix320x240x16_SSD2119_setCursorLtoR   
0001dcbd  Kitronix320x240x16_SSD2119_setCursorTtoB   
0001da5b  PCM_clearInterruptFlag                     
0001da31  PCM_disableInterrupt                       
0001da09  PCM_disableRudeMode                        
0001da1d  PCM_enableInterrupt                        
0001d9f7  PCM_enableRudeMode                         
0001d403  PCM_getCoreVoltageLevel                    
0001da4b  PCM_getEnabledInterruptStatus              
0001da45  PCM_getInterruptStatus                     
0001d3a9  PCM_getPowerMode                           
0001d9eb  PCM_getPowerState                          
0001d91d  PCM_gotoLPM0                               
0001d93b  PCM_gotoLPM0InterruptSafe                  
0001d957  PCM_gotoLPM3                               
0001d9cf  PCM_gotoLPM3InterruptSafe                  
0001d8f1  PCM_gotoLPM4                               
0001d901  PCM_gotoLPM4InterruptSafe                  
0001da6f  PCM_registerInterrupt                      
0001d377  PCM_setCoreVoltageLevel                    
0001d399  PCM_setCoreVoltageLevelNonBlocking         
0001d387  PCM_setCoreVoltageLevelWithTimeout         
0001d5a9  PCM_setPowerMode                           
0001d5b9  PCM_setPowerModeNonBlocking                
0001d5c9  PCM_setPowerModeWithTimeout                
0001d87b  PCM_setPowerState                          
0001d89d  PCM_setPowerStateNonBlocking               
0001d88b  PCM_setPowerStateWithTimeout               
0001d8ad  PCM_shutdownDevice                         
0001da83  PCM_unregisterInterrupt                    
00019328  Primitives_Button4BPP_UNCOMP               
0001f2f5  RTC_C_clearInterruptFlag                   
0001f13f  RTC_C_convertBCDToBinary                   
0001f157  RTC_C_convertBinaryToBCD                   
0001f09b  RTC_C_definePrescaleEvent                  
0001f1c5  RTC_C_disableInterrupt                     
0001f16f  RTC_C_enableInterrupt                      
0001efcd  RTC_C_getCalendarTime                      
0001f295  RTC_C_getEnabledInterruptStatus            
0001f22d  RTC_C_getInterruptStatus                   
0001f0c3  RTC_C_getPrescaleValue                     
0001eeb7  RTC_C_holdClock                            
0001ef5b  RTC_C_initCalendar                         
0001f33b  RTC_C_registerInterrupt                    
0001f033  RTC_C_setCalendarAlarm                     
0001f06b  RTC_C_setCalendarEvent                     
0001ef05  RTC_C_setCalibrationData                   
0001eed5  RTC_C_setCalibrationFrequency              
0001f0ef  RTC_C_setPrescaleValue                     
0001ef31  RTC_C_setTemperatureCompensation           
0001ee99  RTC_C_startClock                           
0001f359  RTC_C_unregisterInterrupt                  
0001cb9f  SPI_changeClockPhasePolarity               
0001caf9  SPI_changeMasterClock                      
0001cd51  SPI_clearInterruptFlag                     
0001ccd3  SPI_disableInterrupt                       
0001cc2d  SPI_disableModule                          
0001ccad  SPI_enableInterrupt                        
0001cc11  SPI_enableModule                           
0001cd21  SPI_getEnabledInterruptStatus              
0001ccf9  SPI_getInterruptStatus                     
0001cc49  SPI_getReceiveBufferAddressForDMA          
0001cc65  SPI_getTransmitBufferAddressForDMA         
0001ca0d  SPI_initMaster                             
0001cb21  SPI_initSlave                              
0001cc91  SPI_isBusy                                 
0001cbf5  SPI_receiveData                            
0001cd77  SPI_registerInterrupt                      
0001cad3  SPI_selectFourPinFunctionality             
0001cbcf  SPI_transmitData                           
0001ce35  SPI_unregisterInterrupt                    
00021937  SysCtl_disableGlitchFilter                 
000217c7  SysCtl_disableNMISource                    
000218cf  SysCtl_disablePeripheralAtCPUHalt          
00021811  SysCtl_disableSRAMBank                     
00021895  SysCtl_disableSRAMBankRetention            
0002192b  SysCtl_enableGlitchFilter                  
000217db  SysCtl_enableNMISource                     
000218bb  SysCtl_enablePeripheralAtCPUHalt           
000217f5  SysCtl_enableSRAMBank                      
00021879  SysCtl_enableSRAMBankRetention             
000217c1  SysCtl_getFlashSize                        
000217ef  SysCtl_getNMISourceStatus                  
000217bb  SysCtl_getSRAMSize                         
00021745  SysCtl_getTLVInfo                          
00021943  SysCtl_getTempCalibrationConstant          
000218b1  SysCtl_rebootDevice                        
00021907  SysCtl_setWDTPasswordViolationResetType    
000218e3  SysCtl_setWDTTimeoutResetType              
20000614  SystemCoreClock                            
00020ccd  SystemCoreClockUpdate                      
00020f41  SystemInit                                 
00019338  TI_logo_150x1501BPP_COMP_RLE4              
00019348  TI_platform_bar_red4BPP_UNCOMP             
4000480c  WDTCTL_SYM                                 
00021c9d  WDT_A_clearTimer                           
00021c5d  WDT_A_holdTimer                            
00021cd9  WDT_A_initIntervalTimer                    
00021cbd  WDT_A_initWatchdogTimer                    
00021d0d  WDT_A_registerInterrupt                    
00021cf5  WDT_A_setPasswordViolationReset            
00021d01  WDT_A_setTimeoutReset                      
00021c7d  WDT_A_startTimer                           
00021d21  WDT_A_unregisterInterrupt                  
0001a81f  __FlashCtl_remaskBurstDataPost             
0001a705  __FlashCtl_remaskBurstDataPre              
0001a549  __FlashCtl_remaskData32Post                
0001a62d  __FlashCtl_remaskData32Pre                 
0001a42b  __FlashCtl_remaskData8Post                 
0001a4ab  __FlashCtl_remaskData8Pre                  
20010000  __STACK_END                                
00000200  __STACK_SIZE                               
000220f0  __TI_CINIT_Base                            
00022108  __TI_CINIT_Limit                           
000220d0  __TI_Handler_Table_Base                    
000220dc  __TI_Handler_Table_Limit                   
00021f75  __TI_auto_init_nobinit_nopinit             
00021f0b  __TI_decompress_lzss                       
00022043  __TI_decompress_none                       
ffffffff  __TI_pprof_out_hndl                        
ffffffff  __TI_prof_data_size                        
ffffffff  __TI_prof_data_start                       
00000000  __TI_static_base__                         
00022051  __TI_zero_init                             
00021e91  __aeabi_memclr                             
00021e91  __aeabi_memclr4                            
00021e91  __aeabi_memclr8                            
00021df5  __aeabi_memcpy                             
00021df5  __aeabi_memcpy4                            
00021df5  __aeabi_memcpy8                            
00021e93  __aeabi_memset                             
00021e93  __aeabi_memset4                            
00021e93  __aeabi_memset8                            
ffffffff  __binit__                                  
ffffffff  __c_args__                                 
UNDEFED   __mpu_init                                 
2000fe00  __stack                                    
00021ff9  _c_int00_noargs                            
UNDEFED   _system_post_cinit                         
0002205d  _system_pre_init                           
00022061  abort                                      
ffffffff  binit                                      
0001bfed  boardInit                                  
0001bff5  clockInit                                  
0001b899  drawMainMenu                               
0001bf2d  drawRestarDemo                             
20000000  g_pfnRAMVectors                            
20000618  g_ranDemo                                  
2000053c  g_sContext                                 
00018f74  g_sFontCm18                                
0001903c  g_sFontCmss20b                             
00019294  g_sKitronix320x240x16_SSD2119              
2000059c  g_sTouchContext                            
20000558  imageButton                                
0001b75b  initializeDemoButtons                      
00000000  interruptVectors                           
00019358  lcd_color_320x2408BPP_UNCOMP               
0001b6c1  main                                       
00021df5  memcpy                                     
00021e99  memset                                     
200004e4  noButton                                   
20000570  primitiveButton                            
0001be5b  runImagesDemo                              
0001ba11  runPrimitivesDemo                          
0001eced  touch_calibrate                            
0001e8d3  touch_initInterface                        
0001eb51  touch_updateCurrentTouch                   
20000510  yesButton                                  


GLOBAL SYMBOLS: SORTED BY Symbol Address 

address   name                                       
-------   ----                                       
00000000  __TI_static_base__                         
00000000  interruptVectors                           
00000200  __STACK_SIZE                               
00018f74  g_sFontCm18                                
0001903c  g_sFontCmss20b                             
00019294  g_sKitronix320x240x16_SSD2119              
00019318  Images_Button4BPP_UNCOMP                   
00019328  Primitives_Button4BPP_UNCOMP               
00019338  TI_logo_150x1501BPP_COMP_RLE4              
00019348  TI_platform_bar_red4BPP_UNCOMP             
00019358  lcd_color_320x2408BPP_UNCOMP               
00019553  FlashCtl_getMemoryInfo                     
000198d1  FlashCtl_enableReadBuffering               
00019925  FlashCtl_disableReadBuffering              
00019985  FlashCtl_unprotectSector                   
000199f5  FlashCtl_protectSector                     
00019a55  FlashCtl_isSectorProtected                 
00019ae1  FlashCtl_verifyMemory                      
00019d49  FlashCtl_setReadMode                       
00019db5  FlashCtl_getReadMode                       
00019ddf  FlashCtl_initiateMassErase                 
00019e05  FlashCtl_performMassErase                  
00019f51  FlashCtl_eraseSector                       
0001a075  FlashCtl_initiateSectorErase               
0001a10d  FlashCtl_programMemory                     
0001a27d  FlashCtl_setProgramVerification            
0001a2b7  FlashCtl_clearProgramVerification          
0001a2f1  FlashCtl_enableWordProgramming             
0001a321  FlashCtl_disableWordProgramming            
0001a32d  FlashCtl_isWordProgrammingEnabled          
0001a349  FlashCtl_setWaitState                      
0001a387  FlashCtl_getWaitState                      
0001a3b5  FlashCtl_enableInterrupt                   
0001a3c9  FlashCtl_disableInterrupt                  
0001a3dd  FlashCtl_getInterruptStatus                
0001a3e3  FlashCtl_getEnabledInterruptStatus         
0001a3f3  FlashCtl_clearInterruptFlag                
0001a407  FlashCtl_registerInterrupt                 
0001a41b  FlashCtl_unregisterInterrupt               
0001a42b  __FlashCtl_remaskData8Post                 
0001a4ab  __FlashCtl_remaskData8Pre                  
0001a549  __FlashCtl_remaskData32Post                
0001a62d  __FlashCtl_remaskData32Pre                 
0001a705  __FlashCtl_remaskBurstDataPre              
0001a81f  __FlashCtl_remaskBurstDataPost             
0001aba9  CS_setExternalClockSourceFrequency         
0001abe5  CS_initClockSignal                         
0001ace9  CS_startHFXT                               
0001ad0d  CS_startHFXTWithTimeout                    
0001add1  CS_startLFXT                               
0001adf5  CS_startLFXTWithTimeout                    
0001aec5  CS_enableClockRequest                      
0001aeed  CS_disableClockRequest                     
0001af0f  CS_setReferenceOscillatorFrequency         
0001af35  CS_enableDCOExternalResistor               
0001af5d  CS_setDCOExternalResistorCalibration       
0001afd3  CS_disableDCOExternalResistor              
0001aff1  CS_setDCOCenteredFrequency                 
0001b029  CS_tuneDCOFrequency                        
0001b0cd  CS_getDCOFrequency                         
0001b26d  CS_setDCOFrequency                         
0001b445  CS_getBCLK                                 
0001b461  CS_getHSMCLK                               
0001b485  CS_getACLK                                 
0001b4a9  CS_getSMCLK                                
0001b4cb  CS_getMCLK                                 
0001b4ed  CS_enableFaultCounter                      
0001b519  CS_disableFaultCounter                     
0001b545  CS_resetFaultCounter                       
0001b591  CS_startFaultCounter                       
0001b5e1  CS_enableInterrupt                         
0001b603  CS_disableInterrupt                        
0001b625  CS_getInterruptStatus                      
0001b62b  CS_getEnabledInterruptStatus               
0001b645  CS_clearInterruptFlag                      
0001b667  CS_registerInterrupt                       
0001b67b  CS_unregisterInterrupt                     
0001b6c1  main                                       
0001b75b  initializeDemoButtons                      
0001b899  drawMainMenu                               
0001ba11  runPrimitivesDemo                          
0001be5b  runImagesDemo                              
0001bf2d  drawRestarDemo                             
0001bfed  boardInit                                  
0001bff5  clockInit                                  
0001c041  Delay                                      
0001c271  ADC14_enableModule                         
0001c279  ADC14_disableModule                        
0001c28f  ADC14_enableSampleTimer                    
0001c2b9  ADC14_disableSampleTimer                   
0001c2cf  ADC14_initModule                           
0001c315  ADC14_setResolution                        
0001c32f  ADC14_getResolution                        
0001c339  ADC14_setSampleHoldTrigger                 
0001c37b  ADC14_setSampleHoldTime                    
0001c3a5  ADC14_configureMultiSequenceMode           
0001c43b  ADC14_configureSingleSampleMode            
0001c491  ADC14_enableConversion                     
0001c4b1  ADC14_toggleConversionTrigger              
0001c4d3  ADC14_disableConversion                    
0001c4df  ADC14_isBusy                               
0001c4fd  ADC14_configureConversionMemory            
0001c5a5  ADC14_enableComparatorWindow               
0001c635  ADC14_disableComparatorWindow              
0001c693  ADC14_setComparatorWindowValue             
0001c719  ADC14_setResultFormat                      
0001c743  ADC14_getResult                            
0001c75d  ADC14_getMultiSequenceResult               
0001c7c9  ADC14_getResultArray                       
0001c83d  ADC14_enableReferenceBurst                 
0001c853  ADC14_disableReferenceBurst                
0001c869  ADC14_setPowerMode                         
0001c8ab  ADC14_enableInterrupt                      
0001c8d3  ADC14_disableInterrupt                     
0001c8fb  ADC14_getInterruptStatus                   
0001c91f  ADC14_getEnabledInterruptStatus            
0001c955  ADC14_clearInterruptFlag                   
0001c981  ADC14_registerInterrupt                    
0001c995  ADC14_unregisterInterrupt                  
0001ca0d  SPI_initMaster                             
0001cad3  SPI_selectFourPinFunctionality             
0001caf9  SPI_changeMasterClock                      
0001cb21  SPI_initSlave                              
0001cb9f  SPI_changeClockPhasePolarity               
0001cbcf  SPI_transmitData                           
0001cbf5  SPI_receiveData                            
0001cc11  SPI_enableModule                           
0001cc2d  SPI_disableModule                          
0001cc49  SPI_getReceiveBufferAddressForDMA          
0001cc65  SPI_getTransmitBufferAddressForDMA         
0001cc91  SPI_isBusy                                 
0001ccad  SPI_enableInterrupt                        
0001ccd3  SPI_disableInterrupt                       
0001ccf9  SPI_getInterruptStatus                     
0001cd21  SPI_getEnabledInterruptStatus              
0001cd51  SPI_clearInterruptFlag                     
0001cd77  SPI_registerInterrupt                      
0001ce35  SPI_unregisterInterrupt                    
0001cee1  EUSCI_B_SPI_select4PinFunctionality        
0001cf01  EUSCI_B_SPI_masterChangeClock              
0001cf33  EUSCI_B_SPI_slaveInit                      
0001cf7d  EUSCI_B_SPI_changeClockPhasePolarity       
0001cfbf  EUSCI_B_SPI_transmitData                   
0001cfd5  EUSCI_B_SPI_receiveData                    
0001cfe5  EUSCI_B_SPI_enableInterrupt                
0001cfff  EUSCI_B_SPI_disableInterrupt               
0001d019  EUSCI_B_SPI_getInterruptStatus             
0001d031  EUSCI_B_SPI_clearInterruptFlag             
0001d04b  EUSCI_B_SPI_enable                         
0001d061  EUSCI_B_SPI_disable                        
0001d077  EUSCI_B_SPI_getReceiveBufferAddressForDMA  
0001d085  EUSCI_B_SPI_getTransmitBufferAddressForDMA 
0001d093  EUSCI_B_SPI_isBusy                         
0001d0ab  EUSCI_A_SPI_select4PinFunctionality        
0001d0cb  EUSCI_A_SPI_masterChangeClock              
0001d101  EUSCI_A_SPI_slaveInit                      
0001d14b  EUSCI_A_SPI_changeClockPhasePolarity       
0001d18d  EUSCI_A_SPI_transmitData                   
0001d1a3  EUSCI_A_SPI_receiveData                    
0001d1b3  EUSCI_A_SPI_enableInterrupt                
0001d1cd  EUSCI_A_SPI_disableInterrupt               
0001d1e7  EUSCI_A_SPI_getInterruptStatus             
0001d1ff  EUSCI_A_SPI_clearInterruptFlag             
0001d219  EUSCI_A_SPI_enable                         
0001d22f  EUSCI_A_SPI_disable                        
0001d245  EUSCI_A_SPI_getReceiveBufferAddressForDMA  
0001d253  EUSCI_A_SPI_getTransmitBufferAddressForDMA 
0001d261  EUSCI_A_SPI_isBusy                         
0001d377  PCM_setCoreVoltageLevel                    
0001d387  PCM_setCoreVoltageLevelWithTimeout         
0001d399  PCM_setCoreVoltageLevelNonBlocking         
0001d3a9  PCM_getPowerMode                           
0001d403  PCM_getCoreVoltageLevel                    
0001d5a9  PCM_setPowerMode                           
0001d5b9  PCM_setPowerModeNonBlocking                
0001d5c9  PCM_setPowerModeWithTimeout                
0001d87b  PCM_setPowerState                          
0001d88b  PCM_setPowerStateWithTimeout               
0001d89d  PCM_setPowerStateNonBlocking               
0001d8ad  PCM_shutdownDevice                         
0001d8f1  PCM_gotoLPM4                               
0001d901  PCM_gotoLPM4InterruptSafe                  
0001d91d  PCM_gotoLPM0                               
0001d93b  PCM_gotoLPM0InterruptSafe                  
0001d957  PCM_gotoLPM3                               
0001d9cf  PCM_gotoLPM3InterruptSafe                  
0001d9eb  PCM_getPowerState                          
0001d9f7  PCM_enableRudeMode                         
0001da09  PCM_disableRudeMode                        
0001da1d  PCM_enableInterrupt                        
0001da31  PCM_disableInterrupt                       
0001da45  PCM_getInterruptStatus                     
0001da4b  PCM_getEnabledInterruptStatus              
0001da5b  PCM_clearInterruptFlag                     
0001da6f  PCM_registerInterrupt                      
0001da83  PCM_unregisterInterrupt                    
0001dab9  Kitronix320x240x16_SSD2119Init             
0001dc73  Kitronix320x240x16_SSD2119_setCursorLtoR   
0001dcbd  Kitronix320x240x16_SSD2119_setCursorTtoB   
0001df5b  Kitronix320x240x16_SSD2119LineDraw         
0001e2b7  Graphics_getStringWidth                    
0001e3b1  Graphics_drawString                        
0001e82f  Graphics_getStringBaseline                 
0001e83f  Graphics_drawStringCentered                
0001e887  Graphics_getStringHeight                   
0001e897  Graphics_getStringMaxWidth                 
0001e8d3  touch_initInterface                        
0001eb51  touch_updateCurrentTouch                   
0001eced  touch_calibrate                            
0001ee99  RTC_C_startClock                           
0001eeb7  RTC_C_holdClock                            
0001eed5  RTC_C_setCalibrationFrequency              
0001ef05  RTC_C_setCalibrationData                   
0001ef31  RTC_C_setTemperatureCompensation           
0001ef5b  RTC_C_initCalendar                         
0001efcd  RTC_C_getCalendarTime                      
0001f033  RTC_C_setCalendarAlarm                     
0001f06b  RTC_C_setCalendarEvent                     
0001f09b  RTC_C_definePrescaleEvent                  
0001f0c3  RTC_C_getPrescaleValue                     
0001f0ef  RTC_C_setPrescaleValue                     
0001f13f  RTC_C_convertBCDToBinary                   
0001f157  RTC_C_convertBinaryToBCD                   
0001f16f  RTC_C_enableInterrupt                      
0001f1c5  RTC_C_disableInterrupt                     
0001f22d  RTC_C_getInterruptStatus                   
0001f295  RTC_C_getEnabledInterruptStatus            
0001f2f5  RTC_C_clearInterruptFlag                   
0001f33b  RTC_C_registerInterrupt                    
0001f359  RTC_C_unregisterInterrupt                  
0001f3a1  Graphics_drawCircle                        
0001f60f  Graphics_fillCircle                        
0001f839  Graphics_drawLineH                         
0001f8d5  Graphics_drawLineV                         
0001fb55  Graphics_drawLine                          
0001fcc9  GPIO_setAsOutputPin                        
0001fd03  GPIO_setAsInputPin                         
0001fd49  GPIO_setAsPeripheralModuleFunctionOutputPin
0001fdcd  GPIO_setAsPeripheralModuleFunctionInputPin 
0001fe51  GPIO_setOutputHighOnPin                    
0001fe73  GPIO_setOutputLowOnPin                     
0001fe95  GPIO_toggleOutputOnPin                     
0001feb7  GPIO_setAsInputPinWithPullDownResistor     
0001ff09  GPIO_setAsInputPinWithPullUpResistor       
0001ff5b  GPIO_getInputPinValue                      
0001ff89  GPIO_enableInterrupt                       
0001ffab  GPIO_disableInterrupt                      
0001ffcd  GPIO_getInterruptStatus                    
0001ffeb  GPIO_clearInterruptFlag                    
0002000d  GPIO_interruptEdgeSelect                   
00020043  GPIO_getEnabledInterruptStatus             
000200bf  GPIO_setDriveStrengthHigh                  
000200e1  GPIO_setDriveStrengthLow                   
00020103  GPIO_registerInterrupt                     
00020123  GPIO_unregisterInterrupt                   
000201b5  Graphics_drawImage                         
00020509  Graphics_getImageColors                    
00020517  Graphics_getImageHeight                    
00020525  Graphics_getImageWidth                     
00020533  Graphics_getOffscreen1BppImageSize         
00020559  Graphics_getOffscreen4BppImageSize         
0002057d  Graphics_getOffScreen8BPPSize              
0002059f  Interrupt_enableMaster                     
000205af  Interrupt_disableMaster                    
000205bf  Interrupt_registerInterrupt                
00020611  Interrupt_unregisterInterrupt              
00020625  Interrupt_setPriorityGrouping              
0002063f  Interrupt_getPriorityGrouping              
00020677  Interrupt_setPriority                      
000206c7  Interrupt_getPriority                      
000206ed  Interrupt_enableInterrupt                  
0002075f  Interrupt_disableInterrupt                 
000207d1  Interrupt_isEnabled                        
0002085d  Interrupt_pendInterrupt                    
000208cd  Interrupt_unpendInterrupt                  
0002091b  Interrupt_setPriorityMask                  
0002092b  Interrupt_getPriorityMask                  
00020935  Interrupt_setVectorTableAddress            
00020945  Interrupt_getVectorTableAddress            
0002094b  Interrupt_enableSleepOnIsrExit             
0002095d  Interrupt_disableSleepOnIsrExit            
0002098d  Graphics_drawRectangle                     
00020a2f  Graphics_fillRectangle                     
00020b41  Graphics_isRectangleOverlap                
00020b93  Graphics_getRectangleIntersection          
00020c79  Graphics_isPointWithinRectangle            
00020ccd  SystemCoreClockUpdate                      
00020f41  SystemInit                                 
00020ff5  Graphics_drawButton                        
000210ef  Graphics_isButtonSelected                  
00021139  Graphics_drawSelectedButton                
000211dd  Graphics_drawReleasedButton                
0002128d  Graphics_initContext                       
000212d7  Graphics_setClipRegion                     
000213a1  Graphics_setBackgroundColor                
000213bb  Graphics_setBackgroundColorTranslated      
000213d1  Graphics_setFont                           
000213eb  Graphics_getFontBaseline                   
000213f9  Graphics_setForegroundColor                
0002140f  Graphics_setForegroundColorTranslated      
00021421  Graphics_getFontHeight                     
0002142f  Graphics_getFontMaxWidth                   
0002143d  Graphics_getDisplayWidth                   
0002144d  Graphics_getDisplayHeight                  
0002145d  Graphics_getHeightOfDisplay                
0002146b  Graphics_flushBuffer                       
00021479  Graphics_clearDisplay                      
0002148b  Graphics_drawPixel                         
000214e5  Graphics_getWidthOfDisplay                 
000214f5  Graphics_drawImageButton                   
000215a1  Graphics_isImageButtonSelected             
00021603  Graphics_drawSelectedImageButton           
0002169d  Graphics_drawReleasedImageButton           
00021745  SysCtl_getTLVInfo                          
000217bb  SysCtl_getSRAMSize                         
000217c1  SysCtl_getFlashSize                        
000217c7  SysCtl_disableNMISource                    
000217db  SysCtl_enableNMISource                     
000217ef  SysCtl_getNMISourceStatus                  
000217f5  SysCtl_enableSRAMBank                      
00021811  SysCtl_disableSRAMBank                     
00021879  SysCtl_enableSRAMBankRetention             
00021895  SysCtl_disableSRAMBankRetention            
000218b1  SysCtl_rebootDevice                        
000218bb  SysCtl_enablePeripheralAtCPUHalt           
000218cf  SysCtl_disablePeripheralAtCPUHalt          
000218e3  SysCtl_setWDTTimeoutResetType              
00021907  SysCtl_setWDTPasswordViolationResetType    
0002192b  SysCtl_enableGlitchFilter                  
00021937  SysCtl_disableGlitchFilter                 
00021943  SysCtl_getTempCalibrationConstant          
00021989  HAL_LCD_initLCD                            
00021a35  HAL_LCD_writeCommand                       
00021a69  HAL_LCD_writeData                          
00021aaf  HAL_LCD_selectLCD                          
00021ac5  HAL_LCD_deselectLCD                        
00021adb  HAL_LCD_delay                              
00021b29  Graphics_drawPixelOnDisplay                
00021b53  Graphics_drawMultiplePixelsOnDisplay       
00021b97  Graphics_drawHorizontalLineOnDisplay       
00021bcb  Graphics_drawVerticalLineOnDisplay         
00021bff  Graphics_fillRectangleOnDisplay            
00021c1d  Graphics_translateColorOnDisplay           
00021c33  Graphics_flushOnDisplay                    
00021c45  Graphics_clearDisplayOnDisplay             
00021c5d  WDT_A_holdTimer                            
00021c7d  WDT_A_startTimer                           
00021c9d  WDT_A_clearTimer                           
00021cbd  WDT_A_initWatchdogTimer                    
00021cd9  WDT_A_initIntervalTimer                    
00021cf5  WDT_A_setPasswordViolationReset            
00021d01  WDT_A_setTimeoutReset                      
00021d0d  WDT_A_registerInterrupt                    
00021d21  WDT_A_unregisterInterrupt                  
00021d35  FPU_enableModule                           
00021d47  FPU_disableModule                          
00021d55  FPU_enableStacking                         
00021d67  FPU_enableLazyStacking                     
00021d73  FPU_disableStacking                        
00021d7f  FPU_setHalfPrecisionMode                   
00021d99  FPU_setNaNMode                             
00021db3  FPU_setFlushToZeroMode                     
00021dcd  FPU_setRoundingMode                        
00021df5  __aeabi_memcpy                             
00021df5  __aeabi_memcpy4                            
00021df5  __aeabi_memcpy8                            
00021df5  memcpy                                     
00021e91  __aeabi_memclr                             
00021e91  __aeabi_memclr4                            
00021e91  __aeabi_memclr8                            
00021e93  __aeabi_memset                             
00021e93  __aeabi_memset4                            
00021e93  __aeabi_memset8                            
00021e99  memset                                     
00021f0b  __TI_decompress_lzss                       
00021f75  __TI_auto_init_nobinit_nopinit             
00021fb9  CPU_cpsid                                  
00021fc5  CPU_primask                                
00021fcf  CPU_cpsie                                  
00021fdb  CPU_wfi                                    
00021fdf  CPU_basepriSet                             
00021fed  CPU_basepriGet                             
00021ff9  _c_int00_noargs                            
00022043  __TI_decompress_none                       
00022051  __TI_zero_init                             
0002205d  _system_pre_init                           
00022061  C$$EXIT                                    
00022061  abort                                      
000220d0  __TI_Handler_Table_Base                    
000220dc  __TI_Handler_Table_Limit                   
000220f0  __TI_CINIT_Base                            
00022108  __TI_CINIT_Limit                           
20000000  g_pfnRAMVectors                            
200004e4  noButton                                   
20000510  yesButton                                  
2000053c  g_sContext                                 
20000558  imageButton                                
20000570  primitiveButton                            
2000059c  g_sTouchContext                            
20000614  SystemCoreClock                            
20000618  g_ranDemo                                  
2000fe00  __stack                                    
20010000  __STACK_END                                
4000480c  WDTCTL_SYM                                 
ffffffff  __TI_pprof_out_hndl                        
ffffffff  __TI_prof_data_size                        
ffffffff  __TI_prof_data_start                       
ffffffff  __binit__                                  
ffffffff  __c_args__                                 
ffffffff  binit                                      
UNDEFED   __mpu_init                                 
UNDEFED   _system_post_cinit                         

[412 symbols]
