******************************************************************************
                  TI ARM Linker PC v18.1.4                     
******************************************************************************
>> Linked Wed Jan 16 14:06:42 2019

OUTPUT FILE NAME:   <Lab2a_3.out>
ENTRY POINT SYMBOL: "_c_int00_noargs"  address: 0000287d


MEMORY CONFIGURATION

         name            origin    length      used     unused   attr    fill
----------------------  --------  ---------  --------  --------  ----  --------
  MAIN                  00000000   00040000  00002e7c  0003d184  R  X
  INFO                  00200000   00004000  00000000  00004000  R  X
  SRAM_CODE             01000000   00010000  00000db4  0000f24c  RW X
  SRAM_DATA             20000000   00010000  00000db4  0000f24c  RW  


SEGMENT ALLOCATION MAP

run origin  load origin   length   init length attrs members
----------  ----------- ---------- ----------- ----- -------
00000000    00000000    00002e80   00002e80    r-x
  00000000    00000000    000000e4   000000e4    r-- .intvecs
  000000e4    000000e4    00002acc   00002acc    r-x .text
  00002bb0    00002bb0    00000234   00000234    r-- .const
  00002de8    00002de8    00000098   00000098    r-- .cinit
20000000    20000000    00000bb4   00000000    rw-
  20000000    20000000    00000800   00000000    rw- .sysmem
  20000800    20000800    000001ec   00000000    rw- .data
  200009ec    200009ec    000001c8   00000000    rw- .bss
2000fe00    2000fe00    00000200   00000000    rw-
  2000fe00    2000fe00    00000200   00000000    rw- .stack


SECTION ALLOCATION MAP

 output                                  attributes/
section   page    origin      length       input sections
--------  ----  ----------  ----------   ----------------
.intvecs   0    00000000    000000e4     
                  00000000    000000e4     startup_msp432p401r_ccs.obj (.intvecs:retain)

.text      0    000000e4    00002acc     
                  000000e4    00000a5e     rtsv7M4_T_le_v4SPD16_eabi.lib : _printfi.c.obj (.text:__TI_printfi)
                  00000b42    00000002     startup_msp432p401r_ccs.obj (.text:Default_Handler)
                  00000b44    00000270     rtsv7M4_T_le_v4SPD16_eabi.lib : _printfi.c.obj (.text:_pconv_a)
                  00000db4    000001d0                                   : _printfi.c.obj (.text:_pconv_g)
                  00000f84    000001b6                                   : fd_add_t2.asm.obj (.text)
                  0000113a    00000002                                   : _lock.c.obj (.text:_nop)
                  0000113c    0000013c                                   : _printfi.c.obj (.text:_pconv_e)
                  00001278    00000136                                   : fd_div_t2.asm.obj (.text)
                  000013ae    00000002                                   : div0.asm.obj (.text)
                  000013b0    00000124                                   : _printfi.c.obj (.text:fcvt)
                  000014d4    00000114                                   : fputs.c.obj (.text:fputs)
                  000015e8    00000110                                   : s_scalbn.c.obj (.text:scalbn)
                  000016f8    000000fc                                   : fd_mul_t2.asm.obj (.text)
                  000017f4    000000dc                                   : setvbuf.c.obj (.text:setvbuf)
                  000018d0    000000d8                                   : memory.c.obj (.text:free)
                  000019a8    000000b1                                   : _printfi.c.obj (.text:_ltostr)
                  00001a59    00000003     --HOLE-- [fill = 0]
                  00001a5c    000000a4     main.obj (.text:main)
                  00001b00    0000009c     rtsv7M4_T_le_v4SPD16_eabi.lib : memcpy_t2.asm.obj (.text)
                  00001b9c    00000096                                   : ull_div_t2.asm.obj (.text)
                  00001c32    00000002     --HOLE-- [fill = 0]
                  00001c34    0000008c                                   : fputc.c.obj (.text:fputc)
                  00001cc0    00000086                                   : fd_cmp_t2.asm.obj (.text:__aeabi_cdcmple)
                  00001d46    00000086                                   : fd_cmp_t2.asm.obj (.text:__aeabi_cdrcmple)
                  00001dcc    0000007a                                   : memset_t2.asm.obj (.text)
                  00001e46    00000002     --HOLE-- [fill = 0]
                  00001e48    00000078     system_msp432p401r.obj (.text:SystemInit)
                  00001ec0    00000078     rtsv7M4_T_le_v4SPD16_eabi.lib : memory.c.obj (.text:malloc)
                  00001f38    00000074                                   : fclose.c.obj (.text:__TI_closefile)
                  00001fac    0000006e                                   : _printfi.c.obj (.text:_mcpy)
                  0000201a    00000002     --HOLE-- [fill = 0]
                  0000201c    00000068                                   : hostlseek.c.obj (.text:HOSTlseek)
                  00002084    00000068                                   : hostrename.c.obj (.text:HOSTrename)
                  000020ec    00000068                                   : copy_decompress_lzss.c.obj (.text:decompress:lzss:__TI_decompress_lzss)
                  00002154    00000068                                   : printf.c.obj (.text:printf)
                  000021bc    00000064                                   : s_frexp.c.obj (.text:frexp)
                  00002220    00000064                                   : fseek.c.obj (.text:fseek)
                  00002284    00000062                                   : _io_perm.c.obj (.text:__TI_wrt_ok)
                  000022e6    00000002     --HOLE-- [fill = 0]
                  000022e8    00000060                                   : hostopen.c.obj (.text:HOSTopen)
                  00002348    0000005c                                   : close.c.obj (.text:close)
                  000023a4    00000058                                   : hostread.c.obj (.text:HOSTread)
                  000023fc    00000058                                   : hostwrite.c.obj (.text:HOSTwrite)
                  00002454    00000056                                   : _printfi.c.obj (.text:_pconv_f)
                  000024aa    00000054                                   : ltoa.c.obj (.text:ltoa)
                  000024fe    00000052                                   : _printfi.c.obj (.text:_ecpy)
                  00002550    0000004c                                   : fflush.c.obj (.text:__TI_doflush)
                  0000259c    0000004c                                   : atoi.c.obj (.text:atoi)
                  000025e8    00000048                                   : exit.c.obj (.text:exit)
                  00002630    00000048                                   : fd_toi_t2.asm.obj (.text)
                  00002678    00000044                                   : hostclose.c.obj (.text:HOSTclose)
                  000026bc    00000044                                   : hostunlink.c.obj (.text:HOSTunlink)
                  00002700    00000044                                   : autoinit.c.obj (.text:__TI_auto_init_nobinit_nopinit:__TI_auto_init_nobinit_nopinit)
                  00002744    00000044                                   : getdevice.c.obj (.text:getdevice)
                  00002788    00000040     msp432p4xx_driverlib.lib : gpio.o (.text:GPIO_setAsOutputPin)
                  000027c8    0000003e     rtsv7M4_T_le_v4SPD16_eabi.lib : _printfi.c.obj (.text:_fcpy)
                  00002806    00000002     --HOLE-- [fill = 0]
                  00002808    0000003c                                   : memory.c.obj (.text:minsert)
                  00002844    00000038                                   : trgmsg.c.obj (.text:__TI_writemsg)
                  0000287c    00000038                                   : boot_cortex_m.c.obj (.text:_c_int00_noargs:_c_int00_noargs)
                  000028b4    00000038                                   : memory.c.obj (.text:minit)
                  000028ec    00000036                                   : strncpy.c.obj (.text:strncpy)
                  00002922    00000002     --HOLE-- [fill = 0]
                  00002924    00000034                                   : fopen.c.obj (.text:__TI_cleanup)
                  00002958    00000034                                   : trgmsg.c.obj (.text:__TI_readmsg)
                  0000298c    00000030                                   : getdevice.c.obj (.text:finddevice)
                  000029bc    0000002e                                   : i_tofd_t2.asm.obj (.text)
                  000029ea    00000002     --HOLE-- [fill = 0]
                  000029ec    0000002c                                   : unlink.c.obj (.text:unlink)
                  00002a18    00000028                                   : lseek.c.obj (.text:lseek)
                  00002a40    00000028                                   : memory.c.obj (.text:mremove)
                  00002a68    00000028                                   : write.c.obj (.text:write)
                  00002a90    00000024     msp432p4xx_driverlib.lib : wdt_a.o (.text:WDT_A_holdTimer)
                  00002ab4    00000020     rtsv7M4_T_le_v4SPD16_eabi.lib : memchr.c.obj (.text:memchr)
                  00002ad4    0000001c                                   : memccpy.c.obj (.text:memccpy)
                  00002af0    00000018                                   : strcmp.c.obj (.text:strcmp)
                  00002b08    00000016                                   : strchr.c.obj (.text:strchr)
                  00002b1e    00000014                                   : s_copysign.c.obj (.text:copysign)
                  00002b32    00000014                                   : strcpy.c.obj (.text:strcpy)
                  00002b46    00000014                                   : strlen.c.obj (.text:strlen)
                  00002b5a    00000012                                   : copy_zero_init.c.obj (.text:decompress:ZI:__TI_zero_init_nomemset:__TI_zero_init_nomemset)
                  00002b6c    00000012                                   : wcslen.c.obj (.text:wcslen)
                  00002b7e    0000000e                                   : copy_decompress_none.c.obj (.text:decompress:none:__TI_decompress_none)
                  00002b8c    0000000c     startup_msp432p401r_ccs.obj (.text:Reset_Handler)
                  00002b98    00000008     rtsv7M4_T_le_v4SPD16_eabi.lib : errno.c.obj (.text:__aeabi_errno_addr)
                  00002ba0    00000004                                   : printf.c.obj (.text:_outc)
                  00002ba4    00000004                                   : printf.c.obj (.text:_outs)
                  00002ba8    00000004                                   : pre_init.c.obj (.text:_system_pre_init)
                  00002bac    00000004                                   : exit.c.obj (.text:abort:abort)

.const     0    00002bb0    00000234     
                  00002bb0    00000101     rtsv7M4_T_le_v4SPD16_eabi.lib : ctype.c.obj (.const:.string:_ctypes_)
                  00002cb1    00000100     main.obj (.const:.string:$P$T0$1)
                  00002db1    00000003     --HOLE-- [fill = 0]
                  00002db4    00000030     msp432p4xx_driverlib.lib : gpio.o (.const:GPIO_PORT_TO_BASE)

.cinit     0    00002de8    00000098     
                  00002de8    0000006d     (.cinit..data.load) [load image, compression = lzss]
                  00002e55    00000003     --HOLE-- [fill = 0]
                  00002e58    0000000c     (__TI_handler_table)
                  00002e64    00000004     --HOLE-- [fill = 0]
                  00002e68    00000008     (.cinit..bss.load) [load image, compression = zero_init]
                  00002e70    00000010     (__TI_cinit_table)

.init_array 
*          0    00000000    00000000     UNINITIALIZED

.binit     0    00000000    00000000     

.sysmem    0    20000000    00000800     UNINITIALIZED
                  20000000    00000008     rtsv7M4_T_le_v4SPD16_eabi.lib : memory.c.obj (.sysmem)
                  20000008    000007f8     --HOLE--

.data      0    20000800    000001ec     UNINITIALIZED
                  20000800    000000f0     rtsv7M4_T_le_v4SPD16_eabi.lib : defs.c.obj (.data:_ftable)
                  200008f0    00000078                                   : write.c.obj (.data:_device)
                  20000968    00000050                                   : write.c.obj (.data:_stream)
                  200009b8    00000010                                   : defs.c.obj (.data)
                  200009c8    0000000c                                   : exit.c.obj (.data:$O1$$)
                  200009d4    0000000c                                   : memory.c.obj (.data:$O1$$)
                  200009e0    00000008                                   : _lock.c.obj (.data:$O1$$)
                  200009e8    00000004                                   : errno.c.obj (.data)

.bss       0    200009ec    000001c8     UNINITIALIZED
                  200009ec    00000120     rtsv7M4_T_le_v4SPD16_eabi.lib : trgmsg.c.obj (.bss:_CIOBUF_)
                  20000b0c    000000a0     (.common:__TI_tmpnams)
                  20000bac    00000008     (.common:parmbuf)

.stack     0    2000fe00    00000200     UNINITIALIZED
                  2000fe00    00000004     rtsv7M4_T_le_v4SPD16_eabi.lib : boot_cortex_m.c.obj (.stack)
                  2000fe04    000001fc     --HOLE--

MODULE SUMMARY

       Module                        code    ro data   rw data
       ------                        ----    -------   -------
    .\
       main.obj                      164     256       0      
       system_msp432p401r.obj        120     0         0      
    +--+-----------------------------+-------+---------+---------+
       Total:                        284     256       0      
                                                              
    .\ccs\
       startup_msp432p401r_ccs.obj   14      228       0      
    +--+-----------------------------+-------+---------+---------+
       Total:                        14      228       0      
                                                              
    C:/ti/simplelink_msp432p4_sdk_2_30_00_14/source/ti/devices/msp432p4xx/driverlib/ccs/msp432p4xx_driverlib.lib
       gpio.o                        64      48        0      
       wdt_a.o                       36      0         0      
    +--+-----------------------------+-------+---------+---------+
       Total:                        100     48        0      
                                                              
    C:\ti\ccs830\ccsv8\tools\compiler\ti-cgt-arm_18.1.4.LTS\lib\rtsv7M4_T_le_v4SPD16_eabi.lib
       _printfi.c.obj                4867    0         0      
       defs.c.obj                    0       0         832    
       trgmsg.c.obj                  108     0         576    
       memory.c.obj                  492     0         24     
       write.c.obj                   40      0         400    
       fd_add_t2.asm.obj             438     0         0      
       fd_div_t2.asm.obj             310     0         0      
       fputs.c.obj                   276     0         0      
       s_scalbn.c.obj                272     0         0      
       fd_cmp_t2.asm.obj             268     0         0      
       ctype.c.obj                   0       257       0      
       fd_mul_t2.asm.obj             252     0         0      
       setvbuf.c.obj                 220     0         0      
       memcpy_t2.asm.obj             156     0         0      
       ull_div_t2.asm.obj            150     0         0      
       fputc.c.obj                   140     0         0      
       memset_t2.asm.obj             122     0         0      
       fclose.c.obj                  116     0         0      
       getdevice.c.obj               116     0         0      
       hostopen.c.obj                96      0         16     
       printf.c.obj                  112     0         0      
       copy_decompress_lzss.c.obj    104     0         0      
       hostlseek.c.obj               104     0         0      
       hostrename.c.obj              104     0         0      
       exit.c.obj                    76      0         24     
       fseek.c.obj                   100     0         0      
       s_frexp.c.obj                 100     0         0      
       _io_perm.c.obj                98      0         0      
       close.c.obj                   92      0         0      
       hostread.c.obj                88      0         0      
       hostwrite.c.obj               88      0         0      
       ltoa.c.obj                    84      0         0      
       atoi.c.obj                    76      0         0      
       fflush.c.obj                  76      0         0      
       fd_toi_t2.asm.obj             72      0         0      
       autoinit.c.obj                68      0         0      
       hostclose.c.obj               68      0         0      
       hostunlink.c.obj              68      0         0      
       boot_cortex_m.c.obj           56      0         0      
       strncpy.c.obj                 54      0         0      
       fopen.c.obj                   52      0         0      
       i_tofd_t2.asm.obj             46      0         0      
       unlink.c.obj                  44      0         0      
       lseek.c.obj                   40      0         0      
       memchr.c.obj                  32      0         0      
       memccpy.c.obj                 28      0         0      
       strcmp.c.obj                  24      0         0      
       strchr.c.obj                  22      0         0      
       s_copysign.c.obj              20      0         0      
       strcpy.c.obj                  20      0         0      
       strlen.c.obj                  20      0         0      
       _lock.c.obj                   2       0         16     
       copy_zero_init.c.obj          18      0         0      
       wcslen.c.obj                  18      0         0      
       errno.c.obj                   8       0         8      
       copy_decompress_none.c.obj    14      0         0      
       pre_init.c.obj                4       0         0      
       div0.asm.obj                  2       0         0      
    +--+-----------------------------+-------+---------+---------+
       Total:                        10541   257       1896   
                                                              
       Heap:                         0       0         4096   
       Stack:                        0       0         1024   
       Linker Generated:             0       145       0      
    +--+-----------------------------+-------+---------+---------+
       Grand Total:                  10939   934       7016   


LINKER GENERATED COPY TABLES

__TI_cinit_table @ 00002e70 records: 2, size/record: 8, table size: 16
	.data: load addr=00002de8, load size=0000006d bytes, run addr=20000800, run size=000001ec bytes, compression=lzss
	.bss: load addr=00002e68, load size=00000008 bytes, run addr=200009ec, run size=000001c8 bytes, compression=zero_init


LINKER GENERATED HANDLER TABLE

__TI_handler_table @ 00002e58 records: 3, size/record: 4, table size: 12
	index: 0, handler: __TI_decompress_lzss
	index: 1, handler: __TI_decompress_none
	index: 2, handler: __TI_zero_init


GLOBAL SYMBOLS: SORTED ALPHABETICALLY BY Name 

address   name                           
-------   ----                           
00000b43  ADC14_IRQHandler               
00000b43  AES256_IRQHandler              
00000b43  BusFault_Handler               
00002bad  C$$EXIT                        
00002873  C$$IO$$                        
00000b43  COMP_E0_IRQHandler             
00000b43  COMP_E1_IRQHandler             
00000b43  CS_IRQHandler                  
00000b43  DMA_ERR_IRQHandler             
00000b43  DMA_INT0_IRQHandler            
00000b43  DMA_INT1_IRQHandler            
00000b43  DMA_INT2_IRQHandler            
00000b43  DMA_INT3_IRQHandler            
00000b43  DebugMon_Handler               
00000b43  Default_Handler                
00000b43  EUSCIA0_IRQHandler             
00000b43  EUSCIA1_IRQHandler             
00000b43  EUSCIA2_IRQHandler             
00000b43  EUSCIA3_IRQHandler             
00000b43  EUSCIB0_IRQHandler             
00000b43  EUSCIB1_IRQHandler             
00000b43  EUSCIB2_IRQHandler             
00000b43  EUSCIB3_IRQHandler             
00000b43  FLCTL_IRQHandler               
00000b43  FPU_IRQHandler                 
00002789  GPIO_setAsOutputPin            
00002679  HOSTclose                      
0000201d  HOSTlseek                      
000022e9  HOSTopen                       
000023a5  HOSTread                       
00002085  HOSTrename                     
000026bd  HOSTunlink                     
000023fd  HOSTwrite                      
00000b43  HardFault_Handler              
00000b43  MemManage_Handler              
00000b43  NMI_Handler                    
00000b43  PCM_IRQHandler                 
00000b43  PORT1_IRQHandler               
00000b43  PORT2_IRQHandler               
00000b43  PORT3_IRQHandler               
00000b43  PORT4_IRQHandler               
00000b43  PORT5_IRQHandler               
00000b43  PORT6_IRQHandler               
00000b43  PSS_IRQHandler                 
00000b43  PendSV_Handler                 
00000b43  RTC_C_IRQHandler               
00002b8d  Reset_Handler                  
00000b43  SVC_Handler                    
00000b43  SysTick_Handler                
00001e49  SystemInit                     
00000b43  T32_INT1_IRQHandler            
00000b43  T32_INT2_IRQHandler            
00000b43  T32_INTC_IRQHandler            
00000b43  TA0_0_IRQHandler               
00000b43  TA0_N_IRQHandler               
00000b43  TA1_0_IRQHandler               
00000b43  TA1_N_IRQHandler               
00000b43  TA2_0_IRQHandler               
00000b43  TA2_N_IRQHandler               
00000b43  TA3_0_IRQHandler               
00000b43  TA3_N_IRQHandler               
00000b43  UsageFault_Handler             
4000480c  WDTCTL_SYM                     
00000b43  WDT_A_IRQHandler               
00002a91  WDT_A_holdTimer                
200009ec  __CIOBUF_                      
20010000  __STACK_END                    
00000200  __STACK_SIZE                   
00000800  __SYSMEM_SIZE                  
00002e70  __TI_CINIT_Base                
00002e80  __TI_CINIT_Limit               
00002e58  __TI_Handler_Table_Base        
00002e64  __TI_Handler_Table_Limit       
00002701  __TI_auto_init_nobinit_nopinit 
00002925  __TI_cleanup                   
200009c8  __TI_cleanup_ptr               
00001f39  __TI_closefile                 
000020ed  __TI_decompress_lzss           
00002b7f  __TI_decompress_none           
00002551  __TI_doflush                   
200009cc  __TI_dtors_ptr                 
200009d0  __TI_enable_exit_profile_output
200009b8  __TI_ft_end                    
ffffffff  __TI_pprof_out_hndl            
000000e5  __TI_printfi                   
ffffffff  __TI_prof_data_size            
ffffffff  __TI_prof_data_start           
00002959  __TI_readmsg                   
00000000  __TI_static_base__             
20000b0c  __TI_tmpnams                   
00002845  __TI_writemsg                  
00002285  __TI_wrt_ok                    
00002b5b  __TI_zero_init_nomemset        
00001cc1  __aeabi_cdcmpeq                
00001cc1  __aeabi_cdcmple                
00001d47  __aeabi_cdrcmple               
00002631  __aeabi_d2iz                   
00000f8f  __aeabi_dadd                   
00001279  __aeabi_ddiv                   
000016f9  __aeabi_dmul                   
00000f85  __aeabi_dsub                   
00002b99  __aeabi_errno_addr             
000029bd  __aeabi_i2d                    
000013af  __aeabi_idiv0                  
000013af  __aeabi_ldiv0                  
00001dcd  __aeabi_memclr                 
00001dcd  __aeabi_memclr4                
00001dcd  __aeabi_memclr8                
00001b01  __aeabi_memcpy                 
00001b01  __aeabi_memcpy4                
00001b01  __aeabi_memcpy8                
00001dcf  __aeabi_memset                 
00001dcf  __aeabi_memset4                
00001dcf  __aeabi_memset8                
200009c4  __aeabi_stderr                 
200009bc  __aeabi_stdin                  
200009c0  __aeabi_stdout                 
00001b9d  __aeabi_uldivmod               
ffffffff  __binit__                      
ffffffff  __c_args__                     
UNDEFED   __mpu_init                     
2000fe00  __stack                        
0000287d  _c_int00_noargs                
00002bb0  _ctypes_                       
200008f0  _device                        
20000800  _ftable                        
200009e0  _lock                          
0000113b  _nop                           
20000968  _stream                        
20000000  _sys_memory                    
UNDEFED   _system_post_cinit             
00002ba9  _system_pre_init               
200009e4  _unlock                        
00002bad  abort                          
0000259d  atoi                           
ffffffff  binit                          
00002349  close                          
00002b1f  copysign                       
00002b1f  copysignl                      
200009e8  errno                          
000025e9  exit                           
0000298d  finddevice                     
00001c35  fputc                          
000014d5  fputs                          
000018d1  free                           
000021bd  frexp                          
000021bd  frexpl                         
00002221  fseek                          
00002745  getdevice                      
00000000  interruptVectors               
000015e9  ldexp                          
000015e9  ldexpl                         
00002a19  lseek                          
000024ab  ltoa                           
00001a5d  main                           
00001ec1  malloc                         
00002ad5  memccpy                        
00002ab5  memchr                         
00001b01  memcpy                         
00001dd5  memset                         
000028b5  minit                          
20000bac  parmbuf                        
00002155  printf                         
00001c35  putc                           
000029ed  remove                         
000015e9  scalbn                         
000015e9  scalbnl                        
000017f5  setvbuf                        
00002b09  strchr                         
00002af1  strcmp                         
00002b33  strcpy                         
00002b47  strlen                         
000028ed  strncpy                        
000029ed  unlink                         
00002b6d  wcslen                         
00002a69  write                          


GLOBAL SYMBOLS: SORTED BY Symbol Address 

address   name                           
-------   ----                           
00000000  __TI_static_base__             
00000000  interruptVectors               
000000e5  __TI_printfi                   
00000200  __STACK_SIZE                   
00000800  __SYSMEM_SIZE                  
00000b43  ADC14_IRQHandler               
00000b43  AES256_IRQHandler              
00000b43  BusFault_Handler               
00000b43  COMP_E0_IRQHandler             
00000b43  COMP_E1_IRQHandler             
00000b43  CS_IRQHandler                  
00000b43  DMA_ERR_IRQHandler             
00000b43  DMA_INT0_IRQHandler            
00000b43  DMA_INT1_IRQHandler            
00000b43  DMA_INT2_IRQHandler            
00000b43  DMA_INT3_IRQHandler            
00000b43  DebugMon_Handler               
00000b43  Default_Handler                
00000b43  EUSCIA0_IRQHandler             
00000b43  EUSCIA1_IRQHandler             
00000b43  EUSCIA2_IRQHandler             
00000b43  EUSCIA3_IRQHandler             
00000b43  EUSCIB0_IRQHandler             
00000b43  EUSCIB1_IRQHandler             
00000b43  EUSCIB2_IRQHandler             
00000b43  EUSCIB3_IRQHandler             
00000b43  FLCTL_IRQHandler               
00000b43  FPU_IRQHandler                 
00000b43  HardFault_Handler              
00000b43  MemManage_Handler              
00000b43  NMI_Handler                    
00000b43  PCM_IRQHandler                 
00000b43  PORT1_IRQHandler               
00000b43  PORT2_IRQHandler               
00000b43  PORT3_IRQHandler               
00000b43  PORT4_IRQHandler               
00000b43  PORT5_IRQHandler               
00000b43  PORT6_IRQHandler               
00000b43  PSS_IRQHandler                 
00000b43  PendSV_Handler                 
00000b43  RTC_C_IRQHandler               
00000b43  SVC_Handler                    
00000b43  SysTick_Handler                
00000b43  T32_INT1_IRQHandler            
00000b43  T32_INT2_IRQHandler            
00000b43  T32_INTC_IRQHandler            
00000b43  TA0_0_IRQHandler               
00000b43  TA0_N_IRQHandler               
00000b43  TA1_0_IRQHandler               
00000b43  TA1_N_IRQHandler               
00000b43  TA2_0_IRQHandler               
00000b43  TA2_N_IRQHandler               
00000b43  TA3_0_IRQHandler               
00000b43  TA3_N_IRQHandler               
00000b43  UsageFault_Handler             
00000b43  WDT_A_IRQHandler               
00000f85  __aeabi_dsub                   
00000f8f  __aeabi_dadd                   
0000113b  _nop                           
00001279  __aeabi_ddiv                   
000013af  __aeabi_idiv0                  
000013af  __aeabi_ldiv0                  
000014d5  fputs                          
000015e9  ldexp                          
000015e9  ldexpl                         
000015e9  scalbn                         
000015e9  scalbnl                        
000016f9  __aeabi_dmul                   
000017f5  setvbuf                        
000018d1  free                           
00001a5d  main                           
00001b01  __aeabi_memcpy                 
00001b01  __aeabi_memcpy4                
00001b01  __aeabi_memcpy8                
00001b01  memcpy                         
00001b9d  __aeabi_uldivmod               
00001c35  fputc                          
00001c35  putc                           
00001cc1  __aeabi_cdcmpeq                
00001cc1  __aeabi_cdcmple                
00001d47  __aeabi_cdrcmple               
00001dcd  __aeabi_memclr                 
00001dcd  __aeabi_memclr4                
00001dcd  __aeabi_memclr8                
00001dcf  __aeabi_memset                 
00001dcf  __aeabi_memset4                
00001dcf  __aeabi_memset8                
00001dd5  memset                         
00001e49  SystemInit                     
00001ec1  malloc                         
00001f39  __TI_closefile                 
0000201d  HOSTlseek                      
00002085  HOSTrename                     
000020ed  __TI_decompress_lzss           
00002155  printf                         
000021bd  frexp                          
000021bd  frexpl                         
00002221  fseek                          
00002285  __TI_wrt_ok                    
000022e9  HOSTopen                       
00002349  close                          
000023a5  HOSTread                       
000023fd  HOSTwrite                      
000024ab  ltoa                           
00002551  __TI_doflush                   
0000259d  atoi                           
000025e9  exit                           
00002631  __aeabi_d2iz                   
00002679  HOSTclose                      
000026bd  HOSTunlink                     
00002701  __TI_auto_init_nobinit_nopinit 
00002745  getdevice                      
00002789  GPIO_setAsOutputPin            
00002845  __TI_writemsg                  
00002873  C$$IO$$                        
0000287d  _c_int00_noargs                
000028b5  minit                          
000028ed  strncpy                        
00002925  __TI_cleanup                   
00002959  __TI_readmsg                   
0000298d  finddevice                     
000029bd  __aeabi_i2d                    
000029ed  remove                         
000029ed  unlink                         
00002a19  lseek                          
00002a69  write                          
00002a91  WDT_A_holdTimer                
00002ab5  memchr                         
00002ad5  memccpy                        
00002af1  strcmp                         
00002b09  strchr                         
00002b1f  copysign                       
00002b1f  copysignl                      
00002b33  strcpy                         
00002b47  strlen                         
00002b5b  __TI_zero_init_nomemset        
00002b6d  wcslen                         
00002b7f  __TI_decompress_none           
00002b8d  Reset_Handler                  
00002b99  __aeabi_errno_addr             
00002ba9  _system_pre_init               
00002bad  C$$EXIT                        
00002bad  abort                          
00002bb0  _ctypes_                       
00002e58  __TI_Handler_Table_Base        
00002e64  __TI_Handler_Table_Limit       
00002e70  __TI_CINIT_Base                
00002e80  __TI_CINIT_Limit               
20000000  _sys_memory                    
20000800  _ftable                        
200008f0  _device                        
20000968  _stream                        
200009b8  __TI_ft_end                    
200009bc  __aeabi_stdin                  
200009c0  __aeabi_stdout                 
200009c4  __aeabi_stderr                 
200009c8  __TI_cleanup_ptr               
200009cc  __TI_dtors_ptr                 
200009d0  __TI_enable_exit_profile_output
200009e0  _lock                          
200009e4  _unlock                        
200009e8  errno                          
200009ec  __CIOBUF_                      
20000b0c  __TI_tmpnams                   
20000bac  parmbuf                        
2000fe00  __stack                        
20010000  __STACK_END                    
4000480c  WDTCTL_SYM                     
ffffffff  __TI_pprof_out_hndl            
ffffffff  __TI_prof_data_size            
ffffffff  __TI_prof_data_start           
ffffffff  __binit__                      
ffffffff  __c_args__                     
ffffffff  binit                          
UNDEFED   __mpu_init                     
UNDEFED   _system_post_cinit             

[176 symbols]
