******************************************************************************
                  TI ARM Linker PC v18.1.4                     
******************************************************************************
>> Linked Wed Feb 27 15:29:24 2019

OUTPUT FILE NAME:   <ADC_PWM_Lab3.out>
ENTRY POINT SYMBOL: "_c_int00_noargs"  address: 000038dd


MEMORY CONFIGURATION

         name            origin    length      used     unused   attr    fill
----------------------  --------  ---------  --------  --------  ----  --------
  MAIN                  00000000   00040000  000041d0  0003be30  R  X
  INFO                  00200000   00004000  00000000  00004000  R  X
  SRAM_CODE             01000000   00010000  00000e36  0000f1ca  RW X
  SRAM_DATA             20000000   00010000  00000e36  0000f1ca  RW  


SEGMENT ALLOCATION MAP

run origin  load origin   length   init length attrs members
----------  ----------- ---------- ----------- ----- -------
00000000    00000000    000041d0   000041d0    r-x
  00000000    00000000    000000e4   000000e4    r-- .intvecs
  000000e4    000000e4    00003e30   00003e30    r-x .text
  00003f14    00003f14    000001bc   000001bc    r-- .const
  000040d0    000040d0    00000100   00000100    r-- .cinit
20000000    20000000    00000c36   00000000    rw-
  20000000    20000000    00000800   00000000    rw- .sysmem
  20000800    20000800    0000025c   00000000    rw- .data
  20000a5c    20000a5c    000001da   00000000    rw- .bss
2000fe00    2000fe00    00000200   00000000    rw-
  2000fe00    2000fe00    00000200   00000000    rw- .stack


SECTION ALLOCATION MAP

 output                                  attributes/
section   page    origin      length       input sections
--------  ----  ----------  ----------   ----------------
.intvecs   0    00000000    000000e4     
                  00000000    000000e4     startup_msp432p401r_ccs.obj (.intvecs:retain)

.text      0    000000e4    00003e30     
                  000000e4    00000a5e     rtsv7M4_T_le_v4SPD16_eabi.lib : _printfi.c.obj (.text:__TI_printfi)
                  00000b42    0000028a     msp432p4xx_driverlib.lib : pcm.o (.text:__PCM_setPowerStateAdvanced)
                  00000dcc    00000270     rtsv7M4_T_le_v4SPD16_eabi.lib : _printfi.c.obj (.text:_pconv_a)
                  0000103c    000001e0     main.obj (.text:main)
                  0000121c    000001d0     rtsv7M4_T_le_v4SPD16_eabi.lib : _printfi.c.obj (.text:_pconv_g)
                  000013ec    000001b6                                   : fd_add_t2.asm.obj (.text)
                  000015a2    00000002     startup_msp432p401r_ccs.obj (.text:Default_Handler)
                  000015a4    00000160     msp432p4xx_driverlib.lib : adc14.o (.text:_getIndexForMemRegister)
                  00001704    0000015c                              : pcm.o (.text:__PCM_setPowerModeAdvanced)
                  00001860    00000144                              : timer_a.o (.text:privateTimer_AProcessClockSourceDivider)
                  000019a4    0000013c     rtsv7M4_T_le_v4SPD16_eabi.lib : _printfi.c.obj (.text:_pconv_e)
                  00001ae0    00000136                                   : fd_div_t2.asm.obj (.text)
                  00001c16    00000002                                   : _lock.c.obj (.text:_nop)
                  00001c18    00000124                                   : _printfi.c.obj (.text:fcvt)
                  00001d3c    00000114                                   : fputs.c.obj (.text:fputs)
                  00001e50    00000110                                   : s_scalbn.c.obj (.text:scalbn)
                  00001f60    00000108     msp432p4xx_driverlib.lib : pcm.o (.text:__PCM_setCoreVoltageLevelAdvanced)
                  00002068    000000fc     rtsv7M4_T_le_v4SPD16_eabi.lib : fd_mul_t2.asm.obj (.text)
                  00002164    000000f4     main.obj (.text:ADC14_IRQHandler)
                  00002258    000000dc     rtsv7M4_T_le_v4SPD16_eabi.lib : setvbuf.c.obj (.text:setvbuf)
                  00002334    000000d8                                   : memory.c.obj (.text:free)
                  0000240c    000000c8     main.obj (.text:linear_interpolation)
                  000024d4    000000b1     rtsv7M4_T_le_v4SPD16_eabi.lib : _printfi.c.obj (.text:_ltostr)
                  00002585    00000001     --HOLE-- [fill = 0]
                  00002586    00000002                                   : div0.asm.obj (.text)
                  00002588    000000a4     msp432p4xx_driverlib.lib : adc14.o (.text:ADC14_configureConversionMemory)
                  0000262c    0000009c     rtsv7M4_T_le_v4SPD16_eabi.lib : memcpy_t2.asm.obj (.text)
                  000026c8    00000096                                   : ull_div_t2.asm.obj (.text)
                  0000275e    00000002     --HOLE-- [fill = 0]
                  00002760    0000008c                                   : fputc.c.obj (.text:fputc)
                  000027ec    00000088     msp432p4xx_driverlib.lib : gpio.o (.text:GPIO_setAsPeripheralModuleFunctionInputPin)
                  00002874    00000088                              : gpio.o (.text:GPIO_setAsPeripheralModuleFunctionOutputPin)
                  000028fc    00000086     rtsv7M4_T_le_v4SPD16_eabi.lib : fd_cmp_t2.asm.obj (.text:__aeabi_cdcmple)
                  00002982    00000086                                   : fd_cmp_t2.asm.obj (.text:__aeabi_cdrcmple)
                  00002a08    00000084     msp432p4xx_driverlib.lib : pcm.o (.text:PCM_gotoLPM3)
                  00002a8c    00000080                              : interrupt.o (.text:Interrupt_enableInterrupt)
                  00002b0c    0000007a     rtsv7M4_T_le_v4SPD16_eabi.lib : memset_t2.asm.obj (.text)
                  00002b86    00000002     --HOLE-- [fill = 0]
                  00002b88    00000078     system_msp432p401r.obj (.text:SystemInit)
                  00002c00    00000078     rtsv7M4_T_le_v4SPD16_eabi.lib : memory.c.obj (.text:malloc)
                  00002c78    00000074     msp432p4xx_driverlib.lib : timer_a.o (.text:Timer_A_generatePWM)
                  00002cec    00000074     rtsv7M4_T_le_v4SPD16_eabi.lib : fclose.c.obj (.text:__TI_closefile)
                  00002d60    0000006e                                   : _printfi.c.obj (.text:_mcpy)
                  00002dce    0000006e                                   : fd_tos_t2.asm.obj (.text)
                  00002e3c    00000068                                   : hostlseek.c.obj (.text:HOSTlseek)
                  00002ea4    00000068                                   : hostrename.c.obj (.text:HOSTrename)
                  00002f0c    00000068                                   : copy_decompress_lzss.c.obj (.text:decompress:lzss:__TI_decompress_lzss)
                  00002f74    00000068                                   : printf.c.obj (.text:printf)
                  00002fdc    00000064                                   : s_frexp.c.obj (.text:frexp)
                  00003040    00000064                                   : fseek.c.obj (.text:fseek)
                  000030a4    00000062                                   : _io_perm.c.obj (.text:__TI_wrt_ok)
                  00003106    00000002     --HOLE-- [fill = 0]
                  00003108    00000060                                   : hostopen.c.obj (.text:HOSTopen)
                  00003168    0000005e     msp432p4xx_driverlib.lib : pcm.o (.text:PCM_getCoreVoltageLevel)
                  000031c6    00000002     --HOLE-- [fill = 0]
                  000031c8    0000005c     rtsv7M4_T_le_v4SPD16_eabi.lib : close.c.obj (.text:close)
                  00003224    0000005a     msp432p4xx_driverlib.lib : pcm.o (.text:PCM_getPowerMode)
                  0000327e    00000002     --HOLE-- [fill = 0]
                  00003280    00000058                              : adc14.o (.text:ADC14_configureSingleSampleMode)
                  000032d8    00000058     rtsv7M4_T_le_v4SPD16_eabi.lib : hostread.c.obj (.text:HOSTread)
                  00003330    00000058                                   : hostwrite.c.obj (.text:HOSTwrite)
                  00003388    00000056                                   : _printfi.c.obj (.text:_pconv_f)
                  000033de    00000002     --HOLE-- [fill = 0]
                  000033e0    00000054     msp432p4xx_driverlib.lib : adc14.o (.text:ADC14_initModule)
                  00003434    00000054                              : pcm.o (.text:PCM_shutdownDevice)
                  00003488    00000054     rtsv7M4_T_le_v4SPD16_eabi.lib : ltoa.c.obj (.text:ltoa)
                  000034dc    00000052                                   : _printfi.c.obj (.text:_ecpy)
                  0000352e    0000004c                                   : fflush.c.obj (.text:__TI_doflush)
                  0000357a    00000002     --HOLE-- [fill = 0]
                  0000357c    0000004c                                   : atoi.c.obj (.text:atoi)
                  000035c8    00000048     msp432p4xx_driverlib.lib : flash.o (.text:FlashCtl_setWaitState)
                  00003610    00000048     rtsv7M4_T_le_v4SPD16_eabi.lib : exit.c.obj (.text:exit)
                  00003658    00000048                                   : fd_toi_t2.asm.obj (.text)
                  000036a0    00000044                                   : hostclose.c.obj (.text:HOSTclose)
                  000036e4    00000044                                   : hostunlink.c.obj (.text:HOSTunlink)
                  00003728    00000044                                   : autoinit.c.obj (.text:__TI_auto_init_nobinit_nopinit:__TI_auto_init_nobinit_nopinit)
                  0000376c    00000044                                   : getdevice.c.obj (.text:getdevice)
                  000037b0    00000040     msp432p4xx_driverlib.lib : gpio.o (.text:GPIO_setAsOutputPin)
                  000037f0    0000003e     rtsv7M4_T_le_v4SPD16_eabi.lib : _printfi.c.obj (.text:_fcpy)
                  0000382e    00000002     --HOLE-- [fill = 0]
                  00003830    0000003c                                   : memory.c.obj (.text:minsert)
                  0000386c    00000038     msp432p4xx_driverlib.lib : adc14.o (.text:ADC14_getEnabledInterruptStatus)
                  000038a4    00000038     rtsv7M4_T_le_v4SPD16_eabi.lib : trgmsg.c.obj (.text:__TI_writemsg)
                  000038dc    00000038                                   : boot_cortex_m.c.obj (.text:_c_int00_noargs:_c_int00_noargs)
                  00003914    00000038                                   : memory.c.obj (.text:minit)
                  0000394c    00000038                                   : fs_tod_t2.asm.obj (.text)
                  00003984    00000036                                   : strncpy.c.obj (.text:strncpy)
                  000039ba    00000002     --HOLE-- [fill = 0]
                  000039bc    00000034     msp432p4xx_driverlib.lib : adc14.o (.text:ADC14_enableSampleTimer)
                  000039f0    00000034                              : cs.o (.text:CS_setDCOCenteredFrequency)
                  00003a24    00000034     rtsv7M4_T_le_v4SPD16_eabi.lib : fopen.c.obj (.text:__TI_cleanup)
                  00003a58    00000034                                   : trgmsg.c.obj (.text:__TI_readmsg)
                  00003a8c    00000030     msp432p4xx_driverlib.lib : adc14.o (.text:ADC14_clearInterruptFlag)
                  00003abc    00000030                              : adc14.o (.text:ADC14_enableInterrupt)
                  00003aec    00000030     rtsv7M4_T_le_v4SPD16_eabi.lib : getdevice.c.obj (.text:finddevice)
                  00003b1c    0000002e                                   : i_tofd_t2.asm.obj (.text)
                  00003b4a    00000002     --HOLE-- [fill = 0]
                  00003b4c    0000002c     msp432p4xx_driverlib.lib : adc14.o (.text:ADC14_getInterruptStatus)
                  00003b78    0000002c                              : adc14.o (.text:ADC14_toggleConversionTrigger)
                  00003ba4    0000002c                              : rtc_c.o (.text:RTC_C_holdClock)
                  00003bd0    0000002c     rtsv7M4_T_le_v4SPD16_eabi.lib : unlink.c.obj (.text:unlink)
                  00003bfc    00000028     msp432p4xx_driverlib.lib : adc14.o (.text:ADC14_enableConversion)
                  00003c24    00000028                              : gpio.o (.text:GPIO_setOutputLowOnPin)
                  00003c4c    00000028                              : pcm.o (.text:PCM_gotoLPM0)
                  00003c74    00000028     rtsv7M4_T_le_v4SPD16_eabi.lib : lseek.c.obj (.text:lseek)
                  00003c9c    00000028                                   : memory.c.obj (.text:mremove)
                  00003cc4    00000028                                   : write.c.obj (.text:write)
                  00003cec    00000024     msp432p4xx_driverlib.lib : wdt_a.o (.text:WDT_A_holdTimer)
                  00003d10    00000020     rtsv7M4_T_le_v4SPD16_eabi.lib : memchr.c.obj (.text:memchr)
                  00003d30    00000020                                   : u_tofd_t2.asm.obj (.text)
                  00003d50    0000001e     main.obj (.text:initPWM)
                  00003d6e    00000002     --HOLE-- [fill = 0]
                  00003d70    0000001c     msp432p4xx_driverlib.lib : adc14.o (.text:ADC14_getResult)
                  00003d8c    0000001c     rtsv7M4_T_le_v4SPD16_eabi.lib : memccpy.c.obj (.text:memccpy)
                  00003da8    00000018     msp432p4xx_driverlib.lib : fpu.o (.text:FPU_enableModule)
                  00003dc0    00000018     rtsv7M4_T_le_v4SPD16_eabi.lib : strcmp.c.obj (.text:strcmp)
                  00003dd8    00000016                                   : strchr.c.obj (.text:strchr)
                  00003dee    00000002     --HOLE-- [fill = 0]
                  00003df0    00000014     msp432p4xx_driverlib.lib : pcm.o (.text:PCM_getPowerState)
                  00003e04    00000014     rtsv7M4_T_le_v4SPD16_eabi.lib : s_copysign.c.obj (.text:copysign)
                  00003e18    00000014                                   : strcpy.c.obj (.text:strcpy)
                  00003e2c    00000014                                   : strlen.c.obj (.text:strlen)
                  00003e40    00000012                                   : copy_zero_init.c.obj (.text:decompress:ZI:__TI_zero_init_nomemset:__TI_zero_init_nomemset)
                  00003e52    00000012                                   : wcslen.c.obj (.text:wcslen)
                  00003e64    00000010     msp432p4xx_driverlib.lib : adc14.o (.text:ADCIsConversionRunning)
                  00003e74    00000010                              : fpu.o (.text:FPU_enableLazyStacking)
                  00003e84    00000010                              : interrupt.o (.text:Interrupt_enableMaster)
                  00003e94    00000010                              : pcm.o (.text:PCM_gotoLPM4)
                  00003ea4    00000010                              : pcm.o (.text:PCM_setPowerMode)
                  00003eb4    00000010                              : pcm.o (.text:PCM_setPowerState)
                  00003ec4    0000000e     rtsv7M4_T_le_v4SPD16_eabi.lib : copy_decompress_none.c.obj (.text:decompress:none:__TI_decompress_none)
                  00003ed2    00000002     --HOLE-- [fill = 0]
                  00003ed4    0000000c     msp432p4xx_driverlib.lib : adc14.o (.text:ADC14_enableModule)
                  00003ee0    0000000c                              : cpu.o (.text:CPU_cpsie)
                  00003eec    0000000c     startup_msp432p401r_ccs.obj (.text:Reset_Handler)
                  00003ef8    00000008     rtsv7M4_T_le_v4SPD16_eabi.lib : errno.c.obj (.text:__aeabi_errno_addr)
                  00003f00    00000004     msp432p4xx_driverlib.lib : cpu.o (.text:CPU_wfi)
                  00003f04    00000004     rtsv7M4_T_le_v4SPD16_eabi.lib : printf.c.obj (.text:_outc)
                  00003f08    00000004                                   : printf.c.obj (.text:_outs)
                  00003f0c    00000004                                   : pre_init.c.obj (.text:_system_pre_init)
                  00003f10    00000004                                   : exit.c.obj (.text:abort:abort)

.const     0    00003f14    000001bc     
                  00003f14    00000101     rtsv7M4_T_le_v4SPD16_eabi.lib : ctype.c.obj (.const:.string:_ctypes_)
                  00004015    00000003     --HOLE-- [fill = 0]
                  00004018    00000080     msp432p4xx_driverlib.lib : adc14.o (.const:_ctlRegs)
                  00004098    00000030                              : gpio.o (.const:GPIO_PORT_TO_BASE)
                  000040c8    00000008                              : interrupt.o (.const:g_pulEnRegs)

.cinit     0    000040d0    00000100     
                  000040d0    000000d8     (.cinit..data.load) [load image, compression = lzss]
                  000041a8    0000000c     (__TI_handler_table)
                  000041b4    00000004     --HOLE-- [fill = 0]
                  000041b8    00000008     (.cinit..bss.load) [load image, compression = zero_init]
                  000041c0    00000010     (__TI_cinit_table)

.init_array 
*          0    00000000    00000000     UNINITIALIZED

.binit     0    00000000    00000000     

.sysmem    0    20000000    00000800     UNINITIALIZED
                  20000000    00000008     rtsv7M4_T_le_v4SPD16_eabi.lib : memory.c.obj (.sysmem)
                  20000008    000007f8     --HOLE--

.data      0    20000800    0000025c     UNINITIALIZED
                  20000800    000000f0     rtsv7M4_T_le_v4SPD16_eabi.lib : defs.c.obj (.data:_ftable)
                  200008f0    00000078                                   : write.c.obj (.data:_device)
                  20000968    00000058     main.obj (.data:NTCtable)
                  200009c0    00000050     rtsv7M4_T_le_v4SPD16_eabi.lib : write.c.obj (.data:_stream)
                  20000a10    00000018     main.obj (.data:pwmConfig_load)
                  20000a28    00000010     rtsv7M4_T_le_v4SPD16_eabi.lib : defs.c.obj (.data)
                  20000a38    0000000c                                   : exit.c.obj (.data:$O1$$)
                  20000a44    0000000c                                   : memory.c.obj (.data:$O1$$)
                  20000a50    00000008                                   : _lock.c.obj (.data:$O1$$)
                  20000a58    00000004                                   : errno.c.obj (.data)

.bss       0    20000a5c    000001da     UNINITIALIZED
                  20000a5c    00000120     rtsv7M4_T_le_v4SPD16_eabi.lib : trgmsg.c.obj (.bss:_CIOBUF_)
                  20000b7c    000000a0     (.common:__TI_tmpnams)
                  20000c1c    00000008     (.common:parmbuf)
                  20000c24    00000004     (.common:resistance)
                  20000c28    00000004     (.common:tempC)
                  20000c2c    00000004     (.common:tempF)
                  20000c30    00000004     (.common:voltage)
                  20000c34    00000002     main.obj (.bss)

.stack     0    2000fe00    00000200     UNINITIALIZED
                  2000fe00    00000004     rtsv7M4_T_le_v4SPD16_eabi.lib : boot_cortex_m.c.obj (.stack)
                  2000fe04    000001fc     --HOLE--

MODULE SUMMARY

       Module                        code    ro data   rw data
       ------                        ----    -------   -------
    .\
       main.obj                      954     0         260    
       system_msp432p401r.obj        120     0         0      
    +--+-----------------------------+-------+---------+---------+
       Total:                        1074    0         260    
                                                              
    .\ccs\
       startup_msp432p401r_ccs.obj   14      228       0      
    +--+-----------------------------+-------+---------+---------+
       Total:                        14      228       0      
                                                              
    C:/ti/simplelink_msp432p4_sdk_2_30_00_14/source/ti/devices/msp432p4xx/driverlib/ccs/msp432p4xx_driverlib.lib
       pcm.o                         1770    0         0      
       adc14.o                       1076    128       0      
       timer_a.o                     440     0         0      
       gpio.o                        376     48        0      
       interrupt.o                   144     8         0      
       flash.o                       72      0         0      
       cs.o                          52      0         0      
       rtc_c.o                       44      0         0      
       fpu.o                         40      0         0      
       wdt_a.o                       36      0         0      
       cpu.o                         16      0         0      
    +--+-----------------------------+-------+---------+---------+
       Total:                        4066    184       0      
                                                              
    C:\ti\ccs830\ccsv8\tools\compiler\ti-cgt-arm_18.1.4.LTS\lib\rtsv7M4_T_le_v4SPD16_eabi.lib
       _printfi.c.obj                4867    0         0      
       defs.c.obj                    0       0         832    
       trgmsg.c.obj                  108     0         576    
       memory.c.obj                  492     0         24     
       write.c.obj                   40      0         400    
       fd_add_t2.asm.obj             438     0         0      
       fd_div_t2.asm.obj             310     0         0      
       fputs.c.obj                   276     0         0      
       s_scalbn.c.obj                272     0         0      
       fd_cmp_t2.asm.obj             268     0         0      
       ctype.c.obj                   0       257       0      
       fd_mul_t2.asm.obj             252     0         0      
       setvbuf.c.obj                 220     0         0      
       memcpy_t2.asm.obj             156     0         0      
       ull_div_t2.asm.obj            150     0         0      
       fputc.c.obj                   140     0         0      
       memset_t2.asm.obj             122     0         0      
       fclose.c.obj                  116     0         0      
       getdevice.c.obj               116     0         0      
       hostopen.c.obj                96      0         16     
       printf.c.obj                  112     0         0      
       fd_tos_t2.asm.obj             110     0         0      
       copy_decompress_lzss.c.obj    104     0         0      
       hostlseek.c.obj               104     0         0      
       hostrename.c.obj              104     0         0      
       exit.c.obj                    76      0         24     
       fseek.c.obj                   100     0         0      
       s_frexp.c.obj                 100     0         0      
       _io_perm.c.obj                98      0         0      
       close.c.obj                   92      0         0      
       hostread.c.obj                88      0         0      
       hostwrite.c.obj               88      0         0      
       ltoa.c.obj                    84      0         0      
       atoi.c.obj                    76      0         0      
       fflush.c.obj                  76      0         0      
       fd_toi_t2.asm.obj             72      0         0      
       autoinit.c.obj                68      0         0      
       hostclose.c.obj               68      0         0      
       hostunlink.c.obj              68      0         0      
       boot_cortex_m.c.obj           56      0         0      
       fs_tod_t2.asm.obj             56      0         0      
       strncpy.c.obj                 54      0         0      
       fopen.c.obj                   52      0         0      
       i_tofd_t2.asm.obj             46      0         0      
       unlink.c.obj                  44      0         0      
       lseek.c.obj                   40      0         0      
       memchr.c.obj                  32      0         0      
       u_tofd_t2.asm.obj             32      0         0      
       memccpy.c.obj                 28      0         0      
       strcmp.c.obj                  24      0         0      
       strchr.c.obj                  22      0         0      
       s_copysign.c.obj              20      0         0      
       strcpy.c.obj                  20      0         0      
       strlen.c.obj                  20      0         0      
       _lock.c.obj                   2       0         16     
       copy_zero_init.c.obj          18      0         0      
       wcslen.c.obj                  18      0         0      
       errno.c.obj                   8       0         8      
       copy_decompress_none.c.obj    14      0         0      
       pre_init.c.obj                4       0         0      
       div0.asm.obj                  2       0         0      
    +--+-----------------------------+-------+---------+---------+
       Total:                        10739   257       1896   
                                                              
       Heap:                         0       0         4096   
       Stack:                        0       0         1024   
       Linker Generated:             0       252       0      
    +--+-----------------------------+-------+---------+---------+
       Grand Total:                  15893   921       7276   


LINKER GENERATED COPY TABLES

__TI_cinit_table @ 000041c0 records: 2, size/record: 8, table size: 16
	.data: load addr=000040d0, load size=000000d8 bytes, run addr=20000800, run size=0000025c bytes, compression=lzss
	.bss: load addr=000041b8, load size=00000008 bytes, run addr=20000a5c, run size=000001da bytes, compression=zero_init


LINKER GENERATED HANDLER TABLE

__TI_handler_table @ 000041a8 records: 3, size/record: 4, table size: 12
	index: 0, handler: __TI_decompress_lzss
	index: 1, handler: __TI_decompress_none
	index: 2, handler: __TI_zero_init


GLOBAL SYMBOLS: SORTED ALPHABETICALLY BY Name 

address   name                                       
-------   ----                                       
00002165  ADC14_IRQHandler                           
00002165  ADC14_IRQHandler                           
00003a8d  ADC14_clearInterruptFlag                   
00002589  ADC14_configureConversionMemory            
00003281  ADC14_configureSingleSampleMode            
00003bfd  ADC14_enableConversion                     
00003abd  ADC14_enableInterrupt                      
00003ed5  ADC14_enableModule                         
000039bd  ADC14_enableSampleTimer                    
0000386d  ADC14_getEnabledInterruptStatus            
00003b4d  ADC14_getInterruptStatus                   
00003d71  ADC14_getResult                            
000033e1  ADC14_initModule                           
00003b79  ADC14_toggleConversionTrigger              
000015a3  AES256_IRQHandler                          
000015a3  BusFault_Handler                           
00003f11  C$$EXIT                                    
000038d3  C$$IO$$                                    
000015a3  COMP_E0_IRQHandler                         
000015a3  COMP_E1_IRQHandler                         
00003ee1  CPU_cpsie                                  
00003f01  CPU_wfi                                    
000015a3  CS_IRQHandler                              
000039f1  CS_setDCOCenteredFrequency                 
000015a3  DMA_ERR_IRQHandler                         
000015a3  DMA_INT0_IRQHandler                        
000015a3  DMA_INT1_IRQHandler                        
000015a3  DMA_INT2_IRQHandler                        
000015a3  DMA_INT3_IRQHandler                        
000015a3  DebugMon_Handler                           
000015a3  Default_Handler                            
000015a3  EUSCIA0_IRQHandler                         
000015a3  EUSCIA1_IRQHandler                         
000015a3  EUSCIA2_IRQHandler                         
000015a3  EUSCIA3_IRQHandler                         
000015a3  EUSCIB0_IRQHandler                         
000015a3  EUSCIB1_IRQHandler                         
000015a3  EUSCIB2_IRQHandler                         
000015a3  EUSCIB3_IRQHandler                         
000015a3  FLCTL_IRQHandler                           
000015a3  FPU_IRQHandler                             
00003e75  FPU_enableLazyStacking                     
00003da9  FPU_enableModule                           
000035c9  FlashCtl_setWaitState                      
000037b1  GPIO_setAsOutputPin                        
000027ed  GPIO_setAsPeripheralModuleFunctionInputPin 
00002875  GPIO_setAsPeripheralModuleFunctionOutputPin
00003c25  GPIO_setOutputLowOnPin                     
000036a1  HOSTclose                                  
00002e3d  HOSTlseek                                  
00003109  HOSTopen                                   
000032d9  HOSTread                                   
00002ea5  HOSTrename                                 
000036e5  HOSTunlink                                 
00003331  HOSTwrite                                  
000015a3  HardFault_Handler                          
00002a8d  Interrupt_enableInterrupt                  
00003e85  Interrupt_enableMaster                     
000015a3  MemManage_Handler                          
000015a3  NMI_Handler                                
20000968  NTCtable                                   
000015a3  PCM_IRQHandler                             
00003169  PCM_getCoreVoltageLevel                    
00003225  PCM_getPowerMode                           
00003df1  PCM_getPowerState                          
00003c4d  PCM_gotoLPM0                               
00002a09  PCM_gotoLPM3                               
00003e95  PCM_gotoLPM4                               
00003ea5  PCM_setPowerMode                           
00003eb5  PCM_setPowerState                          
00003435  PCM_shutdownDevice                         
000015a3  PORT1_IRQHandler                           
000015a3  PORT2_IRQHandler                           
000015a3  PORT3_IRQHandler                           
000015a3  PORT4_IRQHandler                           
000015a3  PORT5_IRQHandler                           
000015a3  PORT6_IRQHandler                           
000015a3  PSS_IRQHandler                             
000015a3  PendSV_Handler                             
000015a3  RTC_C_IRQHandler                           
00003ba5  RTC_C_holdClock                            
00003eed  Reset_Handler                              
000015a3  SVC_Handler                                
000015a3  SysTick_Handler                            
00002b89  SystemInit                                 
000015a3  T32_INT1_IRQHandler                        
000015a3  T32_INT2_IRQHandler                        
000015a3  T32_INTC_IRQHandler                        
000015a3  TA0_0_IRQHandler                           
000015a3  TA0_N_IRQHandler                           
000015a3  TA1_0_IRQHandler                           
000015a3  TA1_N_IRQHandler                           
000015a3  TA2_0_IRQHandler                           
000015a3  TA2_N_IRQHandler                           
000015a3  TA3_0_IRQHandler                           
000015a3  TA3_N_IRQHandler                           
00002c79  Timer_A_generatePWM                        
000015a3  UsageFault_Handler                         
4000480c  WDTCTL_SYM                                 
000015a3  WDT_A_IRQHandler                           
00003ced  WDT_A_holdTimer                            
20000a5c  __CIOBUF_                                  
20010000  __STACK_END                                
00000200  __STACK_SIZE                               
00000800  __SYSMEM_SIZE                              
000041c0  __TI_CINIT_Base                            
000041d0  __TI_CINIT_Limit                           
000041a8  __TI_Handler_Table_Base                    
000041b4  __TI_Handler_Table_Limit                   
00003729  __TI_auto_init_nobinit_nopinit             
00003a25  __TI_cleanup                               
20000a38  __TI_cleanup_ptr                           
00002ced  __TI_closefile                             
00002f0d  __TI_decompress_lzss                       
00003ec5  __TI_decompress_none                       
0000352f  __TI_doflush                               
20000a3c  __TI_dtors_ptr                             
20000a40  __TI_enable_exit_profile_output            
20000a28  __TI_ft_end                                
ffffffff  __TI_pprof_out_hndl                        
000000e5  __TI_printfi                               
ffffffff  __TI_prof_data_size                        
ffffffff  __TI_prof_data_start                       
00003a59  __TI_readmsg                               
00000000  __TI_static_base__                         
20000b7c  __TI_tmpnams                               
000038a5  __TI_writemsg                              
000030a5  __TI_wrt_ok                                
00003e41  __TI_zero_init_nomemset                    
000028fd  __aeabi_cdcmpeq                            
000028fd  __aeabi_cdcmple                            
00002983  __aeabi_cdrcmple                           
00002dcf  __aeabi_d2f                                
00003659  __aeabi_d2iz                               
000013f7  __aeabi_dadd                               
00001ae1  __aeabi_ddiv                               
00002069  __aeabi_dmul                               
000013ed  __aeabi_dsub                               
00003ef9  __aeabi_errno_addr                         
0000394d  __aeabi_f2d                                
00003b1d  __aeabi_i2d                                
00002587  __aeabi_idiv0                              
00002587  __aeabi_ldiv0                              
00002b0d  __aeabi_memclr                             
00002b0d  __aeabi_memclr4                            
00002b0d  __aeabi_memclr8                            
0000262d  __aeabi_memcpy                             
0000262d  __aeabi_memcpy4                            
0000262d  __aeabi_memcpy8                            
00002b0f  __aeabi_memset                             
00002b0f  __aeabi_memset4                            
00002b0f  __aeabi_memset8                            
20000a34  __aeabi_stderr                             
20000a2c  __aeabi_stdin                              
20000a30  __aeabi_stdout                             
00003d31  __aeabi_ui2d                               
000026c9  __aeabi_uldivmod                           
ffffffff  __binit__                                  
ffffffff  __c_args__                                 
UNDEFED   __mpu_init                                 
2000fe00  __stack                                    
000038dd  _c_int00_noargs                            
00003f14  _ctypes_                                   
200008f0  _device                                    
20000800  _ftable                                    
20000a50  _lock                                      
00001c17  _nop                                       
200009c0  _stream                                    
20000000  _sys_memory                                
UNDEFED   _system_post_cinit                         
00003f0d  _system_pre_init                           
20000a54  _unlock                                    
00003f11  abort                                      
0000357d  atoi                                       
ffffffff  binit                                      
000031c9  close                                      
00003e05  copysign                                   
00003e05  copysignl                                  
20000a58  errno                                      
00003611  exit                                       
00003aed  finddevice                                 
00002761  fputc                                      
00001d3d  fputs                                      
00002335  free                                       
00002fdd  frexp                                      
00002fdd  frexpl                                     
00003041  fseek                                      
0000376d  getdevice                                  
00003d51  initPWM                                    
00000000  interruptVectors                           
00001e51  ldexp                                      
00001e51  ldexpl                                     
0000240d  linear_interpolation                       
00003c75  lseek                                      
00003489  ltoa                                       
0000103d  main                                       
00002c01  malloc                                     
00003d8d  memccpy                                    
00003d11  memchr                                     
0000262d  memcpy                                     
00002b15  memset                                     
00003915  minit                                      
20000c1c  parmbuf                                    
00002f75  printf                                     
00002761  putc                                       
20000a10  pwmConfig_load                             
00003bd1  remove                                     
20000c24  resistance                                 
00001e51  scalbn                                     
00001e51  scalbnl                                    
00002259  setvbuf                                    
00003dd9  strchr                                     
00003dc1  strcmp                                     
00003e19  strcpy                                     
00003e2d  strlen                                     
00003985  strncpy                                    
20000c28  tempC                                      
20000c2c  tempF                                      
00003bd1  unlink                                     
20000c30  voltage                                    
00003e53  wcslen                                     
00003cc5  write                                      


GLOBAL SYMBOLS: SORTED BY Symbol Address 

address   name                                       
-------   ----                                       
00000000  __TI_static_base__                         
00000000  interruptVectors                           
000000e5  __TI_printfi                               
00000200  __STACK_SIZE                               
00000800  __SYSMEM_SIZE                              
0000103d  main                                       
000013ed  __aeabi_dsub                               
000013f7  __aeabi_dadd                               
000015a3  AES256_IRQHandler                          
000015a3  BusFault_Handler                           
000015a3  COMP_E0_IRQHandler                         
000015a3  COMP_E1_IRQHandler                         
000015a3  CS_IRQHandler                              
000015a3  DMA_ERR_IRQHandler                         
000015a3  DMA_INT0_IRQHandler                        
000015a3  DMA_INT1_IRQHandler                        
000015a3  DMA_INT2_IRQHandler                        
000015a3  DMA_INT3_IRQHandler                        
000015a3  DebugMon_Handler                           
000015a3  Default_Handler                            
000015a3  EUSCIA0_IRQHandler                         
000015a3  EUSCIA1_IRQHandler                         
000015a3  EUSCIA2_IRQHandler                         
000015a3  EUSCIA3_IRQHandler                         
000015a3  EUSCIB0_IRQHandler                         
000015a3  EUSCIB1_IRQHandler                         
000015a3  EUSCIB2_IRQHandler                         
000015a3  EUSCIB3_IRQHandler                         
000015a3  FLCTL_IRQHandler                           
000015a3  FPU_IRQHandler                             
000015a3  HardFault_Handler                          
000015a3  MemManage_Handler                          
000015a3  NMI_Handler                                
000015a3  PCM_IRQHandler                             
000015a3  PORT1_IRQHandler                           
000015a3  PORT2_IRQHandler                           
000015a3  PORT3_IRQHandler                           
000015a3  PORT4_IRQHandler                           
000015a3  PORT5_IRQHandler                           
000015a3  PORT6_IRQHandler                           
000015a3  PSS_IRQHandler                             
000015a3  PendSV_Handler                             
000015a3  RTC_C_IRQHandler                           
000015a3  SVC_Handler                                
000015a3  SysTick_Handler                            
000015a3  T32_INT1_IRQHandler                        
000015a3  T32_INT2_IRQHandler                        
000015a3  T32_INTC_IRQHandler                        
000015a3  TA0_0_IRQHandler                           
000015a3  TA0_N_IRQHandler                           
000015a3  TA1_0_IRQHandler                           
000015a3  TA1_N_IRQHandler                           
000015a3  TA2_0_IRQHandler                           
000015a3  TA2_N_IRQHandler                           
000015a3  TA3_0_IRQHandler                           
000015a3  TA3_N_IRQHandler                           
000015a3  UsageFault_Handler                         
000015a3  WDT_A_IRQHandler                           
00001ae1  __aeabi_ddiv                               
00001c17  _nop                                       
00001d3d  fputs                                      
00001e51  ldexp                                      
00001e51  ldexpl                                     
00001e51  scalbn                                     
00001e51  scalbnl                                    
00002069  __aeabi_dmul                               
00002165  ADC14_IRQHandler                           
00002165  ADC14_IRQHandler                           
00002259  setvbuf                                    
00002335  free                                       
0000240d  linear_interpolation                       
00002587  __aeabi_idiv0                              
00002587  __aeabi_ldiv0                              
00002589  ADC14_configureConversionMemory            
0000262d  __aeabi_memcpy                             
0000262d  __aeabi_memcpy4                            
0000262d  __aeabi_memcpy8                            
0000262d  memcpy                                     
000026c9  __aeabi_uldivmod                           
00002761  fputc                                      
00002761  putc                                       
000027ed  GPIO_setAsPeripheralModuleFunctionInputPin 
00002875  GPIO_setAsPeripheralModuleFunctionOutputPin
000028fd  __aeabi_cdcmpeq                            
000028fd  __aeabi_cdcmple                            
00002983  __aeabi_cdrcmple                           
00002a09  PCM_gotoLPM3                               
00002a8d  Interrupt_enableInterrupt                  
00002b0d  __aeabi_memclr                             
00002b0d  __aeabi_memclr4                            
00002b0d  __aeabi_memclr8                            
00002b0f  __aeabi_memset                             
00002b0f  __aeabi_memset4                            
00002b0f  __aeabi_memset8                            
00002b15  memset                                     
00002b89  SystemInit                                 
00002c01  malloc                                     
00002c79  Timer_A_generatePWM                        
00002ced  __TI_closefile                             
00002dcf  __aeabi_d2f                                
00002e3d  HOSTlseek                                  
00002ea5  HOSTrename                                 
00002f0d  __TI_decompress_lzss                       
00002f75  printf                                     
00002fdd  frexp                                      
00002fdd  frexpl                                     
00003041  fseek                                      
000030a5  __TI_wrt_ok                                
00003109  HOSTopen                                   
00003169  PCM_getCoreVoltageLevel                    
000031c9  close                                      
00003225  PCM_getPowerMode                           
00003281  ADC14_configureSingleSampleMode            
000032d9  HOSTread                                   
00003331  HOSTwrite                                  
000033e1  ADC14_initModule                           
00003435  PCM_shutdownDevice                         
00003489  ltoa                                       
0000352f  __TI_doflush                               
0000357d  atoi                                       
000035c9  FlashCtl_setWaitState                      
00003611  exit                                       
00003659  __aeabi_d2iz                               
000036a1  HOSTclose                                  
000036e5  HOSTunlink                                 
00003729  __TI_auto_init_nobinit_nopinit             
0000376d  getdevice                                  
000037b1  GPIO_setAsOutputPin                        
0000386d  ADC14_getEnabledInterruptStatus            
000038a5  __TI_writemsg                              
000038d3  C$$IO$$                                    
000038dd  _c_int00_noargs                            
00003915  minit                                      
0000394d  __aeabi_f2d                                
00003985  strncpy                                    
000039bd  ADC14_enableSampleTimer                    
000039f1  CS_setDCOCenteredFrequency                 
00003a25  __TI_cleanup                               
00003a59  __TI_readmsg                               
00003a8d  ADC14_clearInterruptFlag                   
00003abd  ADC14_enableInterrupt                      
00003aed  finddevice                                 
00003b1d  __aeabi_i2d                                
00003b4d  ADC14_getInterruptStatus                   
00003b79  ADC14_toggleConversionTrigger              
00003ba5  RTC_C_holdClock                            
00003bd1  remove                                     
00003bd1  unlink                                     
00003bfd  ADC14_enableConversion                     
00003c25  GPIO_setOutputLowOnPin                     
00003c4d  PCM_gotoLPM0                               
00003c75  lseek                                      
00003cc5  write                                      
00003ced  WDT_A_holdTimer                            
00003d11  memchr                                     
00003d31  __aeabi_ui2d                               
00003d51  initPWM                                    
00003d71  ADC14_getResult                            
00003d8d  memccpy                                    
00003da9  FPU_enableModule                           
00003dc1  strcmp                                     
00003dd9  strchr                                     
00003df1  PCM_getPowerState                          
00003e05  copysign                                   
00003e05  copysignl                                  
00003e19  strcpy                                     
00003e2d  strlen                                     
00003e41  __TI_zero_init_nomemset                    
00003e53  wcslen                                     
00003e75  FPU_enableLazyStacking                     
00003e85  Interrupt_enableMaster                     
00003e95  PCM_gotoLPM4                               
00003ea5  PCM_setPowerMode                           
00003eb5  PCM_setPowerState                          
00003ec5  __TI_decompress_none                       
00003ed5  ADC14_enableModule                         
00003ee1  CPU_cpsie                                  
00003eed  Reset_Handler                              
00003ef9  __aeabi_errno_addr                         
00003f01  CPU_wfi                                    
00003f0d  _system_pre_init                           
00003f11  C$$EXIT                                    
00003f11  abort                                      
00003f14  _ctypes_                                   
000041a8  __TI_Handler_Table_Base                    
000041b4  __TI_Handler_Table_Limit                   
000041c0  __TI_CINIT_Base                            
000041d0  __TI_CINIT_Limit                           
20000000  _sys_memory                                
20000800  _ftable                                    
200008f0  _device                                    
20000968  NTCtable                                   
200009c0  _stream                                    
20000a10  pwmConfig_load                             
20000a28  __TI_ft_end                                
20000a2c  __aeabi_stdin                              
20000a30  __aeabi_stdout                             
20000a34  __aeabi_stderr                             
20000a38  __TI_cleanup_ptr                           
20000a3c  __TI_dtors_ptr                             
20000a40  __TI_enable_exit_profile_output            
20000a50  _lock                                      
20000a54  _unlock                                    
20000a58  errno                                      
20000a5c  __CIOBUF_                                  
20000b7c  __TI_tmpnams                               
20000c1c  parmbuf                                    
20000c24  resistance                                 
20000c28  tempC                                      
20000c2c  tempF                                      
20000c30  voltage                                    
2000fe00  __stack                                    
20010000  __STACK_END                                
4000480c  WDTCTL_SYM                                 
ffffffff  __TI_pprof_out_hndl                        
ffffffff  __TI_prof_data_size                        
ffffffff  __TI_prof_data_start                       
ffffffff  __binit__                                  
ffffffff  __c_args__                                 
ffffffff  binit                                      
UNDEFED   __mpu_init                                 
UNDEFED   _system_post_cinit                         

[222 symbols]
