******************************************************************************
                  TI ARM Linker PC v18.1.4                     
******************************************************************************
>> Linked Fri Feb 15 13:42:19 2019

OUTPUT FILE NAME:   <ADC_Lab2c_NTC_characterization2.out>
ENTRY POINT SYMBOL: "_c_int00_noargs"  address: 0000357d


MEMORY CONFIGURATION

         name            origin    length      used     unused   attr    fill
----------------------  --------  ---------  --------  --------  ----  --------
  MAIN                  00000000   00040000  00003e18  0003c1e8  R  X
  INFO                  00200000   00004000  00000000  00004000  R  X
  SRAM_CODE             01000000   00010000  00000e1e  0000f1e2  RW X
  SRAM_DATA             20000000   00010000  00000e1e  0000f1e2  RW  


SEGMENT ALLOCATION MAP

run origin  load origin   length   init length attrs members
----------  ----------- ---------- ----------- ----- -------
00000000    00000000    00003e18   00003e18    r-x
  00000000    00000000    000000e4   000000e4    r-- .intvecs
  000000e4    000000e4    00003a88   00003a88    r-x .text
  00003b6c    00003b6c    000001bc   000001bc    r-- .const
  00003d28    00003d28    000000f0   000000f0    r-- .cinit
20000000    20000000    00000c1e   00000000    rw-
  20000000    20000000    00000800   00000000    rw- .sysmem
  20000800    20000800    00000244   00000000    rw- .data
  20000a44    20000a44    000001da   00000000    rw- .bss
2000fe00    2000fe00    00000200   00000000    rw-
  2000fe00    2000fe00    00000200   00000000    rw- .stack


SECTION ALLOCATION MAP

 output                                  attributes/
section   page    origin      length       input sections
--------  ----  ----------  ----------   ----------------
.intvecs   0    00000000    000000e4     
                  00000000    000000e4     startup_msp432p401r_ccs.obj (.intvecs:retain)

.text      0    000000e4    00003a88     
                  000000e4    00000a5e     rtsv7M4_T_le_v4SPD16_eabi.lib : _printfi.c.obj (.text:__TI_printfi)
                  00000b42    0000028a     msp432p4xx_driverlib.lib : pcm.o (.text:__PCM_setPowerStateAdvanced)
                  00000dcc    00000270     rtsv7M4_T_le_v4SPD16_eabi.lib : _printfi.c.obj (.text:_pconv_a)
                  0000103c    000001d0                                   : _printfi.c.obj (.text:_pconv_g)
                  0000120c    000001b6                                   : fd_add_t2.asm.obj (.text)
                  000013c2    00000002     startup_msp432p401r_ccs.obj (.text:Default_Handler)
                  000013c4    00000168     main.obj (.text:ADC14_IRQHandler)
                  0000152c    00000160     msp432p4xx_driverlib.lib : adc14.o (.text:_getIndexForMemRegister)
                  0000168c    0000015c                              : pcm.o (.text:__PCM_setPowerModeAdvanced)
                  000017e8    0000013c     rtsv7M4_T_le_v4SPD16_eabi.lib : _printfi.c.obj (.text:_pconv_e)
                  00001924    00000136                                   : fd_div_t2.asm.obj (.text)
                  00001a5a    00000002                                   : _lock.c.obj (.text:_nop)
                  00001a5c    00000124                                   : _printfi.c.obj (.text:fcvt)
                  00001b80    00000114                                   : fputs.c.obj (.text:fputs)
                  00001c94    00000110                                   : s_scalbn.c.obj (.text:scalbn)
                  00001da4    00000108     msp432p4xx_driverlib.lib : pcm.o (.text:__PCM_setCoreVoltageLevelAdvanced)
                  00001eac    000000fc     rtsv7M4_T_le_v4SPD16_eabi.lib : fd_mul_t2.asm.obj (.text)
                  00001fa8    000000dc                                   : setvbuf.c.obj (.text:setvbuf)
                  00002084    000000d8                                   : memory.c.obj (.text:free)
                  0000215c    000000c4     main.obj (.text:linear_interpolation)
                  00002220    000000b1     rtsv7M4_T_le_v4SPD16_eabi.lib : _printfi.c.obj (.text:_ltostr)
                  000022d1    00000001     --HOLE-- [fill = 0]
                  000022d2    00000002                                   : div0.asm.obj (.text)
                  000022d4    000000a4     msp432p4xx_driverlib.lib : adc14.o (.text:ADC14_configureConversionMemory)
                  00002378    0000009c     rtsv7M4_T_le_v4SPD16_eabi.lib : memcpy_t2.asm.obj (.text)
                  00002414    00000096                                   : ull_div_t2.asm.obj (.text)
                  000024aa    00000002     --HOLE-- [fill = 0]
                  000024ac    00000090     main.obj (.text:main)
                  0000253c    0000008c     rtsv7M4_T_le_v4SPD16_eabi.lib : fputc.c.obj (.text:fputc)
                  000025c8    00000088     msp432p4xx_driverlib.lib : gpio.o (.text:GPIO_setAsPeripheralModuleFunctionInputPin)
                  00002650    00000086     rtsv7M4_T_le_v4SPD16_eabi.lib : fd_cmp_t2.asm.obj (.text:__aeabi_cdcmple)
                  000026d6    00000086                                   : fd_cmp_t2.asm.obj (.text:__aeabi_cdrcmple)
                  0000275c    00000084     msp432p4xx_driverlib.lib : pcm.o (.text:PCM_gotoLPM3)
                  000027e0    00000080                              : interrupt.o (.text:Interrupt_enableInterrupt)
                  00002860    0000007a     rtsv7M4_T_le_v4SPD16_eabi.lib : memset_t2.asm.obj (.text)
                  000028da    00000002     --HOLE-- [fill = 0]
                  000028dc    00000078     system_msp432p401r.obj (.text:SystemInit)
                  00002954    00000078     rtsv7M4_T_le_v4SPD16_eabi.lib : memory.c.obj (.text:malloc)
                  000029cc    00000074                                   : fclose.c.obj (.text:__TI_closefile)
                  00002a40    0000006e                                   : _printfi.c.obj (.text:_mcpy)
                  00002aae    0000006e                                   : fd_tos_t2.asm.obj (.text)
                  00002b1c    00000068                                   : hostlseek.c.obj (.text:HOSTlseek)
                  00002b84    00000068                                   : hostrename.c.obj (.text:HOSTrename)
                  00002bec    00000068                                   : copy_decompress_lzss.c.obj (.text:decompress:lzss:__TI_decompress_lzss)
                  00002c54    00000068                                   : printf.c.obj (.text:printf)
                  00002cbc    00000064                                   : s_frexp.c.obj (.text:frexp)
                  00002d20    00000064                                   : fseek.c.obj (.text:fseek)
                  00002d84    00000062                                   : _io_perm.c.obj (.text:__TI_wrt_ok)
                  00002de6    00000002     --HOLE-- [fill = 0]
                  00002de8    00000060                                   : hostopen.c.obj (.text:HOSTopen)
                  00002e48    0000005e     msp432p4xx_driverlib.lib : pcm.o (.text:PCM_getCoreVoltageLevel)
                  00002ea6    00000002     --HOLE-- [fill = 0]
                  00002ea8    0000005c     rtsv7M4_T_le_v4SPD16_eabi.lib : close.c.obj (.text:close)
                  00002f04    0000005a     msp432p4xx_driverlib.lib : pcm.o (.text:PCM_getPowerMode)
                  00002f5e    00000002     --HOLE-- [fill = 0]
                  00002f60    00000058                              : adc14.o (.text:ADC14_configureSingleSampleMode)
                  00002fb8    00000058     rtsv7M4_T_le_v4SPD16_eabi.lib : hostread.c.obj (.text:HOSTread)
                  00003010    00000058                                   : hostwrite.c.obj (.text:HOSTwrite)
                  00003068    00000056                                   : _printfi.c.obj (.text:_pconv_f)
                  000030be    00000002     --HOLE-- [fill = 0]
                  000030c0    00000054     msp432p4xx_driverlib.lib : adc14.o (.text:ADC14_initModule)
                  00003114    00000054                              : pcm.o (.text:PCM_shutdownDevice)
                  00003168    00000054     rtsv7M4_T_le_v4SPD16_eabi.lib : ltoa.c.obj (.text:ltoa)
                  000031bc    00000052                                   : _printfi.c.obj (.text:_ecpy)
                  0000320e    0000004c                                   : fflush.c.obj (.text:__TI_doflush)
                  0000325a    00000002     --HOLE-- [fill = 0]
                  0000325c    0000004c                                   : atoi.c.obj (.text:atoi)
                  000032a8    00000048     msp432p4xx_driverlib.lib : flash.o (.text:FlashCtl_setWaitState)
                  000032f0    00000048     rtsv7M4_T_le_v4SPD16_eabi.lib : exit.c.obj (.text:exit)
                  00003338    00000048                                   : fd_toi_t2.asm.obj (.text)
                  00003380    00000044                                   : hostclose.c.obj (.text:HOSTclose)
                  000033c4    00000044                                   : hostunlink.c.obj (.text:HOSTunlink)
                  00003408    00000044                                   : autoinit.c.obj (.text:__TI_auto_init_nobinit_nopinit:__TI_auto_init_nobinit_nopinit)
                  0000344c    00000044                                   : getdevice.c.obj (.text:getdevice)
                  00003490    0000003e                                   : _printfi.c.obj (.text:_fcpy)
                  000034ce    00000002     --HOLE-- [fill = 0]
                  000034d0    0000003c                                   : memory.c.obj (.text:minsert)
                  0000350c    00000038     msp432p4xx_driverlib.lib : adc14.o (.text:ADC14_getEnabledInterruptStatus)
                  00003544    00000038     rtsv7M4_T_le_v4SPD16_eabi.lib : trgmsg.c.obj (.text:__TI_writemsg)
                  0000357c    00000038                                   : boot_cortex_m.c.obj (.text:_c_int00_noargs:_c_int00_noargs)
                  000035b4    00000038                                   : memory.c.obj (.text:minit)
                  000035ec    00000038                                   : fs_tod_t2.asm.obj (.text)
                  00003624    00000036                                   : strncpy.c.obj (.text:strncpy)
                  0000365a    00000002     --HOLE-- [fill = 0]
                  0000365c    00000034     msp432p4xx_driverlib.lib : adc14.o (.text:ADC14_enableSampleTimer)
                  00003690    00000034                              : cs.o (.text:CS_setDCOCenteredFrequency)
                  000036c4    00000034     rtsv7M4_T_le_v4SPD16_eabi.lib : fopen.c.obj (.text:__TI_cleanup)
                  000036f8    00000034                                   : trgmsg.c.obj (.text:__TI_readmsg)
                  0000372c    00000030     msp432p4xx_driverlib.lib : adc14.o (.text:ADC14_clearInterruptFlag)
                  0000375c    00000030                              : adc14.o (.text:ADC14_enableInterrupt)
                  0000378c    00000030     rtsv7M4_T_le_v4SPD16_eabi.lib : getdevice.c.obj (.text:finddevice)
                  000037bc    0000002e                                   : i_tofd_t2.asm.obj (.text)
                  000037ea    00000002     --HOLE-- [fill = 0]
                  000037ec    0000002c     msp432p4xx_driverlib.lib : adc14.o (.text:ADC14_getInterruptStatus)
                  00003818    0000002c                              : adc14.o (.text:ADC14_toggleConversionTrigger)
                  00003844    0000002c                              : rtc_c.o (.text:RTC_C_holdClock)
                  00003870    0000002c     rtsv7M4_T_le_v4SPD16_eabi.lib : unlink.c.obj (.text:unlink)
                  0000389c    00000028     msp432p4xx_driverlib.lib : adc14.o (.text:ADC14_enableConversion)
                  000038c4    00000028                              : pcm.o (.text:PCM_gotoLPM0)
                  000038ec    00000028     rtsv7M4_T_le_v4SPD16_eabi.lib : lseek.c.obj (.text:lseek)
                  00003914    00000028                                   : memory.c.obj (.text:mremove)
                  0000393c    00000028                                   : write.c.obj (.text:write)
                  00003964    00000024     msp432p4xx_driverlib.lib : wdt_a.o (.text:WDT_A_holdTimer)
                  00003988    00000020     rtsv7M4_T_le_v4SPD16_eabi.lib : memchr.c.obj (.text:memchr)
                  000039a8    00000020                                   : u_tofd_t2.asm.obj (.text)
                  000039c8    0000001c     msp432p4xx_driverlib.lib : adc14.o (.text:ADC14_getResult)
                  000039e4    0000001c     rtsv7M4_T_le_v4SPD16_eabi.lib : memccpy.c.obj (.text:memccpy)
                  00003a00    00000018     msp432p4xx_driverlib.lib : fpu.o (.text:FPU_enableModule)
                  00003a18    00000018     rtsv7M4_T_le_v4SPD16_eabi.lib : strcmp.c.obj (.text:strcmp)
                  00003a30    00000016                                   : strchr.c.obj (.text:strchr)
                  00003a46    00000002     --HOLE-- [fill = 0]
                  00003a48    00000014     msp432p4xx_driverlib.lib : pcm.o (.text:PCM_getPowerState)
                  00003a5c    00000014     rtsv7M4_T_le_v4SPD16_eabi.lib : s_copysign.c.obj (.text:copysign)
                  00003a70    00000014                                   : strcpy.c.obj (.text:strcpy)
                  00003a84    00000014                                   : strlen.c.obj (.text:strlen)
                  00003a98    00000012                                   : copy_zero_init.c.obj (.text:decompress:ZI:__TI_zero_init_nomemset:__TI_zero_init_nomemset)
                  00003aaa    00000012                                   : wcslen.c.obj (.text:wcslen)
                  00003abc    00000010     msp432p4xx_driverlib.lib : adc14.o (.text:ADCIsConversionRunning)
                  00003acc    00000010                              : fpu.o (.text:FPU_enableLazyStacking)
                  00003adc    00000010                              : interrupt.o (.text:Interrupt_enableMaster)
                  00003aec    00000010                              : pcm.o (.text:PCM_gotoLPM4)
                  00003afc    00000010                              : pcm.o (.text:PCM_setPowerMode)
                  00003b0c    00000010                              : pcm.o (.text:PCM_setPowerState)
                  00003b1c    0000000e     rtsv7M4_T_le_v4SPD16_eabi.lib : copy_decompress_none.c.obj (.text:decompress:none:__TI_decompress_none)
                  00003b2a    00000002     --HOLE-- [fill = 0]
                  00003b2c    0000000c     msp432p4xx_driverlib.lib : adc14.o (.text:ADC14_enableModule)
                  00003b38    0000000c                              : cpu.o (.text:CPU_cpsie)
                  00003b44    0000000c     startup_msp432p401r_ccs.obj (.text:Reset_Handler)
                  00003b50    00000008     rtsv7M4_T_le_v4SPD16_eabi.lib : errno.c.obj (.text:__aeabi_errno_addr)
                  00003b58    00000004     msp432p4xx_driverlib.lib : cpu.o (.text:CPU_wfi)
                  00003b5c    00000004     rtsv7M4_T_le_v4SPD16_eabi.lib : printf.c.obj (.text:_outc)
                  00003b60    00000004                                   : printf.c.obj (.text:_outs)
                  00003b64    00000004                                   : pre_init.c.obj (.text:_system_pre_init)
                  00003b68    00000004                                   : exit.c.obj (.text:abort:abort)

.const     0    00003b6c    000001bc     
                  00003b6c    00000101     rtsv7M4_T_le_v4SPD16_eabi.lib : ctype.c.obj (.const:.string:_ctypes_)
                  00003c6d    00000003     --HOLE-- [fill = 0]
                  00003c70    00000080     msp432p4xx_driverlib.lib : adc14.o (.const:_ctlRegs)
                  00003cf0    00000030                              : gpio.o (.const:GPIO_PORT_TO_BASE)
                  00003d20    00000008                              : interrupt.o (.const:g_pulEnRegs)

.cinit     0    00003d28    000000f0     
                  00003d28    000000c5     (.cinit..data.load) [load image, compression = lzss]
                  00003ded    00000003     --HOLE-- [fill = 0]
                  00003df0    0000000c     (__TI_handler_table)
                  00003dfc    00000004     --HOLE-- [fill = 0]
                  00003e00    00000008     (.cinit..bss.load) [load image, compression = zero_init]
                  00003e08    00000010     (__TI_cinit_table)

.init_array 
*          0    00000000    00000000     UNINITIALIZED

.binit     0    00000000    00000000     

.sysmem    0    20000000    00000800     UNINITIALIZED
                  20000000    00000008     rtsv7M4_T_le_v4SPD16_eabi.lib : memory.c.obj (.sysmem)
                  20000008    000007f8     --HOLE--

.data      0    20000800    00000244     UNINITIALIZED
                  20000800    000000f0     rtsv7M4_T_le_v4SPD16_eabi.lib : defs.c.obj (.data:_ftable)
                  200008f0    00000078                                   : write.c.obj (.data:_device)
                  20000968    00000058     main.obj (.data:NTCtable)
                  200009c0    00000050     rtsv7M4_T_le_v4SPD16_eabi.lib : write.c.obj (.data:_stream)
                  20000a10    00000010                                   : defs.c.obj (.data)
                  20000a20    0000000c                                   : exit.c.obj (.data:$O1$$)
                  20000a2c    0000000c                                   : memory.c.obj (.data:$O1$$)
                  20000a38    00000008                                   : _lock.c.obj (.data:$O1$$)
                  20000a40    00000004                                   : errno.c.obj (.data)

.bss       0    20000a44    000001da     UNINITIALIZED
                  20000a44    00000120     rtsv7M4_T_le_v4SPD16_eabi.lib : trgmsg.c.obj (.bss:_CIOBUF_)
                  20000b64    000000a0     (.common:__TI_tmpnams)
                  20000c04    00000008     (.common:parmbuf)
                  20000c0c    00000004     (.common:resistance)
                  20000c10    00000004     (.common:tempC)
                  20000c14    00000004     (.common:tempF)
                  20000c18    00000004     (.common:voltage)
                  20000c1c    00000002     main.obj (.bss)

.stack     0    2000fe00    00000200     UNINITIALIZED
                  2000fe00    00000004     rtsv7M4_T_le_v4SPD16_eabi.lib : boot_cortex_m.c.obj (.stack)
                  2000fe04    000001fc     --HOLE--

MODULE SUMMARY

       Module                        code    ro data   rw data
       ------                        ----    -------   -------
    .\
       main.obj                      700     0         212    
       system_msp432p401r.obj        120     0         0      
    +--+-----------------------------+-------+---------+---------+
       Total:                        820     0         212    
                                                              
    .\ccs\
       startup_msp432p401r_ccs.obj   14      228       0      
    +--+-----------------------------+-------+---------+---------+
       Total:                        14      228       0      
                                                              
    C:/ti/simplelink_msp432p4_sdk_2_30_00_14/source/ti/devices/msp432p4xx/driverlib/ccs/msp432p4xx_driverlib.lib
       pcm.o                         1770    0         0      
       adc14.o                       1076    128       0      
       gpio.o                        136     48        0      
       interrupt.o                   144     8         0      
       flash.o                       72      0         0      
       cs.o                          52      0         0      
       rtc_c.o                       44      0         0      
       fpu.o                         40      0         0      
       wdt_a.o                       36      0         0      
       cpu.o                         16      0         0      
    +--+-----------------------------+-------+---------+---------+
       Total:                        3386    184       0      
                                                              
    C:\ti\ccs830\ccsv8\tools\compiler\ti-cgt-arm_18.1.4.LTS\lib\rtsv7M4_T_le_v4SPD16_eabi.lib
       _printfi.c.obj                4867    0         0      
       defs.c.obj                    0       0         832    
       trgmsg.c.obj                  108     0         576    
       memory.c.obj                  492     0         24     
       write.c.obj                   40      0         400    
       fd_add_t2.asm.obj             438     0         0      
       fd_div_t2.asm.obj             310     0         0      
       fputs.c.obj                   276     0         0      
       s_scalbn.c.obj                272     0         0      
       fd_cmp_t2.asm.obj             268     0         0      
       ctype.c.obj                   0       257       0      
       fd_mul_t2.asm.obj             252     0         0      
       setvbuf.c.obj                 220     0         0      
       memcpy_t2.asm.obj             156     0         0      
       ull_div_t2.asm.obj            150     0         0      
       fputc.c.obj                   140     0         0      
       memset_t2.asm.obj             122     0         0      
       fclose.c.obj                  116     0         0      
       getdevice.c.obj               116     0         0      
       hostopen.c.obj                96      0         16     
       printf.c.obj                  112     0         0      
       fd_tos_t2.asm.obj             110     0         0      
       copy_decompress_lzss.c.obj    104     0         0      
       hostlseek.c.obj               104     0         0      
       hostrename.c.obj              104     0         0      
       exit.c.obj                    76      0         24     
       fseek.c.obj                   100     0         0      
       s_frexp.c.obj                 100     0         0      
       _io_perm.c.obj                98      0         0      
       close.c.obj                   92      0         0      
       hostread.c.obj                88      0         0      
       hostwrite.c.obj               88      0         0      
       ltoa.c.obj                    84      0         0      
       atoi.c.obj                    76      0         0      
       fflush.c.obj                  76      0         0      
       fd_toi_t2.asm.obj             72      0         0      
       autoinit.c.obj                68      0         0      
       hostclose.c.obj               68      0         0      
       hostunlink.c.obj              68      0         0      
       boot_cortex_m.c.obj           56      0         0      
       fs_tod_t2.asm.obj             56      0         0      
       strncpy.c.obj                 54      0         0      
       fopen.c.obj                   52      0         0      
       i_tofd_t2.asm.obj             46      0         0      
       unlink.c.obj                  44      0         0      
       lseek.c.obj                   40      0         0      
       memchr.c.obj                  32      0         0      
       u_tofd_t2.asm.obj             32      0         0      
       memccpy.c.obj                 28      0         0      
       strcmp.c.obj                  24      0         0      
       strchr.c.obj                  22      0         0      
       s_copysign.c.obj              20      0         0      
       strcpy.c.obj                  20      0         0      
       strlen.c.obj                  20      0         0      
       _lock.c.obj                   2       0         16     
       copy_zero_init.c.obj          18      0         0      
       wcslen.c.obj                  18      0         0      
       errno.c.obj                   8       0         8      
       copy_decompress_none.c.obj    14      0         0      
       pre_init.c.obj                4       0         0      
       div0.asm.obj                  2       0         0      
    +--+-----------------------------+-------+---------+---------+
       Total:                        10739   257       1896   
                                                              
       Heap:                         0       0         4096   
       Stack:                        0       0         1024   
       Linker Generated:             0       233       0      
    +--+-----------------------------+-------+---------+---------+
       Grand Total:                  14959   902       7228   


LINKER GENERATED COPY TABLES

__TI_cinit_table @ 00003e08 records: 2, size/record: 8, table size: 16
	.data: load addr=00003d28, load size=000000c5 bytes, run addr=20000800, run size=00000244 bytes, compression=lzss
	.bss: load addr=00003e00, load size=00000008 bytes, run addr=20000a44, run size=000001da bytes, compression=zero_init


LINKER GENERATED HANDLER TABLE

__TI_handler_table @ 00003df0 records: 3, size/record: 4, table size: 12
	index: 0, handler: __TI_decompress_lzss
	index: 1, handler: __TI_decompress_none
	index: 2, handler: __TI_zero_init


GLOBAL SYMBOLS: SORTED ALPHABETICALLY BY Name 

address   name                                      
-------   ----                                      
000013c5  ADC14_IRQHandler                          
000013c5  ADC14_IRQHandler                          
0000372d  ADC14_clearInterruptFlag                  
000022d5  ADC14_configureConversionMemory           
00002f61  ADC14_configureSingleSampleMode           
0000389d  ADC14_enableConversion                    
0000375d  ADC14_enableInterrupt                     
00003b2d  ADC14_enableModule                        
0000365d  ADC14_enableSampleTimer                   
0000350d  ADC14_getEnabledInterruptStatus           
000037ed  ADC14_getInterruptStatus                  
000039c9  ADC14_getResult                           
000030c1  ADC14_initModule                          
00003819  ADC14_toggleConversionTrigger             
000013c3  AES256_IRQHandler                         
000013c3  BusFault_Handler                          
00003b69  C$$EXIT                                   
00003573  C$$IO$$                                   
000013c3  COMP_E0_IRQHandler                        
000013c3  COMP_E1_IRQHandler                        
00003b39  CPU_cpsie                                 
00003b59  CPU_wfi                                   
000013c3  CS_IRQHandler                             
00003691  CS_setDCOCenteredFrequency                
000013c3  DMA_ERR_IRQHandler                        
000013c3  DMA_INT0_IRQHandler                       
000013c3  DMA_INT1_IRQHandler                       
000013c3  DMA_INT2_IRQHandler                       
000013c3  DMA_INT3_IRQHandler                       
000013c3  DebugMon_Handler                          
000013c3  Default_Handler                           
000013c3  EUSCIA0_IRQHandler                        
000013c3  EUSCIA1_IRQHandler                        
000013c3  EUSCIA2_IRQHandler                        
000013c3  EUSCIA3_IRQHandler                        
000013c3  EUSCIB0_IRQHandler                        
000013c3  EUSCIB1_IRQHandler                        
000013c3  EUSCIB2_IRQHandler                        
000013c3  EUSCIB3_IRQHandler                        
000013c3  FLCTL_IRQHandler                          
000013c3  FPU_IRQHandler                            
00003acd  FPU_enableLazyStacking                    
00003a01  FPU_enableModule                          
000032a9  FlashCtl_setWaitState                     
000025c9  GPIO_setAsPeripheralModuleFunctionInputPin
00003381  HOSTclose                                 
00002b1d  HOSTlseek                                 
00002de9  HOSTopen                                  
00002fb9  HOSTread                                  
00002b85  HOSTrename                                
000033c5  HOSTunlink                                
00003011  HOSTwrite                                 
000013c3  HardFault_Handler                         
000027e1  Interrupt_enableInterrupt                 
00003add  Interrupt_enableMaster                    
000013c3  MemManage_Handler                         
000013c3  NMI_Handler                               
20000968  NTCtable                                  
000013c3  PCM_IRQHandler                            
00002e49  PCM_getCoreVoltageLevel                   
00002f05  PCM_getPowerMode                          
00003a49  PCM_getPowerState                         
000038c5  PCM_gotoLPM0                              
0000275d  PCM_gotoLPM3                              
00003aed  PCM_gotoLPM4                              
00003afd  PCM_setPowerMode                          
00003b0d  PCM_setPowerState                         
00003115  PCM_shutdownDevice                        
000013c3  PORT1_IRQHandler                          
000013c3  PORT2_IRQHandler                          
000013c3  PORT3_IRQHandler                          
000013c3  PORT4_IRQHandler                          
000013c3  PORT5_IRQHandler                          
000013c3  PORT6_IRQHandler                          
000013c3  PSS_IRQHandler                            
000013c3  PendSV_Handler                            
000013c3  RTC_C_IRQHandler                          
00003845  RTC_C_holdClock                           
00003b45  Reset_Handler                             
000013c3  SVC_Handler                               
000013c3  SysTick_Handler                           
000028dd  SystemInit                                
000013c3  T32_INT1_IRQHandler                       
000013c3  T32_INT2_IRQHandler                       
000013c3  T32_INTC_IRQHandler                       
000013c3  TA0_0_IRQHandler                          
000013c3  TA0_N_IRQHandler                          
000013c3  TA1_0_IRQHandler                          
000013c3  TA1_N_IRQHandler                          
000013c3  TA2_0_IRQHandler                          
000013c3  TA2_N_IRQHandler                          
000013c3  TA3_0_IRQHandler                          
000013c3  TA3_N_IRQHandler                          
000013c3  UsageFault_Handler                        
4000480c  WDTCTL_SYM                                
000013c3  WDT_A_IRQHandler                          
00003965  WDT_A_holdTimer                           
20000a44  __CIOBUF_                                 
20010000  __STACK_END                               
00000200  __STACK_SIZE                              
00000800  __SYSMEM_SIZE                             
00003e08  __TI_CINIT_Base                           
00003e18  __TI_CINIT_Limit                          
00003df0  __TI_Handler_Table_Base                   
00003dfc  __TI_Handler_Table_Limit                  
00003409  __TI_auto_init_nobinit_nopinit            
000036c5  __TI_cleanup                              
20000a20  __TI_cleanup_ptr                          
000029cd  __TI_closefile                            
00002bed  __TI_decompress_lzss                      
00003b1d  __TI_decompress_none                      
0000320f  __TI_doflush                              
20000a24  __TI_dtors_ptr                            
20000a28  __TI_enable_exit_profile_output           
20000a10  __TI_ft_end                               
ffffffff  __TI_pprof_out_hndl                       
000000e5  __TI_printfi                              
ffffffff  __TI_prof_data_size                       
ffffffff  __TI_prof_data_start                      
000036f9  __TI_readmsg                              
00000000  __TI_static_base__                        
20000b64  __TI_tmpnams                              
00003545  __TI_writemsg                             
00002d85  __TI_wrt_ok                               
00003a99  __TI_zero_init_nomemset                   
00002651  __aeabi_cdcmpeq                           
00002651  __aeabi_cdcmple                           
000026d7  __aeabi_cdrcmple                          
00002aaf  __aeabi_d2f                               
00003339  __aeabi_d2iz                              
00001217  __aeabi_dadd                              
00001925  __aeabi_ddiv                              
00001ead  __aeabi_dmul                              
0000120d  __aeabi_dsub                              
00003b51  __aeabi_errno_addr                        
000035ed  __aeabi_f2d                               
000037bd  __aeabi_i2d                               
000022d3  __aeabi_idiv0                             
000022d3  __aeabi_ldiv0                             
00002861  __aeabi_memclr                            
00002861  __aeabi_memclr4                           
00002861  __aeabi_memclr8                           
00002379  __aeabi_memcpy                            
00002379  __aeabi_memcpy4                           
00002379  __aeabi_memcpy8                           
00002863  __aeabi_memset                            
00002863  __aeabi_memset4                           
00002863  __aeabi_memset8                           
20000a1c  __aeabi_stderr                            
20000a14  __aeabi_stdin                             
20000a18  __aeabi_stdout                            
000039a9  __aeabi_ui2d                              
00002415  __aeabi_uldivmod                          
ffffffff  __binit__                                 
ffffffff  __c_args__                                
UNDEFED   __mpu_init                                
2000fe00  __stack                                   
0000357d  _c_int00_noargs                           
00003b6c  _ctypes_                                  
200008f0  _device                                   
20000800  _ftable                                   
20000a38  _lock                                     
00001a5b  _nop                                      
200009c0  _stream                                   
20000000  _sys_memory                               
UNDEFED   _system_post_cinit                        
00003b65  _system_pre_init                          
20000a3c  _unlock                                   
00003b69  abort                                     
0000325d  atoi                                      
ffffffff  binit                                     
00002ea9  close                                     
00003a5d  copysign                                  
00003a5d  copysignl                                 
20000a40  errno                                     
000032f1  exit                                      
0000378d  finddevice                                
0000253d  fputc                                     
00001b81  fputs                                     
00002085  free                                      
00002cbd  frexp                                     
00002cbd  frexpl                                    
00002d21  fseek                                     
0000344d  getdevice                                 
00000000  interruptVectors                          
00001c95  ldexp                                     
00001c95  ldexpl                                    
0000215d  linear_interpolation                      
000038ed  lseek                                     
00003169  ltoa                                      
000024ad  main                                      
00002955  malloc                                    
000039e5  memccpy                                   
00003989  memchr                                    
00002379  memcpy                                    
00002869  memset                                    
000035b5  minit                                     
20000c04  parmbuf                                   
00002c55  printf                                    
0000253d  putc                                      
00003871  remove                                    
20000c0c  resistance                                
00001c95  scalbn                                    
00001c95  scalbnl                                   
00001fa9  setvbuf                                   
00003a31  strchr                                    
00003a19  strcmp                                    
00003a71  strcpy                                    
00003a85  strlen                                    
00003625  strncpy                                   
20000c10  tempC                                     
20000c14  tempF                                     
00003871  unlink                                    
20000c18  voltage                                   
00003aab  wcslen                                    
0000393d  write                                     


GLOBAL SYMBOLS: SORTED BY Symbol Address 

address   name                                      
-------   ----                                      
00000000  __TI_static_base__                        
00000000  interruptVectors                          
000000e5  __TI_printfi                              
00000200  __STACK_SIZE                              
00000800  __SYSMEM_SIZE                             
0000120d  __aeabi_dsub                              
00001217  __aeabi_dadd                              
000013c3  AES256_IRQHandler                         
000013c3  BusFault_Handler                          
000013c3  COMP_E0_IRQHandler                        
000013c3  COMP_E1_IRQHandler                        
000013c3  CS_IRQHandler                             
000013c3  DMA_ERR_IRQHandler                        
000013c3  DMA_INT0_IRQHandler                       
000013c3  DMA_INT1_IRQHandler                       
000013c3  DMA_INT2_IRQHandler                       
000013c3  DMA_INT3_IRQHandler                       
000013c3  DebugMon_Handler                          
000013c3  Default_Handler                           
000013c3  EUSCIA0_IRQHandler                        
000013c3  EUSCIA1_IRQHandler                        
000013c3  EUSCIA2_IRQHandler                        
000013c3  EUSCIA3_IRQHandler                        
000013c3  EUSCIB0_IRQHandler                        
000013c3  EUSCIB1_IRQHandler                        
000013c3  EUSCIB2_IRQHandler                        
000013c3  EUSCIB3_IRQHandler                        
000013c3  FLCTL_IRQHandler                          
000013c3  FPU_IRQHandler                            
000013c3  HardFault_Handler                         
000013c3  MemManage_Handler                         
000013c3  NMI_Handler                               
000013c3  PCM_IRQHandler                            
000013c3  PORT1_IRQHandler                          
000013c3  PORT2_IRQHandler                          
000013c3  PORT3_IRQHandler                          
000013c3  PORT4_IRQHandler                          
000013c3  PORT5_IRQHandler                          
000013c3  PORT6_IRQHandler                          
000013c3  PSS_IRQHandler                            
000013c3  PendSV_Handler                            
000013c3  RTC_C_IRQHandler                          
000013c3  SVC_Handler                               
000013c3  SysTick_Handler                           
000013c3  T32_INT1_IRQHandler                       
000013c3  T32_INT2_IRQHandler                       
000013c3  T32_INTC_IRQHandler                       
000013c3  TA0_0_IRQHandler                          
000013c3  TA0_N_IRQHandler                          
000013c3  TA1_0_IRQHandler                          
000013c3  TA1_N_IRQHandler                          
000013c3  TA2_0_IRQHandler                          
000013c3  TA2_N_IRQHandler                          
000013c3  TA3_0_IRQHandler                          
000013c3  TA3_N_IRQHandler                          
000013c3  UsageFault_Handler                        
000013c3  WDT_A_IRQHandler                          
000013c5  ADC14_IRQHandler                          
000013c5  ADC14_IRQHandler                          
00001925  __aeabi_ddiv                              
00001a5b  _nop                                      
00001b81  fputs                                     
00001c95  ldexp                                     
00001c95  ldexpl                                    
00001c95  scalbn                                    
00001c95  scalbnl                                   
00001ead  __aeabi_dmul                              
00001fa9  setvbuf                                   
00002085  free                                      
0000215d  linear_interpolation                      
000022d3  __aeabi_idiv0                             
000022d3  __aeabi_ldiv0                             
000022d5  ADC14_configureConversionMemory           
00002379  __aeabi_memcpy                            
00002379  __aeabi_memcpy4                           
00002379  __aeabi_memcpy8                           
00002379  memcpy                                    
00002415  __aeabi_uldivmod                          
000024ad  main                                      
0000253d  fputc                                     
0000253d  putc                                      
000025c9  GPIO_setAsPeripheralModuleFunctionInputPin
00002651  __aeabi_cdcmpeq                           
00002651  __aeabi_cdcmple                           
000026d7  __aeabi_cdrcmple                          
0000275d  PCM_gotoLPM3                              
000027e1  Interrupt_enableInterrupt                 
00002861  __aeabi_memclr                            
00002861  __aeabi_memclr4                           
00002861  __aeabi_memclr8                           
00002863  __aeabi_memset                            
00002863  __aeabi_memset4                           
00002863  __aeabi_memset8                           
00002869  memset                                    
000028dd  SystemInit                                
00002955  malloc                                    
000029cd  __TI_closefile                            
00002aaf  __aeabi_d2f                               
00002b1d  HOSTlseek                                 
00002b85  HOSTrename                                
00002bed  __TI_decompress_lzss                      
00002c55  printf                                    
00002cbd  frexp                                     
00002cbd  frexpl                                    
00002d21  fseek                                     
00002d85  __TI_wrt_ok                               
00002de9  HOSTopen                                  
00002e49  PCM_getCoreVoltageLevel                   
00002ea9  close                                     
00002f05  PCM_getPowerMode                          
00002f61  ADC14_configureSingleSampleMode           
00002fb9  HOSTread                                  
00003011  HOSTwrite                                 
000030c1  ADC14_initModule                          
00003115  PCM_shutdownDevice                        
00003169  ltoa                                      
0000320f  __TI_doflush                              
0000325d  atoi                                      
000032a9  FlashCtl_setWaitState                     
000032f1  exit                                      
00003339  __aeabi_d2iz                              
00003381  HOSTclose                                 
000033c5  HOSTunlink                                
00003409  __TI_auto_init_nobinit_nopinit            
0000344d  getdevice                                 
0000350d  ADC14_getEnabledInterruptStatus           
00003545  __TI_writemsg                             
00003573  C$$IO$$                                   
0000357d  _c_int00_noargs                           
000035b5  minit                                     
000035ed  __aeabi_f2d                               
00003625  strncpy                                   
0000365d  ADC14_enableSampleTimer                   
00003691  CS_setDCOCenteredFrequency                
000036c5  __TI_cleanup                              
000036f9  __TI_readmsg                              
0000372d  ADC14_clearInterruptFlag                  
0000375d  ADC14_enableInterrupt                     
0000378d  finddevice                                
000037bd  __aeabi_i2d                               
000037ed  ADC14_getInterruptStatus                  
00003819  ADC14_toggleConversionTrigger             
00003845  RTC_C_holdClock                           
00003871  remove                                    
00003871  unlink                                    
0000389d  ADC14_enableConversion                    
000038c5  PCM_gotoLPM0                              
000038ed  lseek                                     
0000393d  write                                     
00003965  WDT_A_holdTimer                           
00003989  memchr                                    
000039a9  __aeabi_ui2d                              
000039c9  ADC14_getResult                           
000039e5  memccpy                                   
00003a01  FPU_enableModule                          
00003a19  strcmp                                    
00003a31  strchr                                    
00003a49  PCM_getPowerState                         
00003a5d  copysign                                  
00003a5d  copysignl                                 
00003a71  strcpy                                    
00003a85  strlen                                    
00003a99  __TI_zero_init_nomemset                   
00003aab  wcslen                                    
00003acd  FPU_enableLazyStacking                    
00003add  Interrupt_enableMaster                    
00003aed  PCM_gotoLPM4                              
00003afd  PCM_setPowerMode                          
00003b0d  PCM_setPowerState                         
00003b1d  __TI_decompress_none                      
00003b2d  ADC14_enableModule                        
00003b39  CPU_cpsie                                 
00003b45  Reset_Handler                             
00003b51  __aeabi_errno_addr                        
00003b59  CPU_wfi                                   
00003b65  _system_pre_init                          
00003b69  C$$EXIT                                   
00003b69  abort                                     
00003b6c  _ctypes_                                  
00003df0  __TI_Handler_Table_Base                   
00003dfc  __TI_Handler_Table_Limit                  
00003e08  __TI_CINIT_Base                           
00003e18  __TI_CINIT_Limit                          
20000000  _sys_memory                               
20000800  _ftable                                   
200008f0  _device                                   
20000968  NTCtable                                  
200009c0  _stream                                   
20000a10  __TI_ft_end                               
20000a14  __aeabi_stdin                             
20000a18  __aeabi_stdout                            
20000a1c  __aeabi_stderr                            
20000a20  __TI_cleanup_ptr                          
20000a24  __TI_dtors_ptr                            
20000a28  __TI_enable_exit_profile_output           
20000a38  _lock                                     
20000a3c  _unlock                                   
20000a40  errno                                     
20000a44  __CIOBUF_                                 
20000b64  __TI_tmpnams                              
20000c04  parmbuf                                   
20000c0c  resistance                                
20000c10  tempC                                     
20000c14  tempF                                     
20000c18  voltage                                   
2000fe00  __stack                                   
20010000  __STACK_END                               
4000480c  WDTCTL_SYM                                
ffffffff  __TI_pprof_out_hndl                       
ffffffff  __TI_prof_data_size                       
ffffffff  __TI_prof_data_start                      
ffffffff  __binit__                                 
ffffffff  __c_args__                                
ffffffff  binit                                     
UNDEFED   __mpu_init                                
UNDEFED   _system_post_cinit                        

[216 symbols]
