******************************************************************************
                  TI ARM Linker PC v18.1.4                     
******************************************************************************
>> Linked Wed Jan 16 15:17:52 2019

OUTPUT FILE NAME:   <Lab2b.out>
ENTRY POINT SYMBOL: "_c_int00_noargs"  address: 000029d9


MEMORY CONFIGURATION

         name            origin    length      used     unused   attr    fill
----------------------  --------  ---------  --------  --------  ----  --------
  MAIN                  00000000   00040000  000030a0  0003cf60  R  X
  INFO                  00200000   00004000  00000000  00004000  R  X
  SRAM_CODE             01000000   00010000  00000f9d  0000f063  RW X
  SRAM_DATA             20000000   00010000  00000f9d  0000f063  RW  


SEGMENT ALLOCATION MAP

run origin  load origin   length   init length attrs members
----------  ----------- ---------- ----------- ----- -------
00000000    00000000    000030a0   000030a0    r-x
  00000000    00000000    000000e4   000000e4    r-- .intvecs
  000000e4    000000e4    00002cc8   00002cc8    r-x .text
  00002dac    00002dac    0000013c   0000013c    r-- .const
  00002ee8    00002ee8    000001b8   000001b8    r-- .cinit
20000000    20000000    00000da0   00000000    rw-
  20000000    20000000    000000e8   00000000    rw- .vtable
  200000e8    200000e8    00000800   00000000    rw- .sysmem
  200008e8    200008e8    000002ed   00000000    rw- .data
  20000bd8    20000bd8    000001c8   00000000    rw- .bss
2000fe00    2000fe00    00000200   00000000    rw-
  2000fe00    2000fe00    00000200   00000000    rw- .stack


SECTION ALLOCATION MAP

 output                                  attributes/
section   page    origin      length       input sections
--------  ----  ----------  ----------   ----------------
.intvecs   0    00000000    000000e4     
                  00000000    000000e4     startup_msp432p401r_ccs.obj (.intvecs:retain)

.text      0    000000e4    00002cc8     
                  000000e4    00000a5e     rtsv7M4_T_le_v4SPD16_eabi.lib : _printfi.c.obj (.text:__TI_printfi)
                  00000b42    00000002     startup_msp432p401r_ccs.obj (.text:Default_Handler)
                  00000b44    00000270     rtsv7M4_T_le_v4SPD16_eabi.lib : _printfi.c.obj (.text:_pconv_a)
                  00000db4    000001d0                                   : _printfi.c.obj (.text:_pconv_g)
                  00000f84    000001b6                                   : fd_add_t2.asm.obj (.text)
                  0000113a    00000002                                   : _lock.c.obj (.text:_nop)
                  0000113c    0000013c                                   : _printfi.c.obj (.text:_pconv_e)
                  00001278    00000136                                   : fd_div_t2.asm.obj (.text)
                  000013ae    00000002                                   : div0.asm.obj (.text)
                  000013b0    00000124                                   : _printfi.c.obj (.text:fcvt)
                  000014d4    00000114                                   : fputs.c.obj (.text:fputs)
                  000015e8    00000110                                   : s_scalbn.c.obj (.text:scalbn)
                  000016f8    000000fc                                   : fd_mul_t2.asm.obj (.text)
                  000017f4    000000dc                                   : setvbuf.c.obj (.text:setvbuf)
                  000018d0    000000d8                                   : memory.c.obj (.text:free)
                  000019a8    000000b1                                   : _printfi.c.obj (.text:_ltostr)
                  00001a59    00000001     --HOLE-- [fill = 0]
                  00001a5a    0000009c                                   : memcpy_t2.asm.obj (.text)
                  00001af6    00000096                                   : ull_div_t2.asm.obj (.text)
                  00001b8c    0000008c                                   : fputc.c.obj (.text:fputc)
                  00001c18    00000086                                   : fd_cmp_t2.asm.obj (.text:__aeabi_cdcmple)
                  00001c9e    00000086                                   : fd_cmp_t2.asm.obj (.text:__aeabi_cdrcmple)
                  00001d24    00000080     msp432p4xx_driverlib.lib : interrupt.o (.text:Interrupt_enableInterrupt)
                  00001da4    0000007a     rtsv7M4_T_le_v4SPD16_eabi.lib : memset_t2.asm.obj (.text)
                  00001e1e    00000002     --HOLE-- [fill = 0]
                  00001e20    00000078     system_msp432p401r.obj (.text:SystemInit)
                  00001e98    00000078     rtsv7M4_T_le_v4SPD16_eabi.lib : memory.c.obj (.text:malloc)
                  00001f10    00000074                                   : fclose.c.obj (.text:__TI_closefile)
                  00001f84    0000006e                                   : _printfi.c.obj (.text:_mcpy)
                  00001ff2    00000002     --HOLE-- [fill = 0]
                  00001ff4    00000068                                   : hostlseek.c.obj (.text:HOSTlseek)
                  0000205c    00000068                                   : hostrename.c.obj (.text:HOSTrename)
                  000020c4    00000068     msp432p4xx_driverlib.lib : timer32.o (.text:Timer32_initModule)
                  0000212c    00000068     rtsv7M4_T_le_v4SPD16_eabi.lib : copy_decompress_lzss.c.obj (.text:decompress:lzss:__TI_decompress_lzss)
                  00002194    00000068                                   : printf.c.obj (.text:printf)
                  000021fc    00000064                                   : s_frexp.c.obj (.text:frexp)
                  00002260    00000064                                   : fseek.c.obj (.text:fseek)
                  000022c4    00000062                                   : _io_perm.c.obj (.text:__TI_wrt_ok)
                  00002326    00000002     --HOLE-- [fill = 0]
                  00002328    00000060                                   : hostopen.c.obj (.text:HOSTopen)
                  00002388    0000005c     msp432p4xx_driverlib.lib : interrupt.o (.text:Interrupt_registerInterrupt)
                  000023e4    0000005c     rtsv7M4_T_le_v4SPD16_eabi.lib : close.c.obj (.text:close)
                  00002440    00000058                                   : hostread.c.obj (.text:HOSTread)
                  00002498    00000058                                   : hostwrite.c.obj (.text:HOSTwrite)
                  000024f0    00000056                                   : _printfi.c.obj (.text:_pconv_f)
                  00002546    00000054                                   : ltoa.c.obj (.text:ltoa)
                  0000259a    00000052                                   : _printfi.c.obj (.text:_ecpy)
                  000025ec    0000004e     main.obj (.text:main)
                  0000263a    0000004c     rtsv7M4_T_le_v4SPD16_eabi.lib : fflush.c.obj (.text:__TI_doflush)
                  00002686    00000002     --HOLE-- [fill = 0]
                  00002688    0000004c                                   : atoi.c.obj (.text:atoi)
                  000026d4    00000048                                   : exit.c.obj (.text:exit)
                  0000271c    00000048                                   : fd_toi_t2.asm.obj (.text)
                  00002764    00000044                                   : hostclose.c.obj (.text:HOSTclose)
                  000027a8    00000044                                   : hostunlink.c.obj (.text:HOSTunlink)
                  000027ec    00000044                                   : autoinit.c.obj (.text:__TI_auto_init_nobinit_nopinit:__TI_auto_init_nobinit_nopinit)
                  00002830    00000044                                   : getdevice.c.obj (.text:getdevice)
                  00002874    00000040     msp432p4xx_driverlib.lib : gpio.o (.text:GPIO_setAsOutputPin)
                  000028b4    0000003e     rtsv7M4_T_le_v4SPD16_eabi.lib : _printfi.c.obj (.text:_fcpy)
                  000028f2    00000002     --HOLE-- [fill = 0]
                  000028f4    0000003c                                   : memory.c.obj (.text:minsert)
                  00002930    00000038     main.obj (.text:Initialize_Timer32)
                  00002968    00000038     msp432p4xx_driverlib.lib : timer32.o (.text:Timer32_startTimer)
                  000029a0    00000038     rtsv7M4_T_le_v4SPD16_eabi.lib : trgmsg.c.obj (.text:__TI_writemsg)
                  000029d8    00000038                                   : boot_cortex_m.c.obj (.text:_c_int00_noargs:_c_int00_noargs)
                  00002a10    00000038                                   : memory.c.obj (.text:minit)
                  00002a48    00000036                                   : strncpy.c.obj (.text:strncpy)
                  00002a7e    00000002     --HOLE-- [fill = 0]
                  00002a80    00000034     msp432p4xx_driverlib.lib : timer32.o (.text:Timer32_setCount)
                  00002ab4    00000034     rtsv7M4_T_le_v4SPD16_eabi.lib : fopen.c.obj (.text:__TI_cleanup)
                  00002ae8    00000034                                   : trgmsg.c.obj (.text:__TI_readmsg)
                  00002b1c    00000030                                   : getdevice.c.obj (.text:finddevice)
                  00002b4c    0000002e                                   : i_tofd_t2.asm.obj (.text)
                  00002b7a    00000002     --HOLE-- [fill = 0]
                  00002b7c    0000002c     main.obj (.text:Timer32_IRQHandler)
                  00002ba8    0000002c     rtsv7M4_T_le_v4SPD16_eabi.lib : unlink.c.obj (.text:unlink)
                  00002bd4    00000028                                   : lseek.c.obj (.text:lseek)
                  00002bfc    00000028                                   : memory.c.obj (.text:mremove)
                  00002c24    00000028                                   : write.c.obj (.text:write)
                  00002c4c    00000024     msp432p4xx_driverlib.lib : wdt_a.o (.text:WDT_A_holdTimer)
                  00002c70    00000020     rtsv7M4_T_le_v4SPD16_eabi.lib : memchr.c.obj (.text:memchr)
                  00002c90    0000001c                                   : memccpy.c.obj (.text:memccpy)
                  00002cac    00000018                                   : strcmp.c.obj (.text:strcmp)
                  00002cc4    00000016     msp432p4xx_driverlib.lib : timer32.o (.text:Timer32_registerInterrupt)
                  00002cda    00000016     rtsv7M4_T_le_v4SPD16_eabi.lib : strchr.c.obj (.text:strchr)
                  00002cf0    00000014     msp432p4xx_driverlib.lib : timer32.o (.text:Timer32_clearInterruptFlag)
                  00002d04    00000014                              : timer32.o (.text:Timer32_enableInterrupt)
                  00002d18    00000014     rtsv7M4_T_le_v4SPD16_eabi.lib : s_copysign.c.obj (.text:copysign)
                  00002d2c    00000014                                   : strcpy.c.obj (.text:strcpy)
                  00002d40    00000014                                   : strlen.c.obj (.text:strlen)
                  00002d54    00000012                                   : copy_zero_init.c.obj (.text:decompress:ZI:__TI_zero_init_nomemset:__TI_zero_init_nomemset)
                  00002d66    00000012                                   : wcslen.c.obj (.text:wcslen)
                  00002d78    0000000e                                   : copy_decompress_none.c.obj (.text:decompress:none:__TI_decompress_none)
                  00002d86    0000000c     startup_msp432p401r_ccs.obj (.text:Reset_Handler)
                  00002d92    00000002     --HOLE-- [fill = 0]
                  00002d94    00000008     rtsv7M4_T_le_v4SPD16_eabi.lib : errno.c.obj (.text:__aeabi_errno_addr)
                  00002d9c    00000004                                   : printf.c.obj (.text:_outc)
                  00002da0    00000004                                   : printf.c.obj (.text:_outs)
                  00002da4    00000004                                   : pre_init.c.obj (.text:_system_pre_init)
                  00002da8    00000004                                   : exit.c.obj (.text:abort:abort)

.const     0    00002dac    0000013c     
                  00002dac    00000101     rtsv7M4_T_le_v4SPD16_eabi.lib : ctype.c.obj (.const:.string:_ctypes_)
                  00002ead    00000003     --HOLE-- [fill = 0]
                  00002eb0    00000030     msp432p4xx_driverlib.lib : gpio.o (.const:GPIO_PORT_TO_BASE)
                  00002ee0    00000008                              : interrupt.o (.const:g_pulEnRegs)

.cinit     0    00002ee8    000001b8     
                  00002ee8    00000184     (.cinit..data.load) [load image, compression = lzss]
                  0000306c    0000000c     (__TI_handler_table)
                  00003078    00000008     (.cinit..bss.load) [load image, compression = zero_init]
                  00003080    00000008     (.cinit..vtable.load) [load image, compression = zero_init]
                  00003088    00000018     (__TI_cinit_table)

.init_array 
*          0    00000000    00000000     UNINITIALIZED

.binit     0    00000000    00000000     

.vtable    0    20000000    000000e8     UNINITIALIZED
                  20000000    000000e8     msp432p4xx_driverlib.lib : interrupt.o (.vtable)

.sysmem    0    200000e8    00000800     UNINITIALIZED
                  200000e8    00000008     rtsv7M4_T_le_v4SPD16_eabi.lib : memory.c.obj (.sysmem)
                  200000f0    000007f8     --HOLE--

.data      0    200008e8    000002ed     UNINITIALIZED
                  200008e8    00000100     main.obj (.data:data)
                  200009e8    000000f0     rtsv7M4_T_le_v4SPD16_eabi.lib : defs.c.obj (.data:_ftable)
                  20000ad8    00000078                                   : write.c.obj (.data:_device)
                  20000b50    00000050                                   : write.c.obj (.data:_stream)
                  20000ba0    00000010                                   : defs.c.obj (.data)
                  20000bb0    0000000c                                   : exit.c.obj (.data:$O1$$)
                  20000bbc    0000000c                                   : memory.c.obj (.data:$O1$$)
                  20000bc8    00000008                                   : _lock.c.obj (.data:$O1$$)
                  20000bd0    00000004                                   : errno.c.obj (.data)
                  20000bd4    00000001     main.obj (.data)

.bss       0    20000bd8    000001c8     UNINITIALIZED
                  20000bd8    00000120     rtsv7M4_T_le_v4SPD16_eabi.lib : trgmsg.c.obj (.bss:_CIOBUF_)
                  20000cf8    000000a0     (.common:__TI_tmpnams)
                  20000d98    00000008     (.common:parmbuf)

.stack     0    2000fe00    00000200     UNINITIALIZED
                  2000fe00    00000004     rtsv7M4_T_le_v4SPD16_eabi.lib : boot_cortex_m.c.obj (.stack)
                  2000fe04    000001fc     --HOLE--

MODULE SUMMARY

       Module                        code    ro data   rw data
       ------                        ----    -------   -------
    .\
       main.obj                      178     0         514    
       system_msp432p401r.obj        120     0         0      
    +--+-----------------------------+-------+---------+---------+
       Total:                        298     0         514    
                                                              
    .\ccs\
       startup_msp432p401r_ccs.obj   14      228       0      
    +--+-----------------------------+-------+---------+---------+
       Total:                        14      228       0      
                                                              
    C:/ti/simplelink_msp432p4_sdk_2_30_00_14/source/ti/devices/msp432p4xx/driverlib/ccs/msp432p4xx_driverlib.lib
       interrupt.o                   220     8         464    
       timer32.o                     274     0         0      
       gpio.o                        64      48        0      
       wdt_a.o                       36      0         0      
    +--+-----------------------------+-------+---------+---------+
       Total:                        594     56        464    
                                                              
    C:\ti\ccs830\ccsv8\tools\compiler\ti-cgt-arm_18.1.4.LTS\lib\rtsv7M4_T_le_v4SPD16_eabi.lib
       _printfi.c.obj                4867    0         0      
       defs.c.obj                    0       0         832    
       trgmsg.c.obj                  108     0         576    
       memory.c.obj                  492     0         24     
       write.c.obj                   40      0         400    
       fd_add_t2.asm.obj             438     0         0      
       fd_div_t2.asm.obj             310     0         0      
       fputs.c.obj                   276     0         0      
       s_scalbn.c.obj                272     0         0      
       fd_cmp_t2.asm.obj             268     0         0      
       ctype.c.obj                   0       257       0      
       fd_mul_t2.asm.obj             252     0         0      
       setvbuf.c.obj                 220     0         0      
       memcpy_t2.asm.obj             156     0         0      
       ull_div_t2.asm.obj            150     0         0      
       fputc.c.obj                   140     0         0      
       memset_t2.asm.obj             122     0         0      
       fclose.c.obj                  116     0         0      
       getdevice.c.obj               116     0         0      
       hostopen.c.obj                96      0         16     
       printf.c.obj                  112     0         0      
       copy_decompress_lzss.c.obj    104     0         0      
       hostlseek.c.obj               104     0         0      
       hostrename.c.obj              104     0         0      
       exit.c.obj                    76      0         24     
       fseek.c.obj                   100     0         0      
       s_frexp.c.obj                 100     0         0      
       _io_perm.c.obj                98      0         0      
       close.c.obj                   92      0         0      
       hostread.c.obj                88      0         0      
       hostwrite.c.obj               88      0         0      
       ltoa.c.obj                    84      0         0      
       atoi.c.obj                    76      0         0      
       fflush.c.obj                  76      0         0      
       fd_toi_t2.asm.obj             72      0         0      
       autoinit.c.obj                68      0         0      
       hostclose.c.obj               68      0         0      
       hostunlink.c.obj              68      0         0      
       boot_cortex_m.c.obj           56      0         0      
       strncpy.c.obj                 54      0         0      
       fopen.c.obj                   52      0         0      
       i_tofd_t2.asm.obj             46      0         0      
       unlink.c.obj                  44      0         0      
       lseek.c.obj                   40      0         0      
       memchr.c.obj                  32      0         0      
       memccpy.c.obj                 28      0         0      
       strcmp.c.obj                  24      0         0      
       strchr.c.obj                  22      0         0      
       s_copysign.c.obj              20      0         0      
       strcpy.c.obj                  20      0         0      
       strlen.c.obj                  20      0         0      
       _lock.c.obj                   2       0         16     
       copy_zero_init.c.obj          18      0         0      
       wcslen.c.obj                  18      0         0      
       errno.c.obj                   8       0         8      
       copy_decompress_none.c.obj    14      0         0      
       pre_init.c.obj                4       0         0      
       div0.asm.obj                  2       0         0      
    +--+-----------------------------+-------+---------+---------+
       Total:                        10541   257       1896   
                                                              
       Heap:                         0       0         4096   
       Stack:                        0       0         1024   
       Linker Generated:             0       440       0      
    +--+-----------------------------+-------+---------+---------+
       Grand Total:                  11447   981       7994   


LINKER GENERATED COPY TABLES

__TI_cinit_table @ 00003088 records: 3, size/record: 8, table size: 24
	.data: load addr=00002ee8, load size=00000184 bytes, run addr=200008e8, run size=000002ed bytes, compression=lzss
	.bss: load addr=00003078, load size=00000008 bytes, run addr=20000bd8, run size=000001c8 bytes, compression=zero_init
	.vtable: load addr=00003080, load size=00000008 bytes, run addr=20000000, run size=000000e8 bytes, compression=zero_init


LINKER GENERATED HANDLER TABLE

__TI_handler_table @ 0000306c records: 3, size/record: 4, table size: 12
	index: 0, handler: __TI_zero_init
	index: 1, handler: __TI_decompress_lzss
	index: 2, handler: __TI_decompress_none


GLOBAL SYMBOLS: SORTED ALPHABETICALLY BY Name 

address   name                           
-------   ----                           
00000b43  ADC14_IRQHandler               
00000b43  AES256_IRQHandler              
00000b43  BusFault_Handler               
00002da9  C$$EXIT                        
000029cf  C$$IO$$                        
00000b43  COMP_E0_IRQHandler             
00000b43  COMP_E1_IRQHandler             
00000b43  CS_IRQHandler                  
00000b43  DMA_ERR_IRQHandler             
00000b43  DMA_INT0_IRQHandler            
00000b43  DMA_INT1_IRQHandler            
00000b43  DMA_INT2_IRQHandler            
00000b43  DMA_INT3_IRQHandler            
00000b43  DebugMon_Handler               
00000b43  Default_Handler                
00000b43  EUSCIA0_IRQHandler             
00000b43  EUSCIA1_IRQHandler             
00000b43  EUSCIA2_IRQHandler             
00000b43  EUSCIA3_IRQHandler             
00000b43  EUSCIB0_IRQHandler             
00000b43  EUSCIB1_IRQHandler             
00000b43  EUSCIB2_IRQHandler             
00000b43  EUSCIB3_IRQHandler             
00000b43  FLCTL_IRQHandler               
00000b43  FPU_IRQHandler                 
00002875  GPIO_setAsOutputPin            
00002765  HOSTclose                      
00001ff5  HOSTlseek                      
00002329  HOSTopen                       
00002441  HOSTread                       
0000205d  HOSTrename                     
000027a9  HOSTunlink                     
00002499  HOSTwrite                      
00000b43  HardFault_Handler              
00002931  Initialize_Timer32             
00001d25  Interrupt_enableInterrupt      
00002389  Interrupt_registerInterrupt    
00000b43  MemManage_Handler              
00000b43  NMI_Handler                    
00000b43  PCM_IRQHandler                 
00000b43  PORT1_IRQHandler               
00000b43  PORT2_IRQHandler               
00000b43  PORT3_IRQHandler               
00000b43  PORT4_IRQHandler               
00000b43  PORT5_IRQHandler               
00000b43  PORT6_IRQHandler               
00000b43  PSS_IRQHandler                 
00000b43  PendSV_Handler                 
00000b43  RTC_C_IRQHandler               
00002d87  Reset_Handler                  
00000b43  SVC_Handler                    
00000b43  SysTick_Handler                
00001e21  SystemInit                     
00000b43  T32_INT1_IRQHandler            
00000b43  T32_INT2_IRQHandler            
00000b43  T32_INTC_IRQHandler            
00000b43  TA0_0_IRQHandler               
00000b43  TA0_N_IRQHandler               
00000b43  TA1_0_IRQHandler               
00000b43  TA1_N_IRQHandler               
00000b43  TA2_0_IRQHandler               
00000b43  TA2_N_IRQHandler               
00000b43  TA3_0_IRQHandler               
00000b43  TA3_N_IRQHandler               
00002b7d  Timer32_IRQHandler             
00002cf1  Timer32_clearInterruptFlag     
00002d05  Timer32_enableInterrupt        
000020c5  Timer32_initModule             
00002cc5  Timer32_registerInterrupt      
00002a81  Timer32_setCount               
00002969  Timer32_startTimer             
00000b43  UsageFault_Handler             
4000480c  WDTCTL_SYM                     
00000b43  WDT_A_IRQHandler               
00002c4d  WDT_A_holdTimer                
20000bd8  __CIOBUF_                      
20010000  __STACK_END                    
00000200  __STACK_SIZE                   
00000800  __SYSMEM_SIZE                  
00003088  __TI_CINIT_Base                
000030a0  __TI_CINIT_Limit               
0000306c  __TI_Handler_Table_Base        
00003078  __TI_Handler_Table_Limit       
000027ed  __TI_auto_init_nobinit_nopinit 
00002ab5  __TI_cleanup                   
20000bb0  __TI_cleanup_ptr               
00001f11  __TI_closefile                 
0000212d  __TI_decompress_lzss           
00002d79  __TI_decompress_none           
0000263b  __TI_doflush                   
20000bb4  __TI_dtors_ptr                 
20000bb8  __TI_enable_exit_profile_output
20000ba0  __TI_ft_end                    
ffffffff  __TI_pprof_out_hndl            
000000e5  __TI_printfi                   
ffffffff  __TI_prof_data_size            
ffffffff  __TI_prof_data_start           
00002ae9  __TI_readmsg                   
00000000  __TI_static_base__             
20000cf8  __TI_tmpnams                   
000029a1  __TI_writemsg                  
000022c5  __TI_wrt_ok                    
00002d55  __TI_zero_init_nomemset        
00001c19  __aeabi_cdcmpeq                
00001c19  __aeabi_cdcmple                
00001c9f  __aeabi_cdrcmple               
0000271d  __aeabi_d2iz                   
00000f8f  __aeabi_dadd                   
00001279  __aeabi_ddiv                   
000016f9  __aeabi_dmul                   
00000f85  __aeabi_dsub                   
00002d95  __aeabi_errno_addr             
00002b4d  __aeabi_i2d                    
000013af  __aeabi_idiv0                  
000013af  __aeabi_ldiv0                  
00001da5  __aeabi_memclr                 
00001da5  __aeabi_memclr4                
00001da5  __aeabi_memclr8                
00001a5b  __aeabi_memcpy                 
00001a5b  __aeabi_memcpy4                
00001a5b  __aeabi_memcpy8                
00001da7  __aeabi_memset                 
00001da7  __aeabi_memset4                
00001da7  __aeabi_memset8                
20000bac  __aeabi_stderr                 
20000ba4  __aeabi_stdin                  
20000ba8  __aeabi_stdout                 
00001af7  __aeabi_uldivmod               
ffffffff  __binit__                      
ffffffff  __c_args__                     
UNDEFED   __mpu_init                     
2000fe00  __stack                        
000029d9  _c_int00_noargs                
00002dac  _ctypes_                       
20000ad8  _device                        
200009e8  _ftable                        
20000bc8  _lock                          
0000113b  _nop                           
20000b50  _stream                        
200000e8  _sys_memory                    
UNDEFED   _system_post_cinit             
00002da5  _system_pre_init               
20000bcc  _unlock                        
00002da9  abort                          
00002689  atoi                           
ffffffff  binit                          
000023e5  close                          
20000bd4  cnt                            
00002d19  copysign                       
00002d19  copysignl                      
200008e8  data                           
20000bd0  errno                          
000026d5  exit                           
00002b1d  finddevice                     
00001b8d  fputc                          
000014d5  fputs                          
000018d1  free                           
000021fd  frexp                          
000021fd  frexpl                         
00002261  fseek                          
20000000  g_pfnRAMVectors                
00002831  getdevice                      
00000000  interruptVectors               
000015e9  ldexp                          
000015e9  ldexpl                         
00002bd5  lseek                          
00002547  ltoa                           
000025ed  main                           
00001e99  malloc                         
00002c91  memccpy                        
00002c71  memchr                         
00001a5b  memcpy                         
00001dad  memset                         
00002a11  minit                          
20000d98  parmbuf                        
00002195  printf                         
00001b8d  putc                           
00002ba9  remove                         
000015e9  scalbn                         
000015e9  scalbnl                        
000017f5  setvbuf                        
00002cdb  strchr                         
00002cad  strcmp                         
00002d2d  strcpy                         
00002d41  strlen                         
00002a49  strncpy                        
00002ba9  unlink                         
00002d67  wcslen                         
00002c25  write                          


GLOBAL SYMBOLS: SORTED BY Symbol Address 

address   name                           
-------   ----                           
00000000  __TI_static_base__             
00000000  interruptVectors               
000000e5  __TI_printfi                   
00000200  __STACK_SIZE                   
00000800  __SYSMEM_SIZE                  
00000b43  ADC14_IRQHandler               
00000b43  AES256_IRQHandler              
00000b43  BusFault_Handler               
00000b43  COMP_E0_IRQHandler             
00000b43  COMP_E1_IRQHandler             
00000b43  CS_IRQHandler                  
00000b43  DMA_ERR_IRQHandler             
00000b43  DMA_INT0_IRQHandler            
00000b43  DMA_INT1_IRQHandler            
00000b43  DMA_INT2_IRQHandler            
00000b43  DMA_INT3_IRQHandler            
00000b43  DebugMon_Handler               
00000b43  Default_Handler                
00000b43  EUSCIA0_IRQHandler             
00000b43  EUSCIA1_IRQHandler             
00000b43  EUSCIA2_IRQHandler             
00000b43  EUSCIA3_IRQHandler             
00000b43  EUSCIB0_IRQHandler             
00000b43  EUSCIB1_IRQHandler             
00000b43  EUSCIB2_IRQHandler             
00000b43  EUSCIB3_IRQHandler             
00000b43  FLCTL_IRQHandler               
00000b43  FPU_IRQHandler                 
00000b43  HardFault_Handler              
00000b43  MemManage_Handler              
00000b43  NMI_Handler                    
00000b43  PCM_IRQHandler                 
00000b43  PORT1_IRQHandler               
00000b43  PORT2_IRQHandler               
00000b43  PORT3_IRQHandler               
00000b43  PORT4_IRQHandler               
00000b43  PORT5_IRQHandler               
00000b43  PORT6_IRQHandler               
00000b43  PSS_IRQHandler                 
00000b43  PendSV_Handler                 
00000b43  RTC_C_IRQHandler               
00000b43  SVC_Handler                    
00000b43  SysTick_Handler                
00000b43  T32_INT1_IRQHandler            
00000b43  T32_INT2_IRQHandler            
00000b43  T32_INTC_IRQHandler            
00000b43  TA0_0_IRQHandler               
00000b43  TA0_N_IRQHandler               
00000b43  TA1_0_IRQHandler               
00000b43  TA1_N_IRQHandler               
00000b43  TA2_0_IRQHandler               
00000b43  TA2_N_IRQHandler               
00000b43  TA3_0_IRQHandler               
00000b43  TA3_N_IRQHandler               
00000b43  UsageFault_Handler             
00000b43  WDT_A_IRQHandler               
00000f85  __aeabi_dsub                   
00000f8f  __aeabi_dadd                   
0000113b  _nop                           
00001279  __aeabi_ddiv                   
000013af  __aeabi_idiv0                  
000013af  __aeabi_ldiv0                  
000014d5  fputs                          
000015e9  ldexp                          
000015e9  ldexpl                         
000015e9  scalbn                         
000015e9  scalbnl                        
000016f9  __aeabi_dmul                   
000017f5  setvbuf                        
000018d1  free                           
00001a5b  __aeabi_memcpy                 
00001a5b  __aeabi_memcpy4                
00001a5b  __aeabi_memcpy8                
00001a5b  memcpy                         
00001af7  __aeabi_uldivmod               
00001b8d  fputc                          
00001b8d  putc                           
00001c19  __aeabi_cdcmpeq                
00001c19  __aeabi_cdcmple                
00001c9f  __aeabi_cdrcmple               
00001d25  Interrupt_enableInterrupt      
00001da5  __aeabi_memclr                 
00001da5  __aeabi_memclr4                
00001da5  __aeabi_memclr8                
00001da7  __aeabi_memset                 
00001da7  __aeabi_memset4                
00001da7  __aeabi_memset8                
00001dad  memset                         
00001e21  SystemInit                     
00001e99  malloc                         
00001f11  __TI_closefile                 
00001ff5  HOSTlseek                      
0000205d  HOSTrename                     
000020c5  Timer32_initModule             
0000212d  __TI_decompress_lzss           
00002195  printf                         
000021fd  frexp                          
000021fd  frexpl                         
00002261  fseek                          
000022c5  __TI_wrt_ok                    
00002329  HOSTopen                       
00002389  Interrupt_registerInterrupt    
000023e5  close                          
00002441  HOSTread                       
00002499  HOSTwrite                      
00002547  ltoa                           
000025ed  main                           
0000263b  __TI_doflush                   
00002689  atoi                           
000026d5  exit                           
0000271d  __aeabi_d2iz                   
00002765  HOSTclose                      
000027a9  HOSTunlink                     
000027ed  __TI_auto_init_nobinit_nopinit 
00002831  getdevice                      
00002875  GPIO_setAsOutputPin            
00002931  Initialize_Timer32             
00002969  Timer32_startTimer             
000029a1  __TI_writemsg                  
000029cf  C$$IO$$                        
000029d9  _c_int00_noargs                
00002a11  minit                          
00002a49  strncpy                        
00002a81  Timer32_setCount               
00002ab5  __TI_cleanup                   
00002ae9  __TI_readmsg                   
00002b1d  finddevice                     
00002b4d  __aeabi_i2d                    
00002b7d  Timer32_IRQHandler             
00002ba9  remove                         
00002ba9  unlink                         
00002bd5  lseek                          
00002c25  write                          
00002c4d  WDT_A_holdTimer                
00002c71  memchr                         
00002c91  memccpy                        
00002cad  strcmp                         
00002cc5  Timer32_registerInterrupt      
00002cdb  strchr                         
00002cf1  Timer32_clearInterruptFlag     
00002d05  Timer32_enableInterrupt        
00002d19  copysign                       
00002d19  copysignl                      
00002d2d  strcpy                         
00002d41  strlen                         
00002d55  __TI_zero_init_nomemset        
00002d67  wcslen                         
00002d79  __TI_decompress_none           
00002d87  Reset_Handler                  
00002d95  __aeabi_errno_addr             
00002da5  _system_pre_init               
00002da9  C$$EXIT                        
00002da9  abort                          
00002dac  _ctypes_                       
0000306c  __TI_Handler_Table_Base        
00003078  __TI_Handler_Table_Limit       
00003088  __TI_CINIT_Base                
000030a0  __TI_CINIT_Limit               
20000000  g_pfnRAMVectors                
200000e8  _sys_memory                    
200008e8  data                           
200009e8  _ftable                        
20000ad8  _device                        
20000b50  _stream                        
20000ba0  __TI_ft_end                    
20000ba4  __aeabi_stdin                  
20000ba8  __aeabi_stdout                 
20000bac  __aeabi_stderr                 
20000bb0  __TI_cleanup_ptr               
20000bb4  __TI_dtors_ptr                 
20000bb8  __TI_enable_exit_profile_output
20000bc8  _lock                          
20000bcc  _unlock                        
20000bd0  errno                          
20000bd4  cnt                            
20000bd8  __CIOBUF_                      
20000cf8  __TI_tmpnams                   
20000d98  parmbuf                        
2000fe00  __stack                        
20010000  __STACK_END                    
4000480c  WDTCTL_SYM                     
ffffffff  __TI_pprof_out_hndl            
ffffffff  __TI_prof_data_size            
ffffffff  __TI_prof_data_start           
ffffffff  __binit__                      
ffffffff  __c_args__                     
ffffffff  binit                          
UNDEFED   __mpu_init                     
UNDEFED   _system_post_cinit             

[189 symbols]
