<?xml version="1.0" encoding="ISO-8859-1" ?>
<link_info>
   <banner>TI ARM Linker PC v18.1.4.LTS</banner>
   <copyright>Copyright (c) 1996-2018 Texas Instruments Incorporated</copyright>
   <link_time>0x5c5dea73</link_time>
   <link_errors>0x0</link_errors>
   <output_file>ADC_Lab2b_internal_temp.out</output_file>
   <entry_point>
      <name>_c_int00_noargs</name>
      <address>0x2ced</address>
   </entry_point>
   <input_file_list>
      <input_file id="fl-2">
         <path>.\</path>
         <kind>object</kind>
         <file>main.obj</file>
         <name>main.obj</name>
      </input_file>
      <input_file id="fl-3">
         <path>.\</path>
         <kind>object</kind>
         <file>system_msp432p401r.obj</file>
         <name>system_msp432p401r.obj</name>
      </input_file>
      <input_file id="fl-4">
         <path>.\ccs\</path>
         <kind>object</kind>
         <file>startup_msp432p401r_ccs.obj</file>
         <name>startup_msp432p401r_ccs.obj</name>
      </input_file>
      <input_file id="fl-e">
         <kind>object</kind>
         <file>&lt;internal&gt;</file>
         <name>&lt;internal&gt;</name>
      </input_file>
      <input_file id="fl-f">
         <path>C:\ti\simplelink_msp432p4_sdk_2_30_00_14\source\ti\devices\msp432p4xx\driverlib\ccs\</path>
         <kind>archive</kind>
         <file>msp432p4xx_driverlib.lib</file>
         <name>adc14.o</name>
      </input_file>
      <input_file id="fl-10">
         <path>C:\ti\simplelink_msp432p4_sdk_2_30_00_14\source\ti\devices\msp432p4xx\driverlib\ccs\</path>
         <kind>archive</kind>
         <file>msp432p4xx_driverlib.lib</file>
         <name>fpu.o</name>
      </input_file>
      <input_file id="fl-11">
         <path>C:\ti\simplelink_msp432p4_sdk_2_30_00_14\source\ti\devices\msp432p4xx\driverlib\ccs\</path>
         <kind>archive</kind>
         <file>msp432p4xx_driverlib.lib</file>
         <name>interrupt.o</name>
      </input_file>
      <input_file id="fl-12">
         <path>C:\ti\simplelink_msp432p4_sdk_2_30_00_14\source\ti\devices\msp432p4xx\driverlib\ccs\</path>
         <kind>archive</kind>
         <file>msp432p4xx_driverlib.lib</file>
         <name>pcm.o</name>
      </input_file>
      <input_file id="fl-13">
         <path>C:\ti\simplelink_msp432p4_sdk_2_30_00_14\source\ti\devices\msp432p4xx\driverlib\ccs\</path>
         <kind>archive</kind>
         <file>msp432p4xx_driverlib.lib</file>
         <name>ref_a.o</name>
      </input_file>
      <input_file id="fl-14">
         <path>C:\ti\simplelink_msp432p4_sdk_2_30_00_14\source\ti\devices\msp432p4xx\driverlib\ccs\</path>
         <kind>archive</kind>
         <file>msp432p4xx_driverlib.lib</file>
         <name>rtc_c.o</name>
      </input_file>
      <input_file id="fl-15">
         <path>C:\ti\simplelink_msp432p4_sdk_2_30_00_14\source\ti\devices\msp432p4xx\driverlib\ccs\</path>
         <kind>archive</kind>
         <file>msp432p4xx_driverlib.lib</file>
         <name>sysctl.o</name>
      </input_file>
      <input_file id="fl-16">
         <path>C:\ti\simplelink_msp432p4_sdk_2_30_00_14\source\ti\devices\msp432p4xx\driverlib\ccs\</path>
         <kind>archive</kind>
         <file>msp432p4xx_driverlib.lib</file>
         <name>wdt_a.o</name>
      </input_file>
      <input_file id="fl-17">
         <path>C:\ti\simplelink_msp432p4_sdk_2_30_00_14\source\ti\devices\msp432p4xx\driverlib\ccs\</path>
         <kind>archive</kind>
         <file>msp432p4xx_driverlib.lib</file>
         <name>cpu.o</name>
      </input_file>
      <input_file id="fl-18">
         <path>C:\ti\simplelink_msp432p4_sdk_2_30_00_14\source\ti\devices\msp432p4xx\driverlib\ccs\</path>
         <kind>archive</kind>
         <file>msp432p4xx_driverlib.lib</file>
         <name>sysctl_a.o</name>
      </input_file>
      <input_file id="fl-ce">
         <path>C:\ti\ccs830\ccsv8\tools\compiler\ti-cgt-arm_18.1.4.LTS\lib\</path>
         <kind>archive</kind>
         <file>rtsv7M4_T_le_v4SPD16_eabi.lib</file>
         <name>fs_tod_t2.asm.obj</name>
      </input_file>
      <input_file id="fl-cf">
         <path>C:\ti\ccs830\ccsv8\tools\compiler\ti-cgt-arm_18.1.4.LTS\lib\</path>
         <kind>archive</kind>
         <file>rtsv7M4_T_le_v4SPD16_eabi.lib</file>
         <name>copy_zero_init.c.obj</name>
      </input_file>
      <input_file id="fl-d0">
         <path>C:\ti\ccs830\ccsv8\tools\compiler\ti-cgt-arm_18.1.4.LTS\lib\</path>
         <kind>archive</kind>
         <file>rtsv7M4_T_le_v4SPD16_eabi.lib</file>
         <name>copy_decompress_none.c.obj</name>
      </input_file>
      <input_file id="fl-d1">
         <path>C:\ti\ccs830\ccsv8\tools\compiler\ti-cgt-arm_18.1.4.LTS\lib\</path>
         <kind>archive</kind>
         <file>rtsv7M4_T_le_v4SPD16_eabi.lib</file>
         <name>copy_decompress_lzss.c.obj</name>
      </input_file>
      <input_file id="fl-d2">
         <path>C:\ti\ccs830\ccsv8\tools\compiler\ti-cgt-arm_18.1.4.LTS\lib\</path>
         <kind>archive</kind>
         <file>rtsv7M4_T_le_v4SPD16_eabi.lib</file>
         <name>boot_cortex_m.c.obj</name>
      </input_file>
      <input_file id="fl-d3">
         <path>C:\ti\ccs830\ccsv8\tools\compiler\ti-cgt-arm_18.1.4.LTS\lib\</path>
         <kind>archive</kind>
         <file>rtsv7M4_T_le_v4SPD16_eabi.lib</file>
         <name>exit.c.obj</name>
      </input_file>
      <input_file id="fl-d4">
         <path>C:\ti\ccs830\ccsv8\tools\compiler\ti-cgt-arm_18.1.4.LTS\lib\</path>
         <kind>archive</kind>
         <file>rtsv7M4_T_le_v4SPD16_eabi.lib</file>
         <name>_lock.c.obj</name>
      </input_file>
      <input_file id="fl-d5">
         <path>C:\ti\ccs830\ccsv8\tools\compiler\ti-cgt-arm_18.1.4.LTS\lib\</path>
         <kind>archive</kind>
         <file>rtsv7M4_T_le_v4SPD16_eabi.lib</file>
         <name>args_main.c.obj</name>
      </input_file>
      <input_file id="fl-d6">
         <path>C:\ti\ccs830\ccsv8\tools\compiler\ti-cgt-arm_18.1.4.LTS\lib\</path>
         <kind>archive</kind>
         <file>rtsv7M4_T_le_v4SPD16_eabi.lib</file>
         <name>printf.c.obj</name>
      </input_file>
      <input_file id="fl-d7">
         <path>C:\ti\ccs830\ccsv8\tools\compiler\ti-cgt-arm_18.1.4.LTS\lib\</path>
         <kind>archive</kind>
         <file>rtsv7M4_T_le_v4SPD16_eabi.lib</file>
         <name>memcpy_t2.asm.obj</name>
      </input_file>
      <input_file id="fl-d8">
         <path>C:\ti\ccs830\ccsv8\tools\compiler\ti-cgt-arm_18.1.4.LTS\lib\</path>
         <kind>archive</kind>
         <file>rtsv7M4_T_le_v4SPD16_eabi.lib</file>
         <name>memset_t2.asm.obj</name>
      </input_file>
      <input_file id="fl-d9">
         <path>C:\ti\ccs830\ccsv8\tools\compiler\ti-cgt-arm_18.1.4.LTS\lib\</path>
         <kind>archive</kind>
         <file>rtsv7M4_T_le_v4SPD16_eabi.lib</file>
         <name>autoinit.c.obj</name>
      </input_file>
      <input_file id="fl-da">
         <path>C:\ti\ccs830\ccsv8\tools\compiler\ti-cgt-arm_18.1.4.LTS\lib\</path>
         <kind>archive</kind>
         <file>rtsv7M4_T_le_v4SPD16_eabi.lib</file>
         <name>pre_init.c.obj</name>
      </input_file>
      <input_file id="fl-db">
         <path>C:\ti\ccs830\ccsv8\tools\compiler\ti-cgt-arm_18.1.4.LTS\lib\</path>
         <kind>archive</kind>
         <file>rtsv7M4_T_le_v4SPD16_eabi.lib</file>
         <name>cpy_tbl.c.obj</name>
      </input_file>
      <input_file id="fl-dc">
         <path>C:\ti\ccs830\ccsv8\tools\compiler\ti-cgt-arm_18.1.4.LTS\lib\</path>
         <kind>archive</kind>
         <file>rtsv7M4_T_le_v4SPD16_eabi.lib</file>
         <name>_printfi.c.obj</name>
      </input_file>
      <input_file id="fl-dd">
         <path>C:\ti\ccs830\ccsv8\tools\compiler\ti-cgt-arm_18.1.4.LTS\lib\</path>
         <kind>archive</kind>
         <file>rtsv7M4_T_le_v4SPD16_eabi.lib</file>
         <name>atoi.c.obj</name>
      </input_file>
      <input_file id="fl-de">
         <path>C:\ti\ccs830\ccsv8\tools\compiler\ti-cgt-arm_18.1.4.LTS\lib\</path>
         <kind>archive</kind>
         <file>rtsv7M4_T_le_v4SPD16_eabi.lib</file>
         <name>ctype.c.obj</name>
      </input_file>
      <input_file id="fl-df">
         <path>C:\ti\ccs830\ccsv8\tools\compiler\ti-cgt-arm_18.1.4.LTS\lib\</path>
         <kind>archive</kind>
         <file>rtsv7M4_T_le_v4SPD16_eabi.lib</file>
         <name>defs.c.obj</name>
      </input_file>
      <input_file id="fl-e0">
         <path>C:\ti\ccs830\ccsv8\tools\compiler\ti-cgt-arm_18.1.4.LTS\lib\</path>
         <kind>archive</kind>
         <file>rtsv7M4_T_le_v4SPD16_eabi.lib</file>
         <name>fputc.c.obj</name>
      </input_file>
      <input_file id="fl-e1">
         <path>C:\ti\ccs830\ccsv8\tools\compiler\ti-cgt-arm_18.1.4.LTS\lib\</path>
         <kind>archive</kind>
         <file>rtsv7M4_T_le_v4SPD16_eabi.lib</file>
         <name>fputs.c.obj</name>
      </input_file>
      <input_file id="fl-e2">
         <path>C:\ti\ccs830\ccsv8\tools\compiler\ti-cgt-arm_18.1.4.LTS\lib\</path>
         <kind>archive</kind>
         <file>rtsv7M4_T_le_v4SPD16_eabi.lib</file>
         <name>ltoa.c.obj</name>
      </input_file>
      <input_file id="fl-e3">
         <path>C:\ti\ccs830\ccsv8\tools\compiler\ti-cgt-arm_18.1.4.LTS\lib\</path>
         <kind>archive</kind>
         <file>rtsv7M4_T_le_v4SPD16_eabi.lib</file>
         <name>memccpy.c.obj</name>
      </input_file>
      <input_file id="fl-e4">
         <path>C:\ti\ccs830\ccsv8\tools\compiler\ti-cgt-arm_18.1.4.LTS\lib\</path>
         <kind>archive</kind>
         <file>rtsv7M4_T_le_v4SPD16_eabi.lib</file>
         <name>memchr.c.obj</name>
      </input_file>
      <input_file id="fl-e5">
         <path>C:\ti\ccs830\ccsv8\tools\compiler\ti-cgt-arm_18.1.4.LTS\lib\</path>
         <kind>archive</kind>
         <file>rtsv7M4_T_le_v4SPD16_eabi.lib</file>
         <name>strchr.c.obj</name>
      </input_file>
      <input_file id="fl-e6">
         <path>C:\ti\ccs830\ccsv8\tools\compiler\ti-cgt-arm_18.1.4.LTS\lib\</path>
         <kind>archive</kind>
         <file>rtsv7M4_T_le_v4SPD16_eabi.lib</file>
         <name>strlen.c.obj</name>
      </input_file>
      <input_file id="fl-e7">
         <path>C:\ti\ccs830\ccsv8\tools\compiler\ti-cgt-arm_18.1.4.LTS\lib\</path>
         <kind>archive</kind>
         <file>rtsv7M4_T_le_v4SPD16_eabi.lib</file>
         <name>write.c.obj</name>
      </input_file>
      <input_file id="fl-e8">
         <path>C:\ti\ccs830\ccsv8\tools\compiler\ti-cgt-arm_18.1.4.LTS\lib\</path>
         <kind>archive</kind>
         <file>rtsv7M4_T_le_v4SPD16_eabi.lib</file>
         <name>wcslen.c.obj</name>
      </input_file>
      <input_file id="fl-e9">
         <path>C:\ti\ccs830\ccsv8\tools\compiler\ti-cgt-arm_18.1.4.LTS\lib\</path>
         <kind>archive</kind>
         <file>rtsv7M4_T_le_v4SPD16_eabi.lib</file>
         <name>s_frexp.c.obj</name>
      </input_file>
      <input_file id="fl-ea">
         <path>C:\ti\ccs830\ccsv8\tools\compiler\ti-cgt-arm_18.1.4.LTS\lib\</path>
         <kind>archive</kind>
         <file>rtsv7M4_T_le_v4SPD16_eabi.lib</file>
         <name>s_scalbn.c.obj</name>
      </input_file>
      <input_file id="fl-eb">
         <path>C:\ti\ccs830\ccsv8\tools\compiler\ti-cgt-arm_18.1.4.LTS\lib\</path>
         <kind>archive</kind>
         <file>rtsv7M4_T_le_v4SPD16_eabi.lib</file>
         <name>fd_add_t2.asm.obj</name>
      </input_file>
      <input_file id="fl-ec">
         <path>C:\ti\ccs830\ccsv8\tools\compiler\ti-cgt-arm_18.1.4.LTS\lib\</path>
         <kind>archive</kind>
         <file>rtsv7M4_T_le_v4SPD16_eabi.lib</file>
         <name>fd_cmp_t2.asm.obj</name>
      </input_file>
      <input_file id="fl-ed">
         <path>C:\ti\ccs830\ccsv8\tools\compiler\ti-cgt-arm_18.1.4.LTS\lib\</path>
         <kind>archive</kind>
         <file>rtsv7M4_T_le_v4SPD16_eabi.lib</file>
         <name>fd_div_t2.asm.obj</name>
      </input_file>
      <input_file id="fl-ee">
         <path>C:\ti\ccs830\ccsv8\tools\compiler\ti-cgt-arm_18.1.4.LTS\lib\</path>
         <kind>archive</kind>
         <file>rtsv7M4_T_le_v4SPD16_eabi.lib</file>
         <name>fd_mul_t2.asm.obj</name>
      </input_file>
      <input_file id="fl-ef">
         <path>C:\ti\ccs830\ccsv8\tools\compiler\ti-cgt-arm_18.1.4.LTS\lib\</path>
         <kind>archive</kind>
         <file>rtsv7M4_T_le_v4SPD16_eabi.lib</file>
         <name>fd_toi_t2.asm.obj</name>
      </input_file>
      <input_file id="fl-f0">
         <path>C:\ti\ccs830\ccsv8\tools\compiler\ti-cgt-arm_18.1.4.LTS\lib\</path>
         <kind>archive</kind>
         <file>rtsv7M4_T_le_v4SPD16_eabi.lib</file>
         <name>i_tofd_t2.asm.obj</name>
      </input_file>
      <input_file id="fl-f1">
         <path>C:\ti\ccs830\ccsv8\tools\compiler\ti-cgt-arm_18.1.4.LTS\lib\</path>
         <kind>archive</kind>
         <file>rtsv7M4_T_le_v4SPD16_eabi.lib</file>
         <name>ull_div_t2.asm.obj</name>
      </input_file>
      <input_file id="fl-f2">
         <path>C:\ti\ccs830\ccsv8\tools\compiler\ti-cgt-arm_18.1.4.LTS\lib\</path>
         <kind>archive</kind>
         <file>rtsv7M4_T_le_v4SPD16_eabi.lib</file>
         <name>errno.c.obj</name>
      </input_file>
      <input_file id="fl-f3">
         <path>C:\ti\ccs830\ccsv8\tools\compiler\ti-cgt-arm_18.1.4.LTS\lib\</path>
         <kind>archive</kind>
         <file>rtsv7M4_T_le_v4SPD16_eabi.lib</file>
         <name>_io_perm.c.obj</name>
      </input_file>
      <input_file id="fl-f4">
         <path>C:\ti\ccs830\ccsv8\tools\compiler\ti-cgt-arm_18.1.4.LTS\lib\</path>
         <kind>archive</kind>
         <file>rtsv7M4_T_le_v4SPD16_eabi.lib</file>
         <name>fflush.c.obj</name>
      </input_file>
      <input_file id="fl-f5">
         <path>C:\ti\ccs830\ccsv8\tools\compiler\ti-cgt-arm_18.1.4.LTS\lib\</path>
         <kind>archive</kind>
         <file>rtsv7M4_T_le_v4SPD16_eabi.lib</file>
         <name>fseek.c.obj</name>
      </input_file>
      <input_file id="fl-f6">
         <path>C:\ti\ccs830\ccsv8\tools\compiler\ti-cgt-arm_18.1.4.LTS\lib\</path>
         <kind>archive</kind>
         <file>rtsv7M4_T_le_v4SPD16_eabi.lib</file>
         <name>lseek.c.obj</name>
      </input_file>
      <input_file id="fl-f7">
         <path>C:\ti\ccs830\ccsv8\tools\compiler\ti-cgt-arm_18.1.4.LTS\lib\</path>
         <kind>archive</kind>
         <file>rtsv7M4_T_le_v4SPD16_eabi.lib</file>
         <name>setvbuf.c.obj</name>
      </input_file>
      <input_file id="fl-f8">
         <path>C:\ti\ccs830\ccsv8\tools\compiler\ti-cgt-arm_18.1.4.LTS\lib\</path>
         <kind>archive</kind>
         <file>rtsv7M4_T_le_v4SPD16_eabi.lib</file>
         <name>hostclose.c.obj</name>
      </input_file>
      <input_file id="fl-f9">
         <path>C:\ti\ccs830\ccsv8\tools\compiler\ti-cgt-arm_18.1.4.LTS\lib\</path>
         <kind>archive</kind>
         <file>rtsv7M4_T_le_v4SPD16_eabi.lib</file>
         <name>hostlseek.c.obj</name>
      </input_file>
      <input_file id="fl-fa">
         <path>C:\ti\ccs830\ccsv8\tools\compiler\ti-cgt-arm_18.1.4.LTS\lib\</path>
         <kind>archive</kind>
         <file>rtsv7M4_T_le_v4SPD16_eabi.lib</file>
         <name>hostopen.c.obj</name>
      </input_file>
      <input_file id="fl-fb">
         <path>C:\ti\ccs830\ccsv8\tools\compiler\ti-cgt-arm_18.1.4.LTS\lib\</path>
         <kind>archive</kind>
         <file>rtsv7M4_T_le_v4SPD16_eabi.lib</file>
         <name>hostread.c.obj</name>
      </input_file>
      <input_file id="fl-fc">
         <path>C:\ti\ccs830\ccsv8\tools\compiler\ti-cgt-arm_18.1.4.LTS\lib\</path>
         <kind>archive</kind>
         <file>rtsv7M4_T_le_v4SPD16_eabi.lib</file>
         <name>hostrename.c.obj</name>
      </input_file>
      <input_file id="fl-fd">
         <path>C:\ti\ccs830\ccsv8\tools\compiler\ti-cgt-arm_18.1.4.LTS\lib\</path>
         <kind>archive</kind>
         <file>rtsv7M4_T_le_v4SPD16_eabi.lib</file>
         <name>hostunlink.c.obj</name>
      </input_file>
      <input_file id="fl-fe">
         <path>C:\ti\ccs830\ccsv8\tools\compiler\ti-cgt-arm_18.1.4.LTS\lib\</path>
         <kind>archive</kind>
         <file>rtsv7M4_T_le_v4SPD16_eabi.lib</file>
         <name>hostwrite.c.obj</name>
      </input_file>
      <input_file id="fl-ff">
         <path>C:\ti\ccs830\ccsv8\tools\compiler\ti-cgt-arm_18.1.4.LTS\lib\</path>
         <kind>archive</kind>
         <file>rtsv7M4_T_le_v4SPD16_eabi.lib</file>
         <name>trgmsg.c.obj</name>
      </input_file>
      <input_file id="fl-100">
         <path>C:\ti\ccs830\ccsv8\tools\compiler\ti-cgt-arm_18.1.4.LTS\lib\</path>
         <kind>archive</kind>
         <file>rtsv7M4_T_le_v4SPD16_eabi.lib</file>
         <name>s_copysign.c.obj</name>
      </input_file>
      <input_file id="fl-101">
         <path>C:\ti\ccs830\ccsv8\tools\compiler\ti-cgt-arm_18.1.4.LTS\lib\</path>
         <kind>archive</kind>
         <file>rtsv7M4_T_le_v4SPD16_eabi.lib</file>
         <name>div0.asm.obj</name>
      </input_file>
      <input_file id="fl-102">
         <path>C:\ti\ccs830\ccsv8\tools\compiler\ti-cgt-arm_18.1.4.LTS\lib\</path>
         <kind>archive</kind>
         <file>rtsv7M4_T_le_v4SPD16_eabi.lib</file>
         <name>memory.c.obj</name>
      </input_file>
      <input_file id="fl-103">
         <path>C:\ti\ccs830\ccsv8\tools\compiler\ti-cgt-arm_18.1.4.LTS\lib\</path>
         <kind>archive</kind>
         <file>rtsv7M4_T_le_v4SPD16_eabi.lib</file>
         <name>fopen.c.obj</name>
      </input_file>
      <input_file id="fl-104">
         <path>C:\ti\ccs830\ccsv8\tools\compiler\ti-cgt-arm_18.1.4.LTS\lib\</path>
         <kind>archive</kind>
         <file>rtsv7M4_T_le_v4SPD16_eabi.lib</file>
         <name>open.c.obj</name>
      </input_file>
      <input_file id="fl-105">
         <path>C:\ti\ccs830\ccsv8\tools\compiler\ti-cgt-arm_18.1.4.LTS\lib\</path>
         <kind>archive</kind>
         <file>rtsv7M4_T_le_v4SPD16_eabi.lib</file>
         <name>strcpy.c.obj</name>
      </input_file>
      <input_file id="fl-106">
         <path>C:\ti\ccs830\ccsv8\tools\compiler\ti-cgt-arm_18.1.4.LTS\lib\</path>
         <kind>archive</kind>
         <file>rtsv7M4_T_le_v4SPD16_eabi.lib</file>
         <name>fclose.c.obj</name>
      </input_file>
      <input_file id="fl-107">
         <path>C:\ti\ccs830\ccsv8\tools\compiler\ti-cgt-arm_18.1.4.LTS\lib\</path>
         <kind>archive</kind>
         <file>rtsv7M4_T_le_v4SPD16_eabi.lib</file>
         <name>getdevice.c.obj</name>
      </input_file>
      <input_file id="fl-108">
         <path>C:\ti\ccs830\ccsv8\tools\compiler\ti-cgt-arm_18.1.4.LTS\lib\</path>
         <kind>archive</kind>
         <file>rtsv7M4_T_le_v4SPD16_eabi.lib</file>
         <name>remove.c.obj</name>
      </input_file>
      <input_file id="fl-109">
         <path>C:\ti\ccs830\ccsv8\tools\compiler\ti-cgt-arm_18.1.4.LTS\lib\</path>
         <kind>archive</kind>
         <file>rtsv7M4_T_le_v4SPD16_eabi.lib</file>
         <name>strcmp.c.obj</name>
      </input_file>
      <input_file id="fl-10a">
         <path>C:\ti\ccs830\ccsv8\tools\compiler\ti-cgt-arm_18.1.4.LTS\lib\</path>
         <kind>archive</kind>
         <file>rtsv7M4_T_le_v4SPD16_eabi.lib</file>
         <name>strncpy.c.obj</name>
      </input_file>
      <input_file id="fl-10b">
         <path>C:\ti\ccs830\ccsv8\tools\compiler\ti-cgt-arm_18.1.4.LTS\lib\</path>
         <kind>archive</kind>
         <file>rtsv7M4_T_le_v4SPD16_eabi.lib</file>
         <name>unlink.c.obj</name>
      </input_file>
      <input_file id="fl-10c">
         <path>C:\ti\ccs830\ccsv8\tools\compiler\ti-cgt-arm_18.1.4.LTS\lib\</path>
         <kind>archive</kind>
         <file>rtsv7M4_T_le_v4SPD16_eabi.lib</file>
         <name>close.c.obj</name>
      </input_file>
   </input_file_list>
   <object_component_list>
      <object_component id="oc-23">
         <name>.intvecs:retain</name>
         <load_address>0x0</load_address>
         <run_address>0x0</run_address>
         <size>0xe4</size>
         <input_file_ref idref="fl-4"/>
      </object_component>
      <object_component id="oc-1df">
         <name>.text:__TI_printfi</name>
         <load_address>0xe4</load_address>
         <run_address>0xe4</run_address>
         <size>0xa5e</size>
         <input_file_ref idref="fl-dc"/>
      </object_component>
      <object_component id="oc-6d">
         <name>.text:Default_Handler</name>
         <load_address>0xb42</load_address>
         <run_address>0xb42</run_address>
         <size>0x2</size>
         <input_file_ref idref="fl-4"/>
      </object_component>
      <object_component id="oc-283">
         <name>.text:_pconv_a</name>
         <load_address>0xb44</load_address>
         <run_address>0xb44</run_address>
         <size>0x270</size>
         <input_file_ref idref="fl-dc"/>
      </object_component>
      <object_component id="oc-271">
         <name>.text:_pconv_g</name>
         <load_address>0xdb4</load_address>
         <run_address>0xdb4</run_address>
         <size>0x1d0</size>
         <input_file_ref idref="fl-dc"/>
      </object_component>
      <object_component id="oc-31b">
         <name>.text</name>
         <load_address>0xf84</load_address>
         <run_address>0xf84</run_address>
         <size>0x1b6</size>
         <input_file_ref idref="fl-eb"/>
      </object_component>
      <object_component id="oc-2a7">
         <name>.text:_nop</name>
         <load_address>0x113a</load_address>
         <run_address>0x113a</run_address>
         <size>0x2</size>
         <input_file_ref idref="fl-d4"/>
      </object_component>
      <object_component id="oc-1d4">
         <name>.text:_getIndexForMemRegister</name>
         <load_address>0x113c</load_address>
         <run_address>0x113c</run_address>
         <size>0x160</size>
         <input_file_ref idref="fl-f"/>
      </object_component>
      <object_component id="oc-27d">
         <name>.text:_pconv_e</name>
         <load_address>0x129c</load_address>
         <run_address>0x129c</run_address>
         <size>0x13c</size>
         <input_file_ref idref="fl-dc"/>
      </object_component>
      <object_component id="oc-301">
         <name>.text</name>
         <load_address>0x13d8</load_address>
         <run_address>0x13d8</run_address>
         <size>0x136</size>
         <input_file_ref idref="fl-ed"/>
      </object_component>
      <object_component id="oc-3a3">
         <name>.text</name>
         <load_address>0x150e</load_address>
         <run_address>0x150e</run_address>
         <size>0x2</size>
         <input_file_ref idref="fl-101"/>
      </object_component>
      <object_component id="oc-73">
         <name>.text:ADC14_IRQHandler</name>
         <load_address>0x1510</load_address>
         <run_address>0x1510</run_address>
         <size>0x130</size>
         <input_file_ref idref="fl-2"/>
      </object_component>
      <object_component id="oc-32d">
         <name>.text:fcvt</name>
         <load_address>0x1640</load_address>
         <run_address>0x1640</run_address>
         <size>0x124</size>
         <input_file_ref idref="fl-dc"/>
      </object_component>
      <object_component id="oc-2b5">
         <name>.text:fputs</name>
         <load_address>0x1764</load_address>
         <run_address>0x1764</run_address>
         <size>0x114</size>
         <input_file_ref idref="fl-e1"/>
      </object_component>
      <object_component id="oc-341">
         <name>.text:scalbn</name>
         <load_address>0x1878</load_address>
         <run_address>0x1878</run_address>
         <size>0x110</size>
         <input_file_ref idref="fl-ea"/>
      </object_component>
      <object_component id="oc-2fc">
         <name>.text</name>
         <load_address>0x1988</load_address>
         <run_address>0x1988</run_address>
         <size>0xfc</size>
         <input_file_ref idref="fl-ee"/>
      </object_component>
      <object_component id="oc-3de">
         <name>.text:setvbuf</name>
         <load_address>0x1a84</load_address>
         <run_address>0x1a84</run_address>
         <size>0xdc</size>
         <input_file_ref idref="fl-f7"/>
      </object_component>
      <object_component id="oc-40c">
         <name>.text:free</name>
         <load_address>0x1b60</load_address>
         <run_address>0x1b60</run_address>
         <size>0xd8</size>
         <input_file_ref idref="fl-102"/>
      </object_component>
      <object_component id="oc-a3">
         <name>.text:main</name>
         <load_address>0x1c38</load_address>
         <run_address>0x1c38</run_address>
         <size>0xb8</size>
         <input_file_ref idref="fl-2"/>
      </object_component>
      <object_component id="oc-266">
         <name>.text:_ltostr</name>
         <load_address>0x1cf0</load_address>
         <run_address>0x1cf0</run_address>
         <size>0xb1</size>
         <input_file_ref idref="fl-dc"/>
      </object_component>
      <object_component id="oc-134">
         <name>.text:ADC14_configureConversionMemory</name>
         <load_address>0x1da4</load_address>
         <run_address>0x1da4</run_address>
         <size>0xa4</size>
         <input_file_ref idref="fl-f"/>
      </object_component>
      <object_component id="oc-37">
         <name>.text</name>
         <load_address>0x1e48</load_address>
         <run_address>0x1e48</run_address>
         <size>0x9c</size>
         <input_file_ref idref="fl-d7"/>
      </object_component>
      <object_component id="oc-2f5">
         <name>.text</name>
         <load_address>0x1ee4</load_address>
         <run_address>0x1ee4</run_address>
         <size>0x96</size>
         <input_file_ref idref="fl-f1"/>
      </object_component>
      <object_component id="oc-2bc">
         <name>.text:fputc</name>
         <load_address>0x1f7c</load_address>
         <run_address>0x1f7c</run_address>
         <size>0x8c</size>
         <input_file_ref idref="fl-e0"/>
      </object_component>
      <object_component id="oc-26c">
         <name>.text:__aeabi_cdcmple</name>
         <load_address>0x2008</load_address>
         <run_address>0x2008</run_address>
         <size>0x86</size>
         <input_file_ref idref="fl-ec"/>
      </object_component>
      <object_component id="oc-306">
         <name>.text:__aeabi_cdrcmple</name>
         <load_address>0x208e</load_address>
         <run_address>0x208e</run_address>
         <size>0x86</size>
         <input_file_ref idref="fl-ec"/>
      </object_component>
      <object_component id="oc-164">
         <name>.text:Interrupt_enableInterrupt</name>
         <load_address>0x2114</load_address>
         <run_address>0x2114</run_address>
         <size>0x80</size>
         <input_file_ref idref="fl-11"/>
      </object_component>
      <object_component id="oc-97">
         <name>.text</name>
         <load_address>0x2194</load_address>
         <run_address>0x2194</run_address>
         <size>0x7a</size>
         <input_file_ref idref="fl-d8"/>
      </object_component>
      <object_component id="oc-b5">
         <name>.text:SystemInit</name>
         <load_address>0x2210</load_address>
         <run_address>0x2210</run_address>
         <size>0x78</size>
         <input_file_ref idref="fl-3"/>
      </object_component>
      <object_component id="oc-412">
         <name>.text:malloc</name>
         <load_address>0x2288</load_address>
         <run_address>0x2288</run_address>
         <size>0x78</size>
         <input_file_ref idref="fl-102"/>
      </object_component>
      <object_component id="oc-457">
         <name>.text:__TI_closefile</name>
         <load_address>0x2300</load_address>
         <run_address>0x2300</run_address>
         <size>0x74</size>
         <input_file_ref idref="fl-106"/>
      </object_component>
      <object_component id="oc-326">
         <name>.text:_mcpy</name>
         <load_address>0x2374</load_address>
         <run_address>0x2374</run_address>
         <size>0x6e</size>
         <input_file_ref idref="fl-dc"/>
      </object_component>
      <object_component id="oc-47b">
         <name>.text:HOSTlseek</name>
         <load_address>0x23e4</load_address>
         <run_address>0x23e4</run_address>
         <size>0x68</size>
         <input_file_ref idref="fl-f9"/>
      </object_component>
      <object_component id="oc-487">
         <name>.text:HOSTrename</name>
         <load_address>0x244c</load_address>
         <run_address>0x244c</run_address>
         <size>0x68</size>
         <input_file_ref idref="fl-fc"/>
      </object_component>
      <object_component id="oc-14">
         <name>.text:decompress:lzss:__TI_decompress_lzss</name>
         <load_address>0x24b4</load_address>
         <run_address>0x24b4</run_address>
         <size>0x68</size>
         <input_file_ref idref="fl-d1"/>
      </object_component>
      <object_component id="oc-d4">
         <name>.text:printf</name>
         <load_address>0x251c</load_address>
         <run_address>0x251c</run_address>
         <size>0x68</size>
         <input_file_ref idref="fl-d6"/>
      </object_component>
      <object_component id="oc-33b">
         <name>.text:frexp</name>
         <load_address>0x2584</load_address>
         <run_address>0x2584</run_address>
         <size>0x64</size>
         <input_file_ref idref="fl-e9"/>
      </object_component>
      <object_component id="oc-3d8">
         <name>.text:fseek</name>
         <load_address>0x25e8</load_address>
         <run_address>0x25e8</run_address>
         <size>0x64</size>
         <input_file_ref idref="fl-f5"/>
      </object_component>
      <object_component id="oc-372">
         <name>.text:__TI_wrt_ok</name>
         <load_address>0x264c</load_address>
         <run_address>0x264c</run_address>
         <size>0x62</size>
         <input_file_ref idref="fl-f3"/>
      </object_component>
      <object_component id="oc-463">
         <name>.text:HOSTopen</name>
         <load_address>0x26b0</load_address>
         <run_address>0x26b0</run_address>
         <size>0x60</size>
         <input_file_ref idref="fl-fa"/>
      </object_component>
      <object_component id="oc-496">
         <name>.text:close</name>
         <load_address>0x2710</load_address>
         <run_address>0x2710</run_address>
         <size>0x5c</size>
         <input_file_ref idref="fl-10c"/>
      </object_component>
      <object_component id="oc-12e">
         <name>.text:ADC14_configureSingleSampleMode</name>
         <load_address>0x276c</load_address>
         <run_address>0x276c</run_address>
         <size>0x58</size>
         <input_file_ref idref="fl-f"/>
      </object_component>
      <object_component id="oc-46f">
         <name>.text:HOSTread</name>
         <load_address>0x27c4</load_address>
         <run_address>0x27c4</run_address>
         <size>0x58</size>
         <input_file_ref idref="fl-fb"/>
      </object_component>
      <object_component id="oc-475">
         <name>.text:HOSTwrite</name>
         <load_address>0x281c</load_address>
         <run_address>0x281c</run_address>
         <size>0x58</size>
         <input_file_ref idref="fl-fe"/>
      </object_component>
      <object_component id="oc-277">
         <name>.text:_pconv_f</name>
         <load_address>0x2874</load_address>
         <run_address>0x2874</run_address>
         <size>0x56</size>
         <input_file_ref idref="fl-dc"/>
      </object_component>
      <object_component id="oc-128">
         <name>.text:ADC14_initModule</name>
         <load_address>0x28cc</load_address>
         <run_address>0x28cc</run_address>
         <size>0x54</size>
         <input_file_ref idref="fl-f"/>
      </object_component>
      <object_component id="oc-310">
         <name>.text:ltoa</name>
         <load_address>0x2920</load_address>
         <run_address>0x2920</run_address>
         <size>0x54</size>
         <input_file_ref idref="fl-e2"/>
      </object_component>
      <object_component id="oc-320">
         <name>.text:_ecpy</name>
         <load_address>0x2974</load_address>
         <run_address>0x2974</run_address>
         <size>0x52</size>
         <input_file_ref idref="fl-dc"/>
      </object_component>
      <object_component id="oc-37e">
         <name>.text:__TI_doflush</name>
         <load_address>0x29c6</load_address>
         <run_address>0x29c6</run_address>
         <size>0x4c</size>
         <input_file_ref idref="fl-f4"/>
      </object_component>
      <object_component id="oc-260">
         <name>.text:atoi</name>
         <load_address>0x2a14</load_address>
         <run_address>0x2a14</run_address>
         <size>0x4c</size>
         <input_file_ref idref="fl-dd"/>
      </object_component>
      <object_component id="oc-18e">
         <name>.text:exit</name>
         <load_address>0x2a60</load_address>
         <run_address>0x2a60</run_address>
         <size>0x48</size>
         <input_file_ref idref="fl-d3"/>
      </object_component>
      <object_component id="oc-30b">
         <name>.text</name>
         <load_address>0x2aa8</load_address>
         <run_address>0x2aa8</run_address>
         <size>0x48</size>
         <input_file_ref idref="fl-ef"/>
      </object_component>
      <object_component id="oc-469">
         <name>.text:HOSTclose</name>
         <load_address>0x2af0</load_address>
         <run_address>0x2af0</run_address>
         <size>0x44</size>
         <input_file_ref idref="fl-f8"/>
      </object_component>
      <object_component id="oc-481">
         <name>.text:HOSTunlink</name>
         <load_address>0x2b34</load_address>
         <run_address>0x2b34</run_address>
         <size>0x44</size>
         <input_file_ref idref="fl-fd"/>
      </object_component>
      <object_component id="oc-194">
         <name>.text:__TI_auto_init_nobinit_nopinit:__TI_auto_init_nobinit_nopinit</name>
         <load_address>0x2b78</load_address>
         <run_address>0x2b78</run_address>
         <size>0x44</size>
         <input_file_ref idref="fl-d9"/>
      </object_component>
      <object_component id="oc-4cb">
         <name>.text:getdevice</name>
         <load_address>0x2bbc</load_address>
         <run_address>0x2bbc</run_address>
         <size>0x44</size>
         <input_file_ref idref="fl-107"/>
      </object_component>
      <object_component id="oc-333">
         <name>.text:_fcpy</name>
         <load_address>0x2c00</load_address>
         <run_address>0x2c00</run_address>
         <size>0x3e</size>
         <input_file_ref idref="fl-dc"/>
      </object_component>
      <object_component id="oc-44c">
         <name>.text:minsert</name>
         <load_address>0x2c40</load_address>
         <run_address>0x2c40</run_address>
         <size>0x3c</size>
         <input_file_ref idref="fl-102"/>
      </object_component>
      <object_component id="oc-bd">
         <name>.text:ADC14_getEnabledInterruptStatus</name>
         <load_address>0x2c7c</load_address>
         <run_address>0x2c7c</run_address>
         <size>0x38</size>
         <input_file_ref idref="fl-f"/>
      </object_component>
      <object_component id="oc-4a7">
         <name>.text:__TI_writemsg</name>
         <load_address>0x2cb4</load_address>
         <run_address>0x2cb4</run_address>
         <size>0x38</size>
         <input_file_ref idref="fl-ff"/>
      </object_component>
      <object_component id="oc-55">
         <name>.text:_c_int00_noargs:_c_int00_noargs</name>
         <load_address>0x2cec</load_address>
         <run_address>0x2cec</run_address>
         <size>0x38</size>
         <input_file_ref idref="fl-d2"/>
      </object_component>
      <object_component id="oc-440">
         <name>.text:minit</name>
         <load_address>0x2d24</load_address>
         <run_address>0x2d24</run_address>
         <size>0x38</size>
         <input_file_ref idref="fl-102"/>
      </object_component>
      <object_component id="oc-cf">
         <name>.text</name>
         <load_address>0x2d5c</load_address>
         <run_address>0x2d5c</run_address>
         <size>0x38</size>
         <input_file_ref idref="fl-ce"/>
      </object_component>
      <object_component id="oc-4ed">
         <name>.text:strncpy</name>
         <load_address>0x2d94</load_address>
         <run_address>0x2d94</run_address>
         <size>0x36</size>
         <input_file_ref idref="fl-10a"/>
      </object_component>
      <object_component id="oc-140">
         <name>.text:ADC14_enableSampleTimer</name>
         <load_address>0x2dcc</load_address>
         <run_address>0x2dcc</run_address>
         <size>0x34</size>
         <input_file_ref idref="fl-f"/>
      </object_component>
      <object_component id="oc-418">
         <name>.text:__TI_cleanup</name>
         <load_address>0x2e00</load_address>
         <run_address>0x2e00</run_address>
         <size>0x34</size>
         <input_file_ref idref="fl-103"/>
      </object_component>
      <object_component id="oc-4ad">
         <name>.text:__TI_readmsg</name>
         <load_address>0x2e34</load_address>
         <run_address>0x2e34</run_address>
         <size>0x34</size>
         <input_file_ref idref="fl-ff"/>
      </object_component>
      <object_component id="oc-c3">
         <name>.text:ADC14_clearInterruptFlag</name>
         <load_address>0x2e68</load_address>
         <run_address>0x2e68</run_address>
         <size>0x30</size>
         <input_file_ref idref="fl-f"/>
      </object_component>
      <object_component id="oc-146">
         <name>.text:ADC14_enableInterrupt</name>
         <load_address>0x2e98</load_address>
         <run_address>0x2e98</run_address>
         <size>0x30</size>
         <input_file_ref idref="fl-f"/>
      </object_component>
      <object_component id="oc-13a">
         <name>.text:ADC14_setSampleHoldTime</name>
         <load_address>0x2ec8</load_address>
         <run_address>0x2ec8</run_address>
         <size>0x30</size>
         <input_file_ref idref="fl-f"/>
      </object_component>
      <object_component id="oc-4f3">
         <name>.text:finddevice</name>
         <load_address>0x2ef8</load_address>
         <run_address>0x2ef8</run_address>
         <size>0x30</size>
         <input_file_ref idref="fl-107"/>
      </object_component>
      <object_component id="oc-316">
         <name>.text</name>
         <load_address>0x2f28</load_address>
         <run_address>0x2f28</run_address>
         <size>0x2e</size>
         <input_file_ref idref="fl-f0"/>
      </object_component>
      <object_component id="oc-1c7">
         <name>.text:ADC14_getInterruptStatus</name>
         <load_address>0x2f58</load_address>
         <run_address>0x2f58</run_address>
         <size>0x2c</size>
         <input_file_ref idref="fl-f"/>
      </object_component>
      <object_component id="oc-176">
         <name>.text:ADC14_toggleConversionTrigger</name>
         <load_address>0x2f84</load_address>
         <run_address>0x2f84</run_address>
         <size>0x2c</size>
         <input_file_ref idref="fl-f"/>
      </object_component>
      <object_component id="oc-49c">
         <name>.text:unlink</name>
         <load_address>0x2fb0</load_address>
         <run_address>0x2fb0</run_address>
         <size>0x2c</size>
         <input_file_ref idref="fl-10b"/>
      </object_component>
      <object_component id="oc-170">
         <name>.text:ADC14_enableConversion</name>
         <load_address>0x2fdc</load_address>
         <run_address>0x2fdc</run_address>
         <size>0x28</size>
         <input_file_ref idref="fl-f"/>
      </object_component>
      <object_component id="oc-17c">
         <name>.text:PCM_gotoLPM0</name>
         <load_address>0x3004</load_address>
         <run_address>0x3004</run_address>
         <size>0x28</size>
         <input_file_ref idref="fl-12"/>
      </object_component>
      <object_component id="oc-404">
         <name>.text:lseek</name>
         <load_address>0x302c</load_address>
         <run_address>0x302c</run_address>
         <size>0x28</size>
         <input_file_ref idref="fl-f6"/>
      </object_component>
      <object_component id="oc-446">
         <name>.text:mremove</name>
         <load_address>0x3054</load_address>
         <run_address>0x3054</run_address>
         <size>0x28</size>
         <input_file_ref idref="fl-102"/>
      </object_component>
      <object_component id="oc-384">
         <name>.text:write</name>
         <load_address>0x307c</load_address>
         <run_address>0x307c</run_address>
         <size>0x28</size>
         <input_file_ref idref="fl-e7"/>
      </object_component>
      <object_component id="oc-10a">
         <name>.text:WDT_A_holdTimer</name>
         <load_address>0x30a4</load_address>
         <run_address>0x30a4</run_address>
         <size>0x24</size>
         <input_file_ref idref="fl-16"/>
      </object_component>
      <object_component id="oc-152">
         <name>.text:REF_A_setReferenceVoltage</name>
         <load_address>0x30c8</load_address>
         <run_address>0x30c8</run_address>
         <size>0x20</size>
         <input_file_ref idref="fl-13"/>
      </object_component>
      <object_component id="oc-378">
         <name>.text:memchr</name>
         <load_address>0x30e8</load_address>
         <run_address>0x30e8</run_address>
         <size>0x20</size>
         <input_file_ref idref="fl-e4"/>
      </object_component>
      <object_component id="oc-c9">
         <name>.text:ADC14_getResult</name>
         <load_address>0x3108</load_address>
         <run_address>0x3108</run_address>
         <size>0x1c</size>
         <input_file_ref idref="fl-f"/>
      </object_component>
      <object_component id="oc-15e">
         <name>.text:SysCtl_getTempCalibrationConstant</name>
         <load_address>0x3124</load_address>
         <run_address>0x3124</run_address>
         <size>0x1c</size>
         <input_file_ref idref="fl-15"/>
      </object_component>
      <object_component id="oc-289">
         <name>.text:memccpy</name>
         <load_address>0x3140</load_address>
         <run_address>0x3140</run_address>
         <size>0x1c</size>
         <input_file_ref idref="fl-e3"/>
      </object_component>
      <object_component id="oc-116">
         <name>.text:FPU_enableModule</name>
         <load_address>0x315c</load_address>
         <run_address>0x315c</run_address>
         <size>0x18</size>
         <input_file_ref idref="fl-10"/>
      </object_component>
      <object_component id="oc-50a">
         <name>.text:strcmp</name>
         <load_address>0x3174</load_address>
         <run_address>0x3174</run_address>
         <size>0x18</size>
         <input_file_ref idref="fl-109"/>
      </object_component>
      <object_component id="oc-347">
         <name>.text:strchr</name>
         <load_address>0x318c</load_address>
         <run_address>0x318c</run_address>
         <size>0x16</size>
         <input_file_ref idref="fl-e5"/>
      </object_component>
      <object_component id="oc-3bc">
         <name>.text:copysign</name>
         <load_address>0x31a2</load_address>
         <run_address>0x31a2</run_address>
         <size>0x14</size>
         <input_file_ref idref="fl-100"/>
      </object_component>
      <object_component id="oc-4c1">
         <name>.text:strcpy</name>
         <load_address>0x31b6</load_address>
         <run_address>0x31b6</run_address>
         <size>0x14</size>
         <input_file_ref idref="fl-105"/>
      </object_component>
      <object_component id="oc-25a">
         <name>.text:strlen</name>
         <load_address>0x31ca</load_address>
         <run_address>0x31ca</run_address>
         <size>0x14</size>
         <input_file_ref idref="fl-e6"/>
      </object_component>
      <object_component id="oc-43">
         <name>.text:decompress:ZI:__TI_zero_init_nomemset:__TI_zero_init_nomemset</name>
         <load_address>0x31de</load_address>
         <run_address>0x31de</run_address>
         <size>0x12</size>
         <input_file_ref idref="fl-cf"/>
      </object_component>
      <object_component id="oc-28f">
         <name>.text:wcslen</name>
         <load_address>0x31f0</load_address>
         <run_address>0x31f0</run_address>
         <size>0x12</size>
         <input_file_ref idref="fl-e8"/>
      </object_component>
      <object_component id="oc-214">
         <name>.text:ADCIsConversionRunning</name>
         <load_address>0x3204</load_address>
         <run_address>0x3204</run_address>
         <size>0x10</size>
         <input_file_ref idref="fl-f"/>
      </object_component>
      <object_component id="oc-11c">
         <name>.text:FPU_enableLazyStacking</name>
         <load_address>0x3214</load_address>
         <run_address>0x3214</run_address>
         <size>0x10</size>
         <input_file_ref idref="fl-10"/>
      </object_component>
      <object_component id="oc-16a">
         <name>.text:Interrupt_enableMaster</name>
         <load_address>0x3224</load_address>
         <run_address>0x3224</run_address>
         <size>0x10</size>
         <input_file_ref idref="fl-11"/>
      </object_component>
      <object_component id="oc-110">
         <name>.text:Interrupt_enableSleepOnIsrExit</name>
         <load_address>0x3234</load_address>
         <run_address>0x3234</run_address>
         <size>0x10</size>
         <input_file_ref idref="fl-11"/>
      </object_component>
      <object_component id="oc-1a">
         <name>.text:decompress:none:__TI_decompress_none</name>
         <load_address>0x3244</load_address>
         <run_address>0x3244</run_address>
         <size>0xe</size>
         <input_file_ref idref="fl-d0"/>
      </object_component>
      <object_component id="oc-122">
         <name>.text:ADC14_enableModule</name>
         <load_address>0x3254</load_address>
         <run_address>0x3254</run_address>
         <size>0xc</size>
         <input_file_ref idref="fl-f"/>
      </object_component>
      <object_component id="oc-229">
         <name>.text:CPU_cpsie</name>
         <load_address>0x3260</load_address>
         <run_address>0x3260</run_address>
         <size>0xc</size>
         <input_file_ref idref="fl-17"/>
      </object_component>
      <object_component id="oc-158">
         <name>.text:REF_A_enableReferenceVoltage</name>
         <load_address>0x326c</load_address>
         <run_address>0x326c</run_address>
         <size>0xc</size>
         <input_file_ref idref="fl-13"/>
      </object_component>
      <object_component id="oc-14c">
         <name>.text:REF_A_enableTempSensor</name>
         <load_address>0x3278</load_address>
         <run_address>0x3278</run_address>
         <size>0xc</size>
         <input_file_ref idref="fl-13"/>
      </object_component>
      <object_component id="oc-67">
         <name>.text:Reset_Handler</name>
         <load_address>0x3284</load_address>
         <run_address>0x3284</run_address>
         <size>0xc</size>
         <input_file_ref idref="fl-4"/>
      </object_component>
      <object_component id="oc-295">
         <name>.text:__aeabi_errno_addr</name>
         <load_address>0x3290</load_address>
         <run_address>0x3290</run_address>
         <size>0x8</size>
         <input_file_ref idref="fl-f2"/>
      </object_component>
      <object_component id="oc-232">
         <name>.text:CPU_wfi</name>
         <load_address>0x3298</load_address>
         <run_address>0x3298</run_address>
         <size>0x4</size>
         <input_file_ref idref="fl-17"/>
      </object_component>
      <object_component id="oc-1f1">
         <name>.text:_outc</name>
         <load_address>0x329c</load_address>
         <run_address>0x329c</run_address>
         <size>0x4</size>
         <input_file_ref idref="fl-d6"/>
      </object_component>
      <object_component id="oc-1eb">
         <name>.text:_outs</name>
         <load_address>0x32a0</load_address>
         <run_address>0x32a0</run_address>
         <size>0x4</size>
         <input_file_ref idref="fl-d6"/>
      </object_component>
      <object_component id="oc-9d">
         <name>.text:_system_pre_init</name>
         <load_address>0x32a4</load_address>
         <run_address>0x32a4</run_address>
         <size>0x4</size>
         <input_file_ref idref="fl-da"/>
      </object_component>
      <object_component id="oc-188">
         <name>.text:abort:abort</name>
         <load_address>0x32a8</load_address>
         <run_address>0x32a8</run_address>
         <size>0x4</size>
         <input_file_ref idref="fl-d3"/>
      </object_component>
      <object_component id="oc-2f0">
         <name>.const:.string:_ctypes_</name>
         <load_address>0x32ac</load_address>
         <run_address>0x32ac</run_address>
         <size>0x101</size>
         <input_file_ref idref="fl-de"/>
      </object_component>
      <object_component id="oc-1da">
         <name>.const:_ctlRegs</name>
         <load_address>0x33b0</load_address>
         <run_address>0x33b0</run_address>
         <size>0x80</size>
         <input_file_ref idref="fl-f"/>
      </object_component>
      <object_component id="oc-225">
         <name>.const:g_pulEnRegs</name>
         <load_address>0x3430</load_address>
         <run_address>0x3430</run_address>
         <size>0x8</size>
         <input_file_ref idref="fl-11"/>
      </object_component>
      <object_component id="oc-548">
         <name>.cinit..data.load</name>
         <load_address>0x3438</load_address>
         <run_address>0x3438</run_address>
         <size>0x6e</size>
      </object_component>
      <object_component id="oc-546">
         <name>__TI_handler_table</name>
         <load_address>0x34a8</load_address>
         <run_address>0x34a8</run_address>
         <size>0xc</size>
      </object_component>
      <object_component id="oc-549">
         <name>.cinit..bss.load</name>
         <load_address>0x34b8</load_address>
         <run_address>0x34b8</run_address>
         <size>0x8</size>
      </object_component>
      <object_component id="oc-547">
         <name>__TI_cinit_table</name>
         <load_address>0x34c0</load_address>
         <run_address>0x34c0</run_address>
         <size>0x10</size>
      </object_component>
      <object_component id="oc-51b">
         <name>.binit</name>
         <load_address>0x0</load_address>
         <run_address>0x0</run_address>
         <size>0x0</size>
      </object_component>
      <object_component id="oc-23a">
         <name>.data:$O1$$</name>
         <load_address>0x200009c8</load_address>
         <run_address>0x200009c8</run_address>
         <size>0xc</size>
         <input_file_ref idref="fl-d3"/>
      </object_component>
      <object_component id="oc-1e5">
         <name>.data:$O1$$</name>
         <load_address>0x200009e0</load_address>
         <run_address>0x200009e0</run_address>
         <size>0x8</size>
         <input_file_ref idref="fl-d4"/>
      </object_component>
      <object_component id="oc-1e8">
         <name>.data:_ftable</name>
         <load_address>0x20000800</load_address>
         <run_address>0x20000800</run_address>
         <size>0xf0</size>
         <input_file_ref idref="fl-df"/>
      </object_component>
      <object_component id="oc-45d">
         <name>.data</name>
         <load_address>0x200009b8</load_address>
         <run_address>0x200009b8</run_address>
         <size>0x10</size>
         <input_file_ref idref="fl-df"/>
      </object_component>
      <object_component id="oc-42b">
         <name>.data:_device</name>
         <load_address>0x200008f0</load_address>
         <run_address>0x200008f0</run_address>
         <size>0x78</size>
         <input_file_ref idref="fl-e7"/>
      </object_component>
      <object_component id="oc-3ea">
         <name>.data:_stream</name>
         <load_address>0x20000968</load_address>
         <run_address>0x20000968</run_address>
         <size>0x50</size>
         <input_file_ref idref="fl-e7"/>
      </object_component>
      <object_component id="oc-357">
         <name>.data</name>
         <load_address>0x200009e8</load_address>
         <run_address>0x200009e8</run_address>
         <size>0x4</size>
         <input_file_ref idref="fl-f2"/>
      </object_component>
      <object_component id="oc-452">
         <name>.data:$O1$$</name>
         <load_address>0x200009d4</load_address>
         <run_address>0x200009d4</run_address>
         <size>0xc</size>
         <input_file_ref idref="fl-102"/>
      </object_component>
      <object_component id="oc-4d5">
         <name>.bss:_CIOBUF_</name>
         <uninitialized>true</uninitialized>
         <run_address>0x200009ec</run_address>
         <size>0x120</size>
         <input_file_ref idref="fl-ff"/>
      </object_component>
      <object_component id="oc-da">
         <name>.common:cal30</name>
         <uninitialized>true</uninitialized>
         <run_address>0x20000bb4</run_address>
         <size>0x4</size>
      </object_component>
      <object_component id="oc-e0">
         <name>.common:cal85</name>
         <uninitialized>true</uninitialized>
         <run_address>0x20000bb8</run_address>
         <size>0x4</size>
      </object_component>
      <object_component id="oc-de">
         <name>.common:calRange</name>
         <uninitialized>true</uninitialized>
         <run_address>0x20000bbc</run_address>
         <size>0x4</size>
      </object_component>
      <object_component id="oc-dd">
         <name>.common:tempC</name>
         <uninitialized>true</uninitialized>
         <run_address>0x20000bc0</run_address>
         <size>0x4</size>
      </object_component>
      <object_component id="oc-df">
         <name>.common:tempF</name>
         <uninitialized>true</uninitialized>
         <run_address>0x20000bc4</run_address>
         <size>0x4</size>
      </object_component>
      <object_component id="oc-4a2">
         <name>.common:__TI_tmpnams</name>
         <uninitialized>true</uninitialized>
         <run_address>0x20000b0c</run_address>
         <size>0xa0</size>
      </object_component>
      <object_component id="oc-4b3">
         <name>.common:parmbuf</name>
         <uninitialized>true</uninitialized>
         <run_address>0x20000bac</run_address>
         <size>0x8</size>
      </object_component>
      <object_component id="oc-29">
         <name>.sysmem</name>
         <uninitialized>true</uninitialized>
         <run_address>0x20000000</run_address>
         <size>0x8</size>
         <input_file_ref idref="fl-102"/>
      </object_component>
      <object_component id="oc-54b">
         <name>.sysmem</name>
         <uninitialized>true</uninitialized>
         <run_address>0x20000000</run_address>
         <size>0x0</size>
      </object_component>
      <object_component id="oc-26">
         <name>.stack</name>
         <uninitialized>true</uninitialized>
         <run_address>0x2000fe00</run_address>
         <size>0x4</size>
         <input_file_ref idref="fl-d2"/>
      </object_component>
      <object_component id="oc-54a">
         <name>.stack</name>
         <uninitialized>true</uninitialized>
         <run_address>0x2000fe00</run_address>
         <size>0x0</size>
      </object_component>
      <object_component id="oc-db">
         <name>.debug_info</name>
         <load_address>0x0</load_address>
         <run_address>0x0</run_address>
         <size>0xbb0</size>
         <input_file_ref idref="fl-2"/>
      </object_component>
      <object_component id="oc-a4">
         <name>.debug_info</name>
         <load_address>0xbb0</load_address>
         <run_address>0xbb0</run_address>
         <size>0x368</size>
         <input_file_ref idref="fl-2"/>
      </object_component>
      <object_component id="oc-74">
         <name>.debug_info</name>
         <load_address>0xf18</load_address>
         <run_address>0xf18</run_address>
         <size>0x1d4</size>
         <input_file_ref idref="fl-2"/>
      </object_component>
      <object_component id="oc-e9">
         <name>.debug_info</name>
         <load_address>0x10ec</load_address>
         <run_address>0x10ec</run_address>
         <size>0x26b</size>
         <input_file_ref idref="fl-2"/>
      </object_component>
      <object_component id="oc-205">
         <name>.debug_info</name>
         <load_address>0x1357</load_address>
         <run_address>0x1357</run_address>
         <size>0x1055</size>
         <input_file_ref idref="fl-2"/>
      </object_component>
      <object_component id="oc-200">
         <name>.debug_info</name>
         <load_address>0x23ac</load_address>
         <run_address>0x23ac</run_address>
         <size>0x37e2</size>
         <input_file_ref idref="fl-2"/>
      </object_component>
      <object_component id="oc-183">
         <name>.debug_info</name>
         <load_address>0x5b8e</load_address>
         <run_address>0x5b8e</run_address>
         <size>0x8b</size>
         <input_file_ref idref="fl-2"/>
      </object_component>
      <object_component id="oc-20a">
         <name>.debug_info</name>
         <load_address>0x5c19</load_address>
         <run_address>0x5c19</run_address>
         <size>0x297</size>
         <input_file_ref idref="fl-2"/>
      </object_component>
      <object_component id="oc-1ce">
         <name>.debug_info</name>
         <load_address>0x5eb0</load_address>
         <run_address>0x5eb0</run_address>
         <size>0xef</size>
         <input_file_ref idref="fl-2"/>
      </object_component>
      <object_component id="oc-e2">
         <name>.debug_info</name>
         <load_address>0x5f9f</load_address>
         <run_address>0x5f9f</run_address>
         <size>0xbb</size>
         <input_file_ref idref="fl-2"/>
      </object_component>
      <object_component id="oc-1f9">
         <name>.debug_info</name>
         <load_address>0x605a</load_address>
         <run_address>0x605a</run_address>
         <size>0x2c</size>
         <input_file_ref idref="fl-2"/>
      </object_component>
      <object_component id="oc-b6">
         <name>.debug_info</name>
         <load_address>0x6086</load_address>
         <run_address>0x6086</run_address>
         <size>0x11f</size>
         <input_file_ref idref="fl-3"/>
      </object_component>
      <object_component id="oc-32">
         <name>.debug_info</name>
         <load_address>0x61a5</load_address>
         <run_address>0x61a5</run_address>
         <size>0x84</size>
         <input_file_ref idref="fl-3"/>
      </object_component>
      <object_component id="oc-7b">
         <name>.debug_info</name>
         <load_address>0x6229</load_address>
         <run_address>0x6229</run_address>
         <size>0x2bf</size>
         <input_file_ref idref="fl-4"/>
      </object_component>
      <object_component id="oc-24">
         <name>.debug_info</name>
         <load_address>0x64e8</load_address>
         <run_address>0x64e8</run_address>
         <size>0xeb</size>
         <input_file_ref idref="fl-4"/>
      </object_component>
      <object_component id="oc-68">
         <name>.debug_info</name>
         <load_address>0x65d3</load_address>
         <run_address>0x65d3</run_address>
         <size>0x14e</size>
         <input_file_ref idref="fl-4"/>
      </object_component>
      <object_component id="oc-6e">
         <name>.debug_info</name>
         <load_address>0x6721</load_address>
         <run_address>0x6721</run_address>
         <size>0x136</size>
         <input_file_ref idref="fl-4"/>
      </object_component>
      <object_component id="oc-21d">
         <name>.debug_info</name>
         <load_address>0x6857</load_address>
         <run_address>0x6857</run_address>
         <size>0x702</size>
         <input_file_ref idref="fl-f"/>
      </object_component>
      <object_component id="oc-1db">
         <name>.debug_info</name>
         <load_address>0x6f59</load_address>
         <run_address>0x6f59</run_address>
         <size>0x120</size>
         <input_file_ref idref="fl-f"/>
      </object_component>
      <object_component id="oc-1d6">
         <name>.debug_info</name>
         <load_address>0x7079</load_address>
         <run_address>0x7079</run_address>
         <size>0x1d5</size>
         <input_file_ref idref="fl-f"/>
      </object_component>
      <object_component id="oc-216">
         <name>.debug_info</name>
         <load_address>0x724e</load_address>
         <run_address>0x724e</run_address>
         <size>0x1b4</size>
         <input_file_ref idref="fl-f"/>
      </object_component>
      <object_component id="oc-123">
         <name>.debug_info</name>
         <load_address>0x7402</load_address>
         <run_address>0x7402</run_address>
         <size>0x1a9</size>
         <input_file_ref idref="fl-f"/>
      </object_component>
      <object_component id="oc-141">
         <name>.debug_info</name>
         <load_address>0x75ab</load_address>
         <run_address>0x75ab</run_address>
         <size>0x22f</size>
         <input_file_ref idref="fl-f"/>
      </object_component>
      <object_component id="oc-129">
         <name>.debug_info</name>
         <load_address>0x77da</load_address>
         <run_address>0x77da</run_address>
         <size>0x2f6</size>
         <input_file_ref idref="fl-f"/>
      </object_component>
      <object_component id="oc-13b">
         <name>.debug_info</name>
         <load_address>0x7ad0</load_address>
         <run_address>0x7ad0</run_address>
         <size>0x279</size>
         <input_file_ref idref="fl-f"/>
      </object_component>
      <object_component id="oc-12f">
         <name>.debug_info</name>
         <load_address>0x7d49</load_address>
         <run_address>0x7d49</run_address>
         <size>0x297</size>
         <input_file_ref idref="fl-f"/>
      </object_component>
      <object_component id="oc-171">
         <name>.debug_info</name>
         <load_address>0x7fe0</load_address>
         <run_address>0x7fe0</run_address>
         <size>0x1d5</size>
         <input_file_ref idref="fl-f"/>
      </object_component>
      <object_component id="oc-177">
         <name>.debug_info</name>
         <load_address>0x81b5</load_address>
         <run_address>0x81b5</run_address>
         <size>0x1c6</size>
         <input_file_ref idref="fl-f"/>
      </object_component>
      <object_component id="oc-135">
         <name>.debug_info</name>
         <load_address>0x837b</load_address>
         <run_address>0x837b</run_address>
         <size>0x357</size>
         <input_file_ref idref="fl-f"/>
      </object_component>
      <object_component id="oc-cb">
         <name>.debug_info</name>
         <load_address>0x86d2</load_address>
         <run_address>0x86d2</run_address>
         <size>0x20b</size>
         <input_file_ref idref="fl-f"/>
      </object_component>
      <object_component id="oc-148">
         <name>.debug_info</name>
         <load_address>0x88dd</load_address>
         <run_address>0x88dd</run_address>
         <size>0x1e7</size>
         <input_file_ref idref="fl-f"/>
      </object_component>
      <object_component id="oc-1c9">
         <name>.debug_info</name>
         <load_address>0x8ac4</load_address>
         <run_address>0x8ac4</run_address>
         <size>0x1d2</size>
         <input_file_ref idref="fl-f"/>
      </object_component>
      <object_component id="oc-bf">
         <name>.debug_info</name>
         <load_address>0x8c96</load_address>
         <run_address>0x8c96</run_address>
         <size>0x1fb</size>
         <input_file_ref idref="fl-f"/>
      </object_component>
      <object_component id="oc-c5">
         <name>.debug_info</name>
         <load_address>0x8e91</load_address>
         <run_address>0x8e91</run_address>
         <size>0x1ed</size>
         <input_file_ref idref="fl-f"/>
      </object_component>
      <object_component id="oc-2cd">
         <name>.debug_info</name>
         <load_address>0x907e</load_address>
         <run_address>0x907e</run_address>
         <size>0x431a</size>
         <input_file_ref idref="fl-f"/>
      </object_component>
      <object_component id="oc-119">
         <name>.debug_info</name>
         <load_address>0xd398</load_address>
         <run_address>0xd398</run_address>
         <size>0x19f</size>
         <input_file_ref idref="fl-10"/>
      </object_component>
      <object_component id="oc-11f">
         <name>.debug_info</name>
         <load_address>0xd537</load_address>
         <run_address>0xd537</run_address>
         <size>0x1ab</size>
         <input_file_ref idref="fl-10"/>
      </object_component>
      <object_component id="oc-2d4">
         <name>.debug_info</name>
         <load_address>0xd6e2</load_address>
         <run_address>0xd6e2</run_address>
         <size>0x68b</size>
         <input_file_ref idref="fl-11"/>
      </object_component>
      <object_component id="oc-226">
         <name>.debug_info</name>
         <load_address>0xdd6d</load_address>
         <run_address>0xdd6d</run_address>
         <size>0x12a</size>
         <input_file_ref idref="fl-11"/>
      </object_component>
      <object_component id="oc-16b">
         <name>.debug_info</name>
         <load_address>0xde97</load_address>
         <run_address>0xde97</run_address>
         <size>0x1d1</size>
         <input_file_ref idref="fl-11"/>
      </object_component>
      <object_component id="oc-166">
         <name>.debug_info</name>
         <load_address>0xe068</load_address>
         <run_address>0xe068</run_address>
         <size>0x215</size>
         <input_file_ref idref="fl-11"/>
      </object_component>
      <object_component id="oc-112">
         <name>.debug_info</name>
         <load_address>0xe27d</load_address>
         <run_address>0xe27d</run_address>
         <size>0x1d0</size>
         <input_file_ref idref="fl-11"/>
      </object_component>
      <object_component id="oc-17e">
         <name>.debug_info</name>
         <load_address>0xe44d</load_address>
         <run_address>0xe44d</run_address>
         <size>0x1ac</size>
         <input_file_ref idref="fl-12"/>
      </object_component>
      <object_component id="oc-155">
         <name>.debug_info</name>
         <load_address>0xe5f9</load_address>
         <run_address>0xe5f9</run_address>
         <size>0x222</size>
         <input_file_ref idref="fl-13"/>
      </object_component>
      <object_component id="oc-14f">
         <name>.debug_info</name>
         <load_address>0xe81b</load_address>
         <run_address>0xe81b</run_address>
         <size>0x1b1</size>
         <input_file_ref idref="fl-13"/>
      </object_component>
      <object_component id="oc-15b">
         <name>.debug_info</name>
         <load_address>0xe9cc</load_address>
         <run_address>0xe9cc</run_address>
         <size>0x1bd</size>
         <input_file_ref idref="fl-13"/>
      </object_component>
      <object_component id="oc-15f">
         <name>.debug_info</name>
         <load_address>0xeb89</load_address>
         <run_address>0xeb89</run_address>
         <size>0x24a</size>
         <input_file_ref idref="fl-15"/>
      </object_component>
      <object_component id="oc-10d">
         <name>.debug_info</name>
         <load_address>0xedd3</load_address>
         <run_address>0xedd3</run_address>
         <size>0x1c5</size>
         <input_file_ref idref="fl-16"/>
      </object_component>
      <object_component id="oc-22c">
         <name>.debug_info</name>
         <load_address>0xef98</load_address>
         <run_address>0xef98</run_address>
         <size>0x196</size>
         <input_file_ref idref="fl-17"/>
      </object_component>
      <object_component id="oc-234">
         <name>.debug_info</name>
         <load_address>0xf12e</load_address>
         <run_address>0xf12e</run_address>
         <size>0x190</size>
         <input_file_ref idref="fl-17"/>
      </object_component>
      <object_component id="oc-d0">
         <name>.debug_info</name>
         <load_address>0xf2be</load_address>
         <run_address>0xf2be</run_address>
         <size>0x12f</size>
         <input_file_ref idref="fl-ce"/>
      </object_component>
      <object_component id="oc-96">
         <name>.debug_info</name>
         <load_address>0xf3ed</load_address>
         <run_address>0xf3ed</run_address>
         <size>0x31e</size>
         <input_file_ref idref="fl-cf"/>
      </object_component>
      <object_component id="oc-44">
         <name>.debug_info</name>
         <load_address>0xf70b</load_address>
         <run_address>0xf70b</run_address>
         <size>0x1bf</size>
         <input_file_ref idref="fl-cf"/>
      </object_component>
      <object_component id="oc-91">
         <name>.debug_info</name>
         <load_address>0xf8ca</load_address>
         <run_address>0xf8ca</run_address>
         <size>0x46</size>
         <input_file_ref idref="fl-cf"/>
      </object_component>
      <object_component id="oc-101">
         <name>.debug_info</name>
         <load_address>0xf910</load_address>
         <run_address>0xf910</run_address>
         <size>0x2c</size>
         <input_file_ref idref="fl-cf"/>
      </object_component>
      <object_component id="oc-42">
         <name>.debug_info</name>
         <load_address>0xf93c</load_address>
         <run_address>0xf93c</run_address>
         <size>0x2a8</size>
         <input_file_ref idref="fl-d0"/>
      </object_component>
      <object_component id="oc-1c">
         <name>.debug_info</name>
         <load_address>0xfbe4</load_address>
         <run_address>0xfbe4</run_address>
         <size>0x1ea</size>
         <input_file_ref idref="fl-d0"/>
      </object_component>
      <object_component id="oc-3d">
         <name>.debug_info</name>
         <load_address>0xfdce</load_address>
         <run_address>0xfdce</run_address>
         <size>0x46</size>
         <input_file_ref idref="fl-d0"/>
      </object_component>
      <object_component id="oc-89">
         <name>.debug_info</name>
         <load_address>0xfe14</load_address>
         <run_address>0xfe14</run_address>
         <size>0x2c</size>
         <input_file_ref idref="fl-d0"/>
      </object_component>
      <object_component id="oc-87">
         <name>.debug_info</name>
         <load_address>0xfe40</load_address>
         <run_address>0xfe40</run_address>
         <size>0x29e</size>
         <input_file_ref idref="fl-d1"/>
      </object_component>
      <object_component id="oc-16">
         <name>.debug_info</name>
         <load_address>0x100de</load_address>
         <run_address>0x100de</run_address>
         <size>0x250</size>
         <input_file_ref idref="fl-d1"/>
      </object_component>
      <object_component id="oc-2d">
         <name>.debug_info</name>
         <load_address>0x1032e</load_address>
         <run_address>0x1032e</run_address>
         <size>0x60</size>
         <input_file_ref idref="fl-d1"/>
      </object_component>
      <object_component id="oc-fa">
         <name>.debug_info</name>
         <load_address>0x1038e</load_address>
         <run_address>0x1038e</run_address>
         <size>0x46</size>
         <input_file_ref idref="fl-d1"/>
      </object_component>
      <object_component id="oc-82">
         <name>.debug_info</name>
         <load_address>0x103d4</load_address>
         <run_address>0x103d4</run_address>
         <size>0x39</size>
         <input_file_ref idref="fl-d1"/>
      </object_component>
      <object_component id="oc-27">
         <name>.debug_info</name>
         <load_address>0x1040d</load_address>
         <run_address>0x1040d</run_address>
         <size>0x10b</size>
         <input_file_ref idref="fl-d2"/>
      </object_component>
      <object_component id="oc-58">
         <name>.debug_info</name>
         <load_address>0x10518</load_address>
         <run_address>0x10518</run_address>
         <size>0x1af</size>
         <input_file_ref idref="fl-d2"/>
      </object_component>
      <object_component id="oc-23e">
         <name>.debug_info</name>
         <load_address>0x106c7</load_address>
         <run_address>0x106c7</run_address>
         <size>0x3ad</size>
         <input_file_ref idref="fl-d3"/>
      </object_component>
      <object_component id="oc-23b">
         <name>.debug_info</name>
         <load_address>0x10a74</load_address>
         <run_address>0x10a74</run_address>
         <size>0x190</size>
         <input_file_ref idref="fl-d3"/>
      </object_component>
      <object_component id="oc-189">
         <name>.debug_info</name>
         <load_address>0x10c04</load_address>
         <run_address>0x10c04</run_address>
         <size>0x122</size>
         <input_file_ref idref="fl-d3"/>
      </object_component>
      <object_component id="oc-18f">
         <name>.debug_info</name>
         <load_address>0x10d26</load_address>
         <run_address>0x10d26</run_address>
         <size>0x184</size>
         <input_file_ref idref="fl-d3"/>
      </object_component>
      <object_component id="oc-2af">
         <name>.debug_info</name>
         <load_address>0x10eaa</load_address>
         <run_address>0x10eaa</run_address>
         <size>0x2c9</size>
         <input_file_ref idref="fl-d4"/>
      </object_component>
      <object_component id="oc-1e6">
         <name>.debug_info</name>
         <load_address>0x11173</load_address>
         <run_address>0x11173</run_address>
         <size>0x11e</size>
         <input_file_ref idref="fl-d4"/>
      </object_component>
      <object_component id="oc-2ab">
         <name>.debug_info</name>
         <load_address>0x11291</load_address>
         <run_address>0x11291</run_address>
         <size>0x12e</size>
         <input_file_ref idref="fl-d4"/>
      </object_component>
      <object_component id="oc-1f8">
         <name>.debug_info</name>
         <load_address>0x113bf</load_address>
         <run_address>0x113bf</run_address>
         <size>0x3e5</size>
         <input_file_ref idref="fl-d6"/>
      </object_component>
      <object_component id="oc-1f2">
         <name>.debug_info</name>
         <load_address>0x117a4</load_address>
         <run_address>0x117a4</run_address>
         <size>0x157</size>
         <input_file_ref idref="fl-d6"/>
      </object_component>
      <object_component id="oc-1ec">
         <name>.debug_info</name>
         <load_address>0x118fb</load_address>
         <run_address>0x118fb</run_address>
         <size>0x166</size>
         <input_file_ref idref="fl-d6"/>
      </object_component>
      <object_component id="oc-d5">
         <name>.debug_info</name>
         <load_address>0x11a61</load_address>
         <run_address>0x11a61</run_address>
         <size>0x1ac</size>
         <input_file_ref idref="fl-d6"/>
      </object_component>
      <object_component id="oc-2c5">
         <name>.debug_info</name>
         <load_address>0x11c0d</load_address>
         <run_address>0x11c0d</run_address>
         <size>0xb2</size>
         <input_file_ref idref="fl-d6"/>
      </object_component>
      <object_component id="oc-3a">
         <name>.debug_info</name>
         <load_address>0x11cbf</load_address>
         <run_address>0x11cbf</run_address>
         <size>0x11c</size>
         <input_file_ref idref="fl-d7"/>
      </object_component>
      <object_component id="oc-9a">
         <name>.debug_info</name>
         <load_address>0x11ddb</load_address>
         <run_address>0x11ddb</run_address>
         <size>0x14a</size>
         <input_file_ref idref="fl-d8"/>
      </object_component>
      <object_component id="oc-241">
         <name>.debug_info</name>
         <load_address>0x11f25</load_address>
         <run_address>0x11f25</run_address>
         <size>0x552</size>
         <input_file_ref idref="fl-d9"/>
      </object_component>
      <object_component id="oc-196">
         <name>.debug_info</name>
         <load_address>0x12477</load_address>
         <run_address>0x12477</run_address>
         <size>0x1a6</size>
         <input_file_ref idref="fl-d9"/>
      </object_component>
      <object_component id="oc-2dd">
         <name>.debug_info</name>
         <load_address>0x1261d</load_address>
         <run_address>0x1261d</run_address>
         <size>0x39</size>
         <input_file_ref idref="fl-d9"/>
      </object_component>
      <object_component id="oc-390">
         <name>.debug_info</name>
         <load_address>0x12656</load_address>
         <run_address>0x12656</run_address>
         <size>0x39</size>
         <input_file_ref idref="fl-d9"/>
      </object_component>
      <object_component id="oc-2e2">
         <name>.debug_info</name>
         <load_address>0x1268f</load_address>
         <run_address>0x1268f</run_address>
         <size>0x39</size>
         <input_file_ref idref="fl-d9"/>
      </object_component>
      <object_component id="oc-2e7">
         <name>.debug_info</name>
         <load_address>0x126c8</load_address>
         <run_address>0x126c8</run_address>
         <size>0xcd</size>
         <input_file_ref idref="fl-d9"/>
      </object_component>
      <object_component id="oc-9e">
         <name>.debug_info</name>
         <load_address>0x12795</load_address>
         <run_address>0x12795</run_address>
         <size>0x153</size>
         <input_file_ref idref="fl-da"/>
      </object_component>
      <object_component id="oc-29c">
         <name>.debug_info</name>
         <load_address>0x128e8</load_address>
         <run_address>0x128e8</run_address>
         <size>0x8b1</size>
         <input_file_ref idref="fl-dc"/>
      </object_component>
      <object_component id="oc-26a">
         <name>.debug_info</name>
         <load_address>0x13199</load_address>
         <run_address>0x13199</run_address>
         <size>0x21e</size>
         <input_file_ref idref="fl-dc"/>
      </object_component>
      <object_component id="oc-324">
         <name>.debug_info</name>
         <load_address>0x133b7</load_address>
         <run_address>0x133b7</run_address>
         <size>0x1b3</size>
         <input_file_ref idref="fl-dc"/>
      </object_component>
      <object_component id="oc-32a">
         <name>.debug_info</name>
         <load_address>0x1356a</load_address>
[...]
         <name>memcpy</name>
         <value>0x1e49</value>
         <object_component_ref idref="oc-37"/>
      </symbol>
      <symbol id="sm-358">
         <name>__aeabi_memcpy</name>
         <value>0x1e49</value>
         <object_component_ref idref="oc-37"/>
      </symbol>
      <symbol id="sm-359">
         <name>__aeabi_memcpy8</name>
         <value>0x1e49</value>
         <object_component_ref idref="oc-37"/>
      </symbol>
      <symbol id="sm-35a">
         <name>__aeabi_memcpy4</name>
         <value>0x1e49</value>
         <object_component_ref idref="oc-37"/>
      </symbol>
      <symbol id="sm-369">
         <name>__aeabi_memset</name>
         <value>0x2197</value>
         <object_component_ref idref="oc-97"/>
      </symbol>
      <symbol id="sm-36a">
         <name>memset</name>
         <value>0x219d</value>
         <object_component_ref idref="oc-97"/>
      </symbol>
      <symbol id="sm-36b">
         <name>__aeabi_memset8</name>
         <value>0x2197</value>
         <object_component_ref idref="oc-97"/>
      </symbol>
      <symbol id="sm-36c">
         <name>__aeabi_memset4</name>
         <value>0x2197</value>
         <object_component_ref idref="oc-97"/>
      </symbol>
      <symbol id="sm-36d">
         <name>__aeabi_memclr8</name>
         <value>0x2195</value>
         <object_component_ref idref="oc-97"/>
      </symbol>
      <symbol id="sm-36e">
         <name>__aeabi_memclr4</name>
         <value>0x2195</value>
         <object_component_ref idref="oc-97"/>
      </symbol>
      <symbol id="sm-36f">
         <name>__aeabi_memclr</name>
         <value>0x2195</value>
         <object_component_ref idref="oc-97"/>
      </symbol>
      <symbol id="sm-397">
         <name>__TI_auto_init_nobinit_nopinit</name>
         <value>0x2b79</value>
         <object_component_ref idref="oc-194"/>
      </symbol>
      <symbol id="sm-3a1">
         <name>_system_pre_init</name>
         <value>0x32a5</value>
         <object_component_ref idref="oc-9d"/>
      </symbol>
      <symbol id="sm-50c">
         <name>__TI_printfi</name>
         <value>0xe5</value>
         <object_component_ref idref="oc-1df"/>
      </symbol>
      <symbol id="sm-522">
         <name>atoi</name>
         <value>0x2a15</value>
         <object_component_ref idref="oc-260"/>
      </symbol>
      <symbol id="sm-52d">
         <name>_ctypes_</name>
         <value>0x32ac</value>
         <object_component_ref idref="oc-2f0"/>
      </symbol>
      <symbol id="sm-542">
         <name>__TI_tmpnams</name>
         <value>0x20000b0c</value>
      </symbol>
      <symbol id="sm-543">
         <name>__aeabi_stdout</name>
         <value>0x200009c0</value>
         <object_component_ref idref="oc-45d"/>
      </symbol>
      <symbol id="sm-544">
         <name>__aeabi_stderr</name>
         <value>0x200009c4</value>
         <object_component_ref idref="oc-45d"/>
      </symbol>
      <symbol id="sm-545">
         <name>__aeabi_stdin</name>
         <value>0x200009bc</value>
         <object_component_ref idref="oc-45d"/>
      </symbol>
      <symbol id="sm-546">
         <name>_ftable</name>
         <value>0x20000800</value>
         <object_component_ref idref="oc-1e8"/>
      </symbol>
      <symbol id="sm-547">
         <name>__TI_ft_end</name>
         <value>0x200009b8</value>
         <object_component_ref idref="oc-45d"/>
      </symbol>
      <symbol id="sm-55c">
         <name>putc</name>
         <value>0x1f7d</value>
         <object_component_ref idref="oc-2bc"/>
      </symbol>
      <symbol id="sm-55d">
         <name>fputc</name>
         <value>0x1f7d</value>
         <object_component_ref idref="oc-2bc"/>
      </symbol>
      <symbol id="sm-57b">
         <name>fputs</name>
         <value>0x1765</value>
         <object_component_ref idref="oc-2b5"/>
      </symbol>
      <symbol id="sm-58a">
         <name>ltoa</name>
         <value>0x2921</value>
         <object_component_ref idref="oc-310"/>
      </symbol>
      <symbol id="sm-59a">
         <name>memccpy</name>
         <value>0x3141</value>
         <object_component_ref idref="oc-289"/>
      </symbol>
      <symbol id="sm-5aa">
         <name>memchr</name>
         <value>0x30e9</value>
         <object_component_ref idref="oc-378"/>
      </symbol>
      <symbol id="sm-5ba">
         <name>strchr</name>
         <value>0x318d</value>
         <object_component_ref idref="oc-347"/>
      </symbol>
      <symbol id="sm-5c8">
         <name>strlen</name>
         <value>0x31cb</value>
         <object_component_ref idref="oc-25a"/>
      </symbol>
      <symbol id="sm-5ee">
         <name>_stream</name>
         <value>0x20000968</value>
         <object_component_ref idref="oc-3ea"/>
      </symbol>
      <symbol id="sm-5ef">
         <name>_device</name>
         <value>0x200008f0</value>
         <object_component_ref idref="oc-42b"/>
      </symbol>
      <symbol id="sm-5f0">
         <name>write</name>
         <value>0x307d</value>
         <object_component_ref idref="oc-384"/>
      </symbol>
      <symbol id="sm-609">
         <name>wcslen</name>
         <value>0x31f1</value>
         <object_component_ref idref="oc-28f"/>
      </symbol>
      <symbol id="sm-629">
         <name>frexpl</name>
         <value>0x2585</value>
         <object_component_ref idref="oc-33b"/>
      </symbol>
      <symbol id="sm-62a">
         <name>frexp</name>
         <value>0x2585</value>
         <object_component_ref idref="oc-33b"/>
      </symbol>
      <symbol id="sm-647">
         <name>scalbn</name>
         <value>0x1879</value>
         <object_component_ref idref="oc-341"/>
      </symbol>
      <symbol id="sm-648">
         <name>scalbnl</name>
         <value>0x1879</value>
         <object_component_ref idref="oc-341"/>
      </symbol>
      <symbol id="sm-649">
         <name>ldexpl</name>
         <value>0x1879</value>
         <object_component_ref idref="oc-341"/>
      </symbol>
      <symbol id="sm-64a">
         <name>ldexp</name>
         <value>0x1879</value>
         <object_component_ref idref="oc-341"/>
      </symbol>
      <symbol id="sm-661">
         <name>__aeabi_dsub</name>
         <value>0xf85</value>
         <object_component_ref idref="oc-31b"/>
      </symbol>
      <symbol id="sm-662">
         <name>__aeabi_dadd</name>
         <value>0xf8f</value>
         <object_component_ref idref="oc-31b"/>
      </symbol>
      <symbol id="sm-684">
         <name>__aeabi_cdcmpeq</name>
         <value>0x2009</value>
         <object_component_ref idref="oc-26c"/>
      </symbol>
      <symbol id="sm-685">
         <name>__aeabi_cdcmple</name>
         <value>0x2009</value>
         <object_component_ref idref="oc-26c"/>
      </symbol>
      <symbol id="sm-686">
         <name>__aeabi_cdrcmple</name>
         <value>0x208f</value>
         <object_component_ref idref="oc-306"/>
      </symbol>
      <symbol id="sm-69a">
         <name>__aeabi_ddiv</name>
         <value>0x13d9</value>
         <object_component_ref idref="oc-301"/>
      </symbol>
      <symbol id="sm-6a5">
         <name>__aeabi_dmul</name>
         <value>0x1989</value>
         <object_component_ref idref="oc-2fc"/>
      </symbol>
      <symbol id="sm-6af">
         <name>__aeabi_d2iz</name>
         <value>0x2aa9</value>
         <object_component_ref idref="oc-30b"/>
      </symbol>
      <symbol id="sm-6b9">
         <name>__aeabi_i2d</name>
         <value>0x2f29</value>
         <object_component_ref idref="oc-316"/>
      </symbol>
      <symbol id="sm-6c6">
         <name>__aeabi_uldivmod</name>
         <value>0x1ee5</value>
         <object_component_ref idref="oc-2f5"/>
      </symbol>
      <symbol id="sm-6dc">
         <name>__aeabi_errno_addr</name>
         <value>0x3291</value>
         <object_component_ref idref="oc-295"/>
      </symbol>
      <symbol id="sm-6dd">
         <name>errno</name>
         <value>0x200009e8</value>
         <object_component_ref idref="oc-357"/>
      </symbol>
      <symbol id="sm-6f5">
         <name>__TI_wrt_ok</name>
         <value>0x264d</value>
         <object_component_ref idref="oc-372"/>
      </symbol>
      <symbol id="sm-705">
         <name>__TI_doflush</name>
         <value>0x29c7</value>
         <object_component_ref idref="oc-37e"/>
      </symbol>
      <symbol id="sm-717">
         <name>fseek</name>
         <value>0x25e9</value>
         <object_component_ref idref="oc-3d8"/>
      </symbol>
      <symbol id="sm-727">
         <name>lseek</name>
         <value>0x302d</value>
         <object_component_ref idref="oc-404"/>
      </symbol>
      <symbol id="sm-743">
         <name>setvbuf</name>
         <value>0x1a85</value>
         <object_component_ref idref="oc-3de"/>
      </symbol>
      <symbol id="sm-754">
         <name>HOSTclose</name>
         <value>0x2af1</value>
         <object_component_ref idref="oc-469"/>
      </symbol>
      <symbol id="sm-765">
         <name>HOSTlseek</name>
         <value>0x23e5</value>
         <object_component_ref idref="oc-47b"/>
      </symbol>
      <symbol id="sm-777">
         <name>parmbuf</name>
         <value>0x20000bac</value>
      </symbol>
      <symbol id="sm-778">
         <name>HOSTopen</name>
         <value>0x26b1</value>
         <object_component_ref idref="oc-463"/>
      </symbol>
      <symbol id="sm-789">
         <name>HOSTread</name>
         <value>0x27c5</value>
         <object_component_ref idref="oc-46f"/>
      </symbol>
      <symbol id="sm-79a">
         <name>HOSTrename</name>
         <value>0x244d</value>
         <object_component_ref idref="oc-487"/>
      </symbol>
      <symbol id="sm-7ab">
         <name>HOSTunlink</name>
         <value>0x2b35</value>
         <object_component_ref idref="oc-481"/>
      </symbol>
      <symbol id="sm-7bc">
         <name>HOSTwrite</name>
         <value>0x281d</value>
         <object_component_ref idref="oc-475"/>
      </symbol>
      <symbol id="sm-7e0">
         <name>__TI_readmsg</name>
         <value>0x2e35</value>
         <object_component_ref idref="oc-4ad"/>
      </symbol>
      <symbol id="sm-7e1">
         <name>C$$IO$$</name>
         <value>0x2ce3</value>
         <object_component_ref idref="oc-4a7"/>
      </symbol>
      <symbol id="sm-7e2">
         <name>__CIOBUF_</name>
         <value>0x200009ec</value>
         <object_component_ref idref="oc-4d5"/>
      </symbol>
      <symbol id="sm-7e3">
         <name>__TI_writemsg</name>
         <value>0x2cb5</value>
         <object_component_ref idref="oc-4a7"/>
      </symbol>
      <symbol id="sm-7ed">
         <name>copysign</name>
         <value>0x31a3</value>
         <object_component_ref idref="oc-3bc"/>
      </symbol>
      <symbol id="sm-7ee">
         <name>copysignl</name>
         <value>0x31a3</value>
         <object_component_ref idref="oc-3bc"/>
      </symbol>
      <symbol id="sm-7f8">
         <name>__aeabi_idiv0</name>
         <value>0x150f</value>
         <object_component_ref idref="oc-3a3"/>
      </symbol>
      <symbol id="sm-7f9">
         <name>__aeabi_ldiv0</name>
         <value>0x150f</value>
         <object_component_ref idref="oc-3a3"/>
      </symbol>
      <symbol id="sm-874">
         <name>_sys_memory</name>
         <value>0x20000000</value>
         <object_component_ref idref="oc-29"/>
      </symbol>
      <symbol id="sm-875">
         <name>free</name>
         <value>0x1b61</value>
         <object_component_ref idref="oc-40c"/>
      </symbol>
      <symbol id="sm-876">
         <name>malloc</name>
         <value>0x2289</value>
         <object_component_ref idref="oc-412"/>
      </symbol>
      <symbol id="sm-877">
         <name>minit</name>
         <value>0x2d25</value>
         <object_component_ref idref="oc-440"/>
      </symbol>
      <symbol id="sm-887">
         <name>__TI_cleanup</name>
         <value>0x2e01</value>
         <object_component_ref idref="oc-418"/>
      </symbol>
      <symbol id="sm-896">
         <name>strcpy</name>
         <value>0x31b7</value>
         <object_component_ref idref="oc-4c1"/>
      </symbol>
      <symbol id="sm-8ab">
         <name>__TI_closefile</name>
         <value>0x2301</value>
         <object_component_ref idref="oc-457"/>
      </symbol>
      <symbol id="sm-8ce">
         <name>finddevice</name>
         <value>0x2ef9</value>
         <object_component_ref idref="oc-4f3"/>
      </symbol>
      <symbol id="sm-8cf">
         <name>getdevice</name>
         <value>0x2bbd</value>
         <object_component_ref idref="oc-4cb"/>
      </symbol>
      <symbol id="sm-8df">
         <name>strcmp</name>
         <value>0x3175</value>
         <object_component_ref idref="oc-50a"/>
      </symbol>
      <symbol id="sm-8ef">
         <name>strncpy</name>
         <value>0x2d95</value>
         <object_component_ref idref="oc-4ed"/>
      </symbol>
      <symbol id="sm-8ff">
         <name>unlink</name>
         <value>0x2fb1</value>
         <object_component_ref idref="oc-49c"/>
      </symbol>
      <symbol id="sm-913">
         <name>close</name>
         <value>0x2711</value>
         <object_component_ref idref="oc-496"/>
      </symbol>
      <symbol id="sm-914">
         <name>__TI_static_base__</name>
         <value>0x0</value>
      </symbol>
      <symbol id="sm-917">
         <name>__mpu_init</name>
         <value>0x0</value>
      </symbol>
      <symbol id="sm-918">
         <name>_system_post_cinit</name>
         <value>0x0</value>
      </symbol>
      <symbol id="sm-919">
         <name>NMI_Handler</name>
         <value>0xb43</value>
      </symbol>
      <symbol id="sm-91a">
         <name>HardFault_Handler</name>
         <value>0xb43</value>
      </symbol>
      <symbol id="sm-91b">
         <name>MemManage_Handler</name>
         <value>0xb43</value>
      </symbol>
      <symbol id="sm-91c">
         <name>BusFault_Handler</name>
         <value>0xb43</value>
      </symbol>
      <symbol id="sm-91d">
         <name>UsageFault_Handler</name>
         <value>0xb43</value>
      </symbol>
      <symbol id="sm-91e">
         <name>SVC_Handler</name>
         <value>0xb43</value>
      </symbol>
      <symbol id="sm-91f">
         <name>DebugMon_Handler</name>
         <value>0xb43</value>
      </symbol>
      <symbol id="sm-920">
         <name>PendSV_Handler</name>
         <value>0xb43</value>
      </symbol>
      <symbol id="sm-921">
         <name>SysTick_Handler</name>
         <value>0xb43</value>
      </symbol>
      <symbol id="sm-922">
         <name>PSS_IRQHandler</name>
         <value>0xb43</value>
      </symbol>
      <symbol id="sm-923">
         <name>CS_IRQHandler</name>
         <value>0xb43</value>
      </symbol>
      <symbol id="sm-924">
         <name>PCM_IRQHandler</name>
         <value>0xb43</value>
      </symbol>
      <symbol id="sm-925">
         <name>WDT_A_IRQHandler</name>
         <value>0xb43</value>
      </symbol>
      <symbol id="sm-926">
         <name>FPU_IRQHandler</name>
         <value>0xb43</value>
      </symbol>
      <symbol id="sm-927">
         <name>FLCTL_IRQHandler</name>
         <value>0xb43</value>
      </symbol>
      <symbol id="sm-928">
         <name>COMP_E0_IRQHandler</name>
         <value>0xb43</value>
      </symbol>
      <symbol id="sm-929">
         <name>COMP_E1_IRQHandler</name>
         <value>0xb43</value>
      </symbol>
      <symbol id="sm-92a">
         <name>TA0_0_IRQHandler</name>
         <value>0xb43</value>
      </symbol>
      <symbol id="sm-92b">
         <name>TA0_N_IRQHandler</name>
         <value>0xb43</value>
      </symbol>
      <symbol id="sm-92c">
         <name>TA1_0_IRQHandler</name>
         <value>0xb43</value>
      </symbol>
      <symbol id="sm-92d">
         <name>TA1_N_IRQHandler</name>
         <value>0xb43</value>
      </symbol>
      <symbol id="sm-92e">
         <name>TA2_0_IRQHandler</name>
         <value>0xb43</value>
      </symbol>
      <symbol id="sm-92f">
         <name>TA2_N_IRQHandler</name>
         <value>0xb43</value>
      </symbol>
      <symbol id="sm-930">
         <name>TA3_0_IRQHandler</name>
         <value>0xb43</value>
      </symbol>
      <symbol id="sm-931">
         <name>TA3_N_IRQHandler</name>
         <value>0xb43</value>
      </symbol>
      <symbol id="sm-932">
         <name>EUSCIA0_IRQHandler</name>
         <value>0xb43</value>
      </symbol>
      <symbol id="sm-933">
         <name>EUSCIA1_IRQHandler</name>
         <value>0xb43</value>
      </symbol>
      <symbol id="sm-934">
         <name>EUSCIA2_IRQHandler</name>
         <value>0xb43</value>
      </symbol>
      <symbol id="sm-935">
         <name>EUSCIA3_IRQHandler</name>
         <value>0xb43</value>
      </symbol>
      <symbol id="sm-936">
         <name>EUSCIB0_IRQHandler</name>
         <value>0xb43</value>
      </symbol>
      <symbol id="sm-937">
         <name>EUSCIB1_IRQHandler</name>
         <value>0xb43</value>
      </symbol>
      <symbol id="sm-938">
         <name>EUSCIB2_IRQHandler</name>
         <value>0xb43</value>
      </symbol>
      <symbol id="sm-939">
         <name>EUSCIB3_IRQHandler</name>
         <value>0xb43</value>
      </symbol>
      <symbol id="sm-93a">
         <name>ADC14_IRQHandler</name>
         <value>0x1511</value>
      </symbol>
      <symbol id="sm-93b">
         <name>T32_INT1_IRQHandler</name>
         <value>0xb43</value>
      </symbol>
      <symbol id="sm-93c">
         <name>T32_INT2_IRQHandler</name>
         <value>0xb43</value>
      </symbol>
      <symbol id="sm-93d">
         <name>T32_INTC_IRQHandler</name>
         <value>0xb43</value>
      </symbol>
      <symbol id="sm-93e">
         <name>AES256_IRQHandler</name>
         <value>0xb43</value>
      </symbol>
      <symbol id="sm-93f">
         <name>RTC_C_IRQHandler</name>
         <value>0xb43</value>
      </symbol>
      <symbol id="sm-940">
         <name>DMA_ERR_IRQHandler</name>
         <value>0xb43</value>
      </symbol>
      <symbol id="sm-941">
         <name>DMA_INT3_IRQHandler</name>
         <value>0xb43</value>
      </symbol>
      <symbol id="sm-942">
         <name>DMA_INT2_IRQHandler</name>
         <value>0xb43</value>
      </symbol>
      <symbol id="sm-943">
         <name>DMA_INT1_IRQHandler</name>
         <value>0xb43</value>
      </symbol>
      <symbol id="sm-944">
         <name>DMA_INT0_IRQHandler</name>
         <value>0xb43</value>
      </symbol>
      <symbol id="sm-945">
         <name>PORT1_IRQHandler</name>
         <value>0xb43</value>
      </symbol>
      <symbol id="sm-946">
         <name>PORT2_IRQHandler</name>
         <value>0xb43</value>
      </symbol>
      <symbol id="sm-947">
         <name>PORT3_IRQHandler</name>
         <value>0xb43</value>
      </symbol>
      <symbol id="sm-948">
         <name>PORT4_IRQHandler</name>
         <value>0xb43</value>
      </symbol>
      <symbol id="sm-949">
         <name>PORT5_IRQHandler</name>
         <value>0xb43</value>
      </symbol>
      <symbol id="sm-94a">
         <name>PORT6_IRQHandler</name>
         <value>0xb43</value>
      </symbol>
      <symbol id="sm-94b">
         <name>remove</name>
         <value>0x2fb1</value>
      </symbol>
   </symbol_table>
   <title>Link successful</title>
</link_info>
