******************************************************************************
                  TI ARM Linker PC v18.1.4                     
******************************************************************************
>> Linked Fri Feb  8 14:45:39 2019

OUTPUT FILE NAME:   <ADC_Lab2b_internal_temp.out>
ENTRY POINT SYMBOL: "_c_int00_noargs"  address: 00002ced


MEMORY CONFIGURATION

         name            origin    length      used     unused   attr    fill
----------------------  --------  ---------  --------  --------  ----  --------
  MAIN                  00000000   00040000  000034d0  0003cb30  R  X
  INFO                  00200000   00004000  00000000  00004000  R  X
  SRAM_CODE             01000000   00010000  00000dc8  0000f238  RW X
  SRAM_DATA             20000000   00010000  00000dc8  0000f238  RW  


SEGMENT ALLOCATION MAP

run origin  load origin   length   init length attrs members
----------  ----------- ---------- ----------- ----- -------
00000000    00000000    000034d0   000034d0    r-x
  00000000    00000000    000000e4   000000e4    r-- .intvecs
  000000e4    000000e4    000031c8   000031c8    r-x .text
  000032ac    000032ac    0000018c   0000018c    r-- .const
  00003438    00003438    00000098   00000098    r-- .cinit
20000000    20000000    00000bc8   00000000    rw-
  20000000    20000000    00000800   00000000    rw- .sysmem
  20000800    20000800    000001ec   00000000    rw- .data
  200009ec    200009ec    000001dc   00000000    rw- .bss
2000fe00    2000fe00    00000200   00000000    rw-
  2000fe00    2000fe00    00000200   00000000    rw- .stack


SECTION ALLOCATION MAP

 output                                  attributes/
section   page    origin      length       input sections
--------  ----  ----------  ----------   ----------------
.intvecs   0    00000000    000000e4     
                  00000000    000000e4     startup_msp432p401r_ccs.obj (.intvecs:retain)

.text      0    000000e4    000031c8     
                  000000e4    00000a5e     rtsv7M4_T_le_v4SPD16_eabi.lib : _printfi.c.obj (.text:__TI_printfi)
                  00000b42    00000002     startup_msp432p401r_ccs.obj (.text:Default_Handler)
                  00000b44    00000270     rtsv7M4_T_le_v4SPD16_eabi.lib : _printfi.c.obj (.text:_pconv_a)
                  00000db4    000001d0                                   : _printfi.c.obj (.text:_pconv_g)
                  00000f84    000001b6                                   : fd_add_t2.asm.obj (.text)
                  0000113a    00000002                                   : _lock.c.obj (.text:_nop)
                  0000113c    00000160     msp432p4xx_driverlib.lib : adc14.o (.text:_getIndexForMemRegister)
                  0000129c    0000013c     rtsv7M4_T_le_v4SPD16_eabi.lib : _printfi.c.obj (.text:_pconv_e)
                  000013d8    00000136                                   : fd_div_t2.asm.obj (.text)
                  0000150e    00000002                                   : div0.asm.obj (.text)
                  00001510    00000130     main.obj (.text:ADC14_IRQHandler)
                  00001640    00000124     rtsv7M4_T_le_v4SPD16_eabi.lib : _printfi.c.obj (.text:fcvt)
                  00001764    00000114                                   : fputs.c.obj (.text:fputs)
                  00001878    00000110                                   : s_scalbn.c.obj (.text:scalbn)
                  00001988    000000fc                                   : fd_mul_t2.asm.obj (.text)
                  00001a84    000000dc                                   : setvbuf.c.obj (.text:setvbuf)
                  00001b60    000000d8                                   : memory.c.obj (.text:free)
                  00001c38    000000b8     main.obj (.text:main)
                  00001cf0    000000b1     rtsv7M4_T_le_v4SPD16_eabi.lib : _printfi.c.obj (.text:_ltostr)
                  00001da1    00000003     --HOLE-- [fill = 0]
                  00001da4    000000a4     msp432p4xx_driverlib.lib : adc14.o (.text:ADC14_configureConversionMemory)
                  00001e48    0000009c     rtsv7M4_T_le_v4SPD16_eabi.lib : memcpy_t2.asm.obj (.text)
                  00001ee4    00000096                                   : ull_div_t2.asm.obj (.text)
                  00001f7a    00000002     --HOLE-- [fill = 0]
                  00001f7c    0000008c                                   : fputc.c.obj (.text:fputc)
                  00002008    00000086                                   : fd_cmp_t2.asm.obj (.text:__aeabi_cdcmple)
                  0000208e    00000086                                   : fd_cmp_t2.asm.obj (.text:__aeabi_cdrcmple)
                  00002114    00000080     msp432p4xx_driverlib.lib : interrupt.o (.text:Interrupt_enableInterrupt)
                  00002194    0000007a     rtsv7M4_T_le_v4SPD16_eabi.lib : memset_t2.asm.obj (.text)
                  0000220e    00000002     --HOLE-- [fill = 0]
                  00002210    00000078     system_msp432p401r.obj (.text:SystemInit)
                  00002288    00000078     rtsv7M4_T_le_v4SPD16_eabi.lib : memory.c.obj (.text:malloc)
                  00002300    00000074                                   : fclose.c.obj (.text:__TI_closefile)
                  00002374    0000006e                                   : _printfi.c.obj (.text:_mcpy)
                  000023e2    00000002     --HOLE-- [fill = 0]
                  000023e4    00000068                                   : hostlseek.c.obj (.text:HOSTlseek)
                  0000244c    00000068                                   : hostrename.c.obj (.text:HOSTrename)
                  000024b4    00000068                                   : copy_decompress_lzss.c.obj (.text:decompress:lzss:__TI_decompress_lzss)
                  0000251c    00000068                                   : printf.c.obj (.text:printf)
                  00002584    00000064                                   : s_frexp.c.obj (.text:frexp)
                  000025e8    00000064                                   : fseek.c.obj (.text:fseek)
                  0000264c    00000062                                   : _io_perm.c.obj (.text:__TI_wrt_ok)
                  000026ae    00000002     --HOLE-- [fill = 0]
                  000026b0    00000060                                   : hostopen.c.obj (.text:HOSTopen)
                  00002710    0000005c                                   : close.c.obj (.text:close)
                  0000276c    00000058     msp432p4xx_driverlib.lib : adc14.o (.text:ADC14_configureSingleSampleMode)
                  000027c4    00000058     rtsv7M4_T_le_v4SPD16_eabi.lib : hostread.c.obj (.text:HOSTread)
                  0000281c    00000058                                   : hostwrite.c.obj (.text:HOSTwrite)
                  00002874    00000056                                   : _printfi.c.obj (.text:_pconv_f)
                  000028ca    00000002     --HOLE-- [fill = 0]
                  000028cc    00000054     msp432p4xx_driverlib.lib : adc14.o (.text:ADC14_initModule)
                  00002920    00000054     rtsv7M4_T_le_v4SPD16_eabi.lib : ltoa.c.obj (.text:ltoa)
                  00002974    00000052                                   : _printfi.c.obj (.text:_ecpy)
                  000029c6    0000004c                                   : fflush.c.obj (.text:__TI_doflush)
                  00002a12    00000002     --HOLE-- [fill = 0]
                  00002a14    0000004c                                   : atoi.c.obj (.text:atoi)
                  00002a60    00000048                                   : exit.c.obj (.text:exit)
                  00002aa8    00000048                                   : fd_toi_t2.asm.obj (.text)
                  00002af0    00000044                                   : hostclose.c.obj (.text:HOSTclose)
                  00002b34    00000044                                   : hostunlink.c.obj (.text:HOSTunlink)
                  00002b78    00000044                                   : autoinit.c.obj (.text:__TI_auto_init_nobinit_nopinit:__TI_auto_init_nobinit_nopinit)
                  00002bbc    00000044                                   : getdevice.c.obj (.text:getdevice)
                  00002c00    0000003e                                   : _printfi.c.obj (.text:_fcpy)
                  00002c3e    00000002     --HOLE-- [fill = 0]
                  00002c40    0000003c                                   : memory.c.obj (.text:minsert)
                  00002c7c    00000038     msp432p4xx_driverlib.lib : adc14.o (.text:ADC14_getEnabledInterruptStatus)
                  00002cb4    00000038     rtsv7M4_T_le_v4SPD16_eabi.lib : trgmsg.c.obj (.text:__TI_writemsg)
                  00002cec    00000038                                   : boot_cortex_m.c.obj (.text:_c_int00_noargs:_c_int00_noargs)
                  00002d24    00000038                                   : memory.c.obj (.text:minit)
                  00002d5c    00000038                                   : fs_tod_t2.asm.obj (.text)
                  00002d94    00000036                                   : strncpy.c.obj (.text:strncpy)
                  00002dca    00000002     --HOLE-- [fill = 0]
                  00002dcc    00000034     msp432p4xx_driverlib.lib : adc14.o (.text:ADC14_enableSampleTimer)
                  00002e00    00000034     rtsv7M4_T_le_v4SPD16_eabi.lib : fopen.c.obj (.text:__TI_cleanup)
                  00002e34    00000034                                   : trgmsg.c.obj (.text:__TI_readmsg)
                  00002e68    00000030     msp432p4xx_driverlib.lib : adc14.o (.text:ADC14_clearInterruptFlag)
                  00002e98    00000030                              : adc14.o (.text:ADC14_enableInterrupt)
                  00002ec8    00000030                              : adc14.o (.text:ADC14_setSampleHoldTime)
                  00002ef8    00000030     rtsv7M4_T_le_v4SPD16_eabi.lib : getdevice.c.obj (.text:finddevice)
                  00002f28    0000002e                                   : i_tofd_t2.asm.obj (.text)
                  00002f56    00000002     --HOLE-- [fill = 0]
                  00002f58    0000002c     msp432p4xx_driverlib.lib : adc14.o (.text:ADC14_getInterruptStatus)
                  00002f84    0000002c                              : adc14.o (.text:ADC14_toggleConversionTrigger)
                  00002fb0    0000002c     rtsv7M4_T_le_v4SPD16_eabi.lib : unlink.c.obj (.text:unlink)
                  00002fdc    00000028     msp432p4xx_driverlib.lib : adc14.o (.text:ADC14_enableConversion)
                  00003004    00000028                              : pcm.o (.text:PCM_gotoLPM0)
                  0000302c    00000028     rtsv7M4_T_le_v4SPD16_eabi.lib : lseek.c.obj (.text:lseek)
                  00003054    00000028                                   : memory.c.obj (.text:mremove)
                  0000307c    00000028                                   : write.c.obj (.text:write)
                  000030a4    00000024     msp432p4xx_driverlib.lib : wdt_a.o (.text:WDT_A_holdTimer)
                  000030c8    00000020                              : ref_a.o (.text:REF_A_setReferenceVoltage)
                  000030e8    00000020     rtsv7M4_T_le_v4SPD16_eabi.lib : memchr.c.obj (.text:memchr)
                  00003108    0000001c     msp432p4xx_driverlib.lib : adc14.o (.text:ADC14_getResult)
                  00003124    0000001c                              : sysctl.o (.text:SysCtl_getTempCalibrationConstant)
                  00003140    0000001c     rtsv7M4_T_le_v4SPD16_eabi.lib : memccpy.c.obj (.text:memccpy)
                  0000315c    00000018     msp432p4xx_driverlib.lib : fpu.o (.text:FPU_enableModule)
                  00003174    00000018     rtsv7M4_T_le_v4SPD16_eabi.lib : strcmp.c.obj (.text:strcmp)
                  0000318c    00000016                                   : strchr.c.obj (.text:strchr)
                  000031a2    00000014                                   : s_copysign.c.obj (.text:copysign)
                  000031b6    00000014                                   : strcpy.c.obj (.text:strcpy)
                  000031ca    00000014                                   : strlen.c.obj (.text:strlen)
                  000031de    00000012                                   : copy_zero_init.c.obj (.text:decompress:ZI:__TI_zero_init_nomemset:__TI_zero_init_nomemset)
                  000031f0    00000012                                   : wcslen.c.obj (.text:wcslen)
                  00003202    00000002     --HOLE-- [fill = 0]
                  00003204    00000010     msp432p4xx_driverlib.lib : adc14.o (.text:ADCIsConversionRunning)
                  00003214    00000010                              : fpu.o (.text:FPU_enableLazyStacking)
                  00003224    00000010                              : interrupt.o (.text:Interrupt_enableMaster)
                  00003234    00000010                              : interrupt.o (.text:Interrupt_enableSleepOnIsrExit)
                  00003244    0000000e     rtsv7M4_T_le_v4SPD16_eabi.lib : copy_decompress_none.c.obj (.text:decompress:none:__TI_decompress_none)
                  00003252    00000002     --HOLE-- [fill = 0]
                  00003254    0000000c     msp432p4xx_driverlib.lib : adc14.o (.text:ADC14_enableModule)
                  00003260    0000000c                              : cpu.o (.text:CPU_cpsie)
                  0000326c    0000000c                              : ref_a.o (.text:REF_A_enableReferenceVoltage)
                  00003278    0000000c                              : ref_a.o (.text:REF_A_enableTempSensor)
                  00003284    0000000c     startup_msp432p401r_ccs.obj (.text:Reset_Handler)
                  00003290    00000008     rtsv7M4_T_le_v4SPD16_eabi.lib : errno.c.obj (.text:__aeabi_errno_addr)
                  00003298    00000004     msp432p4xx_driverlib.lib : cpu.o (.text:CPU_wfi)
                  0000329c    00000004     rtsv7M4_T_le_v4SPD16_eabi.lib : printf.c.obj (.text:_outc)
                  000032a0    00000004                                   : printf.c.obj (.text:_outs)
                  000032a4    00000004                                   : pre_init.c.obj (.text:_system_pre_init)
                  000032a8    00000004                                   : exit.c.obj (.text:abort:abort)

.const     0    000032ac    0000018c     
                  000032ac    00000101     rtsv7M4_T_le_v4SPD16_eabi.lib : ctype.c.obj (.const:.string:_ctypes_)
                  000033ad    00000003     --HOLE-- [fill = 0]
                  000033b0    00000080     msp432p4xx_driverlib.lib : adc14.o (.const:_ctlRegs)
                  00003430    00000008                              : interrupt.o (.const:g_pulEnRegs)

.cinit     0    00003438    00000098     
                  00003438    0000006e     (.cinit..data.load) [load image, compression = lzss]
                  000034a6    00000002     --HOLE-- [fill = 0]
                  000034a8    0000000c     (__TI_handler_table)
                  000034b4    00000004     --HOLE-- [fill = 0]
                  000034b8    00000008     (.cinit..bss.load) [load image, compression = zero_init]
                  000034c0    00000010     (__TI_cinit_table)

.init_array 
*          0    00000000    00000000     UNINITIALIZED

.binit     0    00000000    00000000     

.sysmem    0    20000000    00000800     UNINITIALIZED
                  20000000    00000008     rtsv7M4_T_le_v4SPD16_eabi.lib : memory.c.obj (.sysmem)
                  20000008    000007f8     --HOLE--

.data      0    20000800    000001ec     UNINITIALIZED
                  20000800    000000f0     rtsv7M4_T_le_v4SPD16_eabi.lib : defs.c.obj (.data:_ftable)
                  200008f0    00000078                                   : write.c.obj (.data:_device)
                  20000968    00000050                                   : write.c.obj (.data:_stream)
                  200009b8    00000010                                   : defs.c.obj (.data)
                  200009c8    0000000c                                   : exit.c.obj (.data:$O1$$)
                  200009d4    0000000c                                   : memory.c.obj (.data:$O1$$)
                  200009e0    00000008                                   : _lock.c.obj (.data:$O1$$)
                  200009e8    00000004                                   : errno.c.obj (.data)

.bss       0    200009ec    000001dc     UNINITIALIZED
                  200009ec    00000120     rtsv7M4_T_le_v4SPD16_eabi.lib : trgmsg.c.obj (.bss:_CIOBUF_)
                  20000b0c    000000a0     (.common:__TI_tmpnams)
                  20000bac    00000008     (.common:parmbuf)
                  20000bb4    00000004     (.common:cal30)
                  20000bb8    00000004     (.common:cal85)
                  20000bbc    00000004     (.common:calRange)
                  20000bc0    00000004     (.common:tempC)
                  20000bc4    00000004     (.common:tempF)

.stack     0    2000fe00    00000200     UNINITIALIZED
                  2000fe00    00000004     rtsv7M4_T_le_v4SPD16_eabi.lib : boot_cortex_m.c.obj (.stack)
                  2000fe04    000001fc     --HOLE--

MODULE SUMMARY

       Module                        code    ro data   rw data
       ------                        ----    -------   -------
    .\
       main.obj                      488     0         40     
       system_msp432p401r.obj        120     0         0      
    +--+-----------------------------+-------+---------+---------+
       Total:                        608     0         40     
                                                              
    .\ccs\
       startup_msp432p401r_ccs.obj   14      228       0      
    +--+-----------------------------+-------+---------+---------+
       Total:                        14      228       0      
                                                              
    C:/ti/simplelink_msp432p4_sdk_2_30_00_14/source/ti/devices/msp432p4xx/driverlib/ccs/msp432p4xx_driverlib.lib
       adc14.o                       1124    128       0      
       interrupt.o                   160     8         0      
       ref_a.o                       56      0         0      
       fpu.o                         40      0         0      
       pcm.o                         40      0         0      
       wdt_a.o                       36      0         0      
       sysctl.o                      28      0         0      
       cpu.o                         16      0         0      
    +--+-----------------------------+-------+---------+---------+
       Total:                        1500    136       0      
                                                              
    C:\ti\ccs830\ccsv8\tools\compiler\ti-cgt-arm_18.1.4.LTS\lib\rtsv7M4_T_le_v4SPD16_eabi.lib
       _printfi.c.obj                4867    0         0      
       defs.c.obj                    0       0         832    
       trgmsg.c.obj                  108     0         576    
       memory.c.obj                  492     0         24     
       write.c.obj                   40      0         400    
       fd_add_t2.asm.obj             438     0         0      
       fd_div_t2.asm.obj             310     0         0      
       fputs.c.obj                   276     0         0      
       s_scalbn.c.obj                272     0         0      
       fd_cmp_t2.asm.obj             268     0         0      
       ctype.c.obj                   0       257       0      
       fd_mul_t2.asm.obj             252     0         0      
       setvbuf.c.obj                 220     0         0      
       memcpy_t2.asm.obj             156     0         0      
       ull_div_t2.asm.obj            150     0         0      
       fputc.c.obj                   140     0         0      
       memset_t2.asm.obj             122     0         0      
       fclose.c.obj                  116     0         0      
       getdevice.c.obj               116     0         0      
       hostopen.c.obj                96      0         16     
       printf.c.obj                  112     0         0      
       copy_decompress_lzss.c.obj    104     0         0      
       hostlseek.c.obj               104     0         0      
       hostrename.c.obj              104     0         0      
       exit.c.obj                    76      0         24     
       fseek.c.obj                   100     0         0      
       s_frexp.c.obj                 100     0         0      
       _io_perm.c.obj                98      0         0      
       close.c.obj                   92      0         0      
       hostread.c.obj                88      0         0      
       hostwrite.c.obj               88      0         0      
       ltoa.c.obj                    84      0         0      
       atoi.c.obj                    76      0         0      
       fflush.c.obj                  76      0         0      
       fd_toi_t2.asm.obj             72      0         0      
       autoinit.c.obj                68      0         0      
       hostclose.c.obj               68      0         0      
       hostunlink.c.obj              68      0         0      
       boot_cortex_m.c.obj           56      0         0      
       fs_tod_t2.asm.obj             56      0         0      
       strncpy.c.obj                 54      0         0      
       fopen.c.obj                   52      0         0      
       i_tofd_t2.asm.obj             46      0         0      
       unlink.c.obj                  44      0         0      
       lseek.c.obj                   40      0         0      
       memchr.c.obj                  32      0         0      
       memccpy.c.obj                 28      0         0      
       strcmp.c.obj                  24      0         0      
       strchr.c.obj                  22      0         0      
       s_copysign.c.obj              20      0         0      
       strcpy.c.obj                  20      0         0      
       strlen.c.obj                  20      0         0      
       _lock.c.obj                   2       0         16     
       copy_zero_init.c.obj          18      0         0      
       wcslen.c.obj                  18      0         0      
       errno.c.obj                   8       0         8      
       copy_decompress_none.c.obj    14      0         0      
       pre_init.c.obj                4       0         0      
       div0.asm.obj                  2       0         0      
    +--+-----------------------------+-------+---------+---------+
       Total:                        10597   257       1896   
                                                              
       Heap:                         0       0         4096   
       Stack:                        0       0         1024   
       Linker Generated:             0       146       0      
    +--+-----------------------------+-------+---------+---------+
       Grand Total:                  12719   767       7056   


LINKER GENERATED COPY TABLES

__TI_cinit_table @ 000034c0 records: 2, size/record: 8, table size: 16
	.data: load addr=00003438, load size=0000006e bytes, run addr=20000800, run size=000001ec bytes, compression=lzss
	.bss: load addr=000034b8, load size=00000008 bytes, run addr=200009ec, run size=000001dc bytes, compression=zero_init


LINKER GENERATED HANDLER TABLE

__TI_handler_table @ 000034a8 records: 3, size/record: 4, table size: 12
	index: 0, handler: __TI_decompress_lzss
	index: 1, handler: __TI_decompress_none
	index: 2, handler: __TI_zero_init


GLOBAL SYMBOLS: SORTED ALPHABETICALLY BY Name 

address   name                             
-------   ----                             
00001511  ADC14_IRQHandler                 
00001511  ADC14_IRQHandler                 
00002e69  ADC14_clearInterruptFlag         
00001da5  ADC14_configureConversionMemory  
0000276d  ADC14_configureSingleSampleMode  
00002fdd  ADC14_enableConversion           
00002e99  ADC14_enableInterrupt            
00003255  ADC14_enableModule               
00002dcd  ADC14_enableSampleTimer          
00002c7d  ADC14_getEnabledInterruptStatus  
00002f59  ADC14_getInterruptStatus         
00003109  ADC14_getResult                  
000028cd  ADC14_initModule                 
00002ec9  ADC14_setSampleHoldTime          
00002f85  ADC14_toggleConversionTrigger    
00000b43  AES256_IRQHandler                
00000b43  BusFault_Handler                 
000032a9  C$$EXIT                          
00002ce3  C$$IO$$                          
00000b43  COMP_E0_IRQHandler               
00000b43  COMP_E1_IRQHandler               
00003261  CPU_cpsie                        
00003299  CPU_wfi                          
00000b43  CS_IRQHandler                    
00000b43  DMA_ERR_IRQHandler               
00000b43  DMA_INT0_IRQHandler              
00000b43  DMA_INT1_IRQHandler              
00000b43  DMA_INT2_IRQHandler              
00000b43  DMA_INT3_IRQHandler              
00000b43  DebugMon_Handler                 
00000b43  Default_Handler                  
00000b43  EUSCIA0_IRQHandler               
00000b43  EUSCIA1_IRQHandler               
00000b43  EUSCIA2_IRQHandler               
00000b43  EUSCIA3_IRQHandler               
00000b43  EUSCIB0_IRQHandler               
00000b43  EUSCIB1_IRQHandler               
00000b43  EUSCIB2_IRQHandler               
00000b43  EUSCIB3_IRQHandler               
00000b43  FLCTL_IRQHandler                 
00000b43  FPU_IRQHandler                   
00003215  FPU_enableLazyStacking           
0000315d  FPU_enableModule                 
00002af1  HOSTclose                        
000023e5  HOSTlseek                        
000026b1  HOSTopen                         
000027c5  HOSTread                         
0000244d  HOSTrename                       
00002b35  HOSTunlink                       
0000281d  HOSTwrite                        
00000b43  HardFault_Handler                
00002115  Interrupt_enableInterrupt        
00003225  Interrupt_enableMaster           
00003235  Interrupt_enableSleepOnIsrExit   
00000b43  MemManage_Handler                
00000b43  NMI_Handler                      
00000b43  PCM_IRQHandler                   
00003005  PCM_gotoLPM0                     
00000b43  PORT1_IRQHandler                 
00000b43  PORT2_IRQHandler                 
00000b43  PORT3_IRQHandler                 
00000b43  PORT4_IRQHandler                 
00000b43  PORT5_IRQHandler                 
00000b43  PORT6_IRQHandler                 
00000b43  PSS_IRQHandler                   
00000b43  PendSV_Handler                   
0000326d  REF_A_enableReferenceVoltage     
00003279  REF_A_enableTempSensor           
000030c9  REF_A_setReferenceVoltage        
00000b43  RTC_C_IRQHandler                 
00003285  Reset_Handler                    
00000b43  SVC_Handler                      
00003125  SysCtl_getTempCalibrationConstant
00000b43  SysTick_Handler                  
00002211  SystemInit                       
00000b43  T32_INT1_IRQHandler              
00000b43  T32_INT2_IRQHandler              
00000b43  T32_INTC_IRQHandler              
00000b43  TA0_0_IRQHandler                 
00000b43  TA0_N_IRQHandler                 
00000b43  TA1_0_IRQHandler                 
00000b43  TA1_N_IRQHandler                 
00000b43  TA2_0_IRQHandler                 
00000b43  TA2_N_IRQHandler                 
00000b43  TA3_0_IRQHandler                 
00000b43  TA3_N_IRQHandler                 
00000b43  UsageFault_Handler               
4000480c  WDTCTL_SYM                       
00000b43  WDT_A_IRQHandler                 
000030a5  WDT_A_holdTimer                  
200009ec  __CIOBUF_                        
20010000  __STACK_END                      
00000200  __STACK_SIZE                     
00000800  __SYSMEM_SIZE                    
000034c0  __TI_CINIT_Base                  
000034d0  __TI_CINIT_Limit                 
000034a8  __TI_Handler_Table_Base          
000034b4  __TI_Handler_Table_Limit         
00002b79  __TI_auto_init_nobinit_nopinit   
00002e01  __TI_cleanup                     
200009c8  __TI_cleanup_ptr                 
00002301  __TI_closefile                   
000024b5  __TI_decompress_lzss             
00003245  __TI_decompress_none             
000029c7  __TI_doflush                     
200009cc  __TI_dtors_ptr                   
200009d0  __TI_enable_exit_profile_output  
200009b8  __TI_ft_end                      
ffffffff  __TI_pprof_out_hndl              
000000e5  __TI_printfi                     
ffffffff  __TI_prof_data_size              
ffffffff  __TI_prof_data_start             
00002e35  __TI_readmsg                     
00000000  __TI_static_base__               
20000b0c  __TI_tmpnams                     
00002cb5  __TI_writemsg                    
0000264d  __TI_wrt_ok                      
000031df  __TI_zero_init_nomemset          
00002009  __aeabi_cdcmpeq                  
00002009  __aeabi_cdcmple                  
0000208f  __aeabi_cdrcmple                 
00002aa9  __aeabi_d2iz                     
00000f8f  __aeabi_dadd                     
000013d9  __aeabi_ddiv                     
00001989  __aeabi_dmul                     
00000f85  __aeabi_dsub                     
00003291  __aeabi_errno_addr               
00002d5d  __aeabi_f2d                      
00002f29  __aeabi_i2d                      
0000150f  __aeabi_idiv0                    
0000150f  __aeabi_ldiv0                    
00002195  __aeabi_memclr                   
00002195  __aeabi_memclr4                  
00002195  __aeabi_memclr8                  
00001e49  __aeabi_memcpy                   
00001e49  __aeabi_memcpy4                  
00001e49  __aeabi_memcpy8                  
00002197  __aeabi_memset                   
00002197  __aeabi_memset4                  
00002197  __aeabi_memset8                  
200009c4  __aeabi_stderr                   
200009bc  __aeabi_stdin                    
200009c0  __aeabi_stdout                   
00001ee5  __aeabi_uldivmod                 
ffffffff  __binit__                        
ffffffff  __c_args__                       
UNDEFED   __mpu_init                       
2000fe00  __stack                          
00002ced  _c_int00_noargs                  
000032ac  _ctypes_                         
200008f0  _device                          
20000800  _ftable                          
200009e0  _lock                            
0000113b  _nop                             
20000968  _stream                          
20000000  _sys_memory                      
UNDEFED   _system_post_cinit               
000032a5  _system_pre_init                 
200009e4  _unlock                          
000032a9  abort                            
00002a15  atoi                             
ffffffff  binit                            
20000bb4  cal30                            
20000bb8  cal85                            
20000bbc  calRange                         
00002711  close                            
000031a3  copysign                         
000031a3  copysignl                        
200009e8  errno                            
00002a61  exit                             
00002ef9  finddevice                       
00001f7d  fputc                            
00001765  fputs                            
00001b61  free                             
00002585  frexp                            
00002585  frexpl                           
000025e9  fseek                            
00002bbd  getdevice                        
00000000  interruptVectors                 
00001879  ldexp                            
00001879  ldexpl                           
0000302d  lseek                            
00002921  ltoa                             
00001c39  main                             
00002289  malloc                           
00003141  memccpy                          
000030e9  memchr                           
00001e49  memcpy                           
0000219d  memset                           
00002d25  minit                            
20000bac  parmbuf                          
0000251d  printf                           
00001f7d  putc                             
00002fb1  remove                           
00001879  scalbn                           
00001879  scalbnl                          
00001a85  setvbuf                          
0000318d  strchr                           
00003175  strcmp                           
000031b7  strcpy                           
000031cb  strlen                           
00002d95  strncpy                          
20000bc0  tempC                            
20000bc4  tempF                            
00002fb1  unlink                           
000031f1  wcslen                           
0000307d  write                            


GLOBAL SYMBOLS: SORTED BY Symbol Address 

address   name                             
-------   ----                             
00000000  __TI_static_base__               
00000000  interruptVectors                 
000000e5  __TI_printfi                     
00000200  __STACK_SIZE                     
00000800  __SYSMEM_SIZE                    
00000b43  AES256_IRQHandler                
00000b43  BusFault_Handler                 
00000b43  COMP_E0_IRQHandler               
00000b43  COMP_E1_IRQHandler               
00000b43  CS_IRQHandler                    
00000b43  DMA_ERR_IRQHandler               
00000b43  DMA_INT0_IRQHandler              
00000b43  DMA_INT1_IRQHandler              
00000b43  DMA_INT2_IRQHandler              
00000b43  DMA_INT3_IRQHandler              
00000b43  DebugMon_Handler                 
00000b43  Default_Handler                  
00000b43  EUSCIA0_IRQHandler               
00000b43  EUSCIA1_IRQHandler               
00000b43  EUSCIA2_IRQHandler               
00000b43  EUSCIA3_IRQHandler               
00000b43  EUSCIB0_IRQHandler               
00000b43  EUSCIB1_IRQHandler               
00000b43  EUSCIB2_IRQHandler               
00000b43  EUSCIB3_IRQHandler               
00000b43  FLCTL_IRQHandler                 
00000b43  FPU_IRQHandler                   
00000b43  HardFault_Handler                
00000b43  MemManage_Handler                
00000b43  NMI_Handler                      
00000b43  PCM_IRQHandler                   
00000b43  PORT1_IRQHandler                 
00000b43  PORT2_IRQHandler                 
00000b43  PORT3_IRQHandler                 
00000b43  PORT4_IRQHandler                 
00000b43  PORT5_IRQHandler                 
00000b43  PORT6_IRQHandler                 
00000b43  PSS_IRQHandler                   
00000b43  PendSV_Handler                   
00000b43  RTC_C_IRQHandler                 
00000b43  SVC_Handler                      
00000b43  SysTick_Handler                  
00000b43  T32_INT1_IRQHandler              
00000b43  T32_INT2_IRQHandler              
00000b43  T32_INTC_IRQHandler              
00000b43  TA0_0_IRQHandler                 
00000b43  TA0_N_IRQHandler                 
00000b43  TA1_0_IRQHandler                 
00000b43  TA1_N_IRQHandler                 
00000b43  TA2_0_IRQHandler                 
00000b43  TA2_N_IRQHandler                 
00000b43  TA3_0_IRQHandler                 
00000b43  TA3_N_IRQHandler                 
00000b43  UsageFault_Handler               
00000b43  WDT_A_IRQHandler                 
00000f85  __aeabi_dsub                     
00000f8f  __aeabi_dadd                     
0000113b  _nop                             
000013d9  __aeabi_ddiv                     
0000150f  __aeabi_idiv0                    
0000150f  __aeabi_ldiv0                    
00001511  ADC14_IRQHandler                 
00001511  ADC14_IRQHandler                 
00001765  fputs                            
00001879  ldexp                            
00001879  ldexpl                           
00001879  scalbn                           
00001879  scalbnl                          
00001989  __aeabi_dmul                     
00001a85  setvbuf                          
00001b61  free                             
00001c39  main                             
00001da5  ADC14_configureConversionMemory  
00001e49  __aeabi_memcpy                   
00001e49  __aeabi_memcpy4                  
00001e49  __aeabi_memcpy8                  
00001e49  memcpy                           
00001ee5  __aeabi_uldivmod                 
00001f7d  fputc                            
00001f7d  putc                             
00002009  __aeabi_cdcmpeq                  
00002009  __aeabi_cdcmple                  
0000208f  __aeabi_cdrcmple                 
00002115  Interrupt_enableInterrupt        
00002195  __aeabi_memclr                   
00002195  __aeabi_memclr4                  
00002195  __aeabi_memclr8                  
00002197  __aeabi_memset                   
00002197  __aeabi_memset4                  
00002197  __aeabi_memset8                  
0000219d  memset                           
00002211  SystemInit                       
00002289  malloc                           
00002301  __TI_closefile                   
000023e5  HOSTlseek                        
0000244d  HOSTrename                       
000024b5  __TI_decompress_lzss             
0000251d  printf                           
00002585  frexp                            
00002585  frexpl                           
000025e9  fseek                            
0000264d  __TI_wrt_ok                      
000026b1  HOSTopen                         
00002711  close                            
0000276d  ADC14_configureSingleSampleMode  
000027c5  HOSTread                         
0000281d  HOSTwrite                        
000028cd  ADC14_initModule                 
00002921  ltoa                             
000029c7  __TI_doflush                     
00002a15  atoi                             
00002a61  exit                             
00002aa9  __aeabi_d2iz                     
00002af1  HOSTclose                        
00002b35  HOSTunlink                       
00002b79  __TI_auto_init_nobinit_nopinit   
00002bbd  getdevice                        
00002c7d  ADC14_getEnabledInterruptStatus  
00002cb5  __TI_writemsg                    
00002ce3  C$$IO$$                          
00002ced  _c_int00_noargs                  
00002d25  minit                            
00002d5d  __aeabi_f2d                      
00002d95  strncpy                          
00002dcd  ADC14_enableSampleTimer          
00002e01  __TI_cleanup                     
00002e35  __TI_readmsg                     
00002e69  ADC14_clearInterruptFlag         
00002e99  ADC14_enableInterrupt            
00002ec9  ADC14_setSampleHoldTime          
00002ef9  finddevice                       
00002f29  __aeabi_i2d                      
00002f59  ADC14_getInterruptStatus         
00002f85  ADC14_toggleConversionTrigger    
00002fb1  remove                           
00002fb1  unlink                           
00002fdd  ADC14_enableConversion           
00003005  PCM_gotoLPM0                     
0000302d  lseek                            
0000307d  write                            
000030a5  WDT_A_holdTimer                  
000030c9  REF_A_setReferenceVoltage        
000030e9  memchr                           
00003109  ADC14_getResult                  
00003125  SysCtl_getTempCalibrationConstant
00003141  memccpy                          
0000315d  FPU_enableModule                 
00003175  strcmp                           
0000318d  strchr                           
000031a3  copysign                         
000031a3  copysignl                        
000031b7  strcpy                           
000031cb  strlen                           
000031df  __TI_zero_init_nomemset          
000031f1  wcslen                           
00003215  FPU_enableLazyStacking           
00003225  Interrupt_enableMaster           
00003235  Interrupt_enableSleepOnIsrExit   
00003245  __TI_decompress_none             
00003255  ADC14_enableModule               
00003261  CPU_cpsie                        
0000326d  REF_A_enableReferenceVoltage     
00003279  REF_A_enableTempSensor           
00003285  Reset_Handler                    
00003291  __aeabi_errno_addr               
00003299  CPU_wfi                          
000032a5  _system_pre_init                 
000032a9  C$$EXIT                          
000032a9  abort                            
000032ac  _ctypes_                         
000034a8  __TI_Handler_Table_Base          
000034b4  __TI_Handler_Table_Limit         
000034c0  __TI_CINIT_Base                  
000034d0  __TI_CINIT_Limit                 
20000000  _sys_memory                      
20000800  _ftable                          
200008f0  _device                          
20000968  _stream                          
200009b8  __TI_ft_end                      
200009bc  __aeabi_stdin                    
200009c0  __aeabi_stdout                   
200009c4  __aeabi_stderr                   
200009c8  __TI_cleanup_ptr                 
200009cc  __TI_dtors_ptr                   
200009d0  __TI_enable_exit_profile_output  
200009e0  _lock                            
200009e4  _unlock                          
200009e8  errno                            
200009ec  __CIOBUF_                        
20000b0c  __TI_tmpnams                     
20000bac  parmbuf                          
20000bb4  cal30                            
20000bb8  cal85                            
20000bbc  calRange                         
20000bc0  tempC                            
20000bc4  tempF                            
2000fe00  __stack                          
20010000  __STACK_END                      
4000480c  WDTCTL_SYM                       
ffffffff  __TI_pprof_out_hndl              
ffffffff  __TI_prof_data_size              
ffffffff  __TI_prof_data_start             
ffffffff  __binit__                        
ffffffff  __c_args__                       
ffffffff  binit                            
UNDEFED   __mpu_init                       
UNDEFED   _system_post_cinit               

[207 symbols]
